COMMAND /home/sares/ML_assisted_CLs_clean/coupon_fe2_paper/.venv_fe2/bin/python /home/sares/ML_assisted_CLs_clean/coupon_fe2_paper/07_material_b/protocol/run_data_stage.py --spec /home/sares/ML_assisted_CLs_clean/coupon_fe2_paper/07_material_b/protocol/data_protocol_v1.json --design /home/sares/ML_assisted_CLs_clean/coupon_fe2_paper/07_material_b/results/data_protocol_design_v1.npz --design-report /home/sares/ML_assisted_CLs_clean/coupon_fe2_paper/07_material_b/results/data_protocol_design_v1.json --split fit --mesh working --chunk-index 9 --chunk-count 64 --out /home/sares/ML_assisted_CLs_clean/coupon_fe2_paper/07_material_b/results/data_campaign_v1/chunks/fit_009 --confirm-full
[VectorizedAssembler] 4621 elements, 3 GPs, total area=1.600001e-01
fit 0 2983 True
fit 1 3955 True
fit 2 1875 True
fit 3 755 True
fit 4 3379 True
fit 5 2195 True
fit 6 1187 True
fit 7 2915 True
fit 8 2627 True
fit 9 611 True
fit 10 3203 True
fit 11 699 True
fit 12 2715 True
fit 13 1707 True
fit 14 2859 True
fit 15 1819 True
fit 16 2267 True
fit 17 2555 True
fit 18 1595 True
fit 19 259 True
fit 20 3899 True
fit 21 4067 True
fit 22 979 True
fit 23 3091 True
fit 24 35 True
fit 25 2771 True
fit 26 1763 True
fit 27 2051 True
fit 28 3611 True
fit 29 555 True
fit 30 1259 True
fit 31 251 True
fit 32 3451 True
fit 33 2411 True
fit 34 1371 True
fit 35 3275 True
fit 36 331 True
fit 37 3723 True
fit 38 4113 True
fit 39 4011 True
fit 40 107 True
fit 41 3163 True
fit 42 2123 True
fit 43 1147 True
fit 44 3667 True
fit 45 179 True
fit 46 1651 True
fit 47 1299 True
fit 48 2339 True
fit 49 4136 True
fit 50 3563 True
fit 51 475 True
fit 52 1483 True
fit 53 2571 True
fit 54 3779 True
fit 55 835 True
fit 56 3491 True
fit 57 403 True
fit 58 2483 True
fit 59 1411 True
fit 60 923 True
fit 61 1931 True
fit 62 3003 True
fit 63 1075 True
fit 64 4193 True
fit 65 779 True
 |  /           |                  
 ' /   __| _` | __|  _ \   __|    
 . \  |   (   | |   (   |\__ \  
_|\_\_|  \__,_|\__|\___/ ____/
           Multi-Physics 10.3."0"-master-532e0dba7df-Release-x86_64
           Compiled for GNU/Linux and Python3.12 with GCC-13.3
Compiled with threading support. Threading support with OpenMP.
Maximum number of threads: 1.
Importing    KratosStructuralMechanicsApplication 
    KRATOS   ___|  |                   |                   |
           \___ \  __|  __| |   |  __| __| |   |  __| _` | |
                 | |   |    |   | (    |   |   | |   (   | |
           _____/ \__|_|   \__,_|\___|\__|\__,_|_|  \__,_|_| MECHANICS
Initializing KratosStructuralMechanicsApplication...
Importing    KratosConstitutiveLawsApplication 
Initializing KratosConstitutiveLawsApplication...
[WARNING] DEPRECATION-Warning; MechanicalSolver: Using "line_search", please move it to "solving_strategy_settings" as "type" 
::[MechanicalSolver]:: : Construction finished 
::[StaticMechanicalSolver]:: : Construction finished 
::[MechanicalSolver]:: : Variables ADDED 
[WARNING] Model: Trying to create a root modelpart with name Structure however a ModelPart with the same name already exists. 
Returning the already existent ModelPart.
SingleImportModelPart: Reading model part from file: "/home/sares/ML_assisted_CLs_clean/coupon_fe2_paper/07_material_b/preflight_reference_v1/reference".mdpa
ModelPartIO:   [Reading Nodes    : 9582 nodes read]
ModelPartIO:   [Reading Geometries : 4621 geometries read] [Type: Triangle2D6]
ModelPartIO:   [Total Lines Read : 28729]
SingleImportModelPart: Finished reading model part from mdpa file.
::[PythonSolver]::: Reading model part. 
::[PythonSolver]::: Using already imported model part - no reading necessary. 
ModelPart: -Structure- model part
    Buffer Size : 1
    Number of tables : 0
    Number of sub model parts : 2
    Current solution step index : 0
    DOMAIN_SIZE : 2
    OSS_SWITCH : 0
    IS_RESTARTED : 0

    Number of Geometries  : 4621
    Mesh 0 :
        Number of Nodes       : 9582
        Number of Properties  : 1
        Number of Elements    : 4621
        Number of Conditions  : 0
        Number of Constraints : 0

    -dirichlet- model part
        Number of tables : 0
        Number of sub model parts : 0

        Number of Geometries  : 0
        Mesh 0 :
            Number of Nodes       : 300
            Number of Properties  : 0
            Number of Elements    : 0
            Number of Conditions  : 0
            Number of Constraints : 0
    -material- model part
        Number of tables : 0
        Number of sub model parts : 0

        Number of Geometries  : 4621
        Mesh 0 :
            Number of Nodes       : 9582
            Number of Properties  : 0
            Number of Elements    : 4621
            Number of Conditions  : 0
            Number of Constraints : 0
 
::[PythonSolver]:: : Finished reading model part. 
Read materials: Started
Read materials: Finished
::[MechanicalSolver]:: : Constitutive law was successfully imported. 
::[MechanicalSolver]::: ModelPart prepared for Solver. 
::[MechanicalSolver]:: : DOF's ADDED 
::[MechanicalSolver]:: : Initializing ... 
Importing    LinearSolversApplication 
    Kratos  _     _                       ____        _
           | |   (_)_ __   ___  __ _ _ __/ ___|  ___ | |_   _____ _ __ ___
           | |   | | '_ \ / _ \/ _` | '__\___ \ / _ \| \ \ / / _ \ '__/ __|
           | |___| | | | |  __/ (_| | |   ___) | (_) | |\ V /  __/ |  \__ \
           |_____|_|_| |_|\___|\__,_|_|  |____/ \___/|_| \_/ \___|_|  |___/
Initializing KratosLinearSolversApplication...
Linear-Solver-Factory: Constructing a regular (non-complex) linear-solver 
::[MechanicalSolver]:: : Finished initialization. 
Analysis: Analysis -START-  
Deregistering KratosMultiphysics
Deregistering ConstitutiveLawsApplication
Deregistering LinearSolversApplication
Deregistering StructuralMechanicsApplication
