COMMAND /home/sares/ML_assisted_CLs_clean/coupon_fe2_paper/.venv_fe2/bin/python /home/sares/ML_assisted_CLs_clean/coupon_fe2_paper/07_material_b/protocol/run_data_stage.py --spec /home/sares/ML_assisted_CLs_clean/coupon_fe2_paper/07_material_b/protocol/data_protocol_v1.json --design /home/sares/ML_assisted_CLs_clean/coupon_fe2_paper/07_material_b/results/data_protocol_design_v1.npz --design-report /home/sares/ML_assisted_CLs_clean/coupon_fe2_paper/07_material_b/results/data_protocol_design_v1.json --split fit --mesh working --chunk-index 20 --chunk-count 64 --out /home/sares/ML_assisted_CLs_clean/coupon_fe2_paper/07_material_b/results/data_campaign_v1/chunks/fit_020 --confirm-full
[VectorizedAssembler] 4621 elements, 3 GPs, total area=1.600001e-01
fit 0 3962 True
fit 1 842 True
fit 2 2490 True
fit 3 1418 True
fit 4 1194 True
fit 5 2922 True
fit 6 2258 True
fit 7 242 True
fit 8 3266 True
fit 9 1250 True
fit 10 2402 True
fit 11 322 True
fit 12 3714 True
fit 13 690 True
fit 14 3890 True
fit 15 770 True
fit 16 2850 True
fit 17 1474 True
fit 18 2546 True
fit 19 1810 True
fit 20 4074 True
fit 21 466 True
fit 22 2346 True
fit 23 1994 True
fit 24 3066 True
fit 25 986 True
fit 26 762 True
fit 27 3386 True
fit 28 266 True
fit 29 3210 True
fit 30 618 True
fit 31 3154 True
fit 32 2634 True
fit 33 1658 True
fit 34 3674 True
fit 35 2202 True
fit 36 186 True
fit 37 1306 True
fit 38 1882 True
fit 39 2778 True
fit 40 1082 True
fit 41 3786 True
fit 42 2058 True
fit 43 42 True
fit 44 1770 True
fit 45 1362 True
fit 46 3442 True
fit 47 1922 True
fit 48 2994 True
fit 49 914 True
fit 50 3498 True
fit 51 410 True
fit 52 2518 True
fit 53 1510 True
fit 54 3862 True
fit 55 806 True
fit 56 2822 True
fit 57 1846 True
fit 58 3098 True
fit 59 2706 True
fit 60 1138 True
fit 61 2114 True
fit 62 1698 True
fit 63 98 True
fit 64 4002 True
fit 65 3554 True
 |  /           |                  
 ' /   __| _` | __|  _ \   __|    
 . \  |   (   | |   (   |\__ \  
_|\_\_|  \__,_|\__|\___/ ____/
           Multi-Physics 10.3."0"-master-532e0dba7df-Release-x86_64
           Compiled for GNU/Linux and Python3.12 with GCC-13.3
Compiled with threading support. Threading support with OpenMP.
Maximum number of threads: 1.
Importing    KratosStructuralMechanicsApplication 
    KRATOS   ___|  |                   |                   |
           \___ \  __|  __| |   |  __| __| |   |  __| _` | |
                 | |   |    |   | (    |   |   | |   (   | |
           _____/ \__|_|   \__,_|\___|\__|\__,_|_|  \__,_|_| MECHANICS
Initializing KratosStructuralMechanicsApplication...
Importing    KratosConstitutiveLawsApplication 
Initializing KratosConstitutiveLawsApplication...
[WARNING] DEPRECATION-Warning; MechanicalSolver: Using "line_search", please move it to "solving_strategy_settings" as "type" 
::[MechanicalSolver]:: : Construction finished 
::[StaticMechanicalSolver]:: : Construction finished 
::[MechanicalSolver]:: : Variables ADDED 
[WARNING] Model: Trying to create a root modelpart with name Structure however a ModelPart with the same name already exists. 
Returning the already existent ModelPart.
SingleImportModelPart: Reading model part from file: "/home/sares/ML_assisted_CLs_clean/coupon_fe2_paper/07_material_b/preflight_reference_v1/reference".mdpa
ModelPartIO:   [Reading Nodes    : 9582 nodes read]
ModelPartIO:   [Reading Geometries : 4621 geometries read] [Type: Triangle2D6]
ModelPartIO:   [Total Lines Read : 28729]
SingleImportModelPart: Finished reading model part from mdpa file.
::[PythonSolver]::: Reading model part. 
::[PythonSolver]::: Using already imported model part - no reading necessary. 
ModelPart: -Structure- model part
    Buffer Size : 1
    Number of tables : 0
    Number of sub model parts : 2
    Current solution step index : 0
    DOMAIN_SIZE : 2
    OSS_SWITCH : 0
    IS_RESTARTED : 0

    Number of Geometries  : 4621
    Mesh 0 :
        Number of Nodes       : 9582
        Number of Properties  : 1
        Number of Elements    : 4621
        Number of Conditions  : 0
        Number of Constraints : 0

    -dirichlet- model part
        Number of tables : 0
        Number of sub model parts : 0

        Number of Geometries  : 0
        Mesh 0 :
            Number of Nodes       : 300
            Number of Properties  : 0
            Number of Elements    : 0
            Number of Conditions  : 0
            Number of Constraints : 0
    -material- model part
        Number of tables : 0
        Number of sub model parts : 0

        Number of Geometries  : 4621
        Mesh 0 :
            Number of Nodes       : 9582
            Number of Properties  : 0
            Number of Elements    : 4621
            Number of Conditions  : 0
            Number of Constraints : 0
 
::[PythonSolver]:: : Finished reading model part. 
Read materials: Started
Read materials: Finished
::[MechanicalSolver]:: : Constitutive law was successfully imported. 
::[MechanicalSolver]::: ModelPart prepared for Solver. 
::[MechanicalSolver]:: : DOF's ADDED 
::[MechanicalSolver]:: : Initializing ... 
Importing    LinearSolversApplication 
    Kratos  _     _                       ____        _
           | |   (_)_ __   ___  __ _ _ __/ ___|  ___ | |_   _____ _ __ ___
           | |   | | '_ \ / _ \/ _` | '__\___ \ / _ \| \ \ / / _ \ '__/ __|
           | |___| | | | |  __/ (_| | |   ___) | (_) | |\ V /  __/ |  \__ \
           |_____|_|_| |_|\___|\__,_|_|  |____/ \___/|_| \_/ \___|_|  |___/
Initializing KratosLinearSolversApplication...
Linear-Solver-Factory: Constructing a regular (non-complex) linear-solver 
::[MechanicalSolver]:: : Finished initialization. 
Analysis: Analysis -START-  
Deregistering KratosMultiphysics
Deregistering ConstitutiveLawsApplication
Deregistering LinearSolversApplication
Deregistering StructuralMechanicsApplication
