COMMAND /home/sares/ML_assisted_CLs_clean/coupon_fe2_paper/.venv_fe2/bin/python /home/sares/ML_assisted_CLs_clean/coupon_fe2_paper/07_material_b/protocol/run_data_stage.py --spec /home/sares/ML_assisted_CLs_clean/coupon_fe2_paper/07_material_b/protocol/data_protocol_v1.json --design /home/sares/ML_assisted_CLs_clean/coupon_fe2_paper/07_material_b/results/data_protocol_design_v1.npz --design-report /home/sares/ML_assisted_CLs_clean/coupon_fe2_paper/07_material_b/results/data_protocol_design_v1.json --split fit --mesh working --chunk-index 25 --chunk-count 64 --out /home/sares/ML_assisted_CLs_clean/coupon_fe2_paper/07_material_b/results/data_campaign_v1/chunks/fit_025 --confirm-full
[VectorizedAssembler] 4621 elements, 3 GPs, total area=1.600001e-01
fit 0 1356 True
fit 1 2988 True
fit 2 908 True
fit 3 684 True
fit 4 3436 True
fit 5 348 True
fit 6 1860 True
fit 7 4028 True
fit 8 388 True
fit 9 2428 True
fit 10 1948 True
fit 11 1060 True
fit 12 2068 True
fit 13 1428 True
fit 14 2468 True
fit 15 1636 True
fit 16 2644 True
fit 17 164 True
fit 18 1204 True
fit 19 2180 True
fit 20 3740 True
fit 21 1132 True
fit 22 2140 True
fit 23 124 True
fit 24 3580 True
fit 25 964 True
fit 26 3652 True
fit 27 3044 True
fit 28 2004 True
fit 29 4119 True
fit 30 2356 True
fit 31 4167 True
fit 32 276 True
fit 33 3364 True
fit 34 1284 True
fit 35 796 True
fit 36 2540 True
fit 37 1500 True
fit 38 1804 True
fit 39 3884 True
fit 40 460 True
fit 41 3148 True
fit 42 2700 True
fit 43 1724 True
fit 44 3220 True
fit 45 628 True
fit 46 4084 True
fit 47 52 True
fit 48 3796 True
fit 49 740 True
fit 50 3076 True
fit 51 2876 True
fit 52 4163 True
fit 53 2704 True
fit 54 3208 True
fit 55 616 True
fit 56 1656 True
fit 57 2632 True
fit 58 1192 True
fit 59 2200 True
fit 60 184 True
fit 61 3672 True
fit 62 3940 True
fit 63 852 True
fit 64 2932 True
fit 65 3508 True
 |  /           |                  
 ' /   __| _` | __|  _ \   __|    
 . \  |   (   | |   (   |\__ \  
_|\_\_|  \__,_|\__|\___/ ____/
           Multi-Physics 10.3."0"-master-532e0dba7df-Release-x86_64
           Compiled for GNU/Linux and Python3.12 with GCC-13.3
Compiled with threading support. Threading support with OpenMP.
Maximum number of threads: 1.
Importing    KratosStructuralMechanicsApplication 
    KRATOS   ___|  |                   |                   |
           \___ \  __|  __| |   |  __| __| |   |  __| _` | |
                 | |   |    |   | (    |   |   | |   (   | |
           _____/ \__|_|   \__,_|\___|\__|\__,_|_|  \__,_|_| MECHANICS
Initializing KratosStructuralMechanicsApplication...
Importing    KratosConstitutiveLawsApplication 
Initializing KratosConstitutiveLawsApplication...
[WARNING] DEPRECATION-Warning; MechanicalSolver: Using "line_search", please move it to "solving_strategy_settings" as "type" 
::[MechanicalSolver]:: : Construction finished 
::[StaticMechanicalSolver]:: : Construction finished 
::[MechanicalSolver]:: : Variables ADDED 
[WARNING] Model: Trying to create a root modelpart with name Structure however a ModelPart with the same name already exists. 
Returning the already existent ModelPart.
SingleImportModelPart: Reading model part from file: "/home/sares/ML_assisted_CLs_clean/coupon_fe2_paper/07_material_b/preflight_reference_v1/reference".mdpa
ModelPartIO:   [Reading Nodes    : 9582 nodes read]
ModelPartIO:   [Reading Geometries : 4621 geometries read] [Type: Triangle2D6]
ModelPartIO:   [Total Lines Read : 28729]
SingleImportModelPart: Finished reading model part from mdpa file.
::[PythonSolver]::: Reading model part. 
::[PythonSolver]::: Using already imported model part - no reading necessary. 
ModelPart: -Structure- model part
    Buffer Size : 1
    Number of tables : 0
    Number of sub model parts : 2
    Current solution step index : 0
    DOMAIN_SIZE : 2
    OSS_SWITCH : 0
    IS_RESTARTED : 0

    Number of Geometries  : 4621
    Mesh 0 :
        Number of Nodes       : 9582
        Number of Properties  : 1
        Number of Elements    : 4621
        Number of Conditions  : 0
        Number of Constraints : 0

    -dirichlet- model part
        Number of tables : 0
        Number of sub model parts : 0

        Number of Geometries  : 0
        Mesh 0 :
            Number of Nodes       : 300
            Number of Properties  : 0
            Number of Elements    : 0
            Number of Conditions  : 0
            Number of Constraints : 0
    -material- model part
        Number of tables : 0
        Number of sub model parts : 0

        Number of Geometries  : 4621
        Mesh 0 :
            Number of Nodes       : 9582
            Number of Properties  : 0
            Number of Elements    : 4621
            Number of Conditions  : 0
            Number of Constraints : 0
 
::[PythonSolver]:: : Finished reading model part. 
Read materials: Started
Read materials: Finished
::[MechanicalSolver]:: : Constitutive law was successfully imported. 
::[MechanicalSolver]::: ModelPart prepared for Solver. 
::[MechanicalSolver]:: : DOF's ADDED 
::[MechanicalSolver]:: : Initializing ... 
Importing    LinearSolversApplication 
    Kratos  _     _                       ____        _
           | |   (_)_ __   ___  __ _ _ __/ ___|  ___ | |_   _____ _ __ ___
           | |   | | '_ \ / _ \/ _` | '__\___ \ / _ \| \ \ / / _ \ '__/ __|
           | |___| | | | |  __/ (_| | |   ___) | (_) | |\ V /  __/ |  \__ \
           |_____|_|_| |_|\___|\__,_|_|  |____/ \___/|_| \_/ \___|_|  |___/
Initializing KratosLinearSolversApplication...
Linear-Solver-Factory: Constructing a regular (non-complex) linear-solver 
::[MechanicalSolver]:: : Finished initialization. 
Analysis: Analysis -START-  
Deregistering KratosMultiphysics
Deregistering ConstitutiveLawsApplication
Deregistering LinearSolversApplication
Deregistering StructuralMechanicsApplication
