COMMAND /home/sares/ML_assisted_CLs_clean/coupon_fe2_paper/.venv_fe2/bin/python /home/sares/ML_assisted_CLs_clean/coupon_fe2_paper/07_material_b/protocol/run_data_stage.py --spec /home/sares/ML_assisted_CLs_clean/coupon_fe2_paper/07_material_b/protocol/data_protocol_v1.json --design /home/sares/ML_assisted_CLs_clean/coupon_fe2_paper/07_material_b/results/data_protocol_design_v1.npz --design-report /home/sares/ML_assisted_CLs_clean/coupon_fe2_paper/07_material_b/results/data_protocol_design_v1.json --split fit --mesh working --chunk-index 1 --chunk-count 64 --out /home/sares/ML_assisted_CLs_clean/coupon_fe2_paper/07_material_b/results/data_campaign_v1/chunks/fit_001 --confirm-full
[VectorizedAssembler] 4621 elements, 3 GPs, total area=1.600001e-01
fit 0 3881 True
fit 1 793 True
fit 2 3577 True
fit 3 1497 True
fit 4 2537 True
fit 5 2137 True
fit 6 1129 True
fit 7 3145 True
fit 8 681 True
fit 9 345 True
fit 10 3737 True
fit 11 121 True
fit 12 2177 True
fit 13 1721 True
fit 14 3649 True
fit 15 3041 True
fit 16 2001 True
fit 17 625 True
fit 18 1201 True
fit 19 3217 True
fit 20 161 True
fit 21 4166 True
fit 22 2697 True
fit 23 457 True
fit 24 1801 True
fit 25 2249 True
fit 26 1577 True
fit 27 2585 True
fit 28 233 True
fit 29 3289 True
fit 30 3593 True
fit 31 905 True
fit 32 3433 True
fit 33 1945 True
fit 34 4025 True
fit 35 3073 True
fit 36 961 True
fit 37 1633 True
fit 38 2641 True
fit 39 1425 True
fit 40 2465 True
fit 41 849 True
fit 42 3937 True
fit 43 1857 True
fit 44 2425 True
fit 45 2985 True
fit 46 1353 True
fit 47 569 True
fit 48 385 True
fit 49 3505 True
fit 50 2065 True
fit 51 1057 True
fit 52 737 True
fit 53 3793 True
fit 54 49 True
fit 55 4081 True
fit 56 273 True
fit 57 3361 True
fit 58 2873 True
fit 59 1273 True
fit 60 2753 True
fit 61 4142 True
fit 62 1777 True
fit 63 2929 True
fit 64 3109 True
fit 65 21 True
 |  /           |                  
 ' /   __| _` | __|  _ \   __|    
 . \  |   (   | |   (   |\__ \  
_|\_\_|  \__,_|\__|\___/ ____/
           Multi-Physics 10.3."0"-master-532e0dba7df-Release-x86_64
           Compiled for GNU/Linux and Python3.12 with GCC-13.3
Compiled with threading support. Threading support with OpenMP.
Maximum number of threads: 1.
Importing    KratosStructuralMechanicsApplication 
    KRATOS   ___|  |                   |                   |
           \___ \  __|  __| |   |  __| __| |   |  __| _` | |
                 | |   |    |   | (    |   |   | |   (   | |
           _____/ \__|_|   \__,_|\___|\__|\__,_|_|  \__,_|_| MECHANICS
Initializing KratosStructuralMechanicsApplication...
Importing    KratosConstitutiveLawsApplication 
Initializing KratosConstitutiveLawsApplication...
[WARNING] DEPRECATION-Warning; MechanicalSolver: Using "line_search", please move it to "solving_strategy_settings" as "type" 
::[MechanicalSolver]:: : Construction finished 
::[StaticMechanicalSolver]:: : Construction finished 
::[MechanicalSolver]:: : Variables ADDED 
[WARNING] Model: Trying to create a root modelpart with name Structure however a ModelPart with the same name already exists. 
Returning the already existent ModelPart.
SingleImportModelPart: Reading model part from file: "/home/sares/ML_assisted_CLs_clean/coupon_fe2_paper/07_material_b/preflight_reference_v1/reference".mdpa
ModelPartIO:   [Reading Nodes    : 9582 nodes read]
ModelPartIO:   [Reading Geometries : 4621 geometries read] [Type: Triangle2D6]
ModelPartIO:   [Total Lines Read : 28729]
SingleImportModelPart: Finished reading model part from mdpa file.
::[PythonSolver]::: Reading model part. 
::[PythonSolver]::: Using already imported model part - no reading necessary. 
ModelPart: -Structure- model part
    Buffer Size : 1
    Number of tables : 0
    Number of sub model parts : 2
    Current solution step index : 0
    DOMAIN_SIZE : 2
    OSS_SWITCH : 0
    IS_RESTARTED : 0

    Number of Geometries  : 4621
    Mesh 0 :
        Number of Nodes       : 9582
        Number of Properties  : 1
        Number of Elements    : 4621
        Number of Conditions  : 0
        Number of Constraints : 0

    -dirichlet- model part
        Number of tables : 0
        Number of sub model parts : 0

        Number of Geometries  : 0
        Mesh 0 :
            Number of Nodes       : 300
            Number of Properties  : 0
            Number of Elements    : 0
            Number of Conditions  : 0
            Number of Constraints : 0
    -material- model part
        Number of tables : 0
        Number of sub model parts : 0

        Number of Geometries  : 4621
        Mesh 0 :
            Number of Nodes       : 9582
            Number of Properties  : 0
            Number of Elements    : 4621
            Number of Conditions  : 0
            Number of Constraints : 0
 
::[PythonSolver]:: : Finished reading model part. 
Read materials: Started
Read materials: Finished
::[MechanicalSolver]:: : Constitutive law was successfully imported. 
::[MechanicalSolver]::: ModelPart prepared for Solver. 
::[MechanicalSolver]:: : DOF's ADDED 
::[MechanicalSolver]:: : Initializing ... 
Importing    LinearSolversApplication 
    Kratos  _     _                       ____        _
           | |   (_)_ __   ___  __ _ _ __/ ___|  ___ | |_   _____ _ __ ___
           | |   | | '_ \ / _ \/ _` | '__\___ \ / _ \| \ \ / / _ \ '__/ __|
           | |___| | | | |  __/ (_| | |   ___) | (_) | |\ V /  __/ |  \__ \
           |_____|_|_| |_|\___|\__,_|_|  |____/ \___/|_| \_/ \___|_|  |___/
Initializing KratosLinearSolversApplication...
Linear-Solver-Factory: Constructing a regular (non-complex) linear-solver 
::[MechanicalSolver]:: : Finished initialization. 
Analysis: Analysis -START-  
Deregistering KratosMultiphysics
Deregistering ConstitutiveLawsApplication
Deregistering LinearSolversApplication
Deregistering StructuralMechanicsApplication
