COMMAND /home/sares/ML_assisted_CLs_clean/coupon_fe2_paper/.venv_fe2/bin/python /home/sares/ML_assisted_CLs_clean/coupon_fe2_paper/07_material_b/protocol/run_data_stage.py --spec /home/sares/ML_assisted_CLs_clean/coupon_fe2_paper/07_material_b/protocol/data_protocol_v1.json --design /home/sares/ML_assisted_CLs_clean/coupon_fe2_paper/07_material_b/results/data_protocol_design_v1.npz --design-report /home/sares/ML_assisted_CLs_clean/coupon_fe2_paper/07_material_b/results/data_protocol_design_v1.json --split fit --mesh working --chunk-index 43 --chunk-count 64 --out /home/sares/ML_assisted_CLs_clean/coupon_fe2_paper/07_material_b/results/data_campaign_v1/chunks/fit_043 --confirm-full
[VectorizedAssembler] 4621 elements, 3 GPs, total area=1.600001e-01
fit 0 3047 True
fit 1 967 True
fit 2 4087 True
fit 3 1287 True
fit 4 2359 True
fit 5 2007 True
fit 6 463 True
fit 7 3583 True
fit 8 2879 True
fit 9 1503 True
fit 10 1807 True
fit 11 2543 True
fit 12 279 True
fit 13 3887 True
fit 14 3367 True
fit 15 3923 True
fit 16 1907 True
fit 17 435 True
fit 18 2451 True
fit 19 1443 True
fit 20 2659 True
fit 21 4035 True
fit 22 507 True
fit 23 3195 True
fit 24 579 True
fit 25 1115 True
fit 26 2155 True
fit 27 667 True
fit 28 3755 True
fit 29 363 True
fit 30 3419 True
fit 31 2379 True
fit 32 1963 True
fit 33 2603 True
fit 34 2971 True
fit 35 1403 True
fit 36 3459 True
fit 37 955 True
fit 38 2883 True
fit 39 1155 True
fit 40 3235 True
fit 41 147 True
fit 42 1619 True
fit 43 2227 True
fit 44 3699 True
fit 45 3027 True
fit 46 2019 True
fit 47 291 True
fit 48 3347 True
fit 49 1331 True
fit 50 2307 True
fit 51 3867 True
fit 52 1515 True
fit 53 2523 True
fit 54 75 True
fit 55 3979 True
fit 56 4114 True
fit 57 1675 True
fit 58 2747 True
fit 59 3531 True
fit 60 811 True
fit 61 2827 True
fit 62 1851 True
fit 63 1011 True
fit 64 867 True
 |  /           |                  
 ' /   __| _` | __|  _ \   __|    
 . \  |   (   | |   (   |\__ \  
_|\_\_|  \__,_|\__|\___/ ____/
           Multi-Physics 10.3."0"-master-532e0dba7df-Release-x86_64
           Compiled for GNU/Linux and Python3.12 with GCC-13.3
Compiled with threading support. Threading support with OpenMP.
Maximum number of threads: 1.
Importing    KratosStructuralMechanicsApplication 
    KRATOS   ___|  |                   |                   |
           \___ \  __|  __| |   |  __| __| |   |  __| _` | |
                 | |   |    |   | (    |   |   | |   (   | |
           _____/ \__|_|   \__,_|\___|\__|\__,_|_|  \__,_|_| MECHANICS
Initializing KratosStructuralMechanicsApplication...
Importing    KratosConstitutiveLawsApplication 
Initializing KratosConstitutiveLawsApplication...
[WARNING] DEPRECATION-Warning; MechanicalSolver: Using "line_search", please move it to "solving_strategy_settings" as "type" 
::[MechanicalSolver]:: : Construction finished 
::[StaticMechanicalSolver]:: : Construction finished 
::[MechanicalSolver]:: : Variables ADDED 
[WARNING] Model: Trying to create a root modelpart with name Structure however a ModelPart with the same name already exists. 
Returning the already existent ModelPart.
SingleImportModelPart: Reading model part from file: "/home/sares/ML_assisted_CLs_clean/coupon_fe2_paper/07_material_b/preflight_reference_v1/reference".mdpa
ModelPartIO:   [Reading Nodes    : 9582 nodes read]
ModelPartIO:   [Reading Geometries : 4621 geometries read] [Type: Triangle2D6]
ModelPartIO:   [Total Lines Read : 28729]
SingleImportModelPart: Finished reading model part from mdpa file.
::[PythonSolver]::: Reading model part. 
::[PythonSolver]::: Using already imported model part - no reading necessary. 
ModelPart: -Structure- model part
    Buffer Size : 1
    Number of tables : 0
    Number of sub model parts : 2
    Current solution step index : 0
    DOMAIN_SIZE : 2
    OSS_SWITCH : 0
    IS_RESTARTED : 0

    Number of Geometries  : 4621
    Mesh 0 :
        Number of Nodes       : 9582
        Number of Properties  : 1
        Number of Elements    : 4621
        Number of Conditions  : 0
        Number of Constraints : 0

    -dirichlet- model part
        Number of tables : 0
        Number of sub model parts : 0

        Number of Geometries  : 0
        Mesh 0 :
            Number of Nodes       : 300
            Number of Properties  : 0
            Number of Elements    : 0
            Number of Conditions  : 0
            Number of Constraints : 0
    -material- model part
        Number of tables : 0
        Number of sub model parts : 0

        Number of Geometries  : 4621
        Mesh 0 :
            Number of Nodes       : 9582
            Number of Properties  : 0
            Number of Elements    : 4621
            Number of Conditions  : 0
            Number of Constraints : 0
 
::[PythonSolver]:: : Finished reading model part. 
Read materials: Started
Read materials: Finished
::[MechanicalSolver]:: : Constitutive law was successfully imported. 
::[MechanicalSolver]::: ModelPart prepared for Solver. 
::[MechanicalSolver]:: : DOF's ADDED 
::[MechanicalSolver]:: : Initializing ... 
Importing    LinearSolversApplication 
    Kratos  _     _                       ____        _
           | |   (_)_ __   ___  __ _ _ __/ ___|  ___ | |_   _____ _ __ ___
           | |   | | '_ \ / _ \/ _` | '__\___ \ / _ \| \ \ / / _ \ '__/ __|
           | |___| | | | |  __/ (_| | |   ___) | (_) | |\ V /  __/ |  \__ \
           |_____|_|_| |_|\___|\__,_|_|  |____/ \___/|_| \_/ \___|_|  |___/
Initializing KratosLinearSolversApplication...
Linear-Solver-Factory: Constructing a regular (non-complex) linear-solver 
::[MechanicalSolver]:: : Finished initialization. 
Analysis: Analysis -START-  
Deregistering KratosMultiphysics
Deregistering ConstitutiveLawsApplication
Deregistering LinearSolversApplication
Deregistering StructuralMechanicsApplication
