[VectorizedAssembler] 690 elements, 3 GPs, total area=1.311591e-04
[macro] 3002 dofs, 13/13 end-face nodes
  step  1/20 iter  1: |R|=2.11549e+03, rel=1.000e+00, wall=0.03s
  step  1/20 iter  2: |R|=1.12063e+01, rel=5.297e-03, wall=0.02s
  step  1/20 iter  3: |R|=2.60883e-02, rel=1.233e-05, wall=0.02s
  step  1/20 iter  4: |R|=9.75846e-10, rel=4.613e-13, wall=0.02s
    converged: in-box 2070/2070; E11=[+0.0030,+0.0071], E22=[-0.0032,-0.0013], g12=[-0.0057,+0.0020]
  step  2/20 iter  1: |R|=2.11549e+03, rel=1.000e+00, wall=0.00s
  step  2/20 iter  2: |R|=1.13328e+01, rel=5.357e-03, wall=0.02s
  step  2/20 iter  3: |R|=7.37953e-03, rel=3.488e-06, wall=0.02s
  step  2/20 iter  4: |R|=9.79173e-10, rel=4.629e-13, wall=0.02s
    converged: in-box 2070/2070; E11=[+0.0061,+0.0142], E22=[-0.0064,-0.0025], g12=[-0.0114,+0.0041]
  step  3/20 iter  1: |R|=2.11549e+03, rel=1.000e+00, wall=0.00s
  step  3/20 iter  2: |R|=1.14163e+01, rel=5.397e-03, wall=0.02s
  step  3/20 iter  3: |R|=2.75112e-03, rel=1.300e-06, wall=0.02s
  step  3/20 iter  4: |R|=1.21684e-09, rel=5.752e-13, wall=0.02s
    converged: in-box 2070/2070; E11=[+0.0092,+0.0214], E22=[-0.0097,-0.0037], g12=[-0.0170,+0.0062]
  step  4/20 iter  1: |R|=2.11549e+03, rel=1.000e+00, wall=0.00s
  step  4/20 iter  2: |R|=1.14923e+01, rel=5.432e-03, wall=0.02s
  step  4/20 iter  3: |R|=1.27432e-03, rel=6.024e-07, wall=0.02s
  step  4/20 iter  4: |R|=1.40824e-09, rel=6.657e-13, wall=0.02s
    converged: in-box 2070/2070; E11=[+0.0124,+0.0287], E22=[-0.0128,-0.0050], g12=[-0.0226,+0.0083]
  step  5/20 iter  1: |R|=2.11549e+03, rel=1.000e+00, wall=0.00s
  step  5/20 iter  2: |R|=1.15792e+01, rel=5.474e-03, wall=0.02s
  step  5/20 iter  3: |R|=7.03166e-04, rel=3.324e-07, wall=0.02s
  step  5/20 iter  4: |R|=1.92125e-09, rel=9.082e-13, wall=0.02s
    converged: in-box 2070/2070; E11=[+0.0155,+0.0360], E22=[-0.0160,-0.0062], g12=[-0.0281,+0.0105]
  step  6/20 iter  1: |R|=2.11549e+03, rel=1.000e+00, wall=0.00s
  step  6/20 iter  2: |R|=1.16870e+01, rel=5.524e-03, wall=0.02s
  step  6/20 iter  3: |R|=4.59227e-04, rel=2.171e-07, wall=0.02s
  step  6/20 iter  4: |R|=2.20448e-09, rel=1.042e-12, wall=0.02s
    converged: in-box 2070/2070; E11=[+0.0187,+0.0434], E22=[-0.0192,-0.0074], g12=[-0.0336,+0.0127]
  step  7/20 iter  1: |R|=2.11549e+03, rel=1.000e+00, wall=0.00s
  step  7/20 iter  2: |R|=1.18223e+01, rel=5.588e-03, wall=0.02s
  step  7/20 iter  3: |R|=3.64920e-04, rel=1.725e-07, wall=0.02s
  step  7/20 iter  4: |R|=2.43491e-09, rel=1.151e-12, wall=0.02s
    converged: in-box 2070/2070; E11=[+0.0220,+0.0510], E22=[-0.0224,-0.0086], g12=[-0.0392,+0.0149]
  step  8/20 iter  1: |R|=2.11549e+03, rel=1.000e+00, wall=0.00s
  step  8/20 iter  2: |R|=1.19893e+01, rel=5.667e-03, wall=0.02s
  step  8/20 iter  3: |R|=3.51545e-04, rel=1.662e-07, wall=0.02s
  step  8/20 iter  4: |R|=2.37162e-09, rel=1.121e-12, wall=0.02s
    converged: in-box 2070/2070; E11=[+0.0253,+0.0586], E22=[-0.0255,-0.0098], g12=[-0.0447,+0.0171]
  step  9/20 iter  1: |R|=2.11549e+03, rel=1.000e+00, wall=0.00s
  step  9/20 iter  2: |R|=1.21911e+01, rel=5.763e-03, wall=0.02s
  step  9/20 iter  3: |R|=3.83902e-04, rel=1.815e-07, wall=0.02s
  step  9/20 iter  4: |R|=2.85798e-09, rel=1.351e-12, wall=0.02s
    converged: in-box 2070/2070; E11=[+0.0286,+0.0663], E22=[-0.0287,-0.0110], g12=[-0.0503,+0.0194]
  step 10/20 iter  1: |R|=2.11549e+03, rel=1.000e+00, wall=0.00s
  step 10/20 iter  2: |R|=1.24300e+01, rel=5.876e-03, wall=0.02s
  step 10/20 iter  3: |R|=4.43957e-04, rel=2.099e-07, wall=0.02s
  step 10/20 iter  4: |R|=3.36098e-09, rel=1.589e-12, wall=0.02s
    converged: in-box 2070/2070; E11=[+0.0319,+0.0741], E22=[-0.0318,-0.0122], g12=[-0.0559,+0.0217]
  step 11/20 iter  1: |R|=2.11549e+03, rel=1.000e+00, wall=0.00s
  step 11/20 iter  2: |R|=1.27074e+01, rel=6.007e-03, wall=0.02s
  step 11/20 iter  3: |R|=5.24120e-04, rel=2.478e-07, wall=0.02s
  step 11/20 iter  4: |R|=3.65216e-09, rel=1.726e-12, wall=0.02s
    converged: in-box 2070/2070; E11=[+0.0353,+0.0821], E22=[-0.0350,-0.0133], g12=[-0.0615,+0.0241]
  step 12/20 iter  1: |R|=2.11549e+03, rel=1.000e+00, wall=0.00s
  step 12/20 iter  2: |R|=1.30243e+01, rel=6.157e-03, wall=0.02s
  step 12/20 iter  3: |R|=6.21960e-04, rel=2.940e-07, wall=0.02s
  step 12/20 iter  4: |R|=3.84405e-09, rel=1.817e-12, wall=0.02s
    converged: in-box 2070/2070; E11=[+0.0387,+0.0902], E22=[-0.0381,-0.0145], g12=[-0.0672,+0.0265]
  step 13/20 iter  1: |R|=2.11549e+03, rel=1.000e+00, wall=0.00s
  step 13/20 iter  2: |R|=1.33813e+01, rel=6.325e-03, wall=0.02s
  step 13/20 iter  3: |R|=7.37368e-04, rel=3.486e-07, wall=0.02s
  step 13/20 iter  4: |R|=3.94761e-09, rel=1.866e-12, wall=0.02s
    converged: in-box 2070/2070; E11=[+0.0421,+0.0984], E22=[-0.0413,-0.0157], g12=[-0.0729,+0.0289]
  step 14/20 iter  1: |R|=2.11549e+03, rel=1.000e+00, wall=0.00s
  step 14/20 iter  2: |R|=1.37786e+01, rel=6.513e-03, wall=0.02s
  step 14/20 iter  3: |R|=8.71390e-04, rel=4.119e-07, wall=0.02s
  step 14/20 iter  4: |R|=4.18010e-09, rel=1.976e-12, wall=0.02s
    converged: in-box 2070/2070; E11=[+0.0456,+0.1068], E22=[-0.0445,-0.0168], g12=[-0.0787,+0.0314]
  step 15/20 iter  1: |R|=2.11549e+03, rel=1.000e+00, wall=0.00s
  step 15/20 iter  2: |R|=1.42161e+01, rel=6.720e-03, wall=0.02s
  step 15/20 iter  3: |R|=1.02577e-03, rel=4.849e-07, wall=0.02s
  step 15/20 iter  4: |R|=4.37269e-09, rel=2.067e-12, wall=0.02s
    converged: in-box 2070/2070; E11=[+0.0491,+0.1154], E22=[-0.0477,-0.0180], g12=[-0.0845,+0.0339]
  step 16/20 iter  1: |R|=2.11549e+03, rel=1.000e+00, wall=0.00s
  step 16/20 iter  2: |R|=1.46936e+01, rel=6.946e-03, wall=0.02s
  step 16/20 iter  3: |R|=1.20278e-03, rel=5.686e-07, wall=0.02s
  step 16/20 iter  4: |R|=4.61547e-09, rel=2.182e-12, wall=0.02s
    converged: in-box 2070/2070; E11=[+0.0526,+0.1242], E22=[-0.0509,-0.0192], g12=[-0.0904,+0.0364]
  step 17/20 iter  1: |R|=2.11549e+03, rel=1.000e+00, wall=0.00s
  step 17/20 iter  2: |R|=1.52108e+01, rel=7.190e-03, wall=0.02s
  step 17/20 iter  3: |R|=1.40512e-03, rel=6.642e-07, wall=0.02s
  step 17/20 iter  4: |R|=4.99447e-09, rel=2.361e-12, wall=0.02s
    converged: in-box 2070/2070; E11=[+0.0562,+0.1332], E22=[-0.0541,-0.0203], g12=[-0.0964,+0.0391]
  step 18/20 iter  1: |R|=2.11549e+03, rel=1.000e+00, wall=0.00s
  step 18/20 iter  2: |R|=1.57672e+01, rel=7.453e-03, wall=0.02s
  step 18/20 iter  3: |R|=1.63583e-03, rel=7.733e-07, wall=0.02s
  step 18/20 iter  4: |R|=5.64347e-09, rel=2.668e-12, wall=0.02s
    converged: in-box 2070/2070; E11=[+0.0599,+0.1425], E22=[-0.0574,-0.0214], g12=[-0.1025,+0.0417]
  step 19/20 iter  1: |R|=2.11549e+03, rel=1.000e+00, wall=0.00s
  step 19/20 iter  2: |R|=1.63624e+01, rel=7.735e-03, wall=0.02s
  step 19/20 iter  3: |R|=1.89826e-03, rel=8.973e-07, wall=0.02s
  step 19/20 iter  4: |R|=6.53095e-09, rel=3.087e-12, wall=0.02s
    converged: in-box 2070/2070; E11=[+0.0635,+0.1519], E22=[-0.0607,-0.0226], g12=[-0.1087,+0.0445]
  step 20/20 iter  1: |R|=2.11549e+03, rel=1.000e+00, wall=0.00s
  step 20/20 iter  2: |R|=1.69959e+01, rel=8.034e-03, wall=0.02s
  step 20/20 iter  3: |R|=2.19593e-03, rel=1.038e-06, wall=0.02s
  step 20/20 iter  4: |R|=6.82351e-09, rel=3.225e-12, wall=0.02s
    converged: in-box 2070/2070; E11=[+0.0673,+0.1617], E22=[-0.0641,-0.0237], g12=[-0.1149,+0.0473]
{
  "status": "converged",
  "model": "free_energy_pann",
  "tier": "free",
  "tag": "clean_timing_free_t12_f100kn",
  "output": "/home/sares/ML_assisted_CLs_clean/coupon_fe2_paper/06_fe2/pann_fe2_clean_timing_free_t12_f100kn.npz",
  "wall_seconds": 1.356476005166769,
  "torch_threads": 12,
  "force_per_end": 100000.0,
  "n_steps_requested": 20,
  "n_steps_completed": 20,
  "macro_elements": 690,
  "macro_gauss_points": 2070,
  "rve_elements_reference": 1546,
  "checkpoint": {
    "checkpoint": "/home/sares/ML_assisted_CLs_clean/coupon_fe2_paper/06_pann/pann_free.pt",
    "checkpoint_sha256": "30656dde37f1803df57b4b6b861a7ffcfbe8dc2c80beee54f8b72a71651e1b73",
    "core": "free_energy_mlp",
    "features": 4,
    "feature_names": [
      "a0.C.a0 - 1",
      "b0.C.b0 - 1",
      "a0.C.b0",
      "J - 1"
    ],
    "widths": [
      128,
      128,
      64
    ],
    "strain_scale": 0.1955,
    "energy_scale": 27042824.02698266,
    "checkpoint_test_stress_relative_l2": 0.01264295824405704,
    "checkpoint_probe_stress_relative_l2": 0.055024272005038385,
    "structural_guarantee": "energy potential with an exact affine reference correction; no polyconvexity or non-negative-energy certificate"
  },
  "tangent_preflight": {
    "tangent_fd_relative": 1.152955579161273e-10,
    "tangent_asymmetry_relative": 1.2976542438250855e-16
  },
  "macro_newton": [
    {
      "step": 1,
      "iterations": 4,
      "residual": 9.758458033668447e-10,
      "relative_residual": 4.612853932604367e-13,
      "coverage": {
        "n": 2070,
        "inside": 2070,
        "outside": 0,
        "minimum": [
          0.00301984457492388,
          -0.003217723336671585,
          -0.0057337602037278584
        ],
        "maximum": [
          0.0071327141532758764,
          -0.0012666994844800494,
          0.002038778906039746
        ]
      }
    },
    {
      "step": 2,
      "iterations": 4,
      "residual": 9.791732346916544e-10,
      "relative_residual": 4.628582805566556e-13,
      "coverage": {
        "n": 2070,
        "inside": 2070,
        "outside": 0,
        "minimum": [
          0.006092491594596683,
          -0.006438674741542694,
          -0.011387591974154298
        ],
        "maximum": [
          0.014224752371785332,
          -0.0025151415926430998,
          0.004112767711552207
        ]
      }
    },
    {
      "step": 3,
      "iterations": 4,
      "residual": 1.2168430233476278e-09,
      "relative_residual": 5.752055402856769e-13,
      "coverage": {
        "n": 2070,
        "inside": 2070,
        "outside": 0,
        "minimum": [
          0.009206290086065216,
          -0.009650650993883403,
          -0.016989536495089635
        ],
        "maximum": [
          0.021368878590066087,
          -0.0037499625587125163,
          0.006216132326726288
        ]
      }
    },
    {
      "step": 4,
      "iterations": 4,
      "residual": 1.4082372792538384e-09,
      "relative_residual": 6.656782095320477e-13,
      "coverage": {
        "n": 2070,
        "inside": 2070,
        "outside": 0,
        "minimum": [
          0.012355441145204371,
          -0.012849493044872151,
          -0.022557813460667545
        ],
        "maximum": [
          0.028650480204332474,
          -0.00497382053863582,
          0.008346674851333502
        ]
      }
    },
    {
      "step": 5,
      "iterations": 4,
      "residual": 1.921249938098801e-09,
      "relative_residual": 9.081809136133808e-13,
      "coverage": {
        "n": 2070,
        "inside": 2070,
        "outside": 0,
        "minimum": [
          0.015536914399887913,
          -0.01603459590298062,
          -0.028106025401438552
        ],
        "maximum": [
          0.03600549415762777,
          -0.006188441813252454,
          0.010503945003993464
        ]
      }
    },
    {
      "step": 6,
      "iterations": 4,
      "residual": 2.2044822951985562e-09,
      "relative_residual": 1.0420657433457466e-12,
      "coverage": {
        "n": 2070,
        "inside": 2070,
        "outside": 0,
        "minimum": [
          0.018749180517216746,
          -0.019207118925286648,
          -0.033645316155964756
        ],
        "maximum": [
          0.04343880607241213,
          -0.00739505311601607,
          0.012688464221912062
        ]
      }
    },
    {
      "step": 7,
      "iterations": 4,
      "residual": 2.4349096793817222e-09,
      "relative_residual": 1.1509894956068594e-12,
      "coverage": {
        "n": 2070,
        "inside": 2070,
        "outside": 0,
        "minimum": [
          0.02199161444535458,
          -0.022369179242230253,
          -0.03918540223455434
        ],
        "maximum": [
          0.05095754081784398,
          -0.008594586603205723,
          0.014901361850575287
        ]
      }
    },
    {
      "step": 8,
      "iterations": 4,
      "residual": 2.3716198398408825e-09,
      "relative_residual": 1.1210721885678421e-12,
      "coverage": {
        "n": 2070,
        "inside": 2070,
        "outside": 0,
        "minimum": [
          0.025264184402824963,
          -0.02552345549300833,
          -0.0447351230628398
        ],
        "maximum": [
          0.05857030718153278,
          -0.009787787664212122,
          0.017144187664971184
        ]
      }
    },
    {
      "step": 9,
      "iterations": 4,
      "residual": 2.857977439611899e-09,
      "relative_residual": 1.3509749620404282e-12,
      "coverage": {
        "n": 2070,
        "inside": 2070,
        "outside": 0,
        "minimum": [
          0.02856727665859482,
          -0.028672981377883988,
          -0.05030276235080866
        ],
        "maximum": [
          0.06628682577347411,
          -0.010975276416725077,
          0.01941880875815341
        ]
      }
    },
    {
      "step": 10,
      "iterations": 4,
      "residual": 3.360978589780467e-09,
      "relative_residual": 1.588745194351091e-12,
      "coverage": {
        "n": 2070,
        "inside": 2070,
        "outside": 0,
        "minimum": [
          0.03190159071297105,
          -0.03182103444462486,
          -0.05589625095639699
        ],
        "maximum": [
          0.07411774977695584,
          -0.012157585125016634,
          0.02172735063293141
        ]
      }
    },
    {
      "step": 11,
      "iterations": 4,
      "residual": 3.652159170240289e-09,
      "relative_residual": 1.7263871743687163e-12,
      "coverage": {
        "n": 2070,
        "inside": 2070,
        "outside": 0,
        "minimum": [
          0.03526807367944362,
          -0.03497107593067805,
          -0.0615233041422203
        ],
        "maximum": [
          0.08207459024224828,
          -0.013335182186062,
          0.02407216331156082
        ]
      }
    },
    {
      "step": 12,
      "iterations": 4,
      "residual": 3.844046285396328e-09,
      "relative_residual": 1.817092819739082e-12,
      "coverage": {
        "n": 2070,
        "inside": 2070,
        "outside": 0,
        "minimum": [
          0.038667877838727605,
          -0.03812671955293878,
          -0.06719152056169087
        ],
        "maximum": [
          0.09016970217170228,
          -0.014508488168628708,
          0.026455802610515243
        ]
      }
    },
    {
      "step": 13,
      "iterations": 4,
      "residual": 3.947608872148042e-09,
      "relative_residual": 1.8660471815777407e-12,
      "coverage": {
        "n": 2070,
        "inside": 2070,
        "outside": 0,
        "minimum": [
          0.04210233260245988,
          -0.04129171752807326,
          -0.0729084580326905
        ],
        "maximum": [
          0.09841630853384808,
          -0.015677886910334393,
          0.02888102121293111
        ]
      }
    },
    {
      "step": 14,
      "iterations": 4,
      "residual": 4.1801028300269786e-09,
      "relative_residual": 1.9759478097516018e-12,
      "coverage": {
        "n": 2070,
        "inside": 2070,
        "outside": 0,
        "minimum": [
          0.04557292583372807,
          -0.04446995729802605,
          -0.07868169486730495
        ],
        "maximum": [
          0.10682854971938771,
          -0.016843733405808137,
          0.03135076647293885
        ]
      }
    },
    {
      "step": 15,
      "iterations": 4,
      "residual": 4.372687290300371e-09,
      "relative_residual": 2.0669830923616106e-12,
      "coverage": {
        "n": 2070,
        "inside": 2070,
        "outside": 0,
        "minimum": [
          0.04908129147064233,
          -0.04766546515675557,
          -0.0845188821226826
        ],
        "maximum": [
          0.11542155133809184,
          -0.01800635952975893,
          0.03386818313542489
        ]
      }
    },
    {
      "step": 16,
      "iterations": 4,
      "residual": 4.615468505785282e-09,
      "relative_residual": 2.181746539695932e-12,
      "coverage": {
        "n": 2070,
        "inside": 2070,
        "outside": 0,
        "minimum": [
          0.0526292015266675,
          -0.05088241445345648,
          -0.09042779020773062
        ],
        "maximum": [
          0.12421150612801146,
          -0.01916607824680333,
          0.03643661986687797
        ]
      }
    },
    {
      "step": 17,
      "iterations": 4,
      "residual": 4.9944695363948764e-09,
      "relative_residual": 2.360901523861985e-12,
      "coverage": {
        "n": 2070,
        "inside": 2070,
        "outside": 0,
        "minimum": [
          0.056218561201937134,
          -0.054125136868679036,
          -0.09641635213939229
        ],
        "maximum": [
          0.13321576727671602,
          -0.0203231867274708,
          0.0390596389165016
        ]
      }
    },
    {
      "step": 18,
      "iterations": 4,
      "residual": 5.6434688033955055e-09,
      "relative_residual": 2.667685527104239e-12,
      "coverage": {
        "n": 2070,
        "inside": 2070,
        "outside": 0,
        "minimum": [
          0.0598514062383686,
          -0.057398135713973064,
          -0.10249270504266117
        ],
        "maximum": [
          0.1424529512138658,
          -0.02144841226266425,
          0.04174102848785366
        ]
      }
    },
    {
      "step": 19,
      "iterations": 4,
      "residual": 6.530946427752227e-09,
      "relative_residual": 3.0871990030542536e-12,
      "coverage": {
        "n": 2070,
        "inside": 2070,
        "outside": 0,
        "minimum": [
          0.06352990189686425,
          -0.060706100444001154,
          -0.10866523104466878
        ],
        "maximum": [
          0.15194304821720628,
          -0.022556270601829187,
          0.044484817566658764
        ]
      }
    },
    {
      "step": 20,
      "iterations": 4,
      "residual": 6.823509130210931e-09,
      "relative_residual": 3.225494316505687e-12,
      "coverage": {
        "n": 2070,
        "inside": 2070,
        "outside": 0,
        "minimum": [
          0.06725634308701833,
          -0.06405392167379403,
          -0.11494259842128238
        ],
        "maximum": [
          0.16170753913079228,
          -0.02365720434018631,
          0.04729529305664756
        ]
      }
    }
  ],
  "material_calls": 61,
  "material_points": 126270,
  "summed_pann_seconds": 0.7832175455987453,
  "macro_mesh_sha256": "81aa5d4c646b8200fa94ccdfceb1466e7d401576b6ca14d2969f3d76105f4762",
  "rve_mesh_sha256": "82e42f23fc9bdb45933f88f8cbd4f6f5e52f5755aee7f8f28b8781bf71c87a47"
}
 |  /           |                  
 ' /   __| _` | __|  _ \   __|    
 . \  |   (   | |   (   |\__ \  
_|\_\_|  \__,_|\__|\___/ ____/
           Multi-Physics 10.3."0"-master-532e0dba7df-Release-x86_64
           Compiled for GNU/Linux and Python3.12 with GCC-13.3
Compiled with threading support. Threading support with OpenMP.
Maximum number of threads: 12.
Importing    KratosStructuralMechanicsApplication 
    KRATOS   ___|  |                   |                   |
           \___ \  __|  __| |   |  __| __| |   |  __| _` | |
                 | |   |    |   | (    |   |   | |   (   | |
           _____/ \__|_|   \__,_|\___|\__|\__,_|_|  \__,_|_| MECHANICS
Initializing KratosStructuralMechanicsApplication...
Importing    KratosConstitutiveLawsApplication 
Initializing KratosConstitutiveLawsApplication...
[WARNING] DEPRECATION-Warning; MechanicalSolver: Using "line_search", please move it to "solving_strategy_settings" as "type" 
::[MechanicalSolver]:: : Construction finished 
::[StaticMechanicalSolver]:: : Construction finished 
::[MechanicalSolver]:: : Variables ADDED 
[WARNING] Model: Trying to create a root modelpart with name Structure however a ModelPart with the same name already exists. 
Returning the already existent ModelPart.
SingleImportModelPart: Reading model part from file: "/home/sares/ML_assisted_CLs_clean/coupon_fe2_paper/01_macro_prepass/coupon_conv_div4".mdpa
ModelPartIO:   [Reading Nodes    : 1501 nodes read]
ModelPartIO:   [Reading Geometries : 690 geometries read] [Type: Triangle2D6]
ModelPartIO:   [Total Lines Read : 4431]
SingleImportModelPart: Finished reading model part from mdpa file.
::[PythonSolver]::: Reading model part. 
::[PythonSolver]::: Using already imported model part - no reading necessary. 
ModelPart: -Structure- model part
    Buffer Size : 1
    Number of tables : 0
    Number of sub model parts : 2
    Current solution step index : 0
    DOMAIN_SIZE : 2
    OSS_SWITCH : 0
    IS_RESTARTED : 0

    Number of Geometries  : 690
    Mesh 0 :
        Number of Nodes       : 1501
        Number of Properties  : 1
        Number of Elements    : 690
        Number of Conditions  : 0
        Number of Constraints : 0

    -dirichlet- model part
        Number of tables : 0
        Number of sub model parts : 0

        Number of Geometries  : 0
        Mesh 0 :
            Number of Nodes       : 26
            Number of Properties  : 0
            Number of Elements    : 0
            Number of Conditions  : 0
            Number of Constraints : 0
    -material- model part
        Number of tables : 0
        Number of sub model parts : 0

        Number of Geometries  : 690
        Mesh 0 :
            Number of Nodes       : 1501
            Number of Properties  : 0
            Number of Elements    : 690
            Number of Conditions  : 0
            Number of Constraints : 0
 
::[PythonSolver]:: : Finished reading model part. 
Read materials: Started
Read materials: Finished
::[MechanicalSolver]:: : Constitutive law was successfully imported. 
::[MechanicalSolver]::: ModelPart prepared for Solver. 
::[MechanicalSolver]:: : DOF's ADDED 
::[MechanicalSolver]:: : Initializing ... 
Importing    LinearSolversApplication 
    Kratos  _     _                       ____        _
           | |   (_)_ __   ___  __ _ _ __/ ___|  ___ | |_   _____ _ __ ___
           | |   | | '_ \ / _ \/ _` | '__\___ \ / _ \| \ \ / / _ \ '__/ __|
           | |___| | | | |  __/ (_| | |   ___) | (_) | |\ V /  __/ |  \__ \
           |_____|_|_| |_|\___|\__,_|_|  |____/ \___/|_| \_/ \___|_|  |___/
Initializing KratosLinearSolversApplication...
Linear-Solver-Factory: Constructing a regular (non-complex) linear-solver 
::[MechanicalSolver]:: : Finished initialization. 
Analysis: Analysis -START-  
Deregistering KratosMultiphysics
Deregistering ConstitutiveLawsApplication
Deregistering LinearSolversApplication
Deregistering StructuralMechanicsApplication
