[VectorizedAssembler] 690 elements, 3 GPs, total area=1.311591e-04
[macro] 3002 dofs, 13/13 end-face nodes
  step  1/20 iter  1: |R|=2.11549e+03, rel=1.000e+00, wall=0.06s
  step  1/20 iter  2: |R|=1.64197e+01, rel=7.762e-03, wall=0.04s
  step  1/20 iter  3: |R|=1.10953e-02, rel=5.245e-06, wall=0.03s
  step  1/20 iter  4: |R|=3.07046e-08, rel=1.451e-11, wall=0.03s
    converged: in-box 2070/2070; E11=[+0.0027,+0.0066], E22=[-0.0030,-0.0011], g12=[-0.0053,+0.0023]
  step  2/20 iter  1: |R|=2.11549e+03, rel=1.000e+00, wall=0.00s
  step  2/20 iter  2: |R|=1.54812e+01, rel=7.318e-03, wall=0.04s
  step  2/20 iter  3: |R|=4.04619e-03, rel=1.913e-06, wall=0.03s
  step  2/20 iter  4: |R|=6.34157e-09, rel=2.998e-12, wall=0.03s
    converged: in-box 2070/2070; E11=[+0.0056,+0.0134], E22=[-0.0061,-0.0022], g12=[-0.0107,+0.0047]
  step  3/20 iter  1: |R|=2.11549e+03, rel=1.000e+00, wall=0.00s
  step  3/20 iter  2: |R|=1.50876e+01, rel=7.132e-03, wall=0.03s
  step  3/20 iter  3: |R|=1.86344e-03, rel=8.809e-07, wall=0.03s
  step  3/20 iter  4: |R|=1.96806e-09, rel=9.303e-13, wall=0.03s
    converged: in-box 2070/2070; E11=[+0.0085,+0.0203], E22=[-0.0093,-0.0033], g12=[-0.0161,+0.0071]
  step  4/20 iter  1: |R|=2.11549e+03, rel=1.000e+00, wall=0.00s
  step  4/20 iter  2: |R|=1.48402e+01, rel=7.015e-03, wall=0.03s
  step  4/20 iter  3: |R|=1.01180e-03, rel=4.783e-07, wall=0.04s
  step  4/20 iter  4: |R|=1.50998e-09, rel=7.138e-13, wall=0.03s
    converged: in-box 2070/2070; E11=[+0.0114,+0.0274], E22=[-0.0125,-0.0044], g12=[-0.0216,+0.0096]
  step  5/20 iter  1: |R|=2.11549e+03, rel=1.000e+00, wall=0.00s
  step  5/20 iter  2: |R|=1.40728e+01, rel=6.652e-03, wall=0.04s
  step  5/20 iter  3: |R|=6.49574e-04, rel=3.071e-07, wall=0.03s
  step  5/20 iter  4: |R|=1.80013e-09, rel=8.509e-13, wall=0.03s
    converged: in-box 2070/2070; E11=[+0.0144,+0.0347], E22=[-0.0158,-0.0056], g12=[-0.0272,+0.0121]
  step  6/20 iter  1: |R|=2.11549e+03, rel=1.000e+00, wall=0.00s
  step  6/20 iter  2: |R|=1.30353e+01, rel=6.162e-03, wall=0.04s
  step  6/20 iter  3: |R|=5.41979e-04, rel=2.562e-07, wall=0.03s
  step  6/20 iter  4: |R|=2.07816e-09, rel=9.824e-13, wall=0.04s
    converged: in-box 2070/2070; E11=[+0.0175,+0.0422], E22=[-0.0191,-0.0067], g12=[-0.0329,+0.0146]
  step  7/20 iter  1: |R|=2.11549e+03, rel=1.000e+00, wall=0.00s
  step  7/20 iter  2: |R|=1.29666e+01, rel=6.129e-03, wall=0.04s
  step  7/20 iter  3: |R|=6.27039e-04, rel=2.964e-07, wall=0.04s
  step  7/20 iter  4: |R|=2.46936e-09, rel=1.167e-12, wall=0.03s
    converged: in-box 2070/2070; E11=[+0.0207,+0.0499], E22=[-0.0225,-0.0079], g12=[-0.0386,+0.0172]
  step  8/20 iter  1: |R|=2.11549e+03, rel=1.000e+00, wall=0.00s
  step  8/20 iter  2: |R|=1.42926e+01, rel=6.756e-03, wall=0.04s
  step  8/20 iter  3: |R|=8.04379e-04, rel=3.802e-07, wall=0.03s
  step  8/20 iter  4: |R|=2.34252e-09, rel=1.107e-12, wall=0.04s
    converged: in-box 2070/2070; E11=[+0.0239,+0.0577], E22=[-0.0259,-0.0091], g12=[-0.0443,+0.0198]
  step  9/20 iter  1: |R|=2.11549e+03, rel=1.000e+00, wall=0.00s
  step  9/20 iter  2: |R|=1.59203e+01, rel=7.526e-03, wall=0.04s
  step  9/20 iter  3: |R|=8.98700e-04, rel=4.248e-07, wall=0.03s
  step  9/20 iter  4: |R|=2.87041e-09, rel=1.357e-12, wall=0.03s
    converged: in-box 2070/2070; E11=[+0.0272,+0.0658], E22=[-0.0293,-0.0103], g12=[-0.0502,+0.0225]
  step 10/20 iter  1: |R|=2.11549e+03, rel=1.000e+00, wall=0.00s
  step 10/20 iter  2: |R|=1.69690e+01, rel=8.021e-03, wall=0.03s
  step 10/20 iter  3: |R|=8.54618e-04, rel=4.040e-07, wall=0.04s
  step 10/20 iter  4: |R|=2.97648e-09, rel=1.407e-12, wall=0.04s
    converged: in-box 2070/2070; E11=[+0.0305,+0.0740], E22=[-0.0327,-0.0115], g12=[-0.0561,+0.0252]
  step 11/20 iter  1: |R|=2.11549e+03, rel=1.000e+00, wall=0.00s
  step 11/20 iter  2: |R|=1.75622e+01, rel=8.302e-03, wall=0.04s
  step 11/20 iter  3: |R|=7.79132e-04, rel=3.683e-07, wall=0.03s
  step 11/20 iter  4: |R|=3.66086e-09, rel=1.731e-12, wall=0.04s
    converged: in-box 2070/2070; E11=[+0.0339,+0.0823], E22=[-0.0361,-0.0127], g12=[-0.0620,+0.0279]
  step 12/20 iter  1: |R|=2.11549e+03, rel=1.000e+00, wall=0.00s
  step 12/20 iter  2: |R|=1.85255e+01, rel=8.757e-03, wall=0.04s
  step 12/20 iter  3: |R|=7.92349e-04, rel=3.745e-07, wall=0.04s
  step 12/20 iter  4: |R|=3.63626e-09, rel=1.719e-12, wall=0.04s
    converged: in-box 2070/2070; E11=[+0.0374,+0.0908], E22=[-0.0395,-0.0139], g12=[-0.0681,+0.0306]
  step 13/20 iter  1: |R|=2.11549e+03, rel=1.000e+00, wall=0.00s
  step 13/20 iter  2: |R|=2.06184e+01, rel=9.746e-03, wall=0.04s
  step 13/20 iter  3: |R|=9.32164e-04, rel=4.406e-07, wall=0.03s
  step 13/20 iter  4: |R|=3.93950e-09, rel=1.862e-12, wall=0.03s
    converged: in-box 2070/2070; E11=[+0.0409,+0.0995], E22=[-0.0429,-0.0151], g12=[-0.0741,+0.0333]
  step 14/20 iter  1: |R|=2.11549e+03, rel=1.000e+00, wall=0.00s
  step 14/20 iter  2: |R|=2.30377e+01, rel=1.089e-02, wall=0.04s
  step 14/20 iter  3: |R|=1.02940e-03, rel=4.866e-07, wall=0.04s
  step 14/20 iter  4: |R|=4.00885e-09, rel=1.895e-12, wall=0.03s
    converged: in-box 2070/2070; E11=[+0.0445,+0.1084], E22=[-0.0462,-0.0163], g12=[-0.0803,+0.0360]
  step 15/20 iter  1: |R|=2.11549e+03, rel=1.000e+00, wall=0.00s
  step 15/20 iter  2: |R|=2.33592e+01, rel=1.104e-02, wall=0.04s
  step 15/20 iter  3: |R|=8.09798e-04, rel=3.828e-07, wall=0.03s
  step 15/20 iter  4: |R|=4.20495e-09, rel=1.988e-12, wall=0.03s
    converged: in-box 2070/2070; E11=[+0.0481,+0.1174], E22=[-0.0496,-0.0176], g12=[-0.0865,+0.0387]
  step 16/20 iter  1: |R|=2.11549e+03, rel=1.000e+00, wall=0.00s
  step 16/20 iter  2: |R|=2.15873e+01, rel=1.020e-02, wall=0.03s
  step 16/20 iter  3: |R|=5.84661e-04, rel=2.764e-07, wall=0.03s
  step 16/20 iter  4: |R|=4.32326e-09, rel=2.044e-12, wall=0.04s
    converged: in-box 2070/2070; E11=[+0.0518,+0.1265], E22=[-0.0529,-0.0188], g12=[-0.0927,+0.0415]
  step 17/20 iter  1: |R|=2.11549e+03, rel=1.000e+00, wall=0.00s
  step 17/20 iter  2: |R|=2.28846e+01, rel=1.082e-02, wall=0.04s
  step 17/20 iter  3: |R|=7.86584e-04, rel=3.718e-07, wall=0.03s
  step 17/20 iter  4: |R|=4.92690e-09, rel=2.329e-12, wall=0.04s
    converged: in-box 2070/2070; E11=[+0.0556,+0.1358], E22=[-0.0562,-0.0200], g12=[-0.0990,+0.0443]
  step 18/20 iter  1: |R|=2.11549e+03, rel=1.000e+00, wall=0.00s
  step 18/20 iter  2: |R|=2.98524e+01, rel=1.411e-02, wall=0.04s
  step 18/20 iter  3: |R|=1.55739e-03, rel=7.362e-07, wall=0.04s
  step 18/20 iter  4: |R|=5.52684e-09, rel=2.613e-12, wall=0.04s
    converged: in-box 2070/2070; E11=[+0.0594,+0.1452], E22=[-0.0594,-0.0212], g12=[-0.1053,+0.0470]
  step 19/20 iter  1: |R|=2.11549e+03, rel=1.000e+00, wall=0.00s
  step 19/20 iter  2: |R|=3.52053e+01, rel=1.664e-02, wall=0.04s
  step 19/20 iter  3: |R|=1.97709e-03, rel=9.346e-07, wall=0.04s
  step 19/20 iter  4: |R|=5.85099e-09, rel=2.766e-12, wall=0.04s
    converged: in-box 2070/2070; E11=[+0.0633,+0.1548], E22=[-0.0626,-0.0224], g12=[-0.1116,+0.0497]
  step 20/20 iter  1: |R|=2.11549e+03, rel=1.000e+00, wall=0.00s
  step 20/20 iter  2: |R|=3.10001e+01, rel=1.465e-02, wall=0.04s
  step 20/20 iter  3: |R|=1.00595e-03, rel=4.755e-07, wall=0.04s
  step 20/20 iter  4: |R|=6.54435e-09, rel=3.094e-12, wall=0.04s
    converged: in-box 2070/2070; E11=[+0.0672,+0.1645], E22=[-0.0658,-0.0236], g12=[-0.1179,+0.0525]
{
  "status": "converged",
  "model": "flexible_polyconvex_pann",
  "tier": "flexible",
  "tag": "capacity2x2_icnn_large_f100kn",
  "output": "/home/sares/ML_assisted_CLs_clean/coupon_fe2_paper/06_fe2/pann_fe2_capacity2x2_icnn_large_f100kn.npz",
  "wall_seconds": 2.501149518415332,
  "torch_threads": 2,
  "force_per_end": 100000.0,
  "n_steps_requested": 20,
  "n_steps_completed": 20,
  "macro_elements": 690,
  "macro_gauss_points": 2070,
  "rve_elements_reference": 1546,
  "checkpoint": {
    "checkpoint": "/home/sares/ML_assisted_CLs_clean/coupon_fe2_paper/06_pann/results/sc_capacity_2x2_v1/training/icnn_large_seed47/model.pt",
    "checkpoint_sha256": "332d9b5c77c280b97c58ffec2ea2913ec87cecc345dacead185daad4d4c810c3",
    "core": "icnn",
    "features": 6,
    "widths": [
      128,
      128,
      64
    ],
    "learn_features": true,
    "dynamic_center": true,
    "spline_basis": "integrated_hat",
    "analytic_stress": true,
    "strain_scale": 0.1955,
    "energy_scale": 27042824.02698266
  },
  "tangent_preflight": {
    "tangent_fd_relative": 1.506732482279461e-10,
    "tangent_asymmetry_relative": 6.891624274525135e-17
  },
  "macro_newton": [
    {
      "step": 1,
      "iterations": 4,
      "residual": 3.070458163103477e-08,
      "relative_residual": 1.4514152711116913e-11,
      "coverage": {
        "n": 2070,
        "inside": 2070,
        "outside": 0,
        "minimum": [
          0.002740743485873165,
          -0.0030359452843238266,
          -0.005318322778761312
        ],
        "maximum": [
          0.0066269859347288795,
          -0.001103157103253094,
          0.002313017940367076
        ]
      }
    },
    {
      "step": 2,
      "iterations": 4,
      "residual": 6.341568718453561e-09,
      "relative_residual": 2.9976795617708487e-12,
      "coverage": {
        "n": 2070,
        "inside": 2070,
        "outside": 0,
        "minimum": [
          0.005560319203580244,
          -0.006142240510746577,
          -0.010695361321650287
        ],
        "maximum": [
          0.01336691236906662,
          -0.002209539058503518,
          0.00468364033920205
        ]
      }
    },
    {
      "step": 3,
      "iterations": 4,
      "residual": 1.968055381575669e-09,
      "relative_residual": 9.303059945711347e-13,
      "coverage": {
        "n": 2070,
        "inside": 2070,
        "outside": 0,
        "minimum": [
          0.008452394188809387,
          -0.009311303314119335,
          -0.016136912670329448
        ],
        "maximum": [
          0.020252723269091777,
          -0.0033231822507562847,
          0.0071056121900376894
        ]
      }
    },
    {
      "step": 4,
      "iterations": 4,
      "residual": 1.5099813877971802e-09,
      "relative_residual": 7.137729709785527e-13,
      "coverage": {
        "n": 2070,
        "inside": 2070,
        "outside": 0,
        "minimum": [
          0.011413217917273344,
          -0.012538115290382623,
          -0.02164376709124859
        ],
        "maximum": [
          0.0274000497455249,
          -0.004446970160361663,
          0.009574666927021408
        ]
      }
    },
    {
      "step": 5,
      "iterations": 4,
      "residual": 1.800126590439071e-09,
      "relative_residual": 8.509255246314177e-13,
      "coverage": {
        "n": 2070,
        "inside": 2070,
        "outside": 0,
        "minimum": [
          0.014440208014586564,
          -0.015816607764032042,
          -0.027215181190772698
        ],
        "maximum": [
          0.03472430319438069,
          -0.005582819958060259,
          0.01208718809911518
        ]
      }
    },
    {
      "step": 6,
      "iterations": 4,
      "residual": 2.078162131263022e-09,
      "relative_residual": 9.8235380289709e-13,
      "coverage": {
        "n": 2070,
        "inside": 2070,
        "outside": 0,
        "minimum": [
          0.017531425602528183,
          -0.019138365201956387,
          -0.03285074738174324
        ],
        "maximum": [
          0.04222169101776008,
          -0.006731709790820828,
          0.014639599926801536
        ]
      }
    },
    {
      "step": 7,
      "iterations": 4,
      "residual": 2.469356473921975e-09,
      "relative_residual": 1.16727260417913e-12,
      "coverage": {
        "n": 2070,
        "inside": 2070,
        "outside": 0,
        "minimum": [
          0.02068540644022343,
          -0.022493192604516488,
          -0.038551198336744856
        ],
        "maximum": [
          0.04989258403378238,
          -0.007893757846499705,
          0.017228088643345966
        ]
      }
    },
    {
      "step": 8,
      "iterations": 4,
      "residual": 2.342515063393996e-09,
      "relative_residual": 1.1073142688199609e-12,
      "coverage": {
        "n": 2070,
        "inside": 2070,
        "outside": 0,
        "minimum": [
          0.023901113982279676,
          -0.025870827741673874,
          -0.04431820568024566
        ],
        "maximum": [
          0.05773887869382022,
          -0.009068418498447861,
          0.019848507405698317
        ]
      }
    },
    {
      "step": 9,
      "iterations": 4,
      "residual": 2.870410593611842e-09,
      "relative_residual": 1.3568521532037954e-12,
      "coverage": {
        "n": 2070,
        "inside": 2070,
        "outside": 0,
        "minimum": [
          0.027177898753929175,
          -0.029262566949175672,
          -0.05015337152817903
        ],
        "maximum": [
          0.06576108260684121,
          -0.010254751244168525,
          0.022496402831320702
        ]
      }
    },
    {
      "step": 10,
      "iterations": 4,
      "residual": 2.9764776311864368e-09,
      "relative_residual": 1.4069903768562422e-12,
      "coverage": {
        "n": 2070,
        "inside": 2070,
        "outside": 0,
        "minimum": [
          0.030515419853969883,
          -0.03266186738911531,
          -0.0560569277184511
        ],
        "maximum": [
          0.07395650221344774,
          -0.011451671218517978,
          0.025167121890934434
        ]
      }
    },
    {
      "step": 11,
      "iterations": 4,
      "residual": 3.6608626741000417e-09,
      "relative_residual": 1.7305013481313717e-12,
      "coverage": {
        "n": 2070,
        "inside": 2070,
        "outside": 0,
        "minimum": [
          0.03391354143973657,
          -0.036063616480828065,
          -0.06202677521423567
        ],
        "maximum": [
          0.08231957843225135,
          -0.012658100685219165,
          0.027855961018947092
        ]
      }
    },
    {
      "step": 12,
      "iterations": 4,
      "residual": 3.636264014981204e-09,
      "relative_residual": 1.718873484276096e-12,
      "coverage": {
        "n": 2070,
        "inside": 2070,
        "outside": 0,
        "minimum": [
          0.03737224413192752,
          -0.039462277067644325,
          -0.06805845132028945
        ],
        "maximum": [
          0.09084476465607072,
          -0.013872975854283542,
          0.030558319402099812
        ]
      }
    },
    {
      "step": 13,
      "iterations": 4,
      "residual": 3.939497387429389e-09,
      "relative_residual": 1.862212857132752e-12,
      "coverage": {
        "n": 2070,
        "inside": 2070,
        "outside": 0,
        "minimum": [
          0.04089154678488682,
          -0.04285027960196097,
          -0.07414638732553021
        ],
        "maximum": [
          0.09953007716826634,
          -0.015095156256538955,
          0.03326978766321481
        ]
      }
    },
    {
      "step": 14,
      "iterations": 4,
      "residual": 4.0088539987981565e-09,
      "relative_residual": 1.8949979463753926e-12,
      "coverage": {
        "n": 2070,
        "inside": 2070,
        "outside": 0,
        "minimum": [
          0.04447135477689801,
          -0.04621926902071455,
          -0.08028589575509548
        ],
        "maximum": [
          0.10837611107314138,
          -0.016323431379457354,
          0.03599796561891311
        ]
      }
    },
    {
      "step": 15,
      "iterations": 4,
      "residual": 4.204954904691796e-09,
      "relative_residual": 1.9876954639358635e-12,
      "coverage": {
        "n": 2070,
        "inside": 2070,
        "outside": 0,
        "minimum": [
          0.04811123870411893,
          -0.049564418470245175,
          -0.08647378448683785
        ],
        "maximum": [
          0.11737801449069951,
          -0.017556798349007863,
          0.03874938293043701
        ]
      }
    },
    {
      "step": 16,
      "iterations": 4,
      "residual": 4.323259888844035e-09,
      "relative_residual": 2.0436186035867764e-12,
      "coverage": {
        "n": 2070,
        "inside": 2070,
        "outside": 0,
        "minimum": [
          0.05181047689960616,
          -0.05288502791998917,
          -0.09270574691803496
        ],
        "maximum": [
          0.12652162196974603,
          -0.018794784716203827,
          0.04150344203268417
        ]
      }
    },
    {
      "step": 17,
      "iterations": 4,
      "residual": 4.926896176470935e-09,
      "relative_residual": 2.3289593832093312e-12,
      "coverage": {
        "n": 2070,
        "inside": 2070,
        "outside": 0,
        "minimum": [
          0.055568643030211695,
          -0.05617630225124326,
          -0.09897320210746338
        ],
        "maximum": [
          0.13579747281579546,
          -0.020018688599436285,
          0.04425634455999187
        ]
      }
    },
    {
      "step": 18,
      "iterations": 4,
      "residual": 5.526843133191731e-09,
      "relative_residual": 2.6125562044610203e-12,
      "coverage": {
        "n": 2070,
        "inside": 2070,
        "outside": 0,
        "minimum": [
          0.05938608765996933,
          -0.05942430383711195,
          -0.10526559561317136
        ],
        "maximum": [
          0.14521602710121495,
          -0.021228184131408756,
          0.04700493839633489
        ]
      }
    },
    {
      "step": 19,
      "iterations": 4,
      "residual": 5.850989613515672e-09,
      "relative_residual": 2.7657812694600793e-12,
      "coverage": {
        "n": 2070,
        "inside": 2070,
        "outside": 0,
        "minimum": [
          0.06326321262169754,
          -0.0626181399594416,
          -0.11157706796705595
        ],
        "maximum": [
          0.15479023507699474,
          -0.022435098099584883,
          0.04974604219472712
        ]
      }
    },
    {
      "step": 20,
      "iterations": 4,
      "residual": 6.544346256750404e-09,
      "relative_residual": 3.0935331445419673e-12,
      "coverage": {
        "n": 2070,
        "inside": 2070,
        "outside": 0,
        "minimum": [
          0.06719903522084725,
          -0.06576410868583815,
          -0.11790668442061882
        ],
        "maximum": [
          0.16450018528735832,
          -0.023639049113792887,
          0.052475456014881176
        ]
      }
    }
  ],
  "material_calls": 61,
  "material_points": 126270,
  "summed_pann_seconds": 1.9579148013144732,
  "macro_mesh_sha256": "81aa5d4c646b8200fa94ccdfceb1466e7d401576b6ca14d2969f3d76105f4762",
  "rve_mesh_sha256": "82e42f23fc9bdb45933f88f8cbd4f6f5e52f5755aee7f8f28b8781bf71c87a47"
}
 |  /           |                  
 ' /   __| _` | __|  _ \   __|    
 . \  |   (   | |   (   |\__ \  
_|\_\_|  \__,_|\__|\___/ ____/
           Multi-Physics 10.3."0"-master-532e0dba7df-Release-x86_64
           Compiled for GNU/Linux and Python3.12 with GCC-13.3
Compiled with threading support. Threading support with OpenMP.
Maximum number of threads: 2.
Importing    KratosStructuralMechanicsApplication 
    KRATOS   ___|  |                   |                   |
           \___ \  __|  __| |   |  __| __| |   |  __| _` | |
                 | |   |    |   | (    |   |   | |   (   | |
           _____/ \__|_|   \__,_|\___|\__|\__,_|_|  \__,_|_| MECHANICS
Initializing KratosStructuralMechanicsApplication...
Importing    KratosConstitutiveLawsApplication 
Initializing KratosConstitutiveLawsApplication...
[WARNING] DEPRECATION-Warning; MechanicalSolver: Using "line_search", please move it to "solving_strategy_settings" as "type" 
::[MechanicalSolver]:: : Construction finished 
::[StaticMechanicalSolver]:: : Construction finished 
::[MechanicalSolver]:: : Variables ADDED 
[WARNING] Model: Trying to create a root modelpart with name Structure however a ModelPart with the same name already exists. 
Returning the already existent ModelPart.
SingleImportModelPart: Reading model part from file: "/home/sares/ML_assisted_CLs_clean/coupon_fe2_paper/01_macro_prepass/coupon_conv_div4".mdpa
ModelPartIO:   [Reading Nodes    : 1501 nodes read]
ModelPartIO:   [Reading Geometries : 690 geometries read] [Type: Triangle2D6]
ModelPartIO:   [Total Lines Read : 4431]
SingleImportModelPart: Finished reading model part from mdpa file.
::[PythonSolver]::: Reading model part. 
::[PythonSolver]::: Using already imported model part - no reading necessary. 
ModelPart: -Structure- model part
    Buffer Size : 1
    Number of tables : 0
    Number of sub model parts : 2
    Current solution step index : 0
    DOMAIN_SIZE : 2
    OSS_SWITCH : 0
    IS_RESTARTED : 0

    Number of Geometries  : 690
    Mesh 0 :
        Number of Nodes       : 1501
        Number of Properties  : 1
        Number of Elements    : 690
        Number of Conditions  : 0
        Number of Constraints : 0

    -dirichlet- model part
        Number of tables : 0
        Number of sub model parts : 0

        Number of Geometries  : 0
        Mesh 0 :
            Number of Nodes       : 26
            Number of Properties  : 0
            Number of Elements    : 0
            Number of Conditions  : 0
            Number of Constraints : 0
    -material- model part
        Number of tables : 0
        Number of sub model parts : 0

        Number of Geometries  : 690
        Mesh 0 :
            Number of Nodes       : 1501
            Number of Properties  : 0
            Number of Elements    : 690
            Number of Conditions  : 0
            Number of Constraints : 0
 
::[PythonSolver]:: : Finished reading model part. 
Read materials: Started
Read materials: Finished
::[MechanicalSolver]:: : Constitutive law was successfully imported. 
::[MechanicalSolver]::: ModelPart prepared for Solver. 
::[MechanicalSolver]:: : DOF's ADDED 
::[MechanicalSolver]:: : Initializing ... 
Importing    LinearSolversApplication 
    Kratos  _     _                       ____        _
           | |   (_)_ __   ___  __ _ _ __/ ___|  ___ | |_   _____ _ __ ___
           | |   | | '_ \ / _ \/ _` | '__\___ \ / _ \| \ \ / / _ \ '__/ __|
           | |___| | | | |  __/ (_| | |   ___) | (_) | |\ V /  __/ |  \__ \
           |_____|_|_| |_|\___|\__,_|_|  |____/ \___/|_| \_/ \___|_|  |___/
Initializing KratosLinearSolversApplication...
Linear-Solver-Factory: Constructing a regular (non-complex) linear-solver 
::[MechanicalSolver]:: : Finished initialization. 
Analysis: Analysis -START-  
Deregistering KratosMultiphysics
Deregistering ConstitutiveLawsApplication
Deregistering LinearSolversApplication
Deregistering StructuralMechanicsApplication
