[VectorizedAssembler] 690 elements, 3 GPs, total area=1.311591e-04
[macro] 3002 dofs, 13/13 end-face nodes
  step  1/20 iter  1: |R|=2.11549e+03, rel=1.000e+00, wall=0.02s
  step  1/20 iter  2: |R|=1.58360e+01, rel=7.486e-03, wall=0.01s
  step  1/20 iter  3: |R|=1.40600e-02, rel=6.646e-06, wall=0.01s
  step  1/20 iter  4: |R|=2.29173e-08, rel=1.083e-11, wall=0.01s
    converged: in-box 2070/2070; E11=[+0.0029,+0.0068], E22=[-0.0032,-0.0012], g12=[-0.0054,+0.0023]
  step  2/20 iter  1: |R|=2.11549e+03, rel=1.000e+00, wall=0.00s
  step  2/20 iter  2: |R|=1.62843e+01, rel=7.698e-03, wall=0.01s
  step  2/20 iter  3: |R|=4.36098e-03, rel=2.061e-06, wall=0.01s
  step  2/20 iter  4: |R|=5.40985e-09, rel=2.557e-12, wall=0.01s
    converged: in-box 2070/2070; E11=[+0.0058,+0.0137], E22=[-0.0065,-0.0024], g12=[-0.0108,+0.0045]
  step  3/20 iter  1: |R|=2.11549e+03, rel=1.000e+00, wall=0.00s
  step  3/20 iter  2: |R|=1.66440e+01, rel=7.868e-03, wall=0.01s
  step  3/20 iter  3: |R|=1.70673e-03, rel=8.068e-07, wall=0.01s
  step  3/20 iter  4: |R|=1.97507e-09, rel=9.336e-13, wall=0.01s
    converged: in-box 2070/2070; E11=[+0.0088,+0.0206], E22=[-0.0098,-0.0036], g12=[-0.0162,+0.0069]
  step  4/20 iter  1: |R|=2.11549e+03, rel=1.000e+00, wall=0.00s
  step  4/20 iter  2: |R|=1.69601e+01, rel=8.017e-03, wall=0.01s
  step  4/20 iter  3: |R|=9.23117e-04, rel=4.364e-07, wall=0.01s
  step  4/20 iter  4: |R|=1.50501e-09, rel=7.114e-13, wall=0.01s
    converged: in-box 2070/2070; E11=[+0.0118,+0.0278], E22=[-0.0131,-0.0048], g12=[-0.0217,+0.0092]
  step  5/20 iter  1: |R|=2.11549e+03, rel=1.000e+00, wall=0.00s
  step  5/20 iter  2: |R|=1.72495e+01, rel=8.154e-03, wall=0.01s
  step  5/20 iter  3: |R|=7.30498e-04, rel=3.453e-07, wall=0.01s
  step  5/20 iter  4: |R|=1.69300e-09, rel=8.003e-13, wall=0.01s
    converged: in-box 2070/2070; E11=[+0.0149,+0.0351], E22=[-0.0163,-0.0060], g12=[-0.0272,+0.0116]
  step  6/20 iter  1: |R|=2.11549e+03, rel=1.000e+00, wall=0.00s
  step  6/20 iter  2: |R|=1.75202e+01, rel=8.282e-03, wall=0.01s
  step  6/20 iter  3: |R|=7.00327e-04, rel=3.310e-07, wall=0.01s
  step  6/20 iter  4: |R|=1.97723e-09, rel=9.346e-13, wall=0.01s
    converged: in-box 2070/2070; E11=[+0.0180,+0.0426], E22=[-0.0196,-0.0072], g12=[-0.0327,+0.0140]
  step  7/20 iter  1: |R|=2.11549e+03, rel=1.000e+00, wall=0.00s
  step  7/20 iter  2: |R|=1.77770e+01, rel=8.403e-03, wall=0.01s
  step  7/20 iter  3: |R|=7.04908e-04, rel=3.332e-07, wall=0.01s
  step  7/20 iter  4: |R|=2.29949e-09, rel=1.087e-12, wall=0.01s
    converged: in-box 2070/2070; E11=[+0.0212,+0.0502], E22=[-0.0229,-0.0084], g12=[-0.0383,+0.0164]
  step  8/20 iter  1: |R|=2.11549e+03, rel=1.000e+00, wall=0.00s
  step  8/20 iter  2: |R|=1.80232e+01, rel=8.520e-03, wall=0.01s
  step  8/20 iter  3: |R|=7.15458e-04, rel=3.382e-07, wall=0.01s
  step  8/20 iter  4: |R|=2.48649e-09, rel=1.175e-12, wall=0.01s
    converged: in-box 2070/2070; E11=[+0.0245,+0.0580], E22=[-0.0262,-0.0096], g12=[-0.0439,+0.0189]
  step  9/20 iter  1: |R|=2.11549e+03, rel=1.000e+00, wall=0.00s
  step  9/20 iter  2: |R|=1.82605e+01, rel=8.632e-03, wall=0.01s
  step  9/20 iter  3: |R|=7.26297e-04, rel=3.433e-07, wall=0.01s
  step  9/20 iter  4: |R|=2.73596e-09, rel=1.293e-12, wall=0.01s
    converged: in-box 2070/2070; E11=[+0.0278,+0.0659], E22=[-0.0295,-0.0109], g12=[-0.0496,+0.0214]
  step 10/20 iter  1: |R|=2.11549e+03, rel=1.000e+00, wall=0.00s
  step 10/20 iter  2: |R|=1.84896e+01, rel=8.740e-03, wall=0.01s
  step 10/20 iter  3: |R|=7.36605e-04, rel=3.482e-07, wall=0.01s
  step 10/20 iter  4: |R|=3.24418e-09, rel=1.534e-12, wall=0.01s
    converged: in-box 2070/2070; E11=[+0.0311,+0.0740], E22=[-0.0328,-0.0121], g12=[-0.0553,+0.0238]
  step 11/20 iter  1: |R|=2.11549e+03, rel=1.000e+00, wall=0.00s
  step 11/20 iter  2: |R|=1.87104e+01, rel=8.844e-03, wall=0.01s
  step 11/20 iter  3: |R|=7.46545e-04, rel=3.529e-07, wall=0.01s
  step 11/20 iter  4: |R|=3.53535e-09, rel=1.671e-12, wall=0.01s
    converged: in-box 2070/2070; E11=[+0.0345,+0.0822], E22=[-0.0360,-0.0133], g12=[-0.0611,+0.0264]
  step 12/20 iter  1: |R|=2.11549e+03, rel=1.000e+00, wall=0.00s
  step 12/20 iter  2: |R|=1.89224e+01, rel=8.945e-03, wall=0.01s
  step 12/20 iter  3: |R|=7.56432e-04, rel=3.576e-07, wall=0.01s
  step 12/20 iter  4: |R|=3.82023e-09, rel=1.806e-12, wall=0.01s
    converged: in-box 2070/2070; E11=[+0.0380,+0.0906], E22=[-0.0393,-0.0145], g12=[-0.0669,+0.0289]
  step 13/20 iter  1: |R|=2.11549e+03, rel=1.000e+00, wall=0.00s
  step 13/20 iter  2: |R|=1.91249e+01, rel=9.040e-03, wall=0.01s
  step 13/20 iter  3: |R|=7.66557e-04, rel=3.624e-07, wall=0.01s
  step 13/20 iter  4: |R|=4.11264e-09, rel=1.944e-12, wall=0.01s
    converged: in-box 2070/2070; E11=[+0.0415,+0.0991], E22=[-0.0425,-0.0157], g12=[-0.0728,+0.0315]
  step 14/20 iter  1: |R|=2.11549e+03, rel=1.000e+00, wall=0.00s
  step 14/20 iter  2: |R|=1.93179e+01, rel=9.132e-03, wall=0.01s
  step 14/20 iter  3: |R|=7.77176e-04, rel=3.674e-07, wall=0.01s
  step 14/20 iter  4: |R|=4.22004e-09, rel=1.995e-12, wall=0.01s
    converged: in-box 2070/2070; E11=[+0.0450,+0.1078], E22=[-0.0458,-0.0169], g12=[-0.0787,+0.0340]
  step 15/20 iter  1: |R|=2.11549e+03, rel=1.000e+00, wall=0.00s
  step 15/20 iter  2: |R|=1.95020e+01, rel=9.219e-03, wall=0.01s
  step 15/20 iter  3: |R|=7.88514e-04, rel=3.727e-07, wall=0.01s
  step 15/20 iter  4: |R|=4.24145e-09, rel=2.005e-12, wall=0.01s
    converged: in-box 2070/2070; E11=[+0.0486,+0.1166], E22=[-0.0490,-0.0181], g12=[-0.0847,+0.0366]
  step 16/20 iter  1: |R|=2.11549e+03, rel=1.000e+00, wall=0.00s
  step 16/20 iter  2: |R|=1.96789e+01, rel=9.302e-03, wall=0.01s
  step 16/20 iter  3: |R|=8.00782e-04, rel=3.785e-07, wall=0.01s
  step 16/20 iter  4: |R|=4.50616e-09, rel=2.130e-12, wall=0.01s
    converged: in-box 2070/2070; E11=[+0.0523,+0.1257], E22=[-0.0523,-0.0192], g12=[-0.0908,+0.0393]
  step 17/20 iter  1: |R|=2.11549e+03, rel=1.000e+00, wall=0.00s
  step 17/20 iter  2: |R|=1.98514e+01, rel=9.384e-03, wall=0.01s
  step 17/20 iter  3: |R|=8.14174e-04, rel=3.849e-07, wall=0.01s
  step 17/20 iter  4: |R|=5.10091e-09, rel=2.411e-12, wall=0.01s
    converged: in-box 2070/2070; E11=[+0.0560,+0.1348], E22=[-0.0555,-0.0204], g12=[-0.0969,+0.0419]
  step 18/20 iter  1: |R|=2.11549e+03, rel=1.000e+00, wall=0.00s
  step 18/20 iter  2: |R|=2.00231e+01, rel=9.465e-03, wall=0.01s
  step 18/20 iter  3: |R|=8.28870e-04, rel=3.918e-07, wall=0.01s
  step 18/20 iter  4: |R|=5.66550e-09, rel=2.678e-12, wall=0.01s
    converged: in-box 2070/2070; E11=[+0.0598,+0.1442], E22=[-0.0587,-0.0216], g12=[-0.1031,+0.0446]
  step 19/20 iter  1: |R|=2.11549e+03, rel=1.000e+00, wall=0.00s
  step 19/20 iter  2: |R|=2.01983e+01, rel=9.548e-03, wall=0.01s
  step 19/20 iter  3: |R|=8.45015e-04, rel=3.994e-07, wall=0.01s
  step 19/20 iter  4: |R|=6.21490e-09, rel=2.938e-12, wall=0.01s
    converged: in-box 2070/2070; E11=[+0.0636,+0.1538], E22=[-0.0619,-0.0227], g12=[-0.1094,+0.0473]
  step 20/20 iter  1: |R|=2.11549e+03, rel=1.000e+00, wall=0.00s
  step 20/20 iter  2: |R|=2.03811e+01, rel=9.634e-03, wall=0.01s
  step 20/20 iter  3: |R|=8.62703e-04, rel=4.078e-07, wall=0.01s
  step 20/20 iter  4: |R|=6.48252e-09, rel=3.064e-12, wall=0.01s
    converged: in-box 2070/2070; E11=[+0.0675,+0.1635], E22=[-0.0651,-0.0239], g12=[-0.1157,+0.0500]
{
  "status": "converged",
  "model": "free_energy_pann",
  "tier": "free",
  "tag": "capacity2x2_free_small_f100kn",
  "output": "/home/sares/ML_assisted_CLs_clean/coupon_fe2_paper/06_fe2/pann_fe2_capacity2x2_free_small_f100kn.npz",
  "wall_seconds": 0.9269988760352135,
  "torch_threads": 8,
  "force_per_end": 100000.0,
  "n_steps_requested": 20,
  "n_steps_completed": 20,
  "macro_elements": 690,
  "macro_gauss_points": 2070,
  "rve_elements_reference": 1546,
  "checkpoint": {
    "checkpoint": "/home/sares/ML_assisted_CLs_clean/coupon_fe2_paper/06_pann/results/sc_capacity_2x2_v1/fe2_free_small_checkpoint.pt",
    "checkpoint_sha256": "963b0866bab25d86c5ed221e1ec16088d715470498060c2d6c6a46dc8a059407",
    "core": "free_energy_mlp",
    "features": 4,
    "feature_names": [
      "a0.C.a0 - 1",
      "b0.C.b0 - 1",
      "a0.C.b0",
      "J - 1"
    ],
    "widths": [
      28,
      28
    ],
    "strain_scale": 0.1955,
    "energy_scale": 27042824.02698266,
    "checkpoint_test_stress_relative_l2": 8.140291749759537e-05,
    "checkpoint_probe_stress_relative_l2": 0.009989864237510845,
    "structural_guarantee": "energy potential with an exact affine reference correction; no polyconvexity or non-negative-energy certificate"
  },
  "tangent_preflight": {
    "tangent_fd_relative": 9.957884998665163e-11,
    "tangent_asymmetry_relative": 1.2933869832799034e-16
  },
  "macro_newton": [
    {
      "step": 1,
      "iterations": 4,
      "residual": 2.2917329797025874e-08,
      "relative_residual": 1.083309417474227e-11,
      "coverage": {
        "n": 2070,
        "inside": 2070,
        "outside": 0,
        "minimum": [
          0.002851969659826037,
          -0.0032363567573219787,
          -0.005394521487711064
        ],
        "maximum": [
          0.0068038453875864935,
          -0.0012149767860083482,
          0.0022544473371158506
        ]
      }
    },
    {
      "step": 2,
      "iterations": 4,
      "residual": 5.409847932197857e-09,
      "relative_residual": 2.5572522034540355e-12,
      "coverage": {
        "n": 2070,
        "inside": 2070,
        "outside": 0,
        "minimum": [
          0.005771736250660631,
          -0.0064983203528704014,
          -0.01079446564139869
        ],
        "maximum": [
          0.013663326408842269,
          -0.0024236761276629215,
          0.004546857909242689
        ]
      }
    },
    {
      "step": 3,
      "iterations": 4,
      "residual": 1.975067873444181e-09,
      "relative_residual": 9.336208216247948e-13,
      "coverage": {
        "n": 2070,
        "inside": 2070,
        "outside": 0,
        "minimum": [
          0.008751622514544755,
          -0.009773891948521019,
          -0.016215749388120444
        ],
        "maximum": [
          0.02063077797321644,
          -0.003629167588387716,
          0.00687037220537881
        ]
      }
    },
    {
      "step": 4,
      "iterations": 4,
      "residual": 1.5050054448048508e-09,
      "relative_residual": 7.114208270105944e-13,
      "coverage": {
        "n": 2070,
        "inside": 2070,
        "outside": 0,
        "minimum": [
          0.011787661292097407,
          -0.013056684240870142,
          -0.021667860237062835
        ],
        "maximum": [
          0.02781773364881701,
          -0.004833130640025329,
          0.009221046895990917
        ]
      }
    },
    {
      "step": 5,
      "iterations": 4,
      "residual": 1.6929978296793915e-09,
      "relative_residual": 8.002854210761104e-13,
      "coverage": {
        "n": 2070,
        "inside": 2070,
        "outside": 0,
        "minimum": [
          0.014877659605206595,
          -0.016342873007839265,
          -0.027157085604676223
        ],
        "maximum": [
          0.0351496665429778,
          -0.006036553996524752,
          0.011596926533162561
        ]
      }
    },
    {
      "step": 6,
      "iterations": 4,
      "residual": 1.977234144373856e-09,
      "relative_residual": 9.346448247342439e-13,
      "coverage": {
        "n": 2070,
        "inside": 2070,
        "outside": 0,
        "minimum": [
          0.018020364996408134,
          -0.019629920046933702,
          -0.03268791796448696
        ],
        "maximum": [
          0.04262584170162376,
          -0.007240040635120237,
          0.014001242937931663
        ]
      }
    },
    {
      "step": 7,
      "iterations": 4,
      "residual": 2.2994925726137265e-09,
      "relative_residual": 1.0869774015504012e-12,
      "coverage": {
        "n": 2070,
        "inside": 2070,
        "outside": 0,
        "minimum": [
          0.02121506362798875,
          -0.022915982888428943,
          -0.03826374610582359
        ],
        "maximum": [
          0.050246765702486984,
          -0.00844395809024756,
          0.01642947317026592
        ]
      }
    },
    {
      "step": 8,
      "iterations": 4,
      "residual": 2.486491977072136e-09,
      "relative_residual": 1.1753726106371698e-12,
      "coverage": {
        "n": 2070,
        "inside": 2070,
        "outside": 0,
        "minimum": [
          0.024461369515917597,
          -0.026199623518044834,
          -0.043887231962598146
        ],
        "maximum": [
          0.058013653541025945,
          -0.009648519982392634,
          0.01888074326547109
        ]
      }
    },
    {
      "step": 9,
      "iterations": 4,
      "residual": 2.735957558461052e-09,
      "relative_residual": 1.2932957788456494e-12,
      "coverage": {
        "n": 2070,
        "inside": 2070,
        "outside": 0,
        "minimum": [
          0.027759106771143904,
          -0.029479658979070178,
          -0.04956053656746344
        ],
        "maximum": [
          0.06592816454088146,
          -0.010853833811801772,
          0.021354388876603562
        ]
      }
    },
    {
      "step": 10,
      "iterations": 4,
      "residual": 3.244176580896113e-09,
      "relative_residual": 1.5335325158562351e-12,
      "coverage": {
        "n": 2070,
        "inside": 2070,
        "outside": 0,
        "minimum": [
          0.031108240658704545,
          -0.032755083684768926,
          -0.05528546897674639
        ],
        "maximum": [
          0.07399227452020907,
          -0.012059930790765283,
          0.02384990414199245
        ]
      }
    },
    {
      "step": 11,
      "iterations": 4,
      "residual": 3.5353460374277466e-09,
      "relative_residual": 1.6711692375578124e-12,
      "coverage": {
        "n": 2070,
        "inside": 2070,
        "outside": 0,
        "minimum": [
          0.03450883591894127,
          -0.03602502947991704,
          -0.06106359390922886
        ],
        "maximum": [
          0.0822082199705606,
          -0.013266785435937234,
          0.02636691092684437
        ]
      }
    },
    {
      "step": 12,
      "iterations": 4,
      "residual": 3.820232895523853e-09,
      "relative_residual": 1.8058361551365322e-12,
      "coverage": {
        "n": 2070,
        "inside": 2070,
        "outside": 0,
        "minimum": [
          0.03796103110637472,
          -0.039288745771640265,
          -0.0668963160556374
        ],
        "maximum": [
          0.09057848069897123,
          -0.014474328995526198,
          0.028905139861094956
        ]
      }
    },
    {
      "step": 13,
      "iterations": 4,
      "residual": 4.112643921990008e-09,
      "relative_residual": 1.944059770867537e-12,
      "coverage": {
        "n": 2070,
        "inside": 2070,
        "outside": 0,
        "minimum": [
          0.041465022724328504,
          -0.042545589850598975,
          -0.07278495002392919
        ],
        "maximum": [
          0.09910578187789987,
          -0.015682459019553896,
          0.03146441826695973
        ]
      }
    },
    {
      "step": 14,
      "iterations": 4,
      "residual": 4.2200392843735086e-09,
      "relative_residual": 1.994825897852416e-12,
      "coverage": {
        "n": 2070,
        "inside": 2070,
        "outside": 0,
        "minimum": [
          0.04502105552339941,
          -0.045795021509340395,
          -0.07873078006998677
        ],
        "maximum": [
          0.10779310358565408,
          -0.0168910464669223,
          0.0340446619410426
        ]
      }
    },
    {
      "step": 15,
      "iterations": 4,
      "residual": 4.24144800617405e-09,
      "relative_residual": 2.004945868262442e-12,
      "coverage": {
        "n": 2070,
        "inside": 2070,
        "outside": 0,
        "minimum": [
          0.04862941674144372,
          -0.04903659828466733,
          -0.08473511113113658
        ],
        "maximum": [
          0.11664368964030203,
          -0.018073297501037033,
          0.03664586876585112
        ]
      }
    },
    {
      "step": 16,
      "iterations": 4,
      "residual": 4.506159146766941e-09,
      "relative_residual": 2.1300756604566143e-12,
      "coverage": {
        "n": 2070,
        "inside": 2070,
        "outside": 0,
        "minimum": [
          0.05229043287585877,
          -0.052269969050010634,
          -0.09079931130274935
        ],
        "maximum": [
          0.1256610497090186,
          -0.019246893895112138,
          0.039268112713970564
        ]
      }
    },
    {
      "step": 17,
      "iterations": 4,
      "residual": 5.100905189486678e-09,
      "relative_residual": 2.4112139932334688e-12,
      "coverage": {
        "n": 2070,
        "inside": 2070,
        "outside": 0,
        "minimum": [
          0.056004468080640635,
          -0.0554948646993334,
          -0.09692484529671623
        ],
        "maximum": [
          0.13484895023528853,
          -0.020415700643289902,
          0.04191153719058437
        ]
      }
    },
    {
      "step": 18,
      "iterations": 4,
      "residual": 5.665495820737464e-09,
      "relative_residual": 2.67809776776961e-12,
      "coverage": {
        "n": 2070,
        "inside": 2070,
        "outside": 0,
        "minimum": [
          0.059771923613022526,
          -0.05871108548364323,
          -0.10311329831437721
        ],
        "maximum": [
          0.1442113911106252,
          -0.021579445279339138,
          0.04457634694441655
        ]
      }
    },
    {
      "step": 19,
      "iterations": 4,
      "residual": 6.214899574919478e-09,
      "relative_residual": 2.93780265755053e-12,
      "coverage": {
        "n": 2070,
        "inside": 2070,
        "outside": 0,
        "minimum": [
          0.06359323798821204,
          -0.06191848524669591,
          -0.10936638996684664
        ],
        "maximum": [
          0.15375256640918789,
          -0.022737854576561967,
          0.04726279801700576
        ]
      }
    },
    {
      "step": 20,
      "iterations": 4,
      "residual": 6.482524290456705e-09,
      "relative_residual": 3.0643097058230176e-12,
      "coverage": {
        "n": 2070,
        "inside": 2070,
        "outside": 0,
        "minimum": [
          0.06746888767014814,
          -0.0651169533602502,
          -0.11568597824560975
        ],
        "maximum": [
          0.16347680894805428,
          -0.023890655803854077,
          0.049971185420435625
        ]
      }
    }
  ],
  "material_calls": 61,
  "material_points": 126270,
  "summed_pann_seconds": 0.4148913435637951,
  "macro_mesh_sha256": "81aa5d4c646b8200fa94ccdfceb1466e7d401576b6ca14d2969f3d76105f4762",
  "rve_mesh_sha256": "82e42f23fc9bdb45933f88f8cbd4f6f5e52f5755aee7f8f28b8781bf71c87a47"
}
 |  /           |                  
 ' /   __| _` | __|  _ \   __|    
 . \  |   (   | |   (   |\__ \  
_|\_\_|  \__,_|\__|\___/ ____/
           Multi-Physics 10.3."0"-master-532e0dba7df-Release-x86_64
           Compiled for GNU/Linux and Python3.12 with GCC-13.3
Compiled with threading support. Threading support with OpenMP.
Maximum number of threads: 8.
Importing    KratosStructuralMechanicsApplication 
    KRATOS   ___|  |                   |                   |
           \___ \  __|  __| |   |  __| __| |   |  __| _` | |
                 | |   |    |   | (    |   |   | |   (   | |
           _____/ \__|_|   \__,_|\___|\__|\__,_|_|  \__,_|_| MECHANICS
Initializing KratosStructuralMechanicsApplication...
Importing    KratosConstitutiveLawsApplication 
Initializing KratosConstitutiveLawsApplication...
[WARNING] DEPRECATION-Warning; MechanicalSolver: Using "line_search", please move it to "solving_strategy_settings" as "type" 
::[MechanicalSolver]:: : Construction finished 
::[StaticMechanicalSolver]:: : Construction finished 
::[MechanicalSolver]:: : Variables ADDED 
[WARNING] Model: Trying to create a root modelpart with name Structure however a ModelPart with the same name already exists. 
Returning the already existent ModelPart.
SingleImportModelPart: Reading model part from file: "/home/sares/ML_assisted_CLs_clean/coupon_fe2_paper/01_macro_prepass/coupon_conv_div4".mdpa
ModelPartIO:   [Reading Nodes    : 1501 nodes read]
ModelPartIO:   [Reading Geometries : 690 geometries read] [Type: Triangle2D6]
ModelPartIO:   [Total Lines Read : 4431]
SingleImportModelPart: Finished reading model part from mdpa file.
::[PythonSolver]::: Reading model part. 
::[PythonSolver]::: Using already imported model part - no reading necessary. 
ModelPart: -Structure- model part
    Buffer Size : 1
    Number of tables : 0
    Number of sub model parts : 2
    Current solution step index : 0
    DOMAIN_SIZE : 2
    OSS_SWITCH : 0
    IS_RESTARTED : 0

    Number of Geometries  : 690
    Mesh 0 :
        Number of Nodes       : 1501
        Number of Properties  : 1
        Number of Elements    : 690
        Number of Conditions  : 0
        Number of Constraints : 0

    -dirichlet- model part
        Number of tables : 0
        Number of sub model parts : 0

        Number of Geometries  : 0
        Mesh 0 :
            Number of Nodes       : 26
            Number of Properties  : 0
            Number of Elements    : 0
            Number of Conditions  : 0
            Number of Constraints : 0
    -material- model part
        Number of tables : 0
        Number of sub model parts : 0

        Number of Geometries  : 690
        Mesh 0 :
            Number of Nodes       : 1501
            Number of Properties  : 0
            Number of Elements    : 690
            Number of Conditions  : 0
            Number of Constraints : 0
 
::[PythonSolver]:: : Finished reading model part. 
Read materials: Started
Read materials: Finished
::[MechanicalSolver]:: : Constitutive law was successfully imported. 
::[MechanicalSolver]::: ModelPart prepared for Solver. 
::[MechanicalSolver]:: : DOF's ADDED 
::[MechanicalSolver]:: : Initializing ... 
Importing    LinearSolversApplication 
    Kratos  _     _                       ____        _
           | |   (_)_ __   ___  __ _ _ __/ ___|  ___ | |_   _____ _ __ ___
           | |   | | '_ \ / _ \/ _` | '__\___ \ / _ \| \ \ / / _ \ '__/ __|
           | |___| | | | |  __/ (_| | |   ___) | (_) | |\ V /  __/ |  \__ \
           |_____|_|_| |_|\___|\__,_|_|  |____/ \___/|_| \_/ \___|_|  |___/
Initializing KratosLinearSolversApplication...
Linear-Solver-Factory: Constructing a regular (non-complex) linear-solver 
::[MechanicalSolver]:: : Finished initialization. 
Analysis: Analysis -START-  
Deregistering KratosMultiphysics
Deregistering ConstitutiveLawsApplication
Deregistering LinearSolversApplication
Deregistering StructuralMechanicsApplication
