[VectorizedAssembler] 690 elements, 3 GPs, total area=1.311591e-04
[macro] 3002 dofs, 13/13 end-face nodes
  step  1/20 iter  1: |R|=2.42423e+03, rel=1.000e+00, wall=0.02s
  step  1/20 iter  2: |R|=7.78211e+00, rel=3.210e-03, wall=0.01s
  step  1/20 iter  3: |R|=1.04205e-02, rel=4.298e-06, wall=0.01s
  step  1/20 iter  4: |R|=3.45540e-09, rel=1.425e-12, wall=0.01s
    converged: in-box 2070/2070; E11=[+0.0029,+0.0070], E22=[-0.0042,-0.0023], g12=[-0.0051,+0.0026]
  step  2/20 iter  1: |R|=2.11549e+03, rel=1.000e+00, wall=0.00s
  step  2/20 iter  2: |R|=8.18700e+00, rel=3.870e-03, wall=0.01s
  step  2/20 iter  3: |R|=6.21961e-03, rel=2.940e-06, wall=0.01s
  step  2/20 iter  4: |R|=1.72196e-09, rel=8.140e-13, wall=0.01s
    converged: in-box 2070/2070; E11=[+0.0059,+0.0139], E22=[-0.0073,-0.0034], g12=[-0.0106,+0.0048]
  step  3/20 iter  1: |R|=2.11549e+03, rel=1.000e+00, wall=0.00s
  step  3/20 iter  2: |R|=8.57218e+00, rel=4.052e-03, wall=0.01s
  step  3/20 iter  3: |R|=2.31731e-03, rel=1.095e-06, wall=0.01s
  step  3/20 iter  4: |R|=1.24639e-09, rel=5.892e-13, wall=0.01s
    converged: in-box 2070/2070; E11=[+0.0089,+0.0210], E22=[-0.0104,-0.0046], g12=[-0.0161,+0.0070]
  step  4/20 iter  1: |R|=2.11549e+03, rel=1.000e+00, wall=0.00s
  step  4/20 iter  2: |R|=8.96510e+00, rel=4.238e-03, wall=0.01s
  step  4/20 iter  3: |R|=1.04105e-03, rel=4.921e-07, wall=0.01s
  step  4/20 iter  4: |R|=1.31951e-09, rel=6.237e-13, wall=0.01s
    converged: in-box 2070/2070; E11=[+0.0120,+0.0282], E22=[-0.0136,-0.0057], g12=[-0.0216,+0.0092]
  step  5/20 iter  1: |R|=2.11549e+03, rel=1.000e+00, wall=0.00s
  step  5/20 iter  2: |R|=9.37235e+00, rel=4.430e-03, wall=0.01s
  step  5/20 iter  3: |R|=5.68749e-04, rel=2.688e-07, wall=0.01s
  step  5/20 iter  4: |R|=1.72704e-09, rel=8.164e-13, wall=0.01s
    converged: in-box 2070/2070; E11=[+0.0151,+0.0355], E22=[-0.0167,-0.0068], g12=[-0.0272,+0.0115]
  step  6/20 iter  1: |R|=2.11549e+03, rel=1.000e+00, wall=0.00s
  step  6/20 iter  2: |R|=9.79795e+00, rel=4.632e-03, wall=0.01s
  step  6/20 iter  3: |R|=3.99488e-04, rel=1.888e-07, wall=0.01s
  step  6/20 iter  4: |R|=2.09078e-09, rel=9.883e-13, wall=0.01s
    converged: in-box 2070/2070; E11=[+0.0182,+0.0429], E22=[-0.0199,-0.0080], g12=[-0.0327,+0.0138]
  step  7/20 iter  1: |R|=2.11549e+03, rel=1.000e+00, wall=0.00s
  step  7/20 iter  2: |R|=1.02445e+01, rel=4.843e-03, wall=0.01s
  step  7/20 iter  3: |R|=3.60164e-04, rel=1.703e-07, wall=0.01s
  step  7/20 iter  4: |R|=2.23415e-09, rel=1.056e-12, wall=0.01s
    converged: in-box 2070/2070; E11=[+0.0214,+0.0505], E22=[-0.0230,-0.0091], g12=[-0.0383,+0.0161]
  step  8/20 iter  1: |R|=2.11549e+03, rel=1.000e+00, wall=0.00s
  step  8/20 iter  2: |R|=1.07139e+01, rel=5.064e-03, wall=0.01s
  step  8/20 iter  3: |R|=3.75437e-04, rel=1.775e-07, wall=0.01s
  step  8/20 iter  4: |R|=2.44422e-09, rel=1.155e-12, wall=0.01s
    converged: in-box 2070/2070; E11=[+0.0247,+0.0581], E22=[-0.0262,-0.0103], g12=[-0.0440,+0.0184]
  step  9/20 iter  1: |R|=2.11549e+03, rel=1.000e+00, wall=0.00s
  step  9/20 iter  2: |R|=1.12078e+01, rel=5.298e-03, wall=0.01s
  step  9/20 iter  3: |R|=4.14486e-04, rel=1.959e-07, wall=0.01s
  step  9/20 iter  4: |R|=2.80407e-09, rel=1.325e-12, wall=0.01s
    converged: in-box 2070/2070; E11=[+0.0279,+0.0659], E22=[-0.0293,-0.0114], g12=[-0.0496,+0.0208]
  step 10/20 iter  1: |R|=2.11549e+03, rel=1.000e+00, wall=0.00s
  step 10/20 iter  2: |R|=1.17276e+01, rel=5.544e-03, wall=0.01s
  step 10/20 iter  3: |R|=4.66925e-04, rel=2.207e-07, wall=0.01s
  step 10/20 iter  4: |R|=3.30477e-09, rel=1.562e-12, wall=0.01s
    converged: in-box 2070/2070; E11=[+0.0313,+0.0739], E22=[-0.0325,-0.0125], g12=[-0.0554,+0.0232]
  step 11/20 iter  1: |R|=2.11549e+03, rel=1.000e+00, wall=0.00s
  step 11/20 iter  2: |R|=1.22748e+01, rel=5.802e-03, wall=0.01s
  step 11/20 iter  3: |R|=5.29818e-04, rel=2.504e-07, wall=0.01s
  step 11/20 iter  4: |R|=3.54986e-09, rel=1.678e-12, wall=0.01s
    converged: in-box 2070/2070; E11=[+0.0346,+0.0820], E22=[-0.0357,-0.0137], g12=[-0.0611,+0.0256]
  step 12/20 iter  1: |R|=2.11549e+03, rel=1.000e+00, wall=0.00s
  step 12/20 iter  2: |R|=1.28511e+01, rel=6.075e-03, wall=0.01s
  step 12/20 iter  3: |R|=6.02751e-04, rel=2.849e-07, wall=0.19s
  step 12/20 iter  4: |R|=3.85226e-09, rel=1.821e-12, wall=0.01s
    converged: in-box 2070/2070; E11=[+0.0380,+0.0902], E22=[-0.0388,-0.0148], g12=[-0.0670,+0.0281]
  step 13/20 iter  1: |R|=2.11549e+03, rel=1.000e+00, wall=0.00s
  step 13/20 iter  2: |R|=1.34581e+01, rel=6.362e-03, wall=0.01s
  step 13/20 iter  3: |R|=6.86222e-04, rel=3.244e-07, wall=0.01s
  step 13/20 iter  4: |R|=4.22762e-09, rel=1.998e-12, wall=0.01s
    converged: in-box 2070/2070; E11=[+0.0415,+0.0986], E22=[-0.0420,-0.0159], g12=[-0.0728,+0.0306]
  step 14/20 iter  1: |R|=2.11549e+03, rel=1.000e+00, wall=0.00s
  step 14/20 iter  2: |R|=1.40975e+01, rel=6.664e-03, wall=0.01s
  step 14/20 iter  3: |R|=7.81109e-04, rel=3.692e-07, wall=0.01s
  step 14/20 iter  4: |R|=4.04706e-09, rel=1.913e-12, wall=0.01s
    converged: in-box 2070/2070; E11=[+0.0450,+0.1071], E22=[-0.0452,-0.0170], g12=[-0.0788,+0.0331]
  step 15/20 iter  1: |R|=2.11549e+03, rel=1.000e+00, wall=0.00s
  step 15/20 iter  2: |R|=1.47712e+01, rel=6.982e-03, wall=0.01s
  step 15/20 iter  3: |R|=8.88497e-04, rel=4.200e-07, wall=0.01s
  step 15/20 iter  4: |R|=4.37796e-09, rel=2.069e-12, wall=0.01s
    converged: in-box 2070/2070; E11=[+0.0485,+0.1159], E22=[-0.0484,-0.0181], g12=[-0.0848,+0.0356]
  step 16/20 iter  1: |R|=2.11549e+03, rel=1.000e+00, wall=0.00s
  step 16/20 iter  2: |R|=1.54812e+01, rel=7.318e-03, wall=0.01s
  step 16/20 iter  3: |R|=1.00960e-03, rel=4.772e-07, wall=0.01s
  step 16/20 iter  4: |R|=4.52151e-09, rel=2.137e-12, wall=0.01s
    converged: in-box 2070/2070; E11=[+0.0521,+0.1248], E22=[-0.0516,-0.0192], g12=[-0.0909,+0.0382]
  step 17/20 iter  1: |R|=2.11549e+03, rel=1.000e+00, wall=0.00s
  step 17/20 iter  2: |R|=1.62293e+01, rel=7.672e-03, wall=0.01s
  step 17/20 iter  3: |R|=1.14571e-03, rel=5.416e-07, wall=0.01s
  step 17/20 iter  4: |R|=4.86746e-09, rel=2.301e-12, wall=0.01s
    converged: in-box 2070/2070; E11=[+0.0558,+0.1339], E22=[-0.0549,-0.0202], g12=[-0.0970,+0.0408]
  step 18/20 iter  1: |R|=2.11549e+03, rel=1.000e+00, wall=0.00s
  step 18/20 iter  2: |R|=1.70177e+01, rel=8.044e-03, wall=0.01s
  step 18/20 iter  3: |R|=1.29820e-03, rel=6.137e-07, wall=0.01s
  step 18/20 iter  4: |R|=5.33787e-09, rel=2.523e-12, wall=0.01s
    converged: in-box 2070/2070; E11=[+0.0595,+0.1432], E22=[-0.0581,-0.0213], g12=[-0.1032,+0.0435]
  step 19/20 iter  1: |R|=2.11549e+03, rel=1.000e+00, wall=0.00s
  step 19/20 iter  2: |R|=1.78482e+01, rel=8.437e-03, wall=0.01s
  step 19/20 iter  3: |R|=1.46841e-03, rel=6.941e-07, wall=0.01s
  step 19/20 iter  4: |R|=6.22053e-09, rel=2.940e-12, wall=0.01s
    converged: in-box 2070/2070; E11=[+0.0632,+0.1528], E22=[-0.0614,-0.0224], g12=[-0.1095,+0.0461]
  step 20/20 iter  1: |R|=2.11549e+03, rel=1.000e+00, wall=0.00s
  step 20/20 iter  2: |R|=1.87228e+01, rel=8.850e-03, wall=0.01s
  step 20/20 iter  3: |R|=1.65766e-03, rel=7.836e-07, wall=0.01s
  step 20/20 iter  4: |R|=6.09170e-09, rel=2.880e-12, wall=0.01s
    converged: in-box 2070/2070; E11=[+0.0670,+0.1625], E22=[-0.0646,-0.0235], g12=[-0.1159,+0.0489]
{
  "status": "converged",
  "model": "direct_stress_regression",
  "tier": "regression",
  "tag": "clean_timing_regression_t16_f100kn",
  "output": "/home/sares/ML_assisted_CLs_clean/coupon_fe2_paper/06_fe2/pann_fe2_clean_timing_regression_t16_f100kn.npz",
  "wall_seconds": 0.946407675743103,
  "torch_threads": 16,
  "force_per_end": 100000.0,
  "n_steps_requested": 20,
  "n_steps_completed": 20,
  "macro_elements": 690,
  "macro_gauss_points": 2070,
  "rve_elements_reference": 1546,
  "checkpoint": {
    "checkpoint": "/home/sares/ML_assisted_CLs_clean/coupon_fe2_paper/06_pann/pann_regression.pt",
    "checkpoint_sha256": "da28f7af0c4c42dee3f7d418a2e16d17831af186982507c86c764cbe62dddbd7",
    "core": "direct_stress_regression_mlp",
    "features": 3,
    "feature_names": [
      "E11",
      "E22",
      "gamma12"
    ],
    "widths": [
      128,
      128,
      64
    ],
    "strain_scale": 0.1955,
    "energy_scale": 27042824.02698266,
    "checkpoint_test_stress_relative_l2": 0.008094494679688442,
    "checkpoint_probe_stress_relative_l2": 0.027071973462884077,
    "structural_guarantee": "direct stress regression only; no energy potential, exact reference normalization, tangent symmetry, or polyconvexity certificate"
  },
  "tangent_preflight": {
    "tangent_fd_relative": 3.945107961725668e-11,
    "tangent_asymmetry_relative": 0.004185995257746944
  },
  "macro_newton": [
    {
      "step": 1,
      "iterations": 4,
      "residual": 3.455395200101067e-09,
      "relative_residual": 1.4253552412315315e-12,
      "coverage": {
        "n": 2070,
        "inside": 2070,
        "outside": 0,
        "minimum": [
          0.00294253561170843,
          -0.00417566646329548,
          -0.005089748186775742
        ],
        "maximum": [
          0.006982672985818228,
          -0.002252737835818419,
          0.0025877291310622027
        ]
      }
    },
    {
      "step": 2,
      "iterations": 4,
      "residual": 1.7219603618035284e-09,
      "relative_residual": 8.139761014837207e-13,
      "coverage": {
        "n": 2070,
        "inside": 2070,
        "outside": 0,
        "minimum": [
          0.005906041905016091,
          -0.007294063015587271,
          -0.010605873853539848
        ],
        "maximum": [
          0.013930967200798894,
          -0.0034113359205553695,
          0.0047636235521767625
        ]
      }
    },
    {
      "step": 3,
      "iterations": 4,
      "residual": 1.2463875709992524e-09,
      "relative_residual": 5.891713412711056e-13,
      "coverage": {
        "n": 2070,
        "inside": 2070,
        "outside": 0,
        "minimum": [
          0.008921739426168696,
          -0.010425751231084024,
          -0.01611825232137773
        ],
        "maximum": [
          0.020950595359363833,
          -0.00456244617273871,
          0.0069721608602616465
        ]
      }
    },
    {
      "step": 4,
      "iterations": 4,
      "residual": 1.319508021274916e-09,
      "relative_residual": 6.237356090522755e-13,
      "coverage": {
        "n": 2070,
        "inside": 2070,
        "outside": 0,
        "minimum": [
          0.01198453338974248,
          -0.013565090785707501,
          -0.02163984581491988
        ],
        "maximum": [
          0.028160865102847876,
          -0.0057081793988200125,
          0.009210079502510508
        ]
      }
    },
    {
      "step": 5,
      "iterations": 4,
      "residual": 1.7270442449929808e-09,
      "relative_residual": 8.16379269123402e-13,
      "coverage": {
        "n": 2070,
        "inside": 2070,
        "outside": 0,
        "minimum": [
          0.015091688648451118,
          -0.0167095030869302,
          -0.027179806567175856
        ],
        "maximum": [
          0.0354821351663438,
          -0.006849878098556084,
          0.01147571276468483
        ]
      }
    },
    {
      "step": 6,
      "iterations": 4,
      "residual": 2.0907821916170634e-09,
      "relative_residual": 9.883193452843532e-13,
      "coverage": {
        "n": 2070,
        "inside": 2070,
        "outside": 0,
        "minimum": [
          0.01824176235663555,
          -0.019857949973960343,
          -0.032745239431225905
        ],
        "maximum": [
          0.04291631346795366,
          -0.00798846915883572,
          0.013768258061879533
        ]
      }
    },
    {
      "step": 7,
      "iterations": 4,
      "residual": 2.2341514169137133e-09,
      "relative_residual": 1.0560904308843598e-12,
      "coverage": {
        "n": 2070,
        "inside": 2070,
        "outside": 0,
        "minimum": [
          0.021434093919897812,
          -0.023010224528204615,
          -0.03834204884000945
        ],
        "maximum": [
          0.05046731263730808,
          -0.009124633416122963,
          0.016087426046729976
        ]
      }
    },
    {
      "step": 8,
      "iterations": 4,
      "residual": 2.4442245341204275e-09,
      "relative_residual": 1.1553926568608742e-12,
      "coverage": {
        "n": 2070,
        "inside": 2070,
        "outside": 0,
        "minimum": [
          0.024668536916002348,
          -0.026166589195612044,
          -0.043975387322538195
        ],
        "maximum": [
          0.05814033834358112,
          -0.01025889548046105,
          0.0184332548743907
        ]
      }
    },
    {
      "step": 9,
      "iterations": 4,
      "residual": 2.8040701374732077e-09,
      "relative_residual": 1.3254928100642744e-12,
      "coverage": {
        "n": 2070,
        "inside": 2070,
        "outside": 0,
        "minimum": [
          0.027945307296085353,
          -0.029327577351953016,
          -0.049649911964627154
        ],
        "maximum": [
          0.06594151285528738,
          -0.01139167511994299,
          0.020806003960739086
        ]
      }
    },
    {
      "step": 10,
      "iterations": 4,
      "residual": 3.3047691379823752e-09,
      "relative_residual": 1.562174808960113e-12,
      "coverage": {
        "n": 2070,
        "inside": 2070,
        "outside": 0,
        "minimum": [
          0.03126489218761497,
          -0.03249387773197793,
          -0.05536994034480814
        ],
        "maximum": [
          0.07387766830313114,
          -0.012523318545397233,
          0.02320608922783367
        ]
      }
    },
    {
      "step": 11,
      "iterations": 4,
      "residual": 3.5498596172712895e-09,
      "relative_residual": 1.6780298525879727e-12,
      "coverage": {
        "n": 2070,
        "inside": 2070,
        "outside": 0,
        "minimum": [
          0.03462799245453496,
          -0.03566626341668239,
          -0.06113955012311474
        ],
        "maximum": [
          0.08195623116420847,
          -0.013654118462456899,
          0.02563404147488721
        ]
      }
    },
    {
      "step": 12,
      "iterations": 4,
      "residual": 3.852255399804551e-09,
      "relative_residual": 1.8209732940466668e-12,
      "coverage": {
        "n": 2070,
        "inside": 2070,
        "outside": 0,
        "minimum": [
          0.03803548513369415,
          -0.03884554591634226,
          -0.06696264514202313
        ],
        "maximum": [
          0.09018515817331951,
          -0.014781314556288117,
          0.028090478354973816
        ]
      }
    },
    {
      "step": 13,
      "iterations": 4,
      "residual": 4.227617971053533e-09,
      "relative_residual": 1.9984083669816937e-12,
      "coverage": {
        "n": 2070,
        "inside": 2070,
        "outside": 0,
        "minimum": [
          0.04148839813228078,
          -0.04203254389419775,
          -0.07284300057704286
        ],
        "maximum": [
          0.09857290227575677,
          -0.015882625596249422,
          0.03057608471714562
        ]
      }
    },
    {
      "step": 14,
      "iterations": 4,
      "residual": 4.047056269346046e-09,
      "relative_residual": 1.913056280317474e-12,
      "coverage": {
        "n": 2070,
        "inside": 2070,
        "outside": 0,
        "minimum": [
          0.044987892789161044,
          -0.0452280606397808,
          -0.07878429435974581
        ],
        "maximum": [
          0.10712839649208872,
          -0.016979133628600984,
          0.03309159827540129
        ]
      }
    },
    {
      "step": 15,
      "iterations": 4,
      "residual": 4.377963369608444e-09,
      "relative_residual": 2.069477111713771e-12,
      "coverage": {
        "n": 2070,
        "inside": 2070,
        "outside": 0,
        "minimum": [
          0.04853525164392014,
          -0.048432866831232435,
          -0.08479012921100214
        ],
        "maximum": [
          0.11586104842569023,
          -0.018070912643950388,
          0.035637798759276085
        ]
      }
    },
    {
      "step": 16,
      "iterations": 4,
      "residual": 4.521508752694276e-09,
      "relative_residual": 2.137331467657146e-12,
      "coverage": {
        "n": 2070,
        "inside": 2070,
        "outside": 0,
        "minimum": [
          0.052131869742017556,
          -0.05164768647703066,
          -0.09086404798146053
        ],
        "maximum": [
          0.12478074077456491,
          -0.01915801193683364,
          0.038215499377334226
        ]
      }
    },
    {
      "step": 17,
      "iterations": 4,
      "residual": 4.867455473008751e-09,
      "relative_residual": 2.300861574951516e-12,
      "coverage": {
        "n": 2070,
        "inside": 2070,
        "outside": 0,
        "minimum": [
          0.055779248383145186,
          -0.05487318470804248,
          -0.09700954402401771
        ],
        "maximum": [
          0.13389783465169447,
          -0.020240459250443488,
          0.04082553982343674
        ]
      }
    },
    {
      "step": 18,
      "iterations": 4,
      "residual": 5.337866259905146e-09,
      "relative_residual": 2.5232262396137617e-12,
      "coverage": {
        "n": 2070,
        "inside": 2070,
        "outside": 0,
        "minimum": [
          0.059478990571320445,
          -0.058109956558257125,
          -0.10323006772418584
        ],
        "maximum": [
          0.14322317329653866,
          -0.021318263286798145,
          0.043468780298624145
        ]
      }
    },
    {
      "step": 19,
      "iterations": 4,
      "residual": 6.2205299776007975e-09,
      "relative_residual": 2.940464166680514e-12,
      "coverage": {
        "n": 2070,
        "inside": 2070,
        "outside": 0,
        "minimum": [
          0.06323279764478662,
          -0.061358516162979826,
          -0.10952902993169171
        ],
        "maximum": [
          0.15276808414917764,
          -0.022391415762751277,
          0.04614609617389489
        ]
      }
    },
    {
      "step": 20,
      "iterations": 4,
      "residual": 6.091703402554989e-09,
      "relative_residual": 2.879567437784151e-12,
      "coverage": {
        "n": 2070,
        "inside": 2070,
        "outside": 0,
        "minimum": [
          0.06704246670410385,
          -0.06461928599140998,
          -0.11590980278317617
        ],
        "maximum": [
          0.1625443774062596,
          -0.023459893139268773,
          0.048858373017386464
        ]
      }
    }
  ],
  "material_calls": 61,
  "material_points": 126270,
  "summed_pann_seconds": 0.3957593683153391,
  "macro_mesh_sha256": "81aa5d4c646b8200fa94ccdfceb1466e7d401576b6ca14d2969f3d76105f4762",
  "rve_mesh_sha256": "82e42f23fc9bdb45933f88f8cbd4f6f5e52f5755aee7f8f28b8781bf71c87a47"
}
 |  /           |                  
 ' /   __| _` | __|  _ \   __|    
 . \  |   (   | |   (   |\__ \  
_|\_\_|  \__,_|\__|\___/ ____/
           Multi-Physics 10.3."0"-master-532e0dba7df-Release-x86_64
           Compiled for GNU/Linux and Python3.12 with GCC-13.3
Compiled with threading support. Threading support with OpenMP.
Maximum number of threads: 16.
Importing    KratosStructuralMechanicsApplication 
    KRATOS   ___|  |                   |                   |
           \___ \  __|  __| |   |  __| __| |   |  __| _` | |
                 | |   |    |   | (    |   |   | |   (   | |
           _____/ \__|_|   \__,_|\___|\__|\__,_|_|  \__,_|_| MECHANICS
Initializing KratosStructuralMechanicsApplication...
Importing    KratosConstitutiveLawsApplication 
Initializing KratosConstitutiveLawsApplication...
[WARNING] DEPRECATION-Warning; MechanicalSolver: Using "line_search", please move it to "solving_strategy_settings" as "type" 
::[MechanicalSolver]:: : Construction finished 
::[StaticMechanicalSolver]:: : Construction finished 
::[MechanicalSolver]:: : Variables ADDED 
[WARNING] Model: Trying to create a root modelpart with name Structure however a ModelPart with the same name already exists. 
Returning the already existent ModelPart.
SingleImportModelPart: Reading model part from file: "/home/sares/ML_assisted_CLs_clean/coupon_fe2_paper/01_macro_prepass/coupon_conv_div4".mdpa
ModelPartIO:   [Reading Nodes    : 1501 nodes read]
ModelPartIO:   [Reading Geometries : 690 geometries read] [Type: Triangle2D6]
ModelPartIO:   [Total Lines Read : 4431]
SingleImportModelPart: Finished reading model part from mdpa file.
::[PythonSolver]::: Reading model part. 
::[PythonSolver]::: Using already imported model part - no reading necessary. 
ModelPart: -Structure- model part
    Buffer Size : 1
    Number of tables : 0
    Number of sub model parts : 2
    Current solution step index : 0
    DOMAIN_SIZE : 2
    OSS_SWITCH : 0
    IS_RESTARTED : 0

    Number of Geometries  : 690
    Mesh 0 :
        Number of Nodes       : 1501
        Number of Properties  : 1
        Number of Elements    : 690
        Number of Conditions  : 0
        Number of Constraints : 0

    -dirichlet- model part
        Number of tables : 0
        Number of sub model parts : 0

        Number of Geometries  : 0
        Mesh 0 :
            Number of Nodes       : 26
            Number of Properties  : 0
            Number of Elements    : 0
            Number of Conditions  : 0
            Number of Constraints : 0
    -material- model part
        Number of tables : 0
        Number of sub model parts : 0

        Number of Geometries  : 690
        Mesh 0 :
            Number of Nodes       : 1501
            Number of Properties  : 0
            Number of Elements    : 690
            Number of Conditions  : 0
            Number of Constraints : 0
 
::[PythonSolver]:: : Finished reading model part. 
Read materials: Started
Read materials: Finished
::[MechanicalSolver]:: : Constitutive law was successfully imported. 
::[MechanicalSolver]::: ModelPart prepared for Solver. 
::[MechanicalSolver]:: : DOF's ADDED 
::[MechanicalSolver]:: : Initializing ... 
Importing    LinearSolversApplication 
    Kratos  _     _                       ____        _
           | |   (_)_ __   ___  __ _ _ __/ ___|  ___ | |_   _____ _ __ ___
           | |   | | '_ \ / _ \/ _` | '__\___ \ / _ \| \ \ / / _ \ '__/ __|
           | |___| | | | |  __/ (_| | |   ___) | (_) | |\ V /  __/ |  \__ \
           |_____|_|_| |_|\___|\__,_|_|  |____/ \___/|_| \_/ \___|_|  |___/
Initializing KratosLinearSolversApplication...
Linear-Solver-Factory: Constructing a regular (non-complex) linear-solver 
::[MechanicalSolver]:: : Finished initialization. 
Analysis: Analysis -START-  
Deregistering KratosMultiphysics
Deregistering ConstitutiveLawsApplication
Deregistering LinearSolversApplication
Deregistering StructuralMechanicsApplication
