[VectorizedAssembler] 690 elements, 3 GPs, total area=1.311591e-04
[macro] 3002 dofs, 13/13 end-face nodes
  step  1/20 iter  1: |R|=2.11549e+03, rel=1.000e+00, wall=0.08s
  step  1/20 iter  2: |R|=1.72302e+01, rel=8.145e-03, wall=0.06s
  step  1/20 iter  3: |R|=1.44436e-02, rel=6.828e-06, wall=0.06s
  step  1/20 iter  4: |R|=2.71318e-08, rel=1.283e-11, wall=0.06s
    converged: in-box 2070/2070; E11=[+0.0027,+0.0066], E22=[-0.0030,-0.0011], g12=[-0.0054,+0.0024]
  step  2/20 iter  1: |R|=2.11549e+03, rel=1.000e+00, wall=0.00s
  step  2/20 iter  2: |R|=4.62155e+01, rel=2.185e-02, wall=0.06s
  step  2/20 iter  3: |R|=6.72274e-03, rel=3.178e-06, wall=0.06s
  step  2/20 iter  4: |R|=1.09348e-09, rel=5.169e-13, wall=0.06s
    converged: in-box 2070/2070; E11=[+0.0055,+0.0133], E22=[-0.0062,-0.0022], g12=[-0.0108,+0.0048]
  step  3/20 iter  1: |R|=2.11549e+03, rel=1.000e+00, wall=0.00s
  step  3/20 iter  2: |R|=6.32651e+01, rel=2.991e-02, wall=0.06s
  step  3/20 iter  3: |R|=7.17008e-02, rel=3.389e-05, wall=0.06s
  step  3/20 iter  4: |R|=6.03257e-08, rel=2.852e-11, wall=0.05s
    converged: in-box 2070/2070; E11=[+0.0084,+0.0202], E22=[-0.0093,-0.0033], g12=[-0.0162,+0.0073]
  step  4/20 iter  1: |R|=2.11549e+03, rel=1.000e+00, wall=0.00s
  step  4/20 iter  2: |R|=6.05523e+01, rel=2.862e-02, wall=0.06s
  step  4/20 iter  3: |R|=8.87057e-02, rel=4.193e-05, wall=0.05s
  step  4/20 iter  4: |R|=1.33152e-07, rel=6.294e-11, wall=0.05s
    converged: in-box 2070/2070; E11=[+0.0113,+0.0275], E22=[-0.0125,-0.0044], g12=[-0.0219,+0.0098]
  step  5/20 iter  1: |R|=2.11549e+03, rel=1.000e+00, wall=0.00s
  step  5/20 iter  2: |R|=1.56616e+02, rel=7.403e-02, wall=0.04s
  step  5/20 iter  3: |R|=2.82731e-01, rel=1.336e-04, wall=0.05s
  step  5/20 iter  4: |R|=9.66419e-07, rel=4.568e-10, wall=0.06s
    converged: in-box 2070/2070; E11=[+0.0143,+0.0347], E22=[-0.0158,-0.0055], g12=[-0.0276,+0.0123]
  step  6/20 iter  1: |R|=2.11549e+03, rel=1.000e+00, wall=0.00s
  step  6/20 iter  2: |R|=1.08058e+02, rel=5.108e-02, wall=0.06s
  step  6/20 iter  3: |R|=2.34946e-01, rel=1.111e-04, wall=0.06s
  step  6/20 iter  4: |R|=1.47344e-06, rel=6.965e-10, wall=0.05s
    converged: in-box 2070/2070; E11=[+0.0174,+0.0420], E22=[-0.0193,-0.0066], g12=[-0.0331,+0.0149]
  step  7/20 iter  1: |R|=2.11549e+03, rel=1.000e+00, wall=0.00s
  step  7/20 iter  2: |R|=1.91616e+02, rel=9.058e-02, wall=0.05s
  step  7/20 iter  3: |R|=4.67406e-01, rel=2.209e-04, wall=0.05s
  step  7/20 iter  4: |R|=6.97560e-06, rel=3.297e-09, wall=0.06s
    converged: in-box 2070/2070; E11=[+0.0206,+0.0498], E22=[-0.0226,-0.0077], g12=[-0.0387,+0.0175]
  step  8/20 iter  1: |R|=2.11549e+03, rel=1.000e+00, wall=0.00s
  step  8/20 iter  2: |R|=1.07405e+02, rel=5.077e-02, wall=0.05s
  step  8/20 iter  3: |R|=2.48771e-01, rel=1.176e-04, wall=0.05s
  step  8/20 iter  4: |R|=2.04286e-06, rel=9.657e-10, wall=0.06s
    converged: in-box 2070/2070; E11=[+0.0238,+0.0578], E22=[-0.0259,-0.0089], g12=[-0.0446,+0.0201]
  step  9/20 iter  1: |R|=2.11549e+03, rel=1.000e+00, wall=0.00s
  step  9/20 iter  2: |R|=1.14121e+02, rel=5.395e-02, wall=0.05s
  step  9/20 iter  3: |R|=2.02373e-01, rel=9.566e-05, wall=0.05s
  step  9/20 iter  4: |R|=1.56099e-06, rel=7.379e-10, wall=0.05s
    converged: in-box 2070/2070; E11=[+0.0270,+0.0659], E22=[-0.0293,-0.0101], g12=[-0.0506,+0.0228]
  step 10/20 iter  1: |R|=2.11549e+03, rel=1.000e+00, wall=0.00s
  step 10/20 iter  2: |R|=1.10463e+02, rel=5.222e-02, wall=0.06s
  step 10/20 iter  3: |R|=2.88182e-01, rel=1.362e-04, wall=0.06s
  step 10/20 iter  4: |R|=2.11542e-06, rel=1.000e-09, wall=0.06s
    converged: in-box 2070/2070; E11=[+0.0304,+0.0741], E22=[-0.0327,-0.0114], g12=[-0.0567,+0.0255]
  step 11/20 iter  1: |R|=2.11549e+03, rel=1.000e+00, wall=0.00s
  step 11/20 iter  2: |R|=6.59677e+01, rel=3.118e-02, wall=0.05s
  step 11/20 iter  3: |R|=8.32638e-02, rel=3.936e-05, wall=0.06s
  step 11/20 iter  4: |R|=2.00701e-07, rel=9.487e-11, wall=0.06s
    converged: in-box 2070/2070; E11=[+0.0338,+0.0824], E22=[-0.0361,-0.0126], g12=[-0.0627,+0.0282]
  step 12/20 iter  1: |R|=2.11549e+03, rel=1.000e+00, wall=0.00s
  step 12/20 iter  2: |R|=5.94424e+01, rel=2.810e-02, wall=0.06s
  step 12/20 iter  3: |R|=3.76537e-02, rel=1.780e-05, wall=0.06s
  step 12/20 iter  4: |R|=4.60399e-08, rel=2.176e-11, wall=0.05s
    converged: in-box 2070/2070; E11=[+0.0373,+0.0909], E22=[-0.0395,-0.0138], g12=[-0.0687,+0.0309]
  step 13/20 iter  1: |R|=2.11549e+03, rel=1.000e+00, wall=0.00s
  step 13/20 iter  2: |R|=4.91863e+01, rel=2.325e-02, wall=0.06s
  step 13/20 iter  3: |R|=1.24777e-02, rel=5.898e-06, wall=0.06s
  step 13/20 iter  4: |R|=8.03794e-09, rel=3.800e-12, wall=0.05s
    converged: in-box 2070/2070; E11=[+0.0408,+0.0996], E22=[-0.0429,-0.0150], g12=[-0.0747,+0.0336]
  step 14/20 iter  1: |R|=2.11549e+03, rel=1.000e+00, wall=0.00s
  step 14/20 iter  2: |R|=4.42147e+01, rel=2.090e-02, wall=0.05s
  step 14/20 iter  3: |R|=8.49403e-03, rel=4.015e-06, wall=0.05s
  step 14/20 iter  4: |R|=4.55673e-09, rel=2.154e-12, wall=0.05s
    converged: in-box 2070/2070; E11=[+0.0443,+0.1084], E22=[-0.0463,-0.0161], g12=[-0.0808,+0.0363]
  step 15/20 iter  1: |R|=2.11549e+03, rel=1.000e+00, wall=0.00s
  step 15/20 iter  2: |R|=2.87198e+01, rel=1.358e-02, wall=0.05s
  step 15/20 iter  3: |R|=7.66887e-03, rel=3.625e-06, wall=0.05s
  step 15/20 iter  4: |R|=5.38932e-09, rel=2.548e-12, wall=0.05s
    converged: in-box 2070/2070; E11=[+0.0478,+0.1175], E22=[-0.0496,-0.0174], g12=[-0.0870,+0.0391]
  step 16/20 iter  1: |R|=2.11549e+03, rel=1.000e+00, wall=0.00s
  step 16/20 iter  2: |R|=2.72808e+01, rel=1.290e-02, wall=0.05s
  step 16/20 iter  3: |R|=7.68248e-03, rel=3.632e-06, wall=0.05s
  step 16/20 iter  4: |R|=6.98078e-09, rel=3.300e-12, wall=0.06s
    converged: in-box 2070/2070; E11=[+0.0515,+0.1267], E22=[-0.0529,-0.0186], g12=[-0.0932,+0.0419]
  step 17/20 iter  1: |R|=2.11549e+03, rel=1.000e+00, wall=0.00s
  step 17/20 iter  2: |R|=2.86697e+01, rel=1.355e-02, wall=0.05s
  step 17/20 iter  3: |R|=2.89821e-03, rel=1.370e-06, wall=0.05s
  step 17/20 iter  4: |R|=5.07086e-09, rel=2.397e-12, wall=0.05s
    converged: in-box 2070/2070; E11=[+0.0553,+0.1359], E22=[-0.0562,-0.0199], g12=[-0.0994,+0.0446]
  step 18/20 iter  1: |R|=2.11549e+03, rel=1.000e+00, wall=0.00s
  step 18/20 iter  2: |R|=2.50647e+01, rel=1.185e-02, wall=0.04s
  step 18/20 iter  3: |R|=1.69276e-03, rel=8.002e-07, wall=0.05s
  step 18/20 iter  4: |R|=5.34560e-09, rel=2.527e-12, wall=0.05s
    converged: in-box 2070/2070; E11=[+0.0591,+0.1453], E22=[-0.0595,-0.0211], g12=[-0.1057,+0.0474]
  step 19/20 iter  1: |R|=2.11549e+03, rel=1.000e+00, wall=0.00s
  step 19/20 iter  2: |R|=5.26065e+01, rel=2.487e-02, wall=0.05s
  step 19/20 iter  3: |R|=9.99089e-03, rel=4.723e-06, wall=0.05s
  step 19/20 iter  4: |R|=6.16535e-09, rel=2.914e-12, wall=0.05s
    converged: in-box 2070/2070; E11=[+0.0631,+0.1548], E22=[-0.0627,-0.0223], g12=[-0.1120,+0.0501]
  step 20/20 iter  1: |R|=2.11549e+03, rel=1.000e+00, wall=0.00s
  step 20/20 iter  2: |R|=7.76548e+01, rel=3.671e-02, wall=0.05s
  step 20/20 iter  3: |R|=3.21347e-02, rel=1.519e-05, wall=0.05s
  step 20/20 iter  4: |R|=7.50078e-09, rel=3.546e-12, wall=0.05s
    converged: in-box 2070/2070; E11=[+0.0670,+0.1645], E22=[-0.0658,-0.0236], g12=[-0.1182,+0.0529]
{
  "status": "converged",
  "model": "flexible_polyconvex_pann",
  "tag": "clean_timing_ickan32_t8_f100kn",
  "output": "/home/sares/ML_assisted_CLs_clean/coupon_fe2_paper/06_fe2/pann_fe2_clean_timing_ickan32_t8_f100kn.npz",
  "wall_seconds": 3.6689359974116087,
  "torch_threads": 8,
  "force_per_end": 100000.0,
  "n_steps_requested": 20,
  "n_steps_completed": 20,
  "macro_elements": 690,
  "macro_gauss_points": 2070,
  "rve_elements_reference": 1546,
  "checkpoint": {
    "checkpoint": "/home/sares/ML_assisted_CLs_clean/coupon_fe2_paper/06_pann/enrichment_results/flex_ickan_hat32/model.pt",
    "checkpoint_sha256": "059de8f8f4b150e938a3363373bc8474a3fd0ac69b608a9bf2e2d698629c4ce4",
    "core": "ickan",
    "features": 32,
    "widths": [
      12,
      12
    ],
    "learn_features": true,
    "dynamic_center": true,
    "spline_basis": "integrated_hat",
    "analytic_stress": false,
    "strain_scale": 0.1955,
    "energy_scale": 27042824.02698266
  },
  "tangent_preflight": {
    "tangent_fd_relative": 1.585800453404565e-10,
    "tangent_asymmetry_relative": 1.4054852405190447e-16
  },
  "macro_newton": [
    {
      "step": 1,
      "iterations": 4,
      "residual": 2.7131842926635906e-08,
      "relative_residual": 1.2825307841784798e-11,
      "coverage": {
        "n": 2070,
        "inside": 2070,
        "outside": 0,
        "minimum": [
          0.0027297462566530095,
          -0.0030227391460239117,
          -0.005366041326393663
        ],
        "maximum": [
          0.006624002041220711,
          -0.001075407633279457,
          0.0023521647265234602
        ]
      }
    },
    {
      "step": 2,
      "iterations": 4,
      "residual": 1.0934805848130976e-09,
      "relative_residual": 5.168917259774091e-13,
      "coverage": {
        "n": 2070,
        "inside": 2070,
        "outside": 0,
        "minimum": [
          0.005540371777022046,
          -0.006167032106347614,
          -0.010757595443739384
        ],
        "maximum": [
          0.01332532788822749,
          -0.0021703530585919784,
          0.004772922004312956
        ]
      }
    },
    {
      "step": 3,
      "iterations": 4,
      "residual": 6.032572753688734e-08,
      "relative_residual": 2.851616193313183e-11,
      "coverage": {
        "n": 2070,
        "inside": 2070,
        "outside": 0,
        "minimum": [
          0.008411877544323043,
          -0.009342006829705707,
          -0.016221841488838252
        ],
        "maximum": [
          0.020213204531305262,
          -0.0032896962048135636,
          0.007256144836713319
        ]
      }
    },
    {
      "step": 4,
      "iterations": 4,
      "residual": 1.3315197814061745e-07,
      "relative_residual": 6.294136060034392e-11,
      "coverage": {
        "n": 2070,
        "inside": 2070,
        "outside": 0,
        "minimum": [
          0.011341127449531863,
          -0.012496075166665732,
          -0.021856207034677673
        ],
        "maximum": [
          0.02745368292564554,
          -0.004407865030845781,
          0.009775720909098198
        ]
      }
    },
    {
      "step": 5,
      "iterations": 4,
      "residual": 9.664190634208286e-07,
      "relative_residual": 4.5682934351561166e-10,
      "coverage": {
        "n": 2070,
        "inside": 2070,
        "outside": 0,
        "minimum": [
          0.014345735536456461,
          -0.015821589824167648,
          -0.02755826831604143
        ],
        "maximum": [
          0.03471663945096026,
          -0.005517914076512309,
          0.012314273658972641
        ]
      }
    },
    {
      "step": 6,
      "iterations": 4,
      "residual": 1.4734352455550357e-06,
      "relative_residual": 6.96497494116117e-10,
      "coverage": {
        "n": 2070,
        "inside": 2070,
        "outside": 0,
        "minimum": [
          0.017434093472674106,
          -0.019284198901736493,
          -0.03314009818382616
        ],
        "maximum": [
          0.04202742085045108,
          -0.0066299860302238,
          0.01488438480395253
        ]
      }
    },
    {
      "step": 7,
      "iterations": 4,
      "residual": 6.975598505649501e-06,
      "relative_residual": 3.297387444618964e-09,
      "coverage": {
        "n": 2070,
        "inside": 2070,
        "outside": 0,
        "minimum": [
          0.02058793873472342,
          -0.022590413949246824,
          -0.03872301341699256
        ],
        "maximum": [
          0.04979848963601641,
          -0.007749731355070677,
          0.017496876894749065
        ]
      }
    },
    {
      "step": 8,
      "iterations": 4,
      "residual": 2.0428621363143088e-06,
      "relative_residual": 9.656673838042863e-10,
      "coverage": {
        "n": 2070,
        "inside": 2070,
        "outside": 0,
        "minimum": [
          0.023776189087196586,
          -0.025881810733567323,
          -0.044582169428476634
        ],
        "maximum": [
          0.05783454865938331,
          -0.008908723362507642,
          0.020143480863622637
        ]
      }
    },
    {
      "step": 9,
      "iterations": 4,
      "residual": 1.5609901519969577e-06,
      "relative_residual": 7.378849749101231e-10,
      "coverage": {
        "n": 2070,
        "inside": 2070,
        "outside": 0,
        "minimum": [
          0.02703035594408032,
          -0.029260365674205036,
          -0.05062708436198097
        ],
        "maximum": [
          0.0659229366592834,
          -0.010135774052179525,
          0.022805451441611974
        ]
      }
    },
    {
      "step": 10,
      "iterations": 4,
      "residual": 2.1154208262629835e-06,
      "relative_residual": 9.999661056341675e-10,
      "coverage": {
        "n": 2070,
        "inside": 2070,
        "outside": 0,
        "minimum": [
          0.0303722534415114,
          -0.03268199327881216,
          -0.056690037265014176
        ],
        "maximum": [
          0.07408650517422066,
          -0.011408946652617491,
          0.025497604892932693
        ]
      }
    },
    {
      "step": 11,
      "iterations": 4,
      "residual": 2.0070125194695248e-07,
      "relative_residual": 9.487211562047095e-11,
      "coverage": {
        "n": 2070,
        "inside": 2070,
        "outside": 0,
        "minimum": [
          0.03379502915744681,
          -0.036121986952027674,
          -0.06271071718580201
        ],
        "maximum": [
          0.08237756474414759,
          -0.012584342375262458,
          0.02822174100384509
        ]
      }
    },
    {
      "step": 12,
      "iterations": 4,
      "residual": 4.6039865680439256e-08,
      "relative_residual": 2.1763189914621853e-11,
      "coverage": {
        "n": 2070,
        "inside": 2070,
        "outside": 0,
        "minimum": [
          0.037269874409188164,
          -0.03953605717660236,
          -0.06871635702419653
        ],
        "maximum": [
          0.09086069082486492,
          -0.013764999648266607,
          0.030922072275457648
        ]
      }
    },
    {
      "step": 13,
      "iterations": 4,
      "residual": 8.037944036497236e-09,
      "relative_residual": 3.79956153225078e-12,
      "coverage": {
        "n": 2070,
        "inside": 2070,
        "outside": 0,
        "minimum": [
          0.04076904613674004,
          -0.04292624750163643,
          -0.0747429955169622
        ],
        "maximum": [
          0.09955047685102036,
          -0.01495687466509793,
          0.03362176395457832
        ]
      }
    },
    {
      "step": 14,
      "iterations": 4,
      "residual": 4.556725963739342e-09,
      "relative_residual": 2.1539787545445244e-12,
      "coverage": {
        "n": 2070,
        "inside": 2070,
        "outside": 0,
        "minimum": [
          0.04427238537947331,
          -0.04628078417753834,
          -0.08082196600414424
        ],
        "maximum": [
          0.10844145216420953,
          -0.01613624723363083,
          0.03633923813957339
        ]
      }
    },
    {
      "step": 15,
      "iterations": 4,
      "residual": 5.389315846509897e-09,
      "relative_residual": 2.547546621694552e-12,
      "coverage": {
        "n": 2070,
        "inside": 2070,
        "outside": 0,
        "minimum": [
          0.047844703681883094,
          -0.04961867206372178,
          -0.0869682147163936
        ],
        "maximum": [
          0.11749317105446,
          -0.017350416331326557,
          0.03910338406092191
        ]
      }
    },
    {
      "step": 16,
      "iterations": 4,
      "residual": 6.9807759632105925e-09,
      "relative_residual": 3.2998348451595705e-12,
      "coverage": {
        "n": 2070,
        "inside": 2070,
        "outside": 0,
        "minimum": [
          0.051507673711287505,
          -0.05293451200399979,
          -0.09317275377771325
        ],
        "maximum": [
          0.12666654713974956,
          -0.01859234543431032,
          0.041863719317773204
        ]
      }
    },
    {
      "step": 17,
      "iterations": 4,
      "residual": 5.070856794527335e-09,
      "relative_residual": 2.3970100220346933e-12,
      "coverage": {
        "n": 2070,
        "inside": 2070,
        "outside": 0,
        "minimum": [
          0.055294087342491416,
          -0.056235253540827757,
          -0.0994170626351138
        ],
        "maximum": [
          0.13593385609788833,
          -0.019857191185148615,
          0.04462656346074016
        ]
      }
    },
    {
      "step": 18,
      "iterations": 4,
      "residual": 5.345596491151122e-09,
      "relative_residual": 2.5268803443380166e-12,
      "coverage": {
        "n": 2070,
        "inside": 2070,
        "outside": 0,
        "minimum": [
          0.059147492486426034,
          -0.05951172367424923,
          -0.10568476892989528
        ],
        "maximum": [
          0.14528625999457712,
          -0.0211280727920215,
          0.04738978850968133
        ]
      }
    },
    {
      "step": 19,
      "iterations": 4,
      "residual": 6.1653457713800996e-09,
      "relative_residual": 2.9143784181121662e-12,
      "coverage": {
        "n": 2070,
        "inside": 2070,
        "outside": 0,
        "minimum": [
          0.06305816125737884,
          -0.06269639475520095,
          -0.11195121763494349
        ],
        "maximum": [
          0.15479329978217904,
          -0.022340980245253328,
          0.05014869551000017
        ]
      }
    },
    {
      "step": 20,
      "iterations": 4,
      "residual": 7.50077550798942e-09,
      "relative_residual": 3.5456402722880455e-12,
      "coverage": {
        "n": 2070,
        "inside": 2070,
        "outside": 0,
        "minimum": [
          0.06702547938156866,
          -0.06576794958080157,
          -0.11819399680448033
        ],
        "maximum": [
          0.16453077836566055,
          -0.02355308708779358,
          0.05290813131861759
        ]
      }
    }
  ],
  "material_calls": 61,
  "material_points": 126270,
  "summed_pann_seconds": 3.131322879344225,
  "macro_mesh_sha256": "81aa5d4c646b8200fa94ccdfceb1466e7d401576b6ca14d2969f3d76105f4762",
  "rve_mesh_sha256": "82e42f23fc9bdb45933f88f8cbd4f6f5e52f5755aee7f8f28b8781bf71c87a47"
}
 |  /           |                  
 ' /   __| _` | __|  _ \   __|    
 . \  |   (   | |   (   |\__ \  
_|\_\_|  \__,_|\__|\___/ ____/
           Multi-Physics 10.3."0"-master-532e0dba7df-Release-x86_64
           Compiled for GNU/Linux and Python3.12 with GCC-13.3
Compiled with threading support. Threading support with OpenMP.
Maximum number of threads: 8.
Importing    KratosStructuralMechanicsApplication 
    KRATOS   ___|  |                   |                   |
           \___ \  __|  __| |   |  __| __| |   |  __| _` | |
                 | |   |    |   | (    |   |   | |   (   | |
           _____/ \__|_|   \__,_|\___|\__|\__,_|_|  \__,_|_| MECHANICS
Initializing KratosStructuralMechanicsApplication...
Importing    KratosConstitutiveLawsApplication 
Initializing KratosConstitutiveLawsApplication...
[WARNING] DEPRECATION-Warning; MechanicalSolver: Using "line_search", please move it to "solving_strategy_settings" as "type" 
::[MechanicalSolver]:: : Construction finished 
::[StaticMechanicalSolver]:: : Construction finished 
::[MechanicalSolver]:: : Variables ADDED 
[WARNING] Model: Trying to create a root modelpart with name Structure however a ModelPart with the same name already exists. 
Returning the already existent ModelPart.
SingleImportModelPart: Reading model part from file: "/home/sares/ML_assisted_CLs_clean/coupon_fe2_paper/01_macro_prepass/coupon_conv_div4".mdpa
ModelPartIO:   [Reading Nodes    : 1501 nodes read]
ModelPartIO:   [Reading Geometries : 690 geometries read] [Type: Triangle2D6]
ModelPartIO:   [Total Lines Read : 4431]
SingleImportModelPart: Finished reading model part from mdpa file.
::[PythonSolver]::: Reading model part. 
::[PythonSolver]::: Using already imported model part - no reading necessary. 
ModelPart: -Structure- model part
    Buffer Size : 1
    Number of tables : 0
    Number of sub model parts : 2
    Current solution step index : 0
    DOMAIN_SIZE : 2
    OSS_SWITCH : 0
    IS_RESTARTED : 0

    Number of Geometries  : 690
    Mesh 0 :
        Number of Nodes       : 1501
        Number of Properties  : 1
        Number of Elements    : 690
        Number of Conditions  : 0
        Number of Constraints : 0

    -dirichlet- model part
        Number of tables : 0
        Number of sub model parts : 0

        Number of Geometries  : 0
        Mesh 0 :
            Number of Nodes       : 26
            Number of Properties  : 0
            Number of Elements    : 0
            Number of Conditions  : 0
            Number of Constraints : 0
    -material- model part
        Number of tables : 0
        Number of sub model parts : 0

        Number of Geometries  : 690
        Mesh 0 :
            Number of Nodes       : 1501
            Number of Properties  : 0
            Number of Elements    : 690
            Number of Conditions  : 0
            Number of Constraints : 0
 
::[PythonSolver]:: : Finished reading model part. 
Read materials: Started
Read materials: Finished
::[MechanicalSolver]:: : Constitutive law was successfully imported. 
::[MechanicalSolver]::: ModelPart prepared for Solver. 
::[MechanicalSolver]:: : DOF's ADDED 
::[MechanicalSolver]:: : Initializing ... 
Importing    LinearSolversApplication 
    Kratos  _     _                       ____        _
           | |   (_)_ __   ___  __ _ _ __/ ___|  ___ | |_   _____ _ __ ___
           | |   | | '_ \ / _ \/ _` | '__\___ \ / _ \| \ \ / / _ \ '__/ __|
           | |___| | | | |  __/ (_| | |   ___) | (_) | |\ V /  __/ |  \__ \
           |_____|_|_| |_|\___|\__,_|_|  |____/ \___/|_| \_/ \___|_|  |___/
Initializing KratosLinearSolversApplication...
Linear-Solver-Factory: Constructing a regular (non-complex) linear-solver 
::[MechanicalSolver]:: : Finished initialization. 
Analysis: Analysis -START-  
Deregistering KratosMultiphysics
Deregistering ConstitutiveLawsApplication
Deregistering LinearSolversApplication
Deregistering StructuralMechanicsApplication
