[VectorizedAssembler] 690 elements, 3 GPs, total area=1.311591e-04
[macro] 3002 dofs, 13/13 end-face nodes
  step  1/20 iter  1: |R|=2.11549e+03, rel=1.000e+00, wall=0.03s
  step  1/20 iter  2: |R|=1.65390e+01, rel=7.818e-03, wall=0.02s
  step  1/20 iter  3: |R|=1.18038e-02, rel=5.580e-06, wall=0.02s
  step  1/20 iter  4: |R|=1.73031e-08, rel=8.179e-12, wall=0.02s
    converged: in-box 2070/2070; E11=[+0.0027,+0.0066], E22=[-0.0030,-0.0011], g12=[-0.0053,+0.0023]
  step  2/20 iter  1: |R|=2.11549e+03, rel=1.000e+00, wall=0.00s
  step  2/20 iter  2: |R|=1.56524e+01, rel=7.399e-03, wall=0.02s
  step  2/20 iter  3: |R|=4.17182e-03, rel=1.972e-06, wall=0.02s
  step  2/20 iter  4: |R|=4.32466e-09, rel=2.044e-12, wall=0.02s
    converged: in-box 2070/2070; E11=[+0.0055,+0.0134], E22=[-0.0061,-0.0022], g12=[-0.0107,+0.0047]
  step  3/20 iter  1: |R|=2.11549e+03, rel=1.000e+00, wall=0.00s
  step  3/20 iter  2: |R|=1.48038e+01, rel=6.998e-03, wall=0.02s
  step  3/20 iter  3: |R|=1.80835e-03, rel=8.548e-07, wall=0.02s
  step  3/20 iter  4: |R|=1.76117e-09, rel=8.325e-13, wall=0.02s
    converged: in-box 2070/2070; E11=[+0.0084,+0.0202], E22=[-0.0093,-0.0033], g12=[-0.0162,+0.0072]
  step  4/20 iter  1: |R|=2.11549e+03, rel=1.000e+00, wall=0.00s
  step  4/20 iter  2: |R|=1.41896e+01, rel=6.707e-03, wall=0.02s
  step  4/20 iter  3: |R|=9.73950e-04, rel=4.604e-07, wall=0.02s
  step  4/20 iter  4: |R|=1.53922e-09, rel=7.276e-13, wall=0.02s
    converged: in-box 2070/2070; E11=[+0.0114,+0.0274], E22=[-0.0126,-0.0044], g12=[-0.0217,+0.0097]
  step  5/20 iter  1: |R|=2.11549e+03, rel=1.000e+00, wall=0.00s
  step  5/20 iter  2: |R|=1.39015e+01, rel=6.571e-03, wall=0.02s
  step  5/20 iter  3: |R|=7.07029e-04, rel=3.342e-07, wall=0.02s
  step  5/20 iter  4: |R|=1.80825e-09, rel=8.548e-13, wall=0.02s
    converged: in-box 2070/2070; E11=[+0.0144,+0.0347], E22=[-0.0158,-0.0055], g12=[-0.0273,+0.0122]
  step  6/20 iter  1: |R|=2.11549e+03, rel=1.000e+00, wall=0.00s
  step  6/20 iter  2: |R|=1.39080e+01, rel=6.574e-03, wall=0.02s
  step  6/20 iter  3: |R|=6.59564e-04, rel=3.118e-07, wall=0.02s
  step  6/20 iter  4: |R|=2.13731e-09, rel=1.010e-12, wall=0.02s
    converged: in-box 2070/2070; E11=[+0.0175,+0.0422], E22=[-0.0192,-0.0067], g12=[-0.0330,+0.0148]
  step  7/20 iter  1: |R|=2.11549e+03, rel=1.000e+00, wall=0.00s
  step  7/20 iter  2: |R|=1.41200e+01, rel=6.675e-03, wall=0.02s
  step  7/20 iter  3: |R|=6.66794e-04, rel=3.152e-07, wall=0.02s
  step  7/20 iter  4: |R|=2.23413e-09, rel=1.056e-12, wall=0.02s
    converged: in-box 2070/2070; E11=[+0.0206,+0.0499], E22=[-0.0225,-0.0078], g12=[-0.0388,+0.0174]
  step  8/20 iter  1: |R|=2.11549e+03, rel=1.000e+00, wall=0.00s
  step  8/20 iter  2: |R|=1.44433e+01, rel=6.827e-03, wall=0.02s
  step  8/20 iter  3: |R|=6.67578e-04, rel=3.156e-07, wall=0.02s
  step  8/20 iter  4: |R|=2.38984e-09, rel=1.130e-12, wall=0.02s
    converged: in-box 2070/2070; E11=[+0.0238,+0.0578], E22=[-0.0259,-0.0090], g12=[-0.0446,+0.0200]
  step  9/20 iter  1: |R|=2.11549e+03, rel=1.000e+00, wall=0.00s
  step  9/20 iter  2: |R|=1.48172e+01, rel=7.004e-03, wall=0.02s
  step  9/20 iter  3: |R|=6.51073e-04, rel=3.078e-07, wall=0.02s
  step  9/20 iter  4: |R|=2.74454e-09, rel=1.297e-12, wall=0.02s
    converged: in-box 2070/2070; E11=[+0.0271,+0.0658], E22=[-0.0293,-0.0102], g12=[-0.0505,+0.0227]
  step 10/20 iter  1: |R|=2.11549e+03, rel=1.000e+00, wall=0.00s
  step 10/20 iter  2: |R|=1.52762e+01, rel=7.221e-03, wall=0.02s
  step 10/20 iter  3: |R|=6.30492e-04, rel=2.980e-07, wall=0.02s
  step 10/20 iter  4: |R|=3.26492e-09, rel=1.543e-12, wall=0.02s
    converged: in-box 2070/2070; E11=[+0.0304,+0.0740], E22=[-0.0327,-0.0114], g12=[-0.0564,+0.0254]
  step 11/20 iter  1: |R|=2.11549e+03, rel=1.000e+00, wall=0.00s
  step 11/20 iter  2: |R|=1.60194e+01, rel=7.572e-03, wall=0.02s
  step 11/20 iter  3: |R|=6.32109e-04, rel=2.988e-07, wall=0.02s
  step 11/20 iter  4: |R|=3.72782e-09, rel=1.762e-12, wall=0.02s
    converged: in-box 2070/2070; E11=[+0.0338,+0.0824], E22=[-0.0361,-0.0126], g12=[-0.0624,+0.0281]
  step 12/20 iter  1: |R|=2.11549e+03, rel=1.000e+00, wall=0.00s
  step 12/20 iter  2: |R|=1.74329e+01, rel=8.241e-03, wall=0.02s
  step 12/20 iter  3: |R|=6.95629e-04, rel=3.288e-07, wall=0.02s
  step 12/20 iter  4: |R|=3.97190e-09, rel=1.878e-12, wall=0.02s
    converged: in-box 2070/2070; E11=[+0.0373,+0.0909], E22=[-0.0395,-0.0138], g12=[-0.0685,+0.0308]
  step 13/20 iter  1: |R|=2.11549e+03, rel=1.000e+00, wall=0.00s
  step 13/20 iter  2: |R|=1.99253e+01, rel=9.419e-03, wall=0.02s
  step 13/20 iter  3: |R|=8.76614e-04, rel=4.144e-07, wall=0.02s
  step 13/20 iter  4: |R|=4.10494e-09, rel=1.940e-12, wall=0.02s
    converged: in-box 2070/2070; E11=[+0.0408,+0.0996], E22=[-0.0429,-0.0150], g12=[-0.0746,+0.0335]
  step 14/20 iter  1: |R|=2.11549e+03, rel=1.000e+00, wall=0.00s
  step 14/20 iter  2: |R|=2.34541e+01, rel=1.109e-02, wall=0.02s
  step 14/20 iter  3: |R|=1.19584e-03, rel=5.653e-07, wall=0.02s
  step 14/20 iter  4: |R|=3.93601e-09, rel=1.861e-12, wall=0.02s
    converged: in-box 2070/2070; E11=[+0.0444,+0.1084], E22=[-0.0463,-0.0162], g12=[-0.0807,+0.0363]
  step 15/20 iter  1: |R|=2.11549e+03, rel=1.000e+00, wall=0.00s
  step 15/20 iter  2: |R|=2.71333e+01, rel=1.283e-02, wall=0.02s
  step 15/20 iter  3: |R|=1.52096e-03, rel=7.190e-07, wall=0.02s
  step 15/20 iter  4: |R|=4.18011e-09, rel=1.976e-12, wall=0.02s
    converged: in-box 2070/2070; E11=[+0.0480,+0.1174], E22=[-0.0496,-0.0174], g12=[-0.0869,+0.0390]
  step 16/20 iter  1: |R|=2.11549e+03, rel=1.000e+00, wall=0.00s
  step 16/20 iter  2: |R|=2.94950e+01, rel=1.394e-02, wall=0.02s
  step 16/20 iter  3: |R|=1.56579e-03, rel=7.402e-07, wall=0.02s
  step 16/20 iter  4: |R|=4.51359e-09, rel=2.134e-12, wall=0.02s
    converged: in-box 2070/2070; E11=[+0.0517,+0.1266], E22=[-0.0529,-0.0187], g12=[-0.0931,+0.0418]
  step 17/20 iter  1: |R|=2.11549e+03, rel=1.000e+00, wall=0.00s
  step 17/20 iter  2: |R|=2.93956e+01, rel=1.390e-02, wall=0.02s
  step 17/20 iter  3: |R|=1.20710e-03, rel=5.706e-07, wall=0.02s
  step 17/20 iter  4: |R|=5.09850e-09, rel=2.410e-12, wall=0.02s
    converged: in-box 2070/2070; E11=[+0.0555,+0.1359], E22=[-0.0562,-0.0199], g12=[-0.0993,+0.0446]
  step 18/20 iter  1: |R|=2.11549e+03, rel=1.000e+00, wall=0.00s
  step 18/20 iter  2: |R|=2.70635e+01, rel=1.279e-02, wall=0.02s
  step 18/20 iter  3: |R|=7.68230e-04, rel=3.631e-07, wall=0.02s
  step 18/20 iter  4: |R|=5.57897e-09, rel=2.637e-12, wall=0.02s
    converged: in-box 2070/2070; E11=[+0.0593,+0.1453], E22=[-0.0594,-0.0211], g12=[-0.1056,+0.0473]
  step 19/20 iter  1: |R|=2.11549e+03, rel=1.000e+00, wall=0.00s
  step 19/20 iter  2: |R|=2.44086e+01, rel=1.154e-02, wall=0.02s
  step 19/20 iter  3: |R|=5.66234e-04, rel=2.677e-07, wall=0.02s
  step 19/20 iter  4: |R|=5.98700e-09, rel=2.830e-12, wall=0.02s
    converged: in-box 2070/2070; E11=[+0.0632,+0.1549], E22=[-0.0626,-0.0223], g12=[-0.1119,+0.0501]
  step 20/20 iter  1: |R|=2.11549e+03, rel=1.000e+00, wall=0.00s
  step 20/20 iter  2: |R|=2.39272e+01, rel=1.131e-02, wall=0.02s
  step 20/20 iter  3: |R|=5.57105e-04, rel=2.633e-07, wall=0.02s
  step 20/20 iter  4: |R|=6.33906e-09, rel=2.996e-12, wall=0.02s
    converged: in-box 2070/2070; E11=[+0.0671,+0.1646], E22=[-0.0658,-0.0235], g12=[-0.1182,+0.0528]
{
  "status": "converged",
  "model": "flexible_polyconvex_pann",
  "tag": "clean_timing_icnn32_t4_f100kn",
  "output": "/home/sares/ML_assisted_CLs_clean/coupon_fe2_paper/06_fe2/pann_fe2_clean_timing_icnn32_t4_f100kn.npz",
  "wall_seconds": 1.7343359775841236,
  "torch_threads": 4,
  "force_per_end": 100000.0,
  "n_steps_requested": 20,
  "n_steps_completed": 20,
  "macro_elements": 690,
  "macro_gauss_points": 2070,
  "rve_elements_reference": 1546,
  "checkpoint": {
    "checkpoint": "/home/sares/ML_assisted_CLs_clean/coupon_fe2_paper/06_pann/enrichment_results/flex_icnn_dynamic32_seed16/model.pt",
    "checkpoint_sha256": "ae8dc7b29e7099370a380502b07a291771f3d65de36f731663586d283909dc96",
    "core": "icnn",
    "features": 32,
    "widths": [
      24,
      24
    ],
    "learn_features": true,
    "dynamic_center": true,
    "spline_basis": "integrated_hat",
    "analytic_stress": false,
    "strain_scale": 0.1955,
    "energy_scale": 27042824.02698266
  },
  "tangent_preflight": {
    "tangent_fd_relative": 1.983739642181872e-10,
    "tangent_asymmetry_relative": 1.6158446283393862e-16
  },
  "macro_newton": [
    {
      "step": 1,
      "iterations": 4,
      "residual": 1.730314454951426e-08,
      "relative_residual": 8.179251076990401e-12,
      "coverage": {
        "n": 2070,
        "inside": 2070,
        "outside": 0,
        "minimum": [
          0.0027359517799381283,
          -0.0030287295065818953,
          -0.005332218819063433
        ],
        "maximum": [
          0.006622625512374358,
          -0.0010907568131529044,
          0.002331493048671181
        ]
      }
    },
    {
      "step": 2,
      "iterations": 4,
      "residual": 4.324655562686015e-09,
      "relative_residual": 2.0442783430247136e-12,
      "coverage": {
        "n": 2070,
        "inside": 2070,
        "outside": 0,
        "minimum": [
          0.0055494942627895005,
          -0.006140593604898437,
          -0.010724443757625598
        ],
        "maximum": [
          0.01335457825214148,
          -0.0021896131823355147,
          0.004725640603696496
        ]
      }
    },
    {
      "step": 3,
      "iterations": 4,
      "residual": 1.7611741200696707e-09,
      "relative_residual": 8.325125688648815e-13,
      "coverage": {
        "n": 2070,
        "inside": 2070,
        "outside": 0,
        "minimum": [
          0.0084340508908185,
          -0.00932062698192121,
          -0.01618572468451382
        ],
        "maximum": [
          0.020232010459387273,
          -0.003298571315298482,
          0.007174232150813164
        ]
      }
    },
    {
      "step": 4,
      "iterations": 4,
      "residual": 1.5392221267359085e-09,
      "relative_residual": 7.275951606257629e-13,
      "coverage": {
        "n": 2070,
        "inside": 2070,
        "outside": 0,
        "minimum": [
          0.011386062291720567,
          -0.012557416660277487,
          -0.021719905801946618
        ],
        "maximum": [
          0.027378093840236595,
          -0.004418530329073189,
          0.00967111280060547
        ]
      }
    },
    {
      "step": 5,
      "iterations": 4,
      "residual": 1.8082471064539497e-09,
      "relative_residual": 8.547641181986469e-13,
      "coverage": {
        "n": 2070,
        "inside": 2070,
        "outside": 0,
        "minimum": [
          0.014403477904132655,
          -0.015841380461575405,
          -0.027328002698271073
        ],
        "maximum": [
          0.03471093548442605,
          -0.00554983884857696,
          0.012211052206346025
        ]
      }
    },
    {
      "step": 6,
      "iterations": 4,
      "residual": 2.1373124169632053e-09,
      "relative_residual": 1.0103143297616462e-12,
      "coverage": {
        "n": 2070,
        "inside": 2070,
        "outside": 0,
        "minimum": [
          0.01748506270440464,
          -0.019164103329581073,
          -0.03300926572985527
        ],
        "maximum": [
          0.042226124977911006,
          -0.006692554661665462,
          0.01478927255197241
        ]
      }
    },
    {
      "step": 7,
      "iterations": 4,
      "residual": 2.2341297749098732e-09,
      "relative_residual": 1.0560802006408259e-12,
      "coverage": {
        "n": 2070,
        "inside": 2070,
        "outside": 0,
        "minimum": [
          0.020630036778337635,
          -0.022518004324325436,
          -0.03876174296526742
        ],
        "maximum": [
          0.04991973071911848,
          -0.007846570748768988,
          0.01740124067306275
        ]
      }
    },
    {
      "step": 8,
      "iterations": 4,
      "residual": 2.3898382417317768e-09,
      "relative_residual": 1.1296840846808082e-12,
      "coverage": {
        "n": 2070,
        "inside": 2070,
        "outside": 0,
        "minimum": [
          0.023837870044062126,
          -0.025896123594255638,
          -0.044582583833380006
        ],
        "maximum": [
          0.05778764154423144,
          -0.009011679824027341,
          0.020042574470253233
        ]
      }
    },
    {
      "step": 9,
      "iterations": 4,
      "residual": 2.7445405091801045e-09,
      "relative_residual": 1.29735296675799e-12,
      "coverage": {
        "n": 2070,
        "inside": 2070,
        "outside": 0,
        "minimum": [
          0.027108157165014024,
          -0.029291923884131876,
          -0.05046814523913045
        ],
        "maximum": [
          0.06582522665116641,
          -0.010187612252214373,
          0.02270900005509147
        ]
      }
    },
    {
      "step": 10,
      "iterations": 4,
      "residual": 3.2649211376121612e-09,
      "relative_residual": 1.5433385333333795e-12,
      "coverage": {
        "n": 2070,
        "inside": 2070,
        "outside": 0,
        "minimum": [
          0.03044053889057796,
          -0.03269897942148381,
          -0.056413979562309625
        ],
        "maximum": [
          0.0740274109299005,
          -0.01137405485180537,
          0.02539633256210804
        ]
      }
    },
    {
      "step": 11,
      "iterations": 4,
      "residual": 3.727817509597211e-09,
      "relative_residual": 1.7621511103340114e-12,
      "coverage": {
        "n": 2070,
        "inside": 2070,
        "outside": 0,
        "minimum": [
          0.03383465627431981,
          -0.03611048133201622,
          -0.062414875533712715
        ],
        "maximum": [
          0.08238936217841719,
          -0.012570642030012957,
          0.028100469313083926
        ]
      }
    },
    {
      "step": 12,
      "iterations": 4,
      "residual": 3.971897796828855e-09,
      "relative_residual": 1.8775286329859336e-12,
      "coverage": {
        "n": 2070,
        "inside": 2070,
        "outside": 0,
        "minimum": [
          0.03729013203630638,
          -0.039518683898886686,
          -0.06846515911266891
        ],
        "maximum": [
          0.09090775080373048,
          -0.01377691338728848,
          0.030817388122892017
        ]
      }
    },
    {
      "step": 13,
      "iterations": 4,
      "residual": 4.104941545441675e-09,
      "relative_residual": 1.9404188331466256e-12,
      "coverage": {
        "n": 2070,
        "inside": 2070,
        "outside": 0,
        "minimum": [
          0.04080657142064714,
          -0.04291463956657826,
          -0.07455935659603904
        ],
        "maximum": [
          0.09958205164335843,
          -0.014992251747296625,
          0.03354313933049599
        ]
      }
    },
    {
      "step": 14,
      "iterations": 4,
      "residual": 3.936012402627162e-09,
      "relative_residual": 1.8605654938101685e-12,
      "coverage": {
        "n": 2070,
        "inside": 2070,
        "outside": 0,
        "minimum": [
          0.04438356589922843,
          -0.046288641356901694,
          -0.08069307799080962
        ],
        "maximum": [
          0.1084148937883499,
          -0.016215840828599837,
          0.036273816781435854
        ]
      }
    },
    {
      "step": 15,
      "iterations": 4,
      "residual": 4.180111771513874e-09,
      "relative_residual": 1.9759520364207254e-12,
      "coverage": {
        "n": 2070,
        "inside": 2070,
        "outside": 0,
        "minimum": [
          0.048020677123818745,
          -0.04963157597542539,
          -0.08686368807459409
        ],
        "maximum": [
          0.1174103995400102,
          -0.017446695404551182,
          0.03903806473544289
        ]
      }
    },
    {
      "step": 16,
      "iterations": 4,
      "residual": 4.5135934304124104e-09,
      "relative_residual": 2.133589869815479e-12,
      "coverage": {
        "n": 2070,
        "inside": 2070,
        "outside": 0,
        "minimum": [
          0.05171738697826267,
          -0.05293686352741028,
          -0.09307014931937757
        ],
        "maximum": [
          0.1265701595895532,
          -0.01868380152148641,
          0.04180618416326088
        ]
      }
    },
    {
      "step": 17,
      "iterations": 4,
      "residual": 5.09849983690178e-09,
      "relative_residual": 2.4100769754700983e-12,
      "coverage": {
        "n": 2070,
        "inside": 2070,
        "outside": 0,
        "minimum": [
          0.055473034914729435,
          -0.05620194228416353,
          -0.09931151769117248
        ],
        "maximum": [
          0.1358882003332681,
          -0.01990831575758456,
          0.044574134883374236
        ]
      }
    },
    {
      "step": 18,
      "iterations": 4,
      "residual": 5.578966097351566e-09,
      "relative_residual": 2.637194894238895e-12,
      "coverage": {
        "n": 2070,
        "inside": 2070,
        "outside": 0,
        "minimum": [
          0.05928681250518231,
          -0.05942781188803942,
          -0.1055841140309268
        ],
        "maximum": [
          0.1453484458112141,
          -0.021119760040784474,
          0.04733802071949024
        ]
      }
    },
    {
      "step": 19,
      "iterations": 4,
      "residual": 5.986995130980456e-09,
      "relative_residual": 2.830071507111343e-12,
      "coverage": {
        "n": 2070,
        "inside": 2070,
        "outside": 0,
        "minimum": [
          0.0631578924398073,
          -0.06261589500778475,
          -0.11187842240167696
        ],
        "maximum": [
          0.15492848657495695,
          -0.02232850924668306,
          0.0500939457799062
        ]
      }
    },
    {
      "step": 20,
      "iterations": 4,
      "residual": 6.339060823887068e-09,
      "relative_residual": 2.9964940720755003e-12,
      "coverage": {
        "n": 2070,
        "inside": 2070,
        "outside": 0,
        "minimum": [
          0.06708567026730805,
          -0.06576372934266234,
          -0.11817776713659055
        ],
        "maximum": [
          0.16460954082792278,
          -0.023534723472374675,
          0.05283831724933371
        ]
      }
    }
  ],
  "material_calls": 61,
  "material_points": 126270,
  "summed_pann_seconds": 1.2069421764463186,
  "macro_mesh_sha256": "81aa5d4c646b8200fa94ccdfceb1466e7d401576b6ca14d2969f3d76105f4762",
  "rve_mesh_sha256": "82e42f23fc9bdb45933f88f8cbd4f6f5e52f5755aee7f8f28b8781bf71c87a47"
}
 |  /           |                  
 ' /   __| _` | __|  _ \   __|    
 . \  |   (   | |   (   |\__ \  
_|\_\_|  \__,_|\__|\___/ ____/
           Multi-Physics 10.3."0"-master-532e0dba7df-Release-x86_64
           Compiled for GNU/Linux and Python3.12 with GCC-13.3
Compiled with threading support. Threading support with OpenMP.
Maximum number of threads: 4.
Importing    KratosStructuralMechanicsApplication 
    KRATOS   ___|  |                   |                   |
           \___ \  __|  __| |   |  __| __| |   |  __| _` | |
                 | |   |    |   | (    |   |   | |   (   | |
           _____/ \__|_|   \__,_|\___|\__|\__,_|_|  \__,_|_| MECHANICS
Initializing KratosStructuralMechanicsApplication...
Importing    KratosConstitutiveLawsApplication 
Initializing KratosConstitutiveLawsApplication...
[WARNING] DEPRECATION-Warning; MechanicalSolver: Using "line_search", please move it to "solving_strategy_settings" as "type" 
::[MechanicalSolver]:: : Construction finished 
::[StaticMechanicalSolver]:: : Construction finished 
::[MechanicalSolver]:: : Variables ADDED 
[WARNING] Model: Trying to create a root modelpart with name Structure however a ModelPart with the same name already exists. 
Returning the already existent ModelPart.
SingleImportModelPart: Reading model part from file: "/home/sares/ML_assisted_CLs_clean/coupon_fe2_paper/01_macro_prepass/coupon_conv_div4".mdpa
ModelPartIO:   [Reading Nodes    : 1501 nodes read]
ModelPartIO:   [Reading Geometries : 690 geometries read] [Type: Triangle2D6]
ModelPartIO:   [Total Lines Read : 4431]
SingleImportModelPart: Finished reading model part from mdpa file.
::[PythonSolver]::: Reading model part. 
::[PythonSolver]::: Using already imported model part - no reading necessary. 
ModelPart: -Structure- model part
    Buffer Size : 1
    Number of tables : 0
    Number of sub model parts : 2
    Current solution step index : 0
    DOMAIN_SIZE : 2
    OSS_SWITCH : 0
    IS_RESTARTED : 0

    Number of Geometries  : 690
    Mesh 0 :
        Number of Nodes       : 1501
        Number of Properties  : 1
        Number of Elements    : 690
        Number of Conditions  : 0
        Number of Constraints : 0

    -dirichlet- model part
        Number of tables : 0
        Number of sub model parts : 0

        Number of Geometries  : 0
        Mesh 0 :
            Number of Nodes       : 26
            Number of Properties  : 0
            Number of Elements    : 0
            Number of Conditions  : 0
            Number of Constraints : 0
    -material- model part
        Number of tables : 0
        Number of sub model parts : 0

        Number of Geometries  : 690
        Mesh 0 :
            Number of Nodes       : 1501
            Number of Properties  : 0
            Number of Elements    : 690
            Number of Conditions  : 0
            Number of Constraints : 0
 
::[PythonSolver]:: : Finished reading model part. 
Read materials: Started
Read materials: Finished
::[MechanicalSolver]:: : Constitutive law was successfully imported. 
::[MechanicalSolver]::: ModelPart prepared for Solver. 
::[MechanicalSolver]:: : DOF's ADDED 
::[MechanicalSolver]:: : Initializing ... 
Importing    LinearSolversApplication 
    Kratos  _     _                       ____        _
           | |   (_)_ __   ___  __ _ _ __/ ___|  ___ | |_   _____ _ __ ___
           | |   | | '_ \ / _ \/ _` | '__\___ \ / _ \| \ \ / / _ \ '__/ __|
           | |___| | | | |  __/ (_| | |   ___) | (_) | |\ V /  __/ |  \__ \
           |_____|_|_| |_|\___|\__,_|_|  |____/ \___/|_| \_/ \___|_|  |___/
Initializing KratosLinearSolversApplication...
Linear-Solver-Factory: Constructing a regular (non-complex) linear-solver 
::[MechanicalSolver]:: : Finished initialization. 
Analysis: Analysis -START-  
Deregistering KratosMultiphysics
Deregistering ConstitutiveLawsApplication
Deregistering LinearSolversApplication
Deregistering StructuralMechanicsApplication
