[VectorizedAssembler] 690 elements, 3 GPs, total area=1.311591e-04
[macro] 3002 dofs, 13/13 end-face nodes
  step  1/20 iter  1: |R|=2.11549e+03, rel=1.000e+00, wall=2.91s
  step  1/20 iter  2: |R|=1.65390e+01, rel=7.818e-03, wall=0.04s
  step  1/20 iter  3: |R|=1.18038e-02, rel=5.580e-06, wall=0.05s
  step  1/20 iter  4: |R|=1.72658e-08, rel=8.162e-12, wall=0.36s
    converged: in-box 2070/2070; E11=[+0.0027,+0.0066], E22=[-0.0030,-0.0011], g12=[-0.0053,+0.0023]
  step  2/20 iter  1: |R|=2.11549e+03, rel=1.000e+00, wall=0.00s
  step  2/20 iter  2: |R|=1.56524e+01, rel=7.399e-03, wall=2.88s
  step  2/20 iter  3: |R|=4.17182e-03, rel=1.972e-06, wall=0.08s
  step  2/20 iter  4: |R|=4.31540e-09, rel=2.040e-12, wall=0.03s
    converged: in-box 2070/2070; E11=[+0.0055,+0.0134], E22=[-0.0061,-0.0022], g12=[-0.0107,+0.0047]
  step  3/20 iter  1: |R|=2.11549e+03, rel=1.000e+00, wall=0.00s
  step  3/20 iter  2: |R|=1.48038e+01, rel=6.998e-03, wall=2.91s
  step  3/20 iter  3: |R|=1.80835e-03, rel=8.548e-07, wall=0.04s
  step  3/20 iter  4: |R|=1.82535e-09, rel=8.628e-13, wall=0.16s
    converged: in-box 2070/2070; E11=[+0.0084,+0.0202], E22=[-0.0093,-0.0033], g12=[-0.0162,+0.0072]
  step  4/20 iter  1: |R|=2.11549e+03, rel=1.000e+00, wall=0.00s
  step  4/20 iter  2: |R|=1.41896e+01, rel=6.707e-03, wall=0.11s
  step  4/20 iter  3: |R|=9.73950e-04, rel=4.604e-07, wall=0.18s
  step  4/20 iter  4: |R|=1.48965e-09, rel=7.042e-13, wall=0.04s
    converged: in-box 2070/2070; E11=[+0.0114,+0.0274], E22=[-0.0126,-0.0044], g12=[-0.0217,+0.0097]
  step  5/20 iter  1: |R|=2.11549e+03, rel=1.000e+00, wall=0.00s
  step  5/20 iter  2: |R|=1.39015e+01, rel=6.571e-03, wall=0.03s
  step  5/20 iter  3: |R|=7.07030e-04, rel=3.342e-07, wall=0.03s
  step  5/20 iter  4: |R|=1.82061e-09, rel=8.606e-13, wall=2.21s
    converged: in-box 2070/2070; E11=[+0.0144,+0.0347], E22=[-0.0158,-0.0055], g12=[-0.0273,+0.0122]
  step  6/20 iter  1: |R|=2.11549e+03, rel=1.000e+00, wall=0.00s
  step  6/20 iter  2: |R|=1.39080e+01, rel=6.574e-03, wall=2.88s
  step  6/20 iter  3: |R|=6.59564e-04, rel=3.118e-07, wall=2.93s
  step  6/20 iter  4: |R|=2.01511e-09, rel=9.526e-13, wall=0.04s
    converged: in-box 2070/2070; E11=[+0.0175,+0.0422], E22=[-0.0192,-0.0067], g12=[-0.0330,+0.0148]
  step  7/20 iter  1: |R|=2.11549e+03, rel=1.000e+00, wall=0.00s
  step  7/20 iter  2: |R|=1.41200e+01, rel=6.675e-03, wall=0.07s
  step  7/20 iter  3: |R|=6.66794e-04, rel=3.152e-07, wall=0.04s
  step  7/20 iter  4: |R|=2.27459e-09, rel=1.075e-12, wall=1.51s
    converged: in-box 2070/2070; E11=[+0.0206,+0.0499], E22=[-0.0225,-0.0078], g12=[-0.0388,+0.0174]
  step  8/20 iter  1: |R|=2.11549e+03, rel=1.000e+00, wall=0.00s
  step  8/20 iter  2: |R|=1.44433e+01, rel=6.827e-03, wall=0.16s
  step  8/20 iter  3: |R|=6.67578e-04, rel=3.156e-07, wall=0.03s
  step  8/20 iter  4: |R|=2.40870e-09, rel=1.139e-12, wall=0.08s
    converged: in-box 2070/2070; E11=[+0.0238,+0.0578], E22=[-0.0259,-0.0090], g12=[-0.0446,+0.0200]
  step  9/20 iter  1: |R|=2.11549e+03, rel=1.000e+00, wall=0.00s
  step  9/20 iter  2: |R|=1.48172e+01, rel=7.004e-03, wall=0.07s
  step  9/20 iter  3: |R|=6.51073e-04, rel=3.078e-07, wall=0.03s
  step  9/20 iter  4: |R|=2.73506e-09, rel=1.293e-12, wall=0.03s
    converged: in-box 2070/2070; E11=[+0.0271,+0.0658], E22=[-0.0293,-0.0102], g12=[-0.0505,+0.0227]
  step 10/20 iter  1: |R|=2.11549e+03, rel=1.000e+00, wall=0.00s
  step 10/20 iter  2: |R|=1.52762e+01, rel=7.221e-03, wall=0.03s
  step 10/20 iter  3: |R|=6.30492e-04, rel=2.980e-07, wall=0.06s
  step 10/20 iter  4: |R|=3.35321e-09, rel=1.585e-12, wall=0.05s
    converged: in-box 2070/2070; E11=[+0.0304,+0.0740], E22=[-0.0327,-0.0114], g12=[-0.0564,+0.0254]
  step 11/20 iter  1: |R|=2.11549e+03, rel=1.000e+00, wall=0.00s
  step 11/20 iter  2: |R|=1.60194e+01, rel=7.572e-03, wall=2.41s
  step 11/20 iter  3: |R|=6.32109e-04, rel=2.988e-07, wall=1.84s
  step 11/20 iter  4: |R|=3.51229e-09, rel=1.660e-12, wall=0.05s
    converged: in-box 2070/2070; E11=[+0.0338,+0.0824], E22=[-0.0361,-0.0126], g12=[-0.0624,+0.0281]
  step 12/20 iter  1: |R|=2.11549e+03, rel=1.000e+00, wall=0.00s
  step 12/20 iter  2: |R|=1.74329e+01, rel=8.241e-03, wall=0.06s
  step 12/20 iter  3: |R|=6.95629e-04, rel=3.288e-07, wall=1.52s
  step 12/20 iter  4: |R|=3.71936e-09, rel=1.758e-12, wall=0.04s
    converged: in-box 2070/2070; E11=[+0.0373,+0.0909], E22=[-0.0395,-0.0138], g12=[-0.0685,+0.0308]
  step 13/20 iter  1: |R|=2.11549e+03, rel=1.000e+00, wall=0.00s
  step 13/20 iter  2: |R|=1.99253e+01, rel=9.419e-03, wall=0.04s
  step 13/20 iter  3: |R|=8.76614e-04, rel=4.144e-07, wall=1.00s
  step 13/20 iter  4: |R|=3.81435e-09, rel=1.803e-12, wall=0.04s
    converged: in-box 2070/2070; E11=[+0.0408,+0.0996], E22=[-0.0429,-0.0150], g12=[-0.0746,+0.0335]
  step 14/20 iter  1: |R|=2.11549e+03, rel=1.000e+00, wall=0.00s
  step 14/20 iter  2: |R|=2.34541e+01, rel=1.109e-02, wall=2.85s
  step 14/20 iter  3: |R|=1.19584e-03, rel=5.653e-07, wall=0.20s
  step 14/20 iter  4: |R|=4.00087e-09, rel=1.891e-12, wall=0.03s
    converged: in-box 2070/2070; E11=[+0.0444,+0.1084], E22=[-0.0463,-0.0162], g12=[-0.0807,+0.0363]
  step 15/20 iter  1: |R|=2.11549e+03, rel=1.000e+00, wall=0.00s
  step 15/20 iter  2: |R|=2.71333e+01, rel=1.283e-02, wall=2.05s
  step 15/20 iter  3: |R|=1.52096e-03, rel=7.190e-07, wall=0.95s
  step 15/20 iter  4: |R|=4.37152e-09, rel=2.066e-12, wall=0.03s
    converged: in-box 2070/2070; E11=[+0.0480,+0.1174], E22=[-0.0496,-0.0174], g12=[-0.0869,+0.0390]
  step 16/20 iter  1: |R|=2.11549e+03, rel=1.000e+00, wall=0.00s
  step 16/20 iter  2: |R|=2.94950e+01, rel=1.394e-02, wall=0.12s
  step 16/20 iter  3: |R|=1.56579e-03, rel=7.402e-07, wall=0.03s
  step 16/20 iter  4: |R|=4.21307e-09, rel=1.992e-12, wall=0.03s
    converged: in-box 2070/2070; E11=[+0.0517,+0.1266], E22=[-0.0529,-0.0187], g12=[-0.0931,+0.0418]
  step 17/20 iter  1: |R|=2.11549e+03, rel=1.000e+00, wall=0.00s
  step 17/20 iter  2: |R|=2.93956e+01, rel=1.390e-02, wall=0.04s
  step 17/20 iter  3: |R|=1.20710e-03, rel=5.706e-07, wall=2.92s
  step 17/20 iter  4: |R|=4.84273e-09, rel=2.289e-12, wall=2.89s
    converged: in-box 2070/2070; E11=[+0.0555,+0.1359], E22=[-0.0562,-0.0199], g12=[-0.0993,+0.0446]
  step 18/20 iter  1: |R|=2.11549e+03, rel=1.000e+00, wall=0.00s
  step 18/20 iter  2: |R|=2.70635e+01, rel=1.279e-02, wall=0.04s
  step 18/20 iter  3: |R|=7.68230e-04, rel=3.631e-07, wall=0.99s
  step 18/20 iter  4: |R|=5.56548e-09, rel=2.631e-12, wall=0.05s
    converged: in-box 2070/2070; E11=[+0.0593,+0.1453], E22=[-0.0594,-0.0211], g12=[-0.1056,+0.0473]
  step 19/20 iter  1: |R|=2.11549e+03, rel=1.000e+00, wall=0.00s
  step 19/20 iter  2: |R|=2.44086e+01, rel=1.154e-02, wall=2.88s
  step 19/20 iter  3: |R|=5.66234e-04, rel=2.677e-07, wall=0.24s
  step 19/20 iter  4: |R|=5.93541e-09, rel=2.806e-12, wall=0.04s
    converged: in-box 2070/2070; E11=[+0.0632,+0.1549], E22=[-0.0626,-0.0223], g12=[-0.1119,+0.0501]
  step 20/20 iter  1: |R|=2.11549e+03, rel=1.000e+00, wall=0.00s
  step 20/20 iter  2: |R|=2.39272e+01, rel=1.131e-02, wall=1.56s
  step 20/20 iter  3: |R|=5.57105e-04, rel=2.633e-07, wall=0.04s
  step 20/20 iter  4: |R|=6.18158e-09, rel=2.922e-12, wall=0.06s
    converged: in-box 2070/2070; E11=[+0.0671,+0.1646], E22=[-0.0658,-0.0235], g12=[-0.1182,+0.0528]
{
  "status": "converged",
  "model": "flexible_polyconvex_pann",
  "tag": "clean_timing_icnn32_f100kn",
  "output": "/home/sares/ML_assisted_CLs_clean/coupon_fe2_paper/06_fe2/pann_fe2_clean_timing_icnn32_f100kn.npz",
  "wall_seconds": 45.45400849170983,
  "torch_threads": 20,
  "force_per_end": 100000.0,
  "n_steps_requested": 20,
  "n_steps_completed": 20,
  "macro_elements": 690,
  "macro_gauss_points": 2070,
  "rve_elements_reference": 1546,
  "checkpoint": {
    "checkpoint": "/home/sares/ML_assisted_CLs_clean/coupon_fe2_paper/06_pann/enrichment_results/flex_icnn_dynamic32_seed16/model.pt",
    "checkpoint_sha256": "ae8dc7b29e7099370a380502b07a291771f3d65de36f731663586d283909dc96",
    "core": "icnn",
    "features": 32,
    "widths": [
      24,
      24
    ],
    "learn_features": true,
    "dynamic_center": true,
    "spline_basis": "integrated_hat",
    "analytic_stress": false,
    "strain_scale": 0.1955,
    "energy_scale": 27042824.02698266
  },
  "tangent_preflight": {
    "tangent_fd_relative": 1.983739642181872e-10,
    "tangent_asymmetry_relative": 1.6158446283393862e-16
  },
  "macro_newton": [
    {
      "step": 1,
      "iterations": 4,
      "residual": 1.7265812600280554e-08,
      "relative_residual": 8.161604146682319e-12,
      "coverage": {
        "n": 2070,
        "inside": 2070,
        "outside": 0,
        "minimum": [
          0.0027359517799383504,
          -0.0030287295065820063,
          -0.0053322188190634365
        ],
        "maximum": [
          0.006622625512374358,
          -0.0010907568131529044,
          0.002331493048671285
        ]
      }
    },
    {
      "step": 2,
      "iterations": 4,
      "residual": 4.315397665939577e-09,
      "relative_residual": 2.039902105993493e-12,
      "coverage": {
        "n": 2070,
        "inside": 2070,
        "outside": 0,
        "minimum": [
          0.0055494942627895005,
          -0.006140593604898548,
          -0.010724443757625574
        ],
        "maximum": [
          0.01335457825214148,
          -0.0021896131823356257,
          0.004725640603696556
        ]
      }
    },
    {
      "step": 3,
      "iterations": 4,
      "residual": 1.825347328603616e-09,
      "relative_residual": 8.628474472167976e-13,
      "coverage": {
        "n": 2070,
        "inside": 2070,
        "outside": 0,
        "minimum": [
          0.008434050890818279,
          -0.00932062698192121,
          -0.01618572468451362
        ],
        "maximum": [
          0.020232010459387273,
          -0.003298571315298371,
          0.007174232150813189
        ]
      }
    },
    {
      "step": 4,
      "iterations": 4,
      "residual": 1.489648982388609e-09,
      "relative_residual": 7.041617787261599e-13,
      "coverage": {
        "n": 2070,
        "inside": 2070,
        "outside": 0,
        "minimum": [
          0.011386062291720567,
          -0.012557416660277487,
          -0.021719905801946514
        ],
        "maximum": [
          0.02737809384023626,
          -0.0044185303290733,
          0.009671112800605484
        ]
      }
    },
    {
      "step": 5,
      "iterations": 4,
      "residual": 1.8206105467435353e-09,
      "relative_residual": 8.606083554709204e-13,
      "coverage": {
        "n": 2070,
        "inside": 2070,
        "outside": 0,
        "minimum": [
          0.014403477904132655,
          -0.015841380461575516,
          -0.027328002698271528
        ],
        "maximum": [
          0.034710935484425165,
          -0.00554983884857696,
          0.01221105220634596
        ]
      }
    },
    {
      "step": 6,
      "iterations": 4,
      "residual": 2.0151130025207814e-09,
      "relative_residual": 9.525502806129293e-13,
      "coverage": {
        "n": 2070,
        "inside": 2070,
        "outside": 0,
        "minimum": [
          0.01748506270440464,
          -0.019164103329581073,
          -0.033009265729855644
        ],
        "maximum": [
          0.042226124977912116,
          -0.006692554661665573,
          0.014789272551972559
        ]
      }
    },
    {
      "step": 7,
      "iterations": 4,
      "residual": 2.274592491592989e-09,
      "relative_residual": 1.0752070546101265e-12,
      "coverage": {
        "n": 2070,
        "inside": 2070,
        "outside": 0,
        "minimum": [
          0.02063003677833719,
          -0.022518004324325436,
          -0.03876174296526825
        ],
        "maximum": [
          0.049919730719118705,
          -0.007846570748768877,
          0.017401240673062715
        ]
      }
    },
    {
      "step": 8,
      "iterations": 4,
      "residual": 2.408704255729022e-09,
      "relative_residual": 1.1386021090817808e-12,
      "coverage": {
        "n": 2070,
        "inside": 2070,
        "outside": 0,
        "minimum": [
          0.023837870044062126,
          -0.025896123594255527,
          -0.04458258383338108
        ],
        "maximum": [
          0.05778764154423088,
          -0.00901167982402723,
          0.020042574470253226
        ]
      }
    },
    {
      "step": 9,
      "iterations": 4,
      "residual": 2.7350566896775925e-09,
      "relative_residual": 1.2928699353264302e-12,
      "coverage": {
        "n": 2070,
        "inside": 2070,
        "outside": 0,
        "minimum": [
          0.027108157165014246,
          -0.029291923884131876,
          -0.05046814523912991
        ],
        "maximum": [
          0.0658252266511673,
          -0.010187612252214373,
          0.022709000055091334
        ]
      }
    },
    {
      "step": 10,
      "iterations": 4,
      "residual": 3.3532103884186872e-09,
      "relative_residual": 1.5850731410331217e-12,
      "coverage": {
        "n": 2070,
        "inside": 2070,
        "outside": 0,
        "minimum": [
          0.03044053889057796,
          -0.03269897942148381,
          -0.056413979562309195
        ],
        "maximum": [
          0.07402741092990028,
          -0.01137405485180537,
          0.025396332562107722
        ]
      }
    },
    {
      "step": 11,
      "iterations": 4,
      "residual": 3.512290161920686e-09,
      "relative_residual": 1.6602706523883656e-12,
      "coverage": {
        "n": 2070,
        "inside": 2070,
        "outside": 0,
        "minimum": [
          0.03383465627431981,
          -0.03611048133201622,
          -0.06241487553371285
        ],
        "maximum": [
          0.08238936217841819,
          -0.012570642030012957,
          0.028100469313083794
        ]
      }
    },
    {
      "step": 12,
      "iterations": 4,
      "residual": 3.719364730772748e-09,
      "relative_residual": 1.758155455087313e-12,
      "coverage": {
        "n": 2070,
        "inside": 2070,
        "outside": 0,
        "minimum": [
          0.03729013203630638,
          -0.039518683898886575,
          -0.06846515911267005
        ],
        "maximum": [
          0.09090775080373026,
          -0.01377691338728837,
          0.030817388122891896
        ]
      }
    },
    {
      "step": 13,
      "iterations": 4,
      "residual": 3.814346517442873e-09,
      "relative_residual": 1.803053645626841e-12,
      "coverage": {
        "n": 2070,
        "inside": 2070,
        "outside": 0,
        "minimum": [
          0.04080657142064714,
          -0.04291463956657837,
          -0.07455935659604004
        ],
        "maximum": [
          0.09958205164335743,
          -0.014992251747296625,
          0.03354313933049582
        ]
      }
    },
    {
      "step": 14,
      "iterations": 4,
      "residual": 4.000870500413977e-09,
      "relative_residual": 1.891224121474887e-12,
      "coverage": {
        "n": 2070,
        "inside": 2070,
        "outside": 0,
        "minimum": [
          0.04438356589922865,
          -0.046288641356901694,
          -0.08069307799081012
        ],
        "maximum": [
          0.10841489378835134,
          -0.016215840828599892,
          0.03627381678143581
        ]
      }
    },
    {
      "step": 15,
      "iterations": 4,
      "residual": 4.371524158140618e-09,
      "relative_residual": 2.0664332761160435e-12,
      "coverage": {
        "n": 2070,
        "inside": 2070,
        "outside": 0,
        "minimum": [
          0.048020677123818745,
          -0.04963157597542528,
          -0.08686368807459571
        ],
        "maximum": [
          0.11741039954001187,
          -0.017446695404551127,
          0.03903806473544309
        ]
      }
    },
    {
      "step": 16,
      "iterations": 4,
      "residual": 4.2130674725573016e-09,
      "relative_residual": 1.9915303003878914e-12,
      "coverage": {
        "n": 2070,
        "inside": 2070,
        "outside": 0,
        "minimum": [
          0.05171738697826267,
          -0.05293686352741017,
          -0.09307014931937893
        ],
        "maximum": [
          0.12657015958955564,
          -0.018683801521486465,
          0.041806184163260665
        ]
      }
    },
    {
      "step": 17,
      "iterations": 4,
      "residual": 4.8427344993551636e-09,
      "relative_residual": 2.2891758926292434e-12,
      "coverage": {
        "n": 2070,
        "inside": 2070,
        "outside": 0,
        "minimum": [
          0.05547303491473021,
          -0.05620194228416342,
          -0.09931151769117479
        ],
        "maximum": [
          0.13588820033326554,
          -0.01990831575758456,
          0.044574134883373966
        ]
      }
    },
    {
      "step": 18,
      "iterations": 4,
      "residual": 5.565477393882209e-09,
      "relative_residual": 2.630818741507465e-12,
      "coverage": {
        "n": 2070,
        "inside": 2070,
        "outside": 0,
        "minimum": [
          0.05928681250518231,
          -0.05942781188803953,
          -0.10558411403092816
        ],
        "maximum": [
          0.14534844581121364,
          -0.021119760040784696,
          0.04733802071949018
        ]
      }
    },
    {
      "step": 19,
      "iterations": 4,
      "residual": 5.935413666163819e-09,
      "relative_residual": 2.805688785783116e-12,
      "coverage": {
        "n": 2070,
        "inside": 2070,
        "outside": 0,
        "minimum": [
          0.06315789243980752,
          -0.06261589500778475,
          -0.11187842240167743
        ],
        "maximum": [
          0.15492848657495595,
          -0.022328509246683004,
          0.05009394577990616
        ]
      }
    },
    {
      "step": 20,
      "iterations": 4,
      "residual": 6.181580365936547e-09,
      "relative_residual": 2.9220525622329494e-12,
      "coverage": {
        "n": 2070,
        "inside": 2070,
        "outside": 0,
        "minimum": [
          0.06708567026730738,
          -0.06576372934266217,
          -0.11817776713659088
        ],
        "maximum": [
          0.16460954082792079,
          -0.023534723472374786,
          0.05283831724933469
        ]
      }
    }
  ],
  "material_calls": 61,
  "material_points": 126270,
  "summed_pann_seconds": 44.90174012631178,
  "macro_mesh_sha256": "81aa5d4c646b8200fa94ccdfceb1466e7d401576b6ca14d2969f3d76105f4762",
  "rve_mesh_sha256": "82e42f23fc9bdb45933f88f8cbd4f6f5e52f5755aee7f8f28b8781bf71c87a47"
}
 |  /           |                  
 ' /   __| _` | __|  _ \   __|    
 . \  |   (   | |   (   |\__ \  
_|\_\_|  \__,_|\__|\___/ ____/
           Multi-Physics 10.3."0"-master-532e0dba7df-Release-x86_64
           Compiled for GNU/Linux and Python3.12 with GCC-13.3
Compiled with threading support. Threading support with OpenMP.
Maximum number of threads: 20.
Importing    KratosStructuralMechanicsApplication 
    KRATOS   ___|  |                   |                   |
           \___ \  __|  __| |   |  __| __| |   |  __| _` | |
                 | |   |    |   | (    |   |   | |   (   | |
           _____/ \__|_|   \__,_|\___|\__|\__,_|_|  \__,_|_| MECHANICS
Initializing KratosStructuralMechanicsApplication...
Importing    KratosConstitutiveLawsApplication 
Initializing KratosConstitutiveLawsApplication...
[WARNING] DEPRECATION-Warning; MechanicalSolver: Using "line_search", please move it to "solving_strategy_settings" as "type" 
::[MechanicalSolver]:: : Construction finished 
::[StaticMechanicalSolver]:: : Construction finished 
::[MechanicalSolver]:: : Variables ADDED 
[WARNING] Model: Trying to create a root modelpart with name Structure however a ModelPart with the same name already exists. 
Returning the already existent ModelPart.
SingleImportModelPart: Reading model part from file: "/home/sares/ML_assisted_CLs_clean/coupon_fe2_paper/01_macro_prepass/coupon_conv_div4".mdpa
ModelPartIO:   [Reading Nodes    : 1501 nodes read]
ModelPartIO:   [Reading Geometries : 690 geometries read] [Type: Triangle2D6]
ModelPartIO:   [Total Lines Read : 4431]
SingleImportModelPart: Finished reading model part from mdpa file.
::[PythonSolver]::: Reading model part. 
::[PythonSolver]::: Using already imported model part - no reading necessary. 
ModelPart: -Structure- model part
    Buffer Size : 1
    Number of tables : 0
    Number of sub model parts : 2
    Current solution step index : 0
    DOMAIN_SIZE : 2
    OSS_SWITCH : 0
    IS_RESTARTED : 0

    Number of Geometries  : 690
    Mesh 0 :
        Number of Nodes       : 1501
        Number of Properties  : 1
        Number of Elements    : 690
        Number of Conditions  : 0
        Number of Constraints : 0

    -dirichlet- model part
        Number of tables : 0
        Number of sub model parts : 0

        Number of Geometries  : 0
        Mesh 0 :
            Number of Nodes       : 26
            Number of Properties  : 0
            Number of Elements    : 0
            Number of Conditions  : 0
            Number of Constraints : 0
    -material- model part
        Number of tables : 0
        Number of sub model parts : 0

        Number of Geometries  : 690
        Mesh 0 :
            Number of Nodes       : 1501
            Number of Properties  : 0
            Number of Elements    : 690
            Number of Conditions  : 0
            Number of Constraints : 0
 
::[PythonSolver]:: : Finished reading model part. 
Read materials: Started
Read materials: Finished
::[MechanicalSolver]:: : Constitutive law was successfully imported. 
::[MechanicalSolver]::: ModelPart prepared for Solver. 
::[MechanicalSolver]:: : DOF's ADDED 
::[MechanicalSolver]:: : Initializing ... 
Importing    LinearSolversApplication 
    Kratos  _     _                       ____        _
           | |   (_)_ __   ___  __ _ _ __/ ___|  ___ | |_   _____ _ __ ___
           | |   | | '_ \ / _ \/ _` | '__\___ \ / _ \| \ \ / / _ \ '__/ __|
           | |___| | | | |  __/ (_| | |   ___) | (_) | |\ V /  __/ |  \__ \
           |_____|_|_| |_|\___|\__,_|_|  |____/ \___/|_| \_/ \___|_|  |___/
Initializing KratosLinearSolversApplication...
Linear-Solver-Factory: Constructing a regular (non-complex) linear-solver 
::[MechanicalSolver]:: : Finished initialization. 
Analysis: Analysis -START-  
Deregistering KratosMultiphysics
Deregistering ConstitutiveLawsApplication
Deregistering LinearSolversApplication
Deregistering StructuralMechanicsApplication
