[VectorizedAssembler] 690 elements, 3 GPs, total area=1.311591e-04
[macro] 3002 dofs, 13/13 end-face nodes
  step  1/20 iter  1: |R|=2.11549e+03, rel=1.000e+00, wall=0.04s
  step  1/20 iter  2: |R|=3.54926e+01, rel=1.678e-02, wall=0.03s
  step  1/20 iter  3: |R|=1.31327e-02, rel=6.208e-06, wall=0.03s
  step  1/20 iter  4: |R|=1.15438e-09, rel=5.457e-13, wall=0.02s
    converged: in-box 2070/2070; E11=[+0.0028,+0.0067], E22=[-0.0031,-0.0011], g12=[-0.0054,+0.0023]
  step  2/20 iter  1: |R|=2.11549e+03, rel=1.000e+00, wall=0.00s
  step  2/20 iter  2: |R|=1.41014e+01, rel=6.666e-03, wall=0.02s
  step  2/20 iter  3: |R|=3.21866e-03, rel=1.521e-06, wall=0.02s
  step  2/20 iter  4: |R|=4.27000e-09, rel=2.018e-12, wall=0.02s
    converged: in-box 2070/2070; E11=[+0.0056,+0.0135], E22=[-0.0063,-0.0023], g12=[-0.0108,+0.0047]
  step  3/20 iter  1: |R|=2.11549e+03, rel=1.000e+00, wall=0.00s
  step  3/20 iter  2: |R|=2.34586e+01, rel=1.109e-02, wall=0.02s
  step  3/20 iter  3: |R|=2.68177e-03, rel=1.268e-06, wall=0.02s
  step  3/20 iter  4: |R|=3.09776e-09, rel=1.464e-12, wall=0.02s
    converged: in-box 2070/2070; E11=[+0.0086,+0.0205], E22=[-0.0095,-0.0034], g12=[-0.0163,+0.0072]
  step  4/20 iter  1: |R|=2.11549e+03, rel=1.000e+00, wall=0.00s
  step  4/20 iter  2: |R|=2.02138e+01, rel=9.555e-03, wall=0.02s
  step  4/20 iter  3: |R|=1.46129e-03, rel=6.908e-07, wall=0.02s
  step  4/20 iter  4: |R|=1.68006e-09, rel=7.942e-13, wall=0.02s
    converged: in-box 2070/2070; E11=[+0.0116,+0.0277], E22=[-0.0128,-0.0046], g12=[-0.0219,+0.0097]
  step  5/20 iter  1: |R|=2.11549e+03, rel=1.000e+00, wall=0.00s
  step  5/20 iter  2: |R|=1.57673e+01, rel=7.453e-03, wall=0.02s
  step  5/20 iter  3: |R|=6.99940e-04, rel=3.309e-07, wall=0.02s
  step  5/20 iter  4: |R|=1.73646e-09, rel=8.208e-13, wall=0.02s
    converged: in-box 2070/2070; E11=[+0.0146,+0.0350], E22=[-0.0161,-0.0057], g12=[-0.0275,+0.0122]
  step  6/20 iter  1: |R|=2.11549e+03, rel=1.000e+00, wall=0.00s
  step  6/20 iter  2: |R|=1.14566e+01, rel=5.416e-03, wall=0.02s
  step  6/20 iter  3: |R|=3.37406e-04, rel=1.595e-07, wall=0.02s
  step  6/20 iter  4: |R|=2.06679e-09, rel=9.770e-13, wall=0.02s
    converged: in-box 2070/2070; E11=[+0.0177,+0.0425], E22=[-0.0193,-0.0069], g12=[-0.0332,+0.0147]
  step  7/20 iter  1: |R|=2.11549e+03, rel=1.000e+00, wall=0.00s
  step  7/20 iter  2: |R|=1.07348e+01, rel=5.074e-03, wall=0.02s
  step  7/20 iter  3: |R|=4.39237e-04, rel=2.076e-07, wall=0.02s
  step  7/20 iter  4: |R|=2.20683e-09, rel=1.043e-12, wall=0.02s
    converged: in-box 2070/2070; E11=[+0.0209,+0.0501], E22=[-0.0226,-0.0080], g12=[-0.0389,+0.0173]
  step  8/20 iter  1: |R|=2.11549e+03, rel=1.000e+00, wall=0.00s
  step  8/20 iter  2: |R|=1.49171e+01, rel=7.051e-03, wall=0.02s
  step  8/20 iter  3: |R|=1.03501e-03, rel=4.893e-07, wall=0.02s
  step  8/20 iter  4: |R|=2.35177e-09, rel=1.112e-12, wall=0.02s
    converged: in-box 2070/2070; E11=[+0.0241,+0.0579], E22=[-0.0259,-0.0092], g12=[-0.0447,+0.0199]
  step  9/20 iter  1: |R|=2.11549e+03, rel=1.000e+00, wall=0.00s
  step  9/20 iter  2: |R|=1.52077e+01, rel=7.189e-03, wall=0.02s
  step  9/20 iter  3: |R|=9.99058e-04, rel=4.723e-07, wall=0.02s
  step  9/20 iter  4: |R|=2.91298e-09, rel=1.377e-12, wall=0.02s
    converged: in-box 2070/2070; E11=[+0.0274,+0.0658], E22=[-0.0292,-0.0103], g12=[-0.0506,+0.0225]
  step 10/20 iter  1: |R|=2.11549e+03, rel=1.000e+00, wall=0.00s
  step 10/20 iter  2: |R|=1.36018e+01, rel=6.430e-03, wall=0.02s
  step 10/20 iter  3: |R|=7.92623e-04, rel=3.747e-07, wall=0.02s
  step 10/20 iter  4: |R|=3.13232e-09, rel=1.481e-12, wall=0.02s
    converged: in-box 2070/2070; E11=[+0.0307,+0.0739], E22=[-0.0325,-0.0115], g12=[-0.0564,+0.0251]
  step 11/20 iter  1: |R|=2.11549e+03, rel=1.000e+00, wall=0.00s
  step 11/20 iter  2: |R|=1.47274e+01, rel=6.962e-03, wall=0.02s
  step 11/20 iter  3: |R|=8.16603e-04, rel=3.860e-07, wall=0.02s
  step 11/20 iter  4: |R|=3.75852e-09, rel=1.777e-12, wall=0.02s
    converged: in-box 2070/2070; E11=[+0.0340,+0.0822], E22=[-0.0359,-0.0127], g12=[-0.0624,+0.0278]
  step 12/20 iter  1: |R|=2.11549e+03, rel=1.000e+00, wall=0.00s
  step 12/20 iter  2: |R|=1.66836e+01, rel=7.886e-03, wall=0.02s
  step 12/20 iter  3: |R|=1.01022e-03, rel=4.775e-07, wall=0.02s
  step 12/20 iter  4: |R|=3.84259e-09, rel=1.816e-12, wall=0.02s
    converged: in-box 2070/2070; E11=[+0.0374,+0.0907], E22=[-0.0393,-0.0138], g12=[-0.0683,+0.0304]
  step 13/20 iter  1: |R|=2.11549e+03, rel=1.000e+00, wall=0.00s
  step 13/20 iter  2: |R|=1.93733e+01, rel=9.158e-03, wall=0.02s
  step 13/20 iter  3: |R|=1.21372e-03, rel=5.737e-07, wall=0.02s
  step 13/20 iter  4: |R|=3.99994e-09, rel=1.891e-12, wall=0.02s
    converged: in-box 2070/2070; E11=[+0.0409,+0.0993], E22=[-0.0426,-0.0150], g12=[-0.0743,+0.0331]
  step 14/20 iter  1: |R|=2.11549e+03, rel=1.000e+00, wall=0.00s
  step 14/20 iter  2: |R|=2.19360e+01, rel=1.037e-02, wall=0.02s
  step 14/20 iter  3: |R|=1.23028e-03, rel=5.816e-07, wall=0.02s
  step 14/20 iter  4: |R|=4.32132e-09, rel=2.043e-12, wall=0.02s
    converged: in-box 2070/2070; E11=[+0.0444,+0.1081], E22=[-0.0460,-0.0162], g12=[-0.0804,+0.0358]
  step 15/20 iter  1: |R|=2.11549e+03, rel=1.000e+00, wall=0.00s
  step 15/20 iter  2: |R|=2.31522e+01, rel=1.094e-02, wall=0.02s
  step 15/20 iter  3: |R|=1.09032e-03, rel=5.154e-07, wall=0.02s
  step 15/20 iter  4: |R|=4.18430e-09, rel=1.978e-12, wall=0.02s
    converged: in-box 2070/2070; E11=[+0.0480,+0.1171], E22=[-0.0494,-0.0174], g12=[-0.0865,+0.0386]
  step 16/20 iter  1: |R|=2.11549e+03, rel=1.000e+00, wall=0.00s
  step 16/20 iter  2: |R|=2.43780e+01, rel=1.152e-02, wall=0.02s
  step 16/20 iter  3: |R|=1.04568e-03, rel=4.943e-07, wall=0.02s
  step 16/20 iter  4: |R|=4.17881e-09, rel=1.975e-12, wall=0.02s
    converged: in-box 2070/2070; E11=[+0.0517,+0.1263], E22=[-0.0527,-0.0186], g12=[-0.0926,+0.0413]
  step 17/20 iter  1: |R|=2.11549e+03, rel=1.000e+00, wall=0.00s
  step 17/20 iter  2: |R|=2.69122e+01, rel=1.272e-02, wall=0.02s
  step 17/20 iter  3: |R|=1.21528e-03, rel=5.745e-07, wall=0.02s
  step 17/20 iter  4: |R|=5.08801e-09, rel=2.405e-12, wall=0.02s
    converged: in-box 2070/2070; E11=[+0.0554,+0.1356], E22=[-0.0561,-0.0198], g12=[-0.0988,+0.0440]
  step 18/20 iter  1: |R|=2.11549e+03, rel=1.000e+00, wall=0.00s
  step 18/20 iter  2: |R|=2.99878e+01, rel=1.418e-02, wall=0.02s
  step 18/20 iter  3: |R|=1.42033e-03, rel=6.714e-07, wall=0.02s
  step 18/20 iter  4: |R|=5.46719e-09, rel=2.584e-12, wall=0.02s
    converged: in-box 2070/2070; E11=[+0.0592,+0.1450], E22=[-0.0593,-0.0210], g12=[-0.1050,+0.0468]
  step 19/20 iter  1: |R|=2.11549e+03, rel=1.000e+00, wall=0.00s
  step 19/20 iter  2: |R|=3.19178e+01, rel=1.509e-02, wall=0.02s
  step 19/20 iter  3: |R|=1.39772e-03, rel=6.607e-07, wall=0.02s
  step 19/20 iter  4: |R|=6.07306e-09, rel=2.871e-12, wall=0.02s
    converged: in-box 2070/2070; E11=[+0.0630,+0.1546], E22=[-0.0626,-0.0222], g12=[-0.1113,+0.0495]
  step 20/20 iter  1: |R|=2.11549e+03, rel=1.000e+00, wall=0.00s
  step 20/20 iter  2: |R|=3.25250e+01, rel=1.537e-02, wall=0.02s
  step 20/20 iter  3: |R|=1.20743e-03, rel=5.708e-07, wall=0.02s
  step 20/20 iter  4: |R|=6.40438e-09, rel=3.027e-12, wall=0.02s
    converged: in-box 2070/2070; E11=[+0.0670,+0.1644], E22=[-0.0657,-0.0234], g12=[-0.1176,+0.0522]
{
  "status": "converged",
  "model": "flexible_polyconvex_pann",
  "tier": "flexible",
  "tag": "capacity_m32_icnn_f100kn",
  "output": "/home/sares/ML_assisted_CLs_clean/coupon_fe2_paper/06_fe2/pann_fe2_capacity_m32_icnn_f100kn.npz",
  "wall_seconds": 1.616519894450903,
  "torch_threads": 2,
  "force_per_end": 100000.0,
  "n_steps_requested": 20,
  "n_steps_completed": 20,
  "macro_elements": 690,
  "macro_gauss_points": 2070,
  "rve_elements_reference": 1546,
  "checkpoint": {
    "checkpoint": "/home/sares/ML_assisted_CLs_clean/coupon_fe2_paper/06_pann/results/sc_m32_learned_v1/training/m32_icnn_learned_seed29/model.pt",
    "checkpoint_sha256": "1fb095a03aee9c246f0e6fac67436c0427b7c9edaf7658df7f65ca28b296bddc",
    "core": "icnn",
    "features": 32,
    "widths": [
      24,
      24
    ],
    "learn_features": true,
    "dynamic_center": true,
    "spline_basis": "integrated_hat",
    "analytic_stress": true,
    "strain_scale": 0.1955,
    "energy_scale": 27042824.02698266
  },
  "tangent_preflight": {
    "tangent_fd_relative": 1.777571846489046e-10,
    "tangent_asymmetry_relative": 7.522426056304412e-17
  },
  "macro_newton": [
    {
      "step": 1,
      "iterations": 4,
      "residual": 1.1543799290586157e-09,
      "relative_residual": 5.456790383383671e-13,
      "coverage": {
        "n": 2070,
        "inside": 2070,
        "outside": 0,
        "minimum": [
          0.002784318783392137,
          -0.003108360485230943,
          -0.005369275583443104
        ],
        "maximum": [
          0.0067036320233127,
          -0.0011318101612332043,
          0.002333162683426268
        ]
      }
    },
    {
      "step": 2,
      "iterations": 4,
      "residual": 4.269998062659985e-09,
      "relative_residual": 2.0184415701331546e-12,
      "coverage": {
        "n": 2070,
        "inside": 2070,
        "outside": 0,
        "minimum": [
          0.005646241715579925,
          -0.006305072553301372,
          -0.010784785984558695
        ],
        "maximum": [
          0.013512464871028196,
          -0.0022809662068425385,
          0.0047310187287779495
        ]
      }
    },
    {
      "step": 3,
      "iterations": 4,
      "residual": 3.0977641181176806e-09,
      "relative_residual": 1.4643228822879746e-12,
      "coverage": {
        "n": 2070,
        "inside": 2070,
        "outside": 0,
        "minimum": [
          0.008575471098396514,
          -0.009535803064170956,
          -0.01627992266551434
        ],
        "maximum": [
          0.02047495332374949,
          -0.0034347996058484154,
          0.007175370517842376
        ]
      }
    },
    {
      "step": 4,
      "iterations": 4,
      "residual": 1.6800566174768978e-09,
      "relative_residual": 7.941680691960855e-13,
      "coverage": {
        "n": 2070,
        "inside": 2070,
        "outside": 0,
        "minimum": [
          0.01156802701646742,
          -0.012783536084999603,
          -0.021861820420397287
        ],
        "maximum": [
          0.02769175495729681,
          -0.004585657055079628,
          0.00965467907388881
        ]
      }
    },
    {
      "step": 5,
      "iterations": 4,
      "residual": 1.7364594566305452e-09,
      "relative_residual": 8.208298694006076e-13,
      "coverage": {
        "n": 2070,
        "inside": 2070,
        "outside": 0,
        "minimum": [
          0.014621372585730041,
          -0.016051986816103037,
          -0.02751280067404467
        ],
        "maximum": [
          0.03504532345662581,
          -0.005732489293701293,
          0.012163353145294603
        ]
      }
    },
    {
      "step": 6,
      "iterations": 4,
      "residual": 2.066786469108478e-09,
      "relative_residual": 9.769764914690066e-13,
      "coverage": {
        "n": 2070,
        "inside": 2070,
        "outside": 0,
        "minimum": [
          0.017731584494161012,
          -0.01933819562245298,
          -0.033211075745162494
        ],
        "maximum": [
          0.04251361130964182,
          -0.006877637970585493,
          0.014699552119609426
        ]
      }
    },
    {
      "step": 7,
      "iterations": 4,
      "residual": 2.206833329159648e-09,
      "relative_residual": 1.0431770845244546e-12,
      "coverage": {
        "n": 2070,
        "inside": 2070,
        "outside": 0,
        "minimum": [
          0.020893809269082353,
          -0.02263081875369799,
          -0.03894730024362257
        ],
        "maximum": [
          0.050106089876479354,
          -0.00802383337016982,
          0.017262820203337005
        ]
      }
    },
    {
      "step": 8,
      "iterations": 4,
      "residual": 2.35177225385105e-09,
      "relative_residual": 1.1116901719859186e-12,
      "coverage": {
        "n": 2070,
        "inside": 2070,
        "outside": 0,
        "minimum": [
          0.02410425472433908,
          -0.025923627621332546,
          -0.04472452641264432
        ],
        "maximum": [
          0.05785042386733086,
          -0.009173009687849676,
          0.019852569754848372
        ]
      }
    },
    {
      "step": 9,
      "iterations": 4,
      "residual": 2.912984980169228e-09,
      "relative_residual": 1.3769772001919054e-12,
      "coverage": {
        "n": 2070,
        "inside": 2070,
        "outside": 0,
        "minimum": [
          0.027361598671865273,
          -0.029222689333450902,
          -0.05055006372128162
        ],
        "maximum": [
          0.06577390943648842,
          -0.010326387064667486,
          0.022467560629457487
        ]
      }
    },
    {
      "step": 10,
      "iterations": 4,
      "residual": 3.1323243857422174e-09,
      "relative_residual": 1.4806596299448223e-12,
      "coverage": {
        "n": 2070,
        "inside": 2070,
        "outside": 0,
        "minimum": [
          0.0306671670291897,
          -0.03254206708978352,
          -0.056427708514576236
        ],
        "maximum": [
          0.0738888293367862,
          -0.011485115687876135,
          0.025105879835574735
        ]
      }
    },
    {
      "step": 11,
      "iterations": 4,
      "residual": 3.75851534210554e-09,
      "relative_residual": 1.7766620727135163e-12,
      "coverage": {
        "n": 2070,
        "inside": 2070,
        "outside": 0,
        "minimum": [
          0.03402421404999878,
          -0.0358910748465065,
          -0.06235400392338848
        ],
        "maximum": [
          0.08219149551541405,
          -0.012650590692671992,
          0.02776493880500755
        ]
      }
    },
    {
      "step": 12,
      "iterations": 4,
      "residual": 3.842588112744252e-09,
      "relative_residual": 1.8164035369210823e-12,
      "coverage": {
        "n": 2070,
        "inside": 2070,
        "outside": 0,
        "minimum": [
          0.03743671484994382,
          -0.03926477590615052,
          -0.06832132857958342
        ],
        "maximum": [
          0.09067324072684158,
          -0.013824076680631514,
          0.03044122881837608
        ]
      }
    },
    {
      "step": 13,
      "iterations": 4,
      "residual": 3.99994021092502e-09,
      "relative_residual": 1.8907843706955418e-12,
      "coverage": {
        "n": 2070,
        "inside": 2070,
        "outside": 0,
        "minimum": [
          0.04090807211448111,
          -0.04264833723455064,
          -0.07432539252589641
        ],
        "maximum": [
          0.09932732067402639,
          -0.014991911403215097,
          0.033129904649799945
        ]
      }
    },
    {
      "step": 14,
      "iterations": 4,
      "residual": 4.321320199930482e-09,
      "relative_residual": 2.0427017065111073e-12,
      "coverage": {
        "n": 2070,
        "inside": 2070,
        "outside": 0,
        "minimum": [
          0.04444038134119954,
          -0.04602787059159669,
          -0.08036927560720258
        ],
        "maximum": [
          0.10814771182690941,
          -0.01617196634775797,
          0.03582674222836289
        ]
      }
    },
    {
      "step": 15,
      "iterations": 4,
      "residual": 4.1843039887821386e-09,
      "relative_residual": 1.9779337107637168e-12,
      "coverage": {
        "n": 2070,
        "inside": 2070,
        "outside": 0,
        "minimum": [
          0.04803464690943515,
          -0.04939456301002931,
          -0.08646007911850034
        ],
        "maximum": [
          0.11712906540616108,
          -0.01736727265619442,
          0.0385645079272817
        ]
      }
    },
    {
      "step": 16,
      "iterations": 4,
      "residual": 4.178806171343737e-09,
      "relative_residual": 1.975334875096852e-12,
      "coverage": {
        "n": 2070,
        "inside": 2070,
        "outside": 0,
        "minimum": [
          0.05169152895980178,
          -0.05274114092378379,
          -0.09260222786012903
        ],
        "maximum": [
          0.12626978656362187,
          -0.018574560840966148,
          0.041307445610198494
        ]
      }
    },
    {
      "step": 17,
      "iterations": 4,
      "residual": 5.088008066495797e-09,
      "relative_residual": 2.4051174824628735e-12,
      "coverage": {
        "n": 2070,
        "inside": 2070,
        "outside": 0,
        "minimum": [
          0.055411865224997525,
          -0.056058000526502894,
          -0.09879336426080904
        ],
        "maximum": [
          0.13557166519323272,
          -0.019788986574993617,
          0.04404889167386514
        ]
      }
    },
    {
      "step": 18,
      "iterations": 4,
      "residual": 5.467190999351404e-09,
      "relative_residual": 2.584358452395135e-12,
      "coverage": {
        "n": 2070,
        "inside": 2070,
        "outside": 0,
        "minimum": [
          0.05919669307692965,
          -0.05933419419346264,
          -0.105024660685037
        ],
        "maximum": [
          0.145032944572432,
          -0.02100636025812863,
          0.046782646541262574
        ]
      }
    },
    {
      "step": 19,
      "iterations": 4,
      "residual": 6.073061833567165e-09,
      "relative_residual": 2.8707555092480808e-12,
      "coverage": {
        "n": 2070,
        "inside": 2070,
        "outside": 0,
        "minimum": [
          0.06304704750130496,
          -0.06256219240224642,
          -0.11128445765960175
        ],
        "maximum": [
          0.15464163554254973,
          -0.02222433844027727,
          0.04950375896737544
        ]
      }
    },
    {
      "step": 20,
      "iterations": 4,
      "residual": 6.4043809072821156e-09,
      "relative_residual": 3.0273710817961883e-12,
      "coverage": {
        "n": 2070,
        "inside": 2070,
        "outside": 0,
        "minimum": [
          0.06696382532288159,
          -0.06573953765776963,
          -0.1175637051826582
        ],
        "maximum": [
          0.16438059481065337,
          -0.023442036627474794,
          0.05220930221961345
        ]
      }
    }
  ],
  "material_calls": 61,
  "material_points": 126270,
  "summed_pann_seconds": 1.0779010113328695,
  "macro_mesh_sha256": "81aa5d4c646b8200fa94ccdfceb1466e7d401576b6ca14d2969f3d76105f4762",
  "rve_mesh_sha256": "82e42f23fc9bdb45933f88f8cbd4f6f5e52f5755aee7f8f28b8781bf71c87a47"
}
 |  /           |                  
 ' /   __| _` | __|  _ \   __|    
 . \  |   (   | |   (   |\__ \  
_|\_\_|  \__,_|\__|\___/ ____/
           Multi-Physics 10.3."0"-master-532e0dba7df-Release-x86_64
           Compiled for GNU/Linux and Python3.12 with GCC-13.3
Compiled with threading support. Threading support with OpenMP.
Maximum number of threads: 2.
Importing    KratosStructuralMechanicsApplication 
    KRATOS   ___|  |                   |                   |
           \___ \  __|  __| |   |  __| __| |   |  __| _` | |
                 | |   |    |   | (    |   |   | |   (   | |
           _____/ \__|_|   \__,_|\___|\__|\__,_|_|  \__,_|_| MECHANICS
Initializing KratosStructuralMechanicsApplication...
Importing    KratosConstitutiveLawsApplication 
Initializing KratosConstitutiveLawsApplication...
[WARNING] DEPRECATION-Warning; MechanicalSolver: Using "line_search", please move it to "solving_strategy_settings" as "type" 
::[MechanicalSolver]:: : Construction finished 
::[StaticMechanicalSolver]:: : Construction finished 
::[MechanicalSolver]:: : Variables ADDED 
[WARNING] Model: Trying to create a root modelpart with name Structure however a ModelPart with the same name already exists. 
Returning the already existent ModelPart.
SingleImportModelPart: Reading model part from file: "/home/sares/ML_assisted_CLs_clean/coupon_fe2_paper/01_macro_prepass/coupon_conv_div4".mdpa
ModelPartIO:   [Reading Nodes    : 1501 nodes read]
ModelPartIO:   [Reading Geometries : 690 geometries read] [Type: Triangle2D6]
ModelPartIO:   [Total Lines Read : 4431]
SingleImportModelPart: Finished reading model part from mdpa file.
::[PythonSolver]::: Reading model part. 
::[PythonSolver]::: Using already imported model part - no reading necessary. 
ModelPart: -Structure- model part
    Buffer Size : 1
    Number of tables : 0
    Number of sub model parts : 2
    Current solution step index : 0
    DOMAIN_SIZE : 2
    OSS_SWITCH : 0
    IS_RESTARTED : 0

    Number of Geometries  : 690
    Mesh 0 :
        Number of Nodes       : 1501
        Number of Properties  : 1
        Number of Elements    : 690
        Number of Conditions  : 0
        Number of Constraints : 0

    -dirichlet- model part
        Number of tables : 0
        Number of sub model parts : 0

        Number of Geometries  : 0
        Mesh 0 :
            Number of Nodes       : 26
            Number of Properties  : 0
            Number of Elements    : 0
            Number of Conditions  : 0
            Number of Constraints : 0
    -material- model part
        Number of tables : 0
        Number of sub model parts : 0

        Number of Geometries  : 690
        Mesh 0 :
            Number of Nodes       : 1501
            Number of Properties  : 0
            Number of Elements    : 690
            Number of Conditions  : 0
            Number of Constraints : 0
 
::[PythonSolver]:: : Finished reading model part. 
Read materials: Started
Read materials: Finished
::[MechanicalSolver]:: : Constitutive law was successfully imported. 
::[MechanicalSolver]::: ModelPart prepared for Solver. 
::[MechanicalSolver]:: : DOF's ADDED 
::[MechanicalSolver]:: : Initializing ... 
Importing    LinearSolversApplication 
    Kratos  _     _                       ____        _
           | |   (_)_ __   ___  __ _ _ __/ ___|  ___ | |_   _____ _ __ ___
           | |   | | '_ \ / _ \/ _` | '__\___ \ / _ \| \ \ / / _ \ '__/ __|
           | |___| | | | |  __/ (_| | |   ___) | (_) | |\ V /  __/ |  \__ \
           |_____|_|_| |_|\___|\__,_|_|  |____/ \___/|_| \_/ \___|_|  |___/
Initializing KratosLinearSolversApplication...
Linear-Solver-Factory: Constructing a regular (non-complex) linear-solver 
::[MechanicalSolver]:: : Finished initialization. 
Analysis: Analysis -START-  
Deregistering KratosMultiphysics
Deregistering ConstitutiveLawsApplication
Deregistering LinearSolversApplication
Deregistering StructuralMechanicsApplication
