[VectorizedAssembler] 690 elements, 3 GPs, total area=1.311591e-04
[macro] 3002 dofs, 13/13 end-face nodes
  step  1/20 iter  1: |R|=2.11549e+03, rel=1.000e+00, wall=0.10s
  step  1/20 iter  2: |R|=4.17599e+01, rel=1.974e-02, wall=0.08s
  step  1/20 iter  3: |R|=7.45320e-02, rel=3.523e-05, wall=0.08s
  step  1/20 iter  4: |R|=3.74436e-07, rel=1.770e-10, wall=0.08s
    converged: in-box 2070/2070; E11=[+0.0027,+0.0066], E22=[-0.0030,-0.0011], g12=[-0.0053,+0.0023]
  step  2/20 iter  1: |R|=2.11549e+03, rel=1.000e+00, wall=0.00s
  step  2/20 iter  2: |R|=1.33319e+02, rel=6.302e-02, wall=0.08s
  step  2/20 iter  3: |R|=3.75304e-01, rel=1.774e-04, wall=0.08s
  step  2/20 iter  4: |R|=5.50484e-06, rel=2.602e-09, wall=0.08s
    converged: in-box 2070/2070; E11=[+0.0056,+0.0134], E22=[-0.0061,-0.0022], g12=[-0.0107,+0.0047]
  step  3/20 iter  1: |R|=2.11549e+03, rel=1.000e+00, wall=0.00s
  step  3/20 iter  2: |R|=1.12598e+02, rel=5.323e-02, wall=0.08s
  step  3/20 iter  3: |R|=2.28383e-01, rel=1.080e-04, wall=0.08s
  step  3/20 iter  4: |R|=6.92666e-07, rel=3.274e-10, wall=0.08s
    converged: in-box 2070/2070; E11=[+0.0085,+0.0201], E22=[-0.0094,-0.0033], g12=[-0.0160,+0.0071]
  step  4/20 iter  1: |R|=2.11549e+03, rel=1.000e+00, wall=0.00s
  step  4/20 iter  2: |R|=1.35311e+02, rel=6.396e-02, wall=0.08s
  step  4/20 iter  3: |R|=5.35035e-01, rel=2.529e-04, wall=0.08s
  step  4/20 iter  4: |R|=8.60685e-06, rel=4.068e-09, wall=0.08s
    converged: in-box 2070/2070; E11=[+0.0114,+0.0273], E22=[-0.0127,-0.0045], g12=[-0.0214,+0.0096]
  step  5/20 iter  1: |R|=2.11549e+03, rel=1.000e+00, wall=0.00s
  step  5/20 iter  2: |R|=2.11801e+02, rel=1.001e-01, wall=0.08s
  step  5/20 iter  3: |R|=2.79120e+00, rel=1.319e-03, wall=0.08s
  step  5/20 iter  4: |R|=4.56005e-04, rel=2.156e-07, wall=0.07s
  step  5/20 iter  5: |R|=1.81877e-09, rel=8.597e-13, wall=0.08s
    converged: in-box 2070/2070; E11=[+0.0144,+0.0348], E22=[-0.0158,-0.0057], g12=[-0.0272,+0.0122]
  step  6/20 iter  1: |R|=2.11549e+03, rel=1.000e+00, wall=0.00s
  step  6/20 iter  2: |R|=5.45737e+02, rel=2.580e-01, wall=0.08s
  step  6/20 iter  3: |R|=1.75617e+01, rel=8.301e-03, wall=0.08s
  step  6/20 iter  4: |R|=1.35037e-02, rel=6.383e-06, wall=0.08s
  step  6/20 iter  5: |R|=9.10918e-09, rel=4.306e-12, wall=0.08s
    converged: in-box 2070/2070; E11=[+0.0175,+0.0419], E22=[-0.0194,-0.0069], g12=[-0.0329,+0.0148]
  step  7/20 iter  1: |R|=2.11549e+03, rel=1.000e+00, wall=0.00s
  step  7/20 iter  2: |R|=5.70267e+02, rel=2.696e-01, wall=0.08s
  step  7/20 iter  3: |R|=2.44054e+01, rel=1.154e-02, wall=0.08s
  step  7/20 iter  4: |R|=2.82289e-02, rel=1.334e-05, wall=0.08s
  step  7/20 iter  5: |R|=1.68029e-07, rel=7.943e-11, wall=0.08s
    converged: in-box 2070/2070; E11=[+0.0206,+0.0498], E22=[-0.0226,-0.0080], g12=[-0.0382,+0.0174]
  step  8/20 iter  1: |R|=2.11549e+03, rel=1.000e+00, wall=0.00s
  step  8/20 iter  2: |R|=6.61982e+02, rel=3.129e-01, wall=0.08s
  step  8/20 iter  3: |R|=1.26927e+01, rel=6.000e-03, wall=0.08s
  step  8/20 iter  4: |R|=4.44148e-03, rel=2.100e-06, wall=0.07s
  step  8/20 iter  5: |R|=2.91344e-09, rel=1.377e-12, wall=0.08s
    converged: in-box 2070/2070; E11=[+0.0238,+0.0579], E22=[-0.0258,-0.0091], g12=[-0.0441,+0.0200]
  step  9/20 iter  1: |R|=2.11549e+03, rel=1.000e+00, wall=0.00s
  step  9/20 iter  2: |R|=4.35097e+02, rel=2.057e-01, wall=0.08s
  step  9/20 iter  3: |R|=6.80540e+00, rel=3.217e-03, wall=0.08s
  step  9/20 iter  4: |R|=5.27493e-03, rel=2.493e-06, wall=0.08s
  step  9/20 iter  5: |R|=1.69452e-08, rel=8.010e-12, wall=0.08s
    converged: in-box 2070/2070; E11=[+0.0270,+0.0657], E22=[-0.0294,-0.0102], g12=[-0.0501,+0.0226]
  step 10/20 iter  1: |R|=2.11549e+03, rel=1.000e+00, wall=0.00s
  step 10/20 iter  2: |R|=4.70082e+02, rel=2.222e-01, wall=0.08s
  step 10/20 iter  3: |R|=8.94389e+00, rel=4.228e-03, wall=0.08s
  step 10/20 iter  4: |R|=7.99245e-03, rel=3.778e-06, wall=0.07s
  step 10/20 iter  5: |R|=9.64184e-09, rel=4.558e-12, wall=0.08s
    converged: in-box 2070/2070; E11=[+0.0304,+0.0740], E22=[-0.0326,-0.0116], g12=[-0.0560,+0.0253]
  step 11/20 iter  1: |R|=2.11549e+03, rel=1.000e+00, wall=0.00s
  step 11/20 iter  2: |R|=4.07836e+02, rel=1.928e-01, wall=0.08s
  step 11/20 iter  3: |R|=3.83260e+00, rel=1.812e-03, wall=0.08s
  step 11/20 iter  4: |R|=7.23583e-04, rel=3.420e-07, wall=0.08s
  step 11/20 iter  5: |R|=3.45792e-09, rel=1.635e-12, wall=0.07s
    converged: in-box 2070/2070; E11=[+0.0338,+0.0824], E22=[-0.0361,-0.0128], g12=[-0.0620,+0.0281]
  step 12/20 iter  1: |R|=2.11549e+03, rel=1.000e+00, wall=0.00s
  step 12/20 iter  2: |R|=3.52177e+02, rel=1.665e-01, wall=0.08s
  step 12/20 iter  3: |R|=1.81375e+00, rel=8.574e-04, wall=0.08s
  step 12/20 iter  4: |R|=9.69942e-05, rel=4.585e-08, wall=0.08s
    converged: in-box 2070/2070; E11=[+0.0373,+0.0908], E22=[-0.0395,-0.0140], g12=[-0.0680,+0.0308]
  step 13/20 iter  1: |R|=2.11549e+03, rel=1.000e+00, wall=0.00s
  step 13/20 iter  2: |R|=2.83043e+02, rel=1.338e-01, wall=0.08s
  step 13/20 iter  3: |R|=9.71951e-01, rel=4.594e-04, wall=0.07s
  step 13/20 iter  4: |R|=8.92905e-05, rel=4.221e-08, wall=0.07s
    converged: in-box 2070/2070; E11=[+0.0410,+0.0996], E22=[-0.0428,-0.0150], g12=[-0.0741,+0.0334]
  step 14/20 iter  1: |R|=2.11549e+03, rel=1.000e+00, wall=0.00s
  step 14/20 iter  2: |R|=2.73658e+02, rel=1.294e-01, wall=0.08s
  step 14/20 iter  3: |R|=7.54883e-01, rel=3.568e-04, wall=0.08s
  step 14/20 iter  4: |R|=2.63139e-05, rel=1.244e-08, wall=0.08s
    converged: in-box 2070/2070; E11=[+0.0445,+0.1083], E22=[-0.0463,-0.0163], g12=[-0.0802,+0.0361]
  step 15/20 iter  1: |R|=2.11549e+03, rel=1.000e+00, wall=0.00s
  step 15/20 iter  2: |R|=2.68285e+02, rel=1.268e-01, wall=0.08s
  step 15/20 iter  3: |R|=1.04612e+00, rel=4.945e-04, wall=0.08s
  step 15/20 iter  4: |R|=2.92715e-05, rel=1.384e-08, wall=0.08s
    converged: in-box 2070/2070; E11=[+0.0479,+0.1174], E22=[-0.0495,-0.0176], g12=[-0.0864,+0.0389]
  step 16/20 iter  1: |R|=2.11549e+03, rel=1.000e+00, wall=0.00s
  step 16/20 iter  2: |R|=2.29895e+02, rel=1.087e-01, wall=0.08s
  step 16/20 iter  3: |R|=3.70383e-01, rel=1.751e-04, wall=0.08s
  step 16/20 iter  4: |R|=6.09848e-06, rel=2.883e-09, wall=0.08s
    converged: in-box 2070/2070; E11=[+0.0515,+0.1265], E22=[-0.0529,-0.0188], g12=[-0.0927,+0.0416]
  step 17/20 iter  1: |R|=2.11549e+03, rel=1.000e+00, wall=0.00s
  step 17/20 iter  2: |R|=1.84758e+02, rel=8.734e-02, wall=0.08s
  step 17/20 iter  3: |R|=2.12157e-01, rel=1.003e-04, wall=0.08s
  step 17/20 iter  4: |R|=6.86254e-07, rel=3.244e-10, wall=0.08s
    converged: in-box 2070/2070; E11=[+0.0554,+0.1358], E22=[-0.0562,-0.0200], g12=[-0.0989,+0.0444]
  step 18/20 iter  1: |R|=2.11549e+03, rel=1.000e+00, wall=0.00s
  step 18/20 iter  2: |R|=1.79832e+02, rel=8.501e-02, wall=0.08s
  step 18/20 iter  3: |R|=2.22582e-01, rel=1.052e-04, wall=0.08s
  step 18/20 iter  4: |R|=5.44431e-07, rel=2.574e-10, wall=0.08s
    converged: in-box 2070/2070; E11=[+0.0594,+0.1453], E22=[-0.0594,-0.0212], g12=[-0.1053,+0.0471]
  step 19/20 iter  1: |R|=2.11549e+03, rel=1.000e+00, wall=0.00s
  step 19/20 iter  2: |R|=1.59314e+02, rel=7.531e-02, wall=0.08s
  step 19/20 iter  3: |R|=1.38972e-01, rel=6.569e-05, wall=0.08s
  step 19/20 iter  4: |R|=2.24169e-07, rel=1.060e-10, wall=0.08s
    converged: in-box 2070/2070; E11=[+0.0633,+0.1549], E22=[-0.0626,-0.0224], g12=[-0.1116,+0.0498]
  step 20/20 iter  1: |R|=2.11549e+03, rel=1.000e+00, wall=0.00s
  step 20/20 iter  2: |R|=1.53800e+02, rel=7.270e-02, wall=0.07s
  step 20/20 iter  3: |R|=1.74122e-01, rel=8.231e-05, wall=0.08s
  step 20/20 iter  4: |R|=3.79738e-07, rel=1.795e-10, wall=0.08s
    converged: in-box 2070/2070; E11=[+0.0672,+0.1646], E22=[-0.0658,-0.0236], g12=[-0.1178,+0.0526]
{
  "status": "converged",
  "model": "flexible_polyconvex_pann",
  "tier": "flexible",
  "tag": "capacity2x2_ickan_large_f100kn",
  "output": "/home/sares/ML_assisted_CLs_clean/coupon_fe2_paper/06_fe2/pann_fe2_capacity2x2_ickan_large_f100kn.npz",
  "wall_seconds": 5.675974069163203,
  "torch_threads": 8,
  "force_per_end": 100000.0,
  "n_steps_requested": 20,
  "n_steps_completed": 20,
  "macro_elements": 690,
  "macro_gauss_points": 2070,
  "rve_elements_reference": 1546,
  "checkpoint": {
    "checkpoint": "/home/sares/ML_assisted_CLs_clean/coupon_fe2_paper/06_pann/results/sc_capacity_2x2_v1/training/ickan_large_seed29/model.pt",
    "checkpoint_sha256": "510b449515b55e9391d04f1ed11046838a5bc275dda83f2bb409f6ab083c97a0",
    "core": "ickan",
    "features": 6,
    "widths": [
      56,
      56
    ],
    "learn_features": true,
    "dynamic_center": true,
    "spline_basis": "integrated_hat",
    "analytic_stress": true,
    "strain_scale": 0.1955,
    "energy_scale": 27042824.02698266
  },
  "tangent_preflight": {
    "tangent_fd_relative": 1.208545064962731e-10,
    "tangent_asymmetry_relative": 2.0904985651774518e-16
  },
  "macro_newton": [
    {
      "step": 1,
      "iterations": 4,
      "residual": 3.7443576982294366e-07,
      "relative_residual": 1.7699697097392559e-10,
      "coverage": {
        "n": 2070,
        "inside": 2070,
        "outside": 0,
        "minimum": [
          0.002740154066728673,
          -0.003016363212186235,
          -0.005333802431139634
        ],
        "maximum": [
          0.006648149971852257,
          -0.0010956350312097962,
          0.0023163256393400923
        ]
      }
    },
    {
      "step": 2,
      "iterations": 4,
      "residual": 5.504838760489653e-06,
      "relative_residual": 2.602154668022081e-09,
      "coverage": {
        "n": 2070,
        "inside": 2070,
        "outside": 0,
        "minimum": [
          0.0055694274328761395,
          -0.006115925383013476,
          -0.010749045017881716
        ],
        "maximum": [
          0.01337033757135242,
          -0.0021679735904272524,
          0.004671496744163189
        ]
      }
    },
    {
      "step": 3,
      "iterations": 4,
      "residual": 6.926663810052869e-07,
      "relative_residual": 3.274255859577689e-10,
      "coverage": {
        "n": 2070,
        "inside": 2070,
        "outside": 0,
        "minimum": [
          0.008487790842101495,
          -0.009435530704188677,
          -0.016025607265997617
        ],
        "maximum": [
          0.020124246622696185,
          -0.003299090116674286,
          0.0071089489584137
        ]
      }
    },
    {
      "step": 4,
      "iterations": 4,
      "residual": 8.606848111865466e-06,
      "relative_residual": 4.068484285810935e-09,
      "coverage": {
        "n": 2070,
        "inside": 2070,
        "outside": 0,
        "minimum": [
          0.011447479250037196,
          -0.012674444457860035,
          -0.0214314165672766
        ],
        "maximum": [
          0.027285907938588982,
          -0.0045027529859123505,
          0.009639637932131115
        ]
      }
    },
    {
      "step": 5,
      "iterations": 5,
      "residual": 1.8187682433667297e-09,
      "relative_residual": 8.597374928524657e-13,
      "coverage": {
        "n": 2070,
        "inside": 2070,
        "outside": 0,
        "minimum": [
          0.014433188700136323,
          -0.015775009255805272,
          -0.02715208828923144
        ],
        "maximum": [
          0.0348407104515297,
          -0.005696954231257767,
          0.012208261945072952
        ]
      }
    },
    {
      "step": 6,
      "iterations": 5,
      "residual": 9.109180012566705e-09,
      "relative_residual": 4.305938161417959e-12,
      "coverage": {
        "n": 2070,
        "inside": 2070,
        "outside": 0,
        "minimum": [
          0.017490070491991028,
          -0.019366234535334093,
          -0.03289213104495956
        ],
        "maximum": [
          0.041922839098161746,
          -0.00687847646911155,
          0.014778195975777274
        ]
      }
    },
    {
      "step": 7,
      "iterations": 5,
      "residual": 1.6802852903364564e-07,
      "relative_residual": 7.942761635786833e-11,
      "coverage": {
        "n": 2070,
        "inside": 2070,
        "outside": 0,
        "minimum": [
          0.02064967954462893,
          -0.022593882935789456,
          -0.03823231279083492
        ],
        "maximum": [
          0.049770719569585564,
          -0.00804765661077228,
          0.017375436628007647
        ]
      }
    },
    {
      "step": 8,
      "iterations": 5,
      "residual": 2.913437447363589e-09,
      "relative_residual": 1.3771910828636589e-12,
      "coverage": {
        "n": 2070,
        "inside": 2070,
        "outside": 0,
        "minimum": [
          0.023824182355839496,
          -0.02583907941266067,
          -0.044109724414660365
        ],
        "maximum": [
          0.057867442545998626,
          -0.009061950205406566,
          0.01998545530216372
        ]
      }
    },
    {
      "step": 9,
      "iterations": 5,
      "residual": 1.6945155169891877e-08,
      "relative_residual": 8.010028366606966e-12,
      "coverage": {
        "n": 2070,
        "inside": 2070,
        "outside": 0,
        "minimum": [
          0.027043513786982554,
          -0.029354772673152507,
          -0.050120590197262734
        ],
        "maximum": [
          0.06567197821465265,
          -0.01021704562332948,
          0.022593968421975707
        ]
      }
    },
    {
      "step": 10,
      "iterations": 5,
      "residual": 9.641841058972009e-09,
      "relative_residual": 4.557728720354316e-12,
      "coverage": {
        "n": 2070,
        "inside": 2070,
        "outside": 0,
        "minimum": [
          0.03036997167997335,
          -0.03263406531849228,
          -0.05599306251484271
        ],
        "maximum": [
          0.07402368994953368,
          -0.011576083191033815,
          0.02530607884354547
        ]
      }
    },
    {
      "step": 11,
      "iterations": 5,
      "residual": 3.4579219813729806e-09,
      "relative_residual": 1.6345706417289331e-12,
      "coverage": {
        "n": 2070,
        "inside": 2070,
        "outside": 0,
        "minimum": [
          0.033769972199454545,
          -0.03606688939680752,
          -0.062020283546918235
        ],
        "maximum": [
          0.08235135295767715,
          -0.012813753595914634,
          0.02806074880759339
        ]
      }
    },
    {
      "step": 12,
      "iterations": 4,
      "residual": 9.699418823886282e-05,
      "relative_residual": 4.5849459116771466e-08,
      "coverage": {
        "n": 2070,
        "inside": 2070,
        "outside": 0,
        "minimum": [
          0.03733322413938611,
          -0.03946826869660902,
          -0.06802933572620182
        ],
        "maximum": [
          0.09079838078624292,
          -0.013959260476231639,
          0.030764730970089513
        ]
      }
    },
    {
      "step": 13,
      "iterations": 4,
      "residual": 8.929046687820878e-05,
      "relative_residual": 4.22078860624795e-08,
      "coverage": {
        "n": 2070,
        "inside": 2070,
        "outside": 0,
        "minimum": [
          0.04098664545433406,
          -0.04281383782179199,
          -0.07406818060657508
        ],
        "maximum": [
          0.09957428547688374,
          -0.015026417457266072,
          0.033394819119908166
        ]
      }
    },
    {
      "step": 14,
      "iterations": 4,
      "residual": 2.6313908460116934e-05,
      "relative_residual": 1.2438667636127846e-08,
      "coverage": {
        "n": 2070,
        "inside": 2070,
        "outside": 0,
        "minimum": [
          0.04450409397009991,
          -0.04625309897671254,
          -0.08024962885466748
        ],
        "maximum": [
          0.10832679789111943,
          -0.01632130085903921,
          0.03614429344571257
        ]
      }
    },
    {
      "step": 15,
      "iterations": 4,
      "residual": 2.927145520148538e-05,
      "relative_residual": 1.3836709304643648e-08,
      "coverage": {
        "n": 2070,
        "inside": 2070,
        "outside": 0,
        "minimum": [
          0.04793760919644485,
          -0.049546201302227144,
          -0.08644093461867931
        ],
        "maximum": [
          0.1173628763428588,
          -0.01763715116254827,
          0.03889850307109199
        ]
      }
    },
    {
      "step": 16,
      "iterations": 4,
      "residual": 6.098479115129491e-06,
      "relative_residual": 2.8827703386491903e-09,
      "coverage": {
        "n": 2070,
        "inside": 2070,
        "outside": 0,
        "minimum": [
          0.05148757658054404,
          -0.05288877523343449,
          -0.09268689348769854
        ],
        "maximum": [
          0.12651491080577804,
          -0.018845128359588126,
          0.041623792217849016
        ]
      }
    },
    {
      "step": 17,
      "iterations": 4,
      "residual": 6.862542685803046e-07,
      "relative_residual": 3.243945601902728e-10,
      "coverage": {
        "n": 2070,
        "inside": 2070,
        "outside": 0,
        "minimum": [
          0.05536603350051017,
          -0.056183261022455355,
          -0.09894096240668884
        ],
        "maximum": [
          0.13581257960477733,
          -0.01997990989134324,
          0.04437955387264915
        ]
      }
    },
    {
      "step": 18,
      "iterations": 4,
      "residual": 5.444307568187354e-07,
      "relative_residual": 2.573541382211472e-10,
      "coverage": {
        "n": 2070,
        "inside": 2070,
        "outside": 0,
        "minimum": [
          0.05940867193608956,
          -0.059419392785869996,
          -0.10526708695610988
        ],
        "maximum": [
          0.14527446767861552,
          -0.021209500433726935,
          0.04713386400961504
        ]
      }
    },
    {
      "step": 19,
      "iterations": 4,
      "residual": 2.2416920930571382e-07,
      "relative_residual": 1.0596549321966691e-10,
      "coverage": {
        "n": 2070,
        "inside": 2070,
        "outside": 0,
        "minimum": [
          0.0633418261844626,
          -0.06259141285875819,
          -0.11156837404142664
        ],
        "maximum": [
          0.15489205700887476,
          -0.02243890044941471,
          0.04983554018418423
        ]
      }
    },
    {
      "step": 20,
      "iterations": 4,
      "residual": 3.797381251377902e-07,
      "relative_residual": 1.795034110777525e-10,
      "coverage": {
        "n": 2070,
        "inside": 2070,
        "outside": 0,
        "minimum": [
          0.06721793303028334,
          -0.06577398854969424,
          -0.11784099872406147
        ],
        "maximum": [
          0.1645969923328463,
          -0.023608121973326568,
          0.05255316100521411
        ]
      }
    }
  ],
  "material_calls": 68,
  "material_points": 140760,
  "summed_pann_seconds": 5.127844613045454,
  "macro_mesh_sha256": "81aa5d4c646b8200fa94ccdfceb1466e7d401576b6ca14d2969f3d76105f4762",
  "rve_mesh_sha256": "82e42f23fc9bdb45933f88f8cbd4f6f5e52f5755aee7f8f28b8781bf71c87a47"
}
 |  /           |                  
 ' /   __| _` | __|  _ \   __|    
 . \  |   (   | |   (   |\__ \  
_|\_\_|  \__,_|\__|\___/ ____/
           Multi-Physics 10.3."0"-master-532e0dba7df-Release-x86_64
           Compiled for GNU/Linux and Python3.12 with GCC-13.3
Compiled with threading support. Threading support with OpenMP.
Maximum number of threads: 8.
Importing    KratosStructuralMechanicsApplication 
    KRATOS   ___|  |                   |                   |
           \___ \  __|  __| |   |  __| __| |   |  __| _` | |
                 | |   |    |   | (    |   |   | |   (   | |
           _____/ \__|_|   \__,_|\___|\__|\__,_|_|  \__,_|_| MECHANICS
Initializing KratosStructuralMechanicsApplication...
Importing    KratosConstitutiveLawsApplication 
Initializing KratosConstitutiveLawsApplication...
[WARNING] DEPRECATION-Warning; MechanicalSolver: Using "line_search", please move it to "solving_strategy_settings" as "type" 
::[MechanicalSolver]:: : Construction finished 
::[StaticMechanicalSolver]:: : Construction finished 
::[MechanicalSolver]:: : Variables ADDED 
[WARNING] Model: Trying to create a root modelpart with name Structure however a ModelPart with the same name already exists. 
Returning the already existent ModelPart.
SingleImportModelPart: Reading model part from file: "/home/sares/ML_assisted_CLs_clean/coupon_fe2_paper/01_macro_prepass/coupon_conv_div4".mdpa
ModelPartIO:   [Reading Nodes    : 1501 nodes read]
ModelPartIO:   [Reading Geometries : 690 geometries read] [Type: Triangle2D6]
ModelPartIO:   [Total Lines Read : 4431]
SingleImportModelPart: Finished reading model part from mdpa file.
::[PythonSolver]::: Reading model part. 
::[PythonSolver]::: Using already imported model part - no reading necessary. 
ModelPart: -Structure- model part
    Buffer Size : 1
    Number of tables : 0
    Number of sub model parts : 2
    Current solution step index : 0
    DOMAIN_SIZE : 2
    OSS_SWITCH : 0
    IS_RESTARTED : 0

    Number of Geometries  : 690
    Mesh 0 :
        Number of Nodes       : 1501
        Number of Properties  : 1
        Number of Elements    : 690
        Number of Conditions  : 0
        Number of Constraints : 0

    -dirichlet- model part
        Number of tables : 0
        Number of sub model parts : 0

        Number of Geometries  : 0
        Mesh 0 :
            Number of Nodes       : 26
            Number of Properties  : 0
            Number of Elements    : 0
            Number of Conditions  : 0
            Number of Constraints : 0
    -material- model part
        Number of tables : 0
        Number of sub model parts : 0

        Number of Geometries  : 690
        Mesh 0 :
            Number of Nodes       : 1501
            Number of Properties  : 0
            Number of Elements    : 690
            Number of Conditions  : 0
            Number of Constraints : 0
 
::[PythonSolver]:: : Finished reading model part. 
Read materials: Started
Read materials: Finished
::[MechanicalSolver]:: : Constitutive law was successfully imported. 
::[MechanicalSolver]::: ModelPart prepared for Solver. 
::[MechanicalSolver]:: : DOF's ADDED 
::[MechanicalSolver]:: : Initializing ... 
Importing    LinearSolversApplication 
    Kratos  _     _                       ____        _
           | |   (_)_ __   ___  __ _ _ __/ ___|  ___ | |_   _____ _ __ ___
           | |   | | '_ \ / _ \/ _` | '__\___ \ / _ \| \ \ / / _ \ '__/ __|
           | |___| | | | |  __/ (_| | |   ___) | (_) | |\ V /  __/ |  \__ \
           |_____|_|_| |_|\___|\__,_|_|  |____/ \___/|_| \_/ \___|_|  |___/
Initializing KratosLinearSolversApplication...
Linear-Solver-Factory: Constructing a regular (non-complex) linear-solver 
::[MechanicalSolver]:: : Finished initialization. 
Analysis: Analysis -START-  
Deregistering KratosMultiphysics
Deregistering ConstitutiveLawsApplication
Deregistering LinearSolversApplication
Deregistering StructuralMechanicsApplication
