[VectorizedAssembler] 690 elements, 3 GPs, total area=1.311591e-04
[macro] 3002 dofs, 13/13 end-face nodes
  step  1/20 iter  1: |R|=2.11549e+03, rel=1.000e+00, wall=0.07s
  step  1/20 iter  2: |R|=6.23734e+01, rel=2.948e-02, wall=0.05s
  step  1/20 iter  3: |R|=1.01397e-01, rel=4.793e-05, wall=0.05s
  step  1/20 iter  4: |R|=4.62931e-07, rel=2.188e-10, wall=0.05s
    converged: in-box 2070/2070; E11=[+0.0028,+0.0067], E22=[-0.0031,-0.0011], g12=[-0.0054,+0.0023]
  step  2/20 iter  1: |R|=2.11549e+03, rel=1.000e+00, wall=0.00s
  step  2/20 iter  2: |R|=2.12989e+02, rel=1.007e-01, wall=0.05s
  step  2/20 iter  3: |R|=7.10767e-01, rel=3.360e-04, wall=0.04s
  step  2/20 iter  4: |R|=8.34387e-06, rel=3.944e-09, wall=0.05s
    converged: in-box 2070/2070; E11=[+0.0057,+0.0134], E22=[-0.0064,-0.0023], g12=[-0.0107,+0.0047]
  step  3/20 iter  1: |R|=2.11549e+03, rel=1.000e+00, wall=0.00s
  step  3/20 iter  2: |R|=2.73227e+02, rel=1.292e-01, wall=0.05s
  step  3/20 iter  3: |R|=2.91361e+00, rel=1.377e-03, wall=0.05s
  step  3/20 iter  4: |R|=3.95953e-04, rel=1.872e-07, wall=0.05s
  step  3/20 iter  5: |R|=1.30925e-09, rel=6.189e-13, wall=0.04s
    converged: in-box 2070/2070; E11=[+0.0086,+0.0204], E22=[-0.0096,-0.0035], g12=[-0.0160,+0.0072]
  step  4/20 iter  1: |R|=2.11549e+03, rel=1.000e+00, wall=0.00s
  step  4/20 iter  2: |R|=3.26092e+02, rel=1.541e-01, wall=0.05s
  step  4/20 iter  3: |R|=6.33736e+00, rel=2.996e-03, wall=0.05s
  step  4/20 iter  4: |R|=4.56952e-03, rel=2.160e-06, wall=0.05s
  step  4/20 iter  5: |R|=3.41753e-09, rel=1.615e-12, wall=0.05s
    converged: in-box 2070/2070; E11=[+0.0115,+0.0278], E22=[-0.0126,-0.0047], g12=[-0.0219,+0.0098]
  step  5/20 iter  1: |R|=2.11549e+03, rel=1.000e+00, wall=0.00s
  step  5/20 iter  2: |R|=4.95028e+02, rel=2.340e-01, wall=0.05s
  step  5/20 iter  3: |R|=1.61454e+01, rel=7.632e-03, wall=0.04s
  step  5/20 iter  4: |R|=1.00921e-02, rel=4.771e-06, wall=0.05s
  step  5/20 iter  5: |R|=7.84157e-09, rel=3.707e-12, wall=0.05s
    converged: in-box 2070/2070; E11=[+0.0145,+0.0347], E22=[-0.0162,-0.0057], g12=[-0.0275,+0.0122]
  step  6/20 iter  1: |R|=2.11549e+03, rel=1.000e+00, wall=0.00s
  step  6/20 iter  2: |R|=5.63737e+02, rel=2.665e-01, wall=0.05s
  step  6/20 iter  3: |R|=1.11383e+01, rel=5.265e-03, wall=0.05s
  step  6/20 iter  4: |R|=3.02443e-03, rel=1.430e-06, wall=0.05s
  step  6/20 iter  5: |R|=2.12717e-09, rel=1.006e-12, wall=0.05s
    converged: in-box 2070/2070; E11=[+0.0177,+0.0424], E22=[-0.0194,-0.0068], g12=[-0.0328,+0.0147]
  step  7/20 iter  1: |R|=2.11549e+03, rel=1.000e+00, wall=0.00s
  step  7/20 iter  2: |R|=5.00613e+02, rel=2.366e-01, wall=0.05s
  step  7/20 iter  3: |R|=8.57207e+00, rel=4.052e-03, wall=0.05s
  step  7/20 iter  4: |R|=1.94225e-03, rel=9.181e-07, wall=0.05s
  step  7/20 iter  5: |R|=2.42923e-09, rel=1.148e-12, wall=0.05s
    converged: in-box 2070/2070; E11=[+0.0208,+0.0502], E22=[-0.0227,-0.0079], g12=[-0.0387,+0.0173]
  step  8/20 iter  1: |R|=2.11549e+03, rel=1.000e+00, wall=0.00s
  step  8/20 iter  2: |R|=4.05790e+02, rel=1.918e-01, wall=0.05s
  step  8/20 iter  3: |R|=5.35149e+00, rel=2.530e-03, wall=0.05s
  step  8/20 iter  4: |R|=1.38470e-03, rel=6.545e-07, wall=0.05s
  step  8/20 iter  5: |R|=2.50637e-09, rel=1.185e-12, wall=0.05s
    converged: in-box 2070/2070; E11=[+0.0240,+0.0577], E22=[-0.0262,-0.0093], g12=[-0.0446,+0.0199]
  step  9/20 iter  1: |R|=2.11549e+03, rel=1.000e+00, wall=0.00s
  step  9/20 iter  2: |R|=4.74482e+02, rel=2.243e-01, wall=0.05s
  step  9/20 iter  3: |R|=6.11689e+00, rel=2.891e-03, wall=0.05s
  step  9/20 iter  4: |R|=1.01387e-03, rel=4.793e-07, wall=0.05s
  step  9/20 iter  5: |R|=2.49335e-09, rel=1.179e-12, wall=0.05s
    converged: in-box 2070/2070; E11=[+0.0273,+0.0659], E22=[-0.0293,-0.0105], g12=[-0.0503,+0.0226]
  step 10/20 iter  1: |R|=2.11549e+03, rel=1.000e+00, wall=0.00s
  step 10/20 iter  2: |R|=4.94579e+02, rel=2.338e-01, wall=0.05s
  step 10/20 iter  3: |R|=3.77086e+00, rel=1.782e-03, wall=0.05s
  step 10/20 iter  4: |R|=3.36989e-04, rel=1.593e-07, wall=0.05s
  step 10/20 iter  5: |R|=3.29087e-09, rel=1.556e-12, wall=0.05s
    converged: in-box 2070/2070; E11=[+0.0308,+0.0739], E22=[-0.0327,-0.0117], g12=[-0.0562,+0.0253]
  step 11/20 iter  1: |R|=2.11549e+03, rel=1.000e+00, wall=0.00s
  step 11/20 iter  2: |R|=3.66358e+02, rel=1.732e-01, wall=0.05s
  step 11/20 iter  3: |R|=2.20859e+00, rel=1.044e-03, wall=0.05s
  step 11/20 iter  4: |R|=1.09624e-04, rel=5.182e-08, wall=0.05s
    converged: in-box 2070/2070; E11=[+0.0342,+0.0821], E22=[-0.0360,-0.0127], g12=[-0.0622,+0.0280]
  step 12/20 iter  1: |R|=2.11549e+03, rel=1.000e+00, wall=0.00s
  step 12/20 iter  2: |R|=2.95676e+02, rel=1.398e-01, wall=0.05s
  step 12/20 iter  3: |R|=1.38840e+00, rel=6.563e-04, wall=0.05s
  step 12/20 iter  4: |R|=5.33231e-05, rel=2.521e-08, wall=0.05s
    converged: in-box 2070/2070; E11=[+0.0375,+0.0907], E22=[-0.0393,-0.0138], g12=[-0.0681,+0.0306]
  step 13/20 iter  1: |R|=2.11549e+03, rel=1.000e+00, wall=0.00s
  step 13/20 iter  2: |R|=2.93462e+02, rel=1.387e-01, wall=0.05s
  step 13/20 iter  3: |R|=2.34371e+00, rel=1.108e-03, wall=0.05s
  step 13/20 iter  4: |R|=1.54609e-04, rel=7.308e-08, wall=0.05s
    converged: in-box 2070/2070; E11=[+0.0408,+0.0994], E22=[-0.0427,-0.0151], g12=[-0.0742,+0.0333]
  step 14/20 iter  1: |R|=2.11549e+03, rel=1.000e+00, wall=0.00s
  step 14/20 iter  2: |R|=2.60284e+02, rel=1.230e-01, wall=0.05s
  step 14/20 iter  3: |R|=1.19709e+00, rel=5.659e-04, wall=0.05s
  step 14/20 iter  4: |R|=3.57542e-05, rel=1.690e-08, wall=0.05s
    converged: in-box 2070/2070; E11=[+0.0442,+0.1082], E22=[-0.0460,-0.0163], g12=[-0.0803,+0.0361]
  step 15/20 iter  1: |R|=2.11549e+03, rel=1.000e+00, wall=0.00s
  step 15/20 iter  2: |R|=2.02309e+02, rel=9.563e-02, wall=0.05s
  step 15/20 iter  3: |R|=7.15578e-01, rel=3.383e-04, wall=0.05s
  step 15/20 iter  4: |R|=1.36048e-05, rel=6.431e-09, wall=0.05s
    converged: in-box 2070/2070; E11=[+0.0479,+0.1172], E22=[-0.0494,-0.0175], g12=[-0.0864,+0.0388]
  step 16/20 iter  1: |R|=2.11549e+03, rel=1.000e+00, wall=0.00s
  step 16/20 iter  2: |R|=1.61884e+02, rel=7.652e-02, wall=0.05s
  step 16/20 iter  3: |R|=3.44039e-01, rel=1.626e-04, wall=0.05s
  step 16/20 iter  4: |R|=3.72468e-06, rel=1.761e-09, wall=0.05s
    converged: in-box 2070/2070; E11=[+0.0518,+0.1263], E22=[-0.0527,-0.0186], g12=[-0.0926,+0.0415]
  step 17/20 iter  1: |R|=2.11549e+03, rel=1.000e+00, wall=0.00s
  step 17/20 iter  2: |R|=1.11659e+02, rel=5.278e-02, wall=0.05s
  step 17/20 iter  3: |R|=1.78120e-01, rel=8.420e-05, wall=0.05s
  step 17/20 iter  4: |R|=3.93417e-06, rel=1.860e-09, wall=0.04s
    converged: in-box 2070/2070; E11=[+0.0556,+0.1357], E22=[-0.0560,-0.0198], g12=[-0.0988,+0.0443]
  step 18/20 iter  1: |R|=2.11549e+03, rel=1.000e+00, wall=0.00s
  step 18/20 iter  2: |R|=7.60137e+01, rel=3.593e-02, wall=0.05s
  step 18/20 iter  3: |R|=7.20188e-02, rel=3.404e-05, wall=0.05s
  step 18/20 iter  4: |R|=1.67765e-07, rel=7.930e-11, wall=0.05s
    converged: in-box 2070/2070; E11=[+0.0593,+0.1451], E22=[-0.0593,-0.0211], g12=[-0.1050,+0.0470]
  step 19/20 iter  1: |R|=2.11549e+03, rel=1.000e+00, wall=0.00s
  step 19/20 iter  2: |R|=6.11237e+01, rel=2.889e-02, wall=0.05s
  step 19/20 iter  3: |R|=5.14621e-02, rel=2.433e-05, wall=0.05s
  step 19/20 iter  4: |R|=2.77909e-07, rel=1.314e-10, wall=0.05s
    converged: in-box 2070/2070; E11=[+0.0630,+0.1547], E22=[-0.0625,-0.0223], g12=[-0.1113,+0.0497]
  step 20/20 iter  1: |R|=2.11549e+03, rel=1.000e+00, wall=0.00s
  step 20/20 iter  2: |R|=5.50687e+01, rel=2.603e-02, wall=0.05s
  step 20/20 iter  3: |R|=5.08121e-02, rel=2.402e-05, wall=0.05s
  step 20/20 iter  4: |R|=2.16863e-07, rel=1.025e-10, wall=0.05s
    converged: in-box 2070/2070; E11=[+0.0669,+0.1645], E22=[-0.0657,-0.0235], g12=[-0.1176,+0.0525]
{
  "status": "converged",
  "model": "flexible_polyconvex_pann",
  "tier": "flexible",
  "tag": "capacity_m32_ickan_f100kn",
  "output": "/home/sares/ML_assisted_CLs_clean/coupon_fe2_paper/06_fe2/pann_fe2_capacity_m32_ickan_f100kn.npz",
  "wall_seconds": 3.5769233889877796,
  "torch_threads": 8,
  "force_per_end": 100000.0,
  "n_steps_requested": 20,
  "n_steps_completed": 20,
  "macro_elements": 690,
  "macro_gauss_points": 2070,
  "rve_elements_reference": 1546,
  "checkpoint": {
    "checkpoint": "/home/sares/ML_assisted_CLs_clean/coupon_fe2_paper/06_pann/results/sc_m32_learned_v1/training/m32_ickan_learned_seed47/model.pt",
    "checkpoint_sha256": "9e72f855f2f532f2b050fb2813563c5023b017d0ada1346e6e4d8dd2a3dc6718",
    "core": "ickan",
    "features": 32,
    "widths": [
      12,
      12
    ],
    "learn_features": true,
    "dynamic_center": true,
    "spline_basis": "integrated_hat",
    "analytic_stress": true,
    "strain_scale": 0.1955,
    "energy_scale": 27042824.02698266
  },
  "tangent_preflight": {
    "tangent_fd_relative": 2.258220886692032e-10,
    "tangent_asymmetry_relative": 1.7556707025259427e-16
  },
  "macro_newton": [
    {
      "step": 1,
      "iterations": 4,
      "residual": 4.6293140157130147e-07,
      "relative_residual": 2.188291355966857e-10,
      "coverage": {
        "n": 2070,
        "inside": 2070,
        "outside": 0,
        "minimum": [
          0.0027905214509362786,
          -0.00306134588754825,
          -0.005394292475163595
        ],
        "maximum": [
          0.006721385881353847,
          -0.0010934471902090959,
          0.0023069077014457305
        ]
      }
    },
    {
      "step": 2,
      "iterations": 4,
      "residual": 8.343871497856168e-06,
      "relative_residual": 3.9441744097477914e-09,
      "coverage": {
        "n": 2070,
        "inside": 2070,
        "outside": 0,
        "minimum": [
          0.005679462694319293,
          -0.006396568146122772,
          -0.01067291115776062
        ],
        "maximum": [
          0.013389736318899281,
          -0.002258830277545698,
          0.004717829615334363
        ]
      }
    },
    {
      "step": 3,
      "iterations": 5,
      "residual": 1.3092453125502867e-09,
      "relative_residual": 6.188843944114885e-13,
      "coverage": {
        "n": 2070,
        "inside": 2070,
        "outside": 0,
        "minimum": [
          0.008582628452098673,
          -0.00961927514448413,
          -0.016022749773371158
        ],
        "maximum": [
          0.02040149919444101,
          -0.003508485209324619,
          0.007234573659403755
        ]
      }
    },
    {
      "step": 4,
      "iterations": 5,
      "residual": 3.4175325129904524e-09,
      "relative_residual": 1.615478412466436e-12,
      "coverage": {
        "n": 2070,
        "inside": 2070,
        "outside": 0,
        "minimum": [
          0.01150673837213878,
          -0.012642486622533089,
          -0.021900637478689193
        ],
        "maximum": [
          0.02780895953682072,
          -0.004699357963117101,
          0.009753541359163837
        ]
      }
    },
    {
      "step": 5,
      "iterations": 5,
      "residual": 7.84156592692571e-09,
      "relative_residual": 3.706732979636309e-12,
      "coverage": {
        "n": 2070,
        "inside": 2070,
        "outside": 0,
        "minimum": [
          0.01454338162464075,
          -0.016233332181503968,
          -0.02748690806734226
        ],
        "maximum": [
          0.03471153084666323,
          -0.005721528244881702,
          0.012239522580665014
        ]
      }
    },
    {
      "step": 6,
      "iterations": 5,
      "residual": 2.1271719528700926e-09,
      "relative_residual": 1.0055209003582119e-12,
      "coverage": {
        "n": 2070,
        "inside": 2070,
        "outside": 0,
        "minimum": [
          0.0176722823985197,
          -0.019438182025689976,
          -0.03275679016699635
        ],
        "maximum": [
          0.042390228270786534,
          -0.00682470738470331,
          0.014741643720749034
        ]
      }
    },
    {
      "step": 7,
      "iterations": 5,
      "residual": 2.429232910440533e-09,
      "relative_residual": 1.1483060689994258e-12,
      "coverage": {
        "n": 2070,
        "inside": 2070,
        "outside": 0,
        "minimum": [
          0.02077726918826439,
          -0.022662568225677304,
          -0.0386558083787727
        ],
        "maximum": [
          0.05018284094805492,
          -0.007920118631709161,
          0.017277088848056996
        ]
      }
    },
    {
      "step": 8,
      "iterations": 5,
      "residual": 2.506371752824661e-09,
      "relative_residual": 1.1847698434215939e-12,
      "coverage": {
        "n": 2070,
        "inside": 2070,
        "outside": 0,
        "minimum": [
          0.023974712661752218,
          -0.02616857481979129,
          -0.044600658309585484
        ],
        "maximum": [
          0.05769362016713975,
          -0.009255344331231596,
          0.019914962499021766
        ]
      }
    },
    {
      "step": 9,
      "iterations": 5,
      "residual": 2.4933483786559226e-09,
      "relative_residual": 1.178613653320313e-12,
      "coverage": {
        "n": 2070,
        "inside": 2070,
        "outside": 0,
        "minimum": [
          0.027335564148961766,
          -0.029304130485962088,
          -0.05029018852981597
        ],
        "maximum": [
          0.06585495739057945,
          -0.010450251184645931,
          0.0226252432126748
        ]
      }
    },
    {
      "step": 10,
      "iterations": 5,
      "residual": 3.290874829028008e-09,
      "relative_residual": 1.5556069252350644e-12,
      "coverage": {
        "n": 2070,
        "inside": 2070,
        "outside": 0,
        "minimum": [
          0.030768597449278512,
          -0.03270556213347697,
          -0.05623158756962811
        ],
        "maximum": [
          0.07390173631616936,
          -0.011657496412293022,
          0.025319904574496958
        ]
      }
    },
    {
      "step": 11,
      "iterations": 4,
      "residual": 0.00010962448429016955,
      "relative_residual": 5.1819839950421764e-08,
      "coverage": {
        "n": 2070,
        "inside": 2070,
        "outside": 0,
        "minimum": [
          0.03415698286740165,
          -0.03604034179718696,
          -0.0621781511084561
        ],
        "maximum": [
          0.08214382881520732,
          -0.01268589402382686,
          0.027951799320145538
        ]
      }
    },
    {
      "step": 12,
      "iterations": 4,
      "residual": 5.332305140655381e-05,
      "relative_residual": 2.5205974687652722e-08,
      "coverage": {
        "n": 2070,
        "inside": 2070,
        "outside": 0,
        "minimum": [
          0.037475829385382964,
          -0.039339459295111456,
          -0.06813637606809811
        ],
        "maximum": [
          0.09073365099305664,
          -0.013842573390939417,
          0.030568803278651274
        ]
      }
    },
    {
      "step": 13,
      "iterations": 4,
      "residual": 0.00015460850541974152,
      "relative_residual": 7.308392846886528e-08,
      "coverage": {
        "n": 2070,
        "inside": 2070,
        "outside": 0,
        "minimum": [
          0.04080109303583168,
          -0.042693461457692594,
          -0.07422031343189123
        ],
        "maximum": [
          0.09938442345464582,
          -0.015079431706453594,
          0.033344143806595006
        ]
      }
    },
    {
      "step": 14,
      "iterations": 4,
      "residual": 3.5754238078895815e-05,
      "relative_residual": 1.6901141535854578e-08,
      "coverage": {
        "n": 2070,
        "inside": 2070,
        "outside": 0,
        "minimum": [
          0.04424722409110182,
          -0.04604512944586159,
          -0.08032843971286739
        ],
        "maximum": [
          0.10817939877168892,
          -0.01634556629709477,
          0.03607964586956328
        ]
      }
    },
    {
      "step": 15,
      "iterations": 4,
      "residual": 1.3604762613457264e-05,
      "relative_residual": 6.4310143015057295e-09,
      "coverage": {
        "n": 2070,
        "inside": 2070,
        "outside": 0,
        "minimum": [
          0.04794131990466066,
          -0.0493878033577132,
          -0.0864374054654827
        ],
        "maximum": [
          0.11718380621221436,
          -0.017497608027631728,
          0.03875987368537204
        ]
      }
    },
    {
      "step": 16,
      "iterations": 4,
      "residual": 3.724678696792131e-06,
      "relative_residual": 1.760667383454865e-09,
      "coverage": {
        "n": 2070,
        "inside": 2070,
        "outside": 0,
        "minimum": [
          0.0517997560182506,
          -0.05271413938244879,
          -0.0926100372396319
        ],
        "maximum": [
          0.1263490383315088,
          -0.01864062111114778,
          0.041516662927566055
        ]
      }
    },
    {
      "step": 17,
      "iterations": 4,
      "residual": 3.9341698355170665e-06,
      "relative_residual": 1.859694506097496e-09,
      "coverage": {
        "n": 2070,
        "inside": 2070,
        "outside": 0,
        "minimum": [
          0.055570671138692074,
          -0.05602436798836252,
          -0.09882164805583528
        ],
        "maximum": [
          0.13565375767726062,
          -0.019845537640489186,
          0.04426625001202849
        ]
      }
    },
    {
      "step": 18,
      "iterations": 4,
      "residual": 1.6776511348571678e-07,
      "relative_residual": 7.930309899642062e-11,
      "coverage": {
        "n": 2070,
        "inside": 2070,
        "outside": 0,
        "minimum": [
          0.05926311703658582,
          -0.0593027758289163,
          -0.10504770185571473
        ],
        "maximum": [
          0.14510674961535375,
          -0.021080910780058082,
          0.04697641158126502
        ]
      }
    },
    {
      "step": 19,
      "iterations": 4,
      "residual": 2.7790940792549207e-07,
      "relative_residual": 1.3136865484626568e-10,
      "coverage": {
        "n": 2070,
        "inside": 2070,
        "outside": 0,
        "minimum": [
          0.06298890005014923,
          -0.06254854106960678,
          -0.11128596192424915
        ],
        "maximum": [
          0.15471702236504936,
          -0.022295560890141564,
          0.049746563851999735
        ]
      }
    },
    {
      "step": 20,
      "iterations": 4,
      "residual": 2.1686259380156073e-07,
      "relative_residual": 1.0251163300604272e-10,
      "coverage": {
        "n": 2070,
        "inside": 2070,
        "outside": 0,
        "minimum": [
          0.06685164790105746,
          -0.06574273184305207,
          -0.11755267121963063
        ],
        "maximum": [
          0.16446928629599944,
          -0.02349827906098595,
          0.05249979827095098
        ]
      }
    }
  ],
  "material_calls": 69,
  "material_points": 142830,
  "summed_pann_seconds": 3.0113592632114887,
  "macro_mesh_sha256": "81aa5d4c646b8200fa94ccdfceb1466e7d401576b6ca14d2969f3d76105f4762",
  "rve_mesh_sha256": "82e42f23fc9bdb45933f88f8cbd4f6f5e52f5755aee7f8f28b8781bf71c87a47"
}
 |  /           |                  
 ' /   __| _` | __|  _ \   __|    
 . \  |   (   | |   (   |\__ \  
_|\_\_|  \__,_|\__|\___/ ____/
           Multi-Physics 10.3."0"-master-532e0dba7df-Release-x86_64
           Compiled for GNU/Linux and Python3.12 with GCC-13.3
Compiled with threading support. Threading support with OpenMP.
Maximum number of threads: 8.
Importing    KratosStructuralMechanicsApplication 
    KRATOS   ___|  |                   |                   |
           \___ \  __|  __| |   |  __| __| |   |  __| _` | |
                 | |   |    |   | (    |   |   | |   (   | |
           _____/ \__|_|   \__,_|\___|\__|\__,_|_|  \__,_|_| MECHANICS
Initializing KratosStructuralMechanicsApplication...
Importing    KratosConstitutiveLawsApplication 
Initializing KratosConstitutiveLawsApplication...
[WARNING] DEPRECATION-Warning; MechanicalSolver: Using "line_search", please move it to "solving_strategy_settings" as "type" 
::[MechanicalSolver]:: : Construction finished 
::[StaticMechanicalSolver]:: : Construction finished 
::[MechanicalSolver]:: : Variables ADDED 
[WARNING] Model: Trying to create a root modelpart with name Structure however a ModelPart with the same name already exists. 
Returning the already existent ModelPart.
SingleImportModelPart: Reading model part from file: "/home/sares/ML_assisted_CLs_clean/coupon_fe2_paper/01_macro_prepass/coupon_conv_div4".mdpa
ModelPartIO:   [Reading Nodes    : 1501 nodes read]
ModelPartIO:   [Reading Geometries : 690 geometries read] [Type: Triangle2D6]
ModelPartIO:   [Total Lines Read : 4431]
SingleImportModelPart: Finished reading model part from mdpa file.
::[PythonSolver]::: Reading model part. 
::[PythonSolver]::: Using already imported model part - no reading necessary. 
ModelPart: -Structure- model part
    Buffer Size : 1
    Number of tables : 0
    Number of sub model parts : 2
    Current solution step index : 0
    DOMAIN_SIZE : 2
    OSS_SWITCH : 0
    IS_RESTARTED : 0

    Number of Geometries  : 690
    Mesh 0 :
        Number of Nodes       : 1501
        Number of Properties  : 1
        Number of Elements    : 690
        Number of Conditions  : 0
        Number of Constraints : 0

    -dirichlet- model part
        Number of tables : 0
        Number of sub model parts : 0

        Number of Geometries  : 0
        Mesh 0 :
            Number of Nodes       : 26
            Number of Properties  : 0
            Number of Elements    : 0
            Number of Conditions  : 0
            Number of Constraints : 0
    -material- model part
        Number of tables : 0
        Number of sub model parts : 0

        Number of Geometries  : 690
        Mesh 0 :
            Number of Nodes       : 1501
            Number of Properties  : 0
            Number of Elements    : 690
            Number of Conditions  : 0
            Number of Constraints : 0
 
::[PythonSolver]:: : Finished reading model part. 
Read materials: Started
Read materials: Finished
::[MechanicalSolver]:: : Constitutive law was successfully imported. 
::[MechanicalSolver]::: ModelPart prepared for Solver. 
::[MechanicalSolver]:: : DOF's ADDED 
::[MechanicalSolver]:: : Initializing ... 
Importing    LinearSolversApplication 
    Kratos  _     _                       ____        _
           | |   (_)_ __   ___  __ _ _ __/ ___|  ___ | |_   _____ _ __ ___
           | |   | | '_ \ / _ \/ _` | '__\___ \ / _ \| \ \ / / _ \ '__/ __|
           | |___| | | | |  __/ (_| | |   ___) | (_) | |\ V /  __/ |  \__ \
           |_____|_|_| |_|\___|\__,_|_|  |____/ \___/|_| \_/ \___|_|  |___/
Initializing KratosLinearSolversApplication...
Linear-Solver-Factory: Constructing a regular (non-complex) linear-solver 
::[MechanicalSolver]:: : Finished initialization. 
Analysis: Analysis -START-  
Deregistering KratosMultiphysics
Deregistering ConstitutiveLawsApplication
Deregistering LinearSolversApplication
Deregistering StructuralMechanicsApplication
