[VectorizedAssembler] 690 elements, 3 GPs, total area=1.311591e-04
[macro] 3002 dofs, 13/13 end-face nodes
  step  1/5 iter  1: |R|=8.46197e+03, rel=1.000e+00, wall=0.03s
  step  1/5 iter  2: |R|=2.68291e+02, rel=3.171e-02, wall=0.03s
  step  1/5 iter  3: |R|=4.18998e+00, rel=4.952e-04, wall=0.03s
  step  1/5 iter  4: |R|=5.74712e-04, rel=6.792e-08, wall=0.03s
    converged: in-box 2070/2070; E11=[+0.0113,+0.0274], E22=[-0.0124,-0.0044], g12=[-0.0218,+0.0096]
  step  2/5 iter  1: |R|=8.46197e+03, rel=1.000e+00, wall=0.00s
  step  2/5 iter  2: |R|=6.68757e+02, rel=7.903e-02, wall=0.03s
  step  2/5 iter  3: |R|=1.29060e+00, rel=1.525e-04, wall=0.03s
  step  2/5 iter  4: |R|=4.09894e-06, rel=4.844e-10, wall=0.03s
    converged: in-box 2070/2070; E11=[+0.0238,+0.0578], E22=[-0.0257,-0.0090], g12=[-0.0445,+0.0199]
  step  3/5 iter  1: |R|=8.46197e+03, rel=1.000e+00, wall=0.00s
  step  3/5 iter  2: |R|=3.40540e+02, rel=4.024e-02, wall=0.03s
  step  3/5 iter  3: |R|=1.11712e+00, rel=1.320e-04, wall=0.03s
  step  3/5 iter  4: |R|=9.36101e-06, rel=1.106e-09, wall=0.03s
    converged: in-box 2070/2070; E11=[+0.0372,+0.0909], E22=[-0.0394,-0.0137], g12=[-0.0682,+0.0307]
  step  4/5 iter  1: |R|=8.46197e+03, rel=1.000e+00, wall=0.00s
  step  4/5 iter  2: |R|=4.01107e+02, rel=4.740e-02, wall=0.03s
  step  4/5 iter  3: |R|=9.08985e-01, rel=1.074e-04, wall=0.03s
  step  4/5 iter  4: |R|=7.92724e-06, rel=9.368e-10, wall=0.03s
    converged: in-box 2070/2070; E11=[+0.0517,+0.1266], E22=[-0.0528,-0.0187], g12=[-0.0929,+0.0417]
  step  5/5 iter  1: |R|=8.46197e+03, rel=1.000e+00, wall=0.00s
  step  5/5 iter  2: |R|=4.71851e+02, rel=5.576e-02, wall=0.03s
  step  5/5 iter  3: |R|=8.55936e-01, rel=1.012e-04, wall=0.03s
  step  5/5 iter  4: |R|=1.00597e-05, rel=1.189e-09, wall=0.03s
    converged: in-box 2070/2070; E11=[+0.0671,+0.1645], E22=[-0.0657,-0.0236], g12=[-0.1179,+0.0527]
{
  "status": "converged",
  "model": "flexible_polyconvex_pann",
  "tier": "flexible",
  "tag": "large_increment_ICKAN_n5",
  "output": "/home/sares/ML_assisted_CLs_clean/coupon_fe2_paper/06_fe2/results/large_increment_v1/pann_fe2_large_increment_ICKAN_n5.npz",
  "wall_seconds": 0.5257952213287354,
  "torch_threads": 8,
  "force_per_end": 100000.0,
  "n_steps_requested": 5,
  "n_steps_completed": 5,
  "max_newton": 50,
  "macro_elements": 690,
  "macro_gauss_points": 2070,
  "rve_elements_reference": 1546,
  "checkpoint": {
    "checkpoint": "/home/sares/ML_assisted_CLs_clean/coupon_fe2_paper/06_pann/results/sc_m06_learned_v1/training/m06_ickan_learned_seed16/model.pt",
    "checkpoint_sha256": "cbcd558b55377871465f08df9360f730705147877e5ae3df33eeef88db69c3f7",
    "core": "ickan",
    "features": 6,
    "widths": [
      12,
      12
    ],
    "learn_features": true,
    "dynamic_center": true,
    "spline_basis": "integrated_hat",
    "analytic_stress": true,
    "strain_scale": 0.1955,
    "energy_scale": 27042824.02698266
  },
  "tangent_preflight": {
    "tangent_fd_relative": 1.851710807292483e-10,
    "tangent_asymmetry_relative": 9.515348653051998e-17
  },
  "macro_newton": [
    {
      "step": 1,
      "iterations": 4,
      "residual": 0.0005747115541734685,
      "relative_residual": 6.791699169160681e-08,
      "coverage": {
        "n": 2070,
        "inside": 2070,
        "outside": 0,
        "minimum": [
          0.01132029413533675,
          -0.012407674720444184,
          -0.021824138645653947
        ],
        "maximum": [
          0.02736704356880748,
          -0.004378535863264754,
          0.009620464564751203
        ]
      },
      "iterates": [
        {
          "iteration": 1,
          "residual": 8461.970117626564,
          "relative_residual": 1.0,
          "outside": 0,
          "min_det_C": 1.0
        },
        {
          "iteration": 2,
          "residual": 268.2914035710222,
          "relative_residual": 0.03170554845285524,
          "outside": 0,
          "min_det_C": 1.0093320988954104
        },
        {
          "iteration": 3,
          "residual": 4.189981642323904,
          "relative_residual": 0.0004951543888811464,
          "outside": 0,
          "min_det_C": 1.0097183170514352
        },
        {
          "iteration": 4,
          "residual": 0.0005747115541734685,
          "relative_residual": 6.791699169160681e-08,
          "outside": 0,
          "min_det_C": 1.0097168253417554
        }
      ]
    },
    {
      "step": 2,
      "iterations": 4,
      "residual": 4.098941255332437e-06,
      "relative_residual": 4.84395626909315e-10,
      "coverage": {
        "n": 2070,
        "inside": 2070,
        "outside": 0,
        "minimum": [
          0.0238194590276678,
          -0.025721269159630356,
          -0.04446685266458762
        ],
        "maximum": [
          0.05775483644223123,
          -0.008966268956964063,
          0.019943398884774817
        ]
      },
      "iterates": [
        {
          "iteration": 1,
          "residual": 8461.969984092797,
          "relative_residual": 1.0,
          "outside": 0,
          "min_det_C": 1.0097168253417554
        },
        {
          "iteration": 2,
          "residual": 668.7570191691233,
          "relative_residual": 0.07903089002044249,
          "outside": 0,
          "min_det_C": 1.0196802821366429
        },
        {
          "iteration": 3,
          "residual": 1.2905958682208138,
          "relative_residual": 0.00015251718815440562,
          "outside": 0,
          "min_det_C": 1.0204964698775902
        },
        {
          "iteration": 4,
          "residual": 4.098941255332437e-06,
          "relative_residual": 4.84395626909315e-10,
          "outside": 0,
          "min_det_C": 1.0204935279357918
        }
      ]
    },
    {
      "step": 3,
      "iterations": 4,
      "residual": 9.361005691424336e-06,
      "relative_residual": 1.1062442387923134e-09,
      "coverage": {
        "n": 2070,
        "inside": 2070,
        "outside": 0,
        "minimum": [
          0.0372497926962263,
          -0.03936532092495382,
          -0.06821613956496685
        ],
        "maximum": [
          0.09087946595232499,
          -0.013749293986900779,
          0.030717150605113763
        ]
      },
      "iterates": [
        {
          "iteration": 1,
          "residual": 8461.970117596946,
          "relative_residual": 1.0,
          "outside": 0,
          "min_det_C": 1.0204935279357918
        },
        {
          "iteration": 2,
          "residual": 340.540318771535,
          "relative_residual": 0.04024362105266363,
          "outside": 0,
          "min_det_C": 1.0311666475471952
        },
        {
          "iteration": 3,
          "residual": 1.1171240292105133,
          "relative_residual": 0.0001320170142042238,
          "outside": 0,
          "min_det_C": 1.0311389381864697
        },
        {
          "iteration": 4,
          "residual": 9.361005691424336e-06,
          "relative_residual": 1.1062442387923134e-09,
          "outside": 0,
          "min_det_C": 1.031138887860681
        }
      ]
    },
    {
      "step": 4,
      "iterations": 4,
      "residual": 7.927240329301746e-06,
      "relative_residual": 9.368078850751138e-10,
      "coverage": {
        "n": 2070,
        "inside": 2070,
        "outside": 0,
        "minimum": [
          0.0516591662081648,
          -0.052840925394833094,
          -0.09285946776457402
        ],
        "maximum": [
          0.12659607300125364,
          -0.018660178388204107,
          0.0417253724016409
        ]
      },
      "iterates": [
        {
          "iteration": 1,
          "residual": 8461.97011745491,
          "relative_residual": 1.0,
          "outside": 0,
          "min_det_C": 1.031138887860681
        },
        {
          "iteration": 2,
          "residual": 401.10736824316035,
          "relative_residual": 0.047401179946946044,
          "outside": 0,
          "min_det_C": 1.041827039948337
        },
        {
          "iteration": 3,
          "residual": 0.9089852119657098,
          "relative_residual": 0.0001074200451370896,
          "outside": 0,
          "min_det_C": 1.0424322781909998
        },
        {
          "iteration": 4,
          "residual": 7.927240329301746e-06,
          "relative_residual": 9.368078850751138e-10,
          "outside": 0,
          "min_det_C": 1.042432820135075
        }
      ]
    },
    {
      "step": 5,
      "iterations": 4,
      "residual": 1.0059650235669148e-05,
      "relative_residual": 1.1888071094343688e-09,
      "coverage": {
        "n": 2070,
        "inside": 2070,
        "outside": 0,
        "minimum": [
          0.06710893972479948,
          -0.06572774134945997,
          -0.11793448536556354
        ],
        "maximum": [
          0.16447496370456482,
          -0.02356736831976619,
          0.05273813590638783
        ]
      },
      "iterates": [
        {
          "iteration": 1,
          "residual": 8461.970117637926,
          "relative_residual": 1.0,
          "outside": 0,
          "min_det_C": 1.042432820135075
        },
        {
          "iteration": 2,
          "residual": 471.8505248207806,
          "relative_residual": 0.05576130833140935,
          "outside": 0,
          "min_det_C": 1.053953646974365
        },
        {
          "iteration": 3,
          "residual": 0.8559357537815581,
          "relative_residual": 0.00010115088352740295,
          "outside": 0,
          "min_det_C": 1.0543602468596032
        },
        {
          "iteration": 4,
          "residual": 1.0059650235669148e-05,
          "relative_residual": 1.1888071094343688e-09,
          "outside": 0,
          "min_det_C": 1.0543602794829088
        }
      ]
    }
  ],
  "material_calls": 16,
  "material_points": 33120,
  "summed_pann_seconds": 0.38210695050656796,
  "macro_mesh_sha256": "81aa5d4c646b8200fa94ccdfceb1466e7d401576b6ca14d2969f3d76105f4762",
  "rve_mesh_sha256": "82e42f23fc9bdb45933f88f8cbd4f6f5e52f5755aee7f8f28b8781bf71c87a47"
}
 |  /           |                  
 ' /   __| _` | __|  _ \   __|    
 . \  |   (   | |   (   |\__ \  
_|\_\_|  \__,_|\__|\___/ ____/
           Multi-Physics 10.3."0"-master-532e0dba7df-Release-x86_64
           Compiled for GNU/Linux and Python3.12 with GCC-13.3
Compiled with threading support. Threading support with OpenMP.
Maximum number of threads: 8.
Importing    KratosStructuralMechanicsApplication 
    KRATOS   ___|  |                   |                   |
           \___ \  __|  __| |   |  __| __| |   |  __| _` | |
                 | |   |    |   | (    |   |   | |   (   | |
           _____/ \__|_|   \__,_|\___|\__|\__,_|_|  \__,_|_| MECHANICS
Initializing KratosStructuralMechanicsApplication...
Importing    KratosConstitutiveLawsApplication 
Initializing KratosConstitutiveLawsApplication...
[WARNING] DEPRECATION-Warning; MechanicalSolver: Using "line_search", please move it to "solving_strategy_settings" as "type" 
::[MechanicalSolver]:: : Construction finished 
::[StaticMechanicalSolver]:: : Construction finished 
::[MechanicalSolver]:: : Variables ADDED 
[WARNING] Model: Trying to create a root modelpart with name Structure however a ModelPart with the same name already exists. 
Returning the already existent ModelPart.
SingleImportModelPart: Reading model part from file: "/home/sares/ML_assisted_CLs_clean/coupon_fe2_paper/01_macro_prepass/coupon_conv_div4".mdpa
ModelPartIO:   [Reading Nodes    : 1501 nodes read]
ModelPartIO:   [Reading Geometries : 690 geometries read] [Type: Triangle2D6]
ModelPartIO:   [Total Lines Read : 4431]
SingleImportModelPart: Finished reading model part from mdpa file.
::[PythonSolver]::: Reading model part. 
::[PythonSolver]::: Using already imported model part - no reading necessary. 
ModelPart: -Structure- model part
    Buffer Size : 1
    Number of tables : 0
    Number of sub model parts : 2
    Current solution step index : 0
    DOMAIN_SIZE : 2
    OSS_SWITCH : 0
    IS_RESTARTED : 0

    Number of Geometries  : 690
    Mesh 0 :
        Number of Nodes       : 1501
        Number of Properties  : 1
        Number of Elements    : 690
        Number of Conditions  : 0
        Number of Constraints : 0

    -dirichlet- model part
        Number of tables : 0
        Number of sub model parts : 0

        Number of Geometries  : 0
        Mesh 0 :
            Number of Nodes       : 26
            Number of Properties  : 0
            Number of Elements    : 0
            Number of Conditions  : 0
            Number of Constraints : 0
    -material- model part
        Number of tables : 0
        Number of sub model parts : 0

        Number of Geometries  : 690
        Mesh 0 :
            Number of Nodes       : 1501
            Number of Properties  : 0
            Number of Elements    : 690
            Number of Conditions  : 0
            Number of Constraints : 0
 
::[PythonSolver]:: : Finished reading model part. 
Read materials: Started
Read materials: Finished
::[MechanicalSolver]:: : Constitutive law was successfully imported. 
::[MechanicalSolver]::: ModelPart prepared for Solver. 
::[MechanicalSolver]:: : DOF's ADDED 
::[MechanicalSolver]:: : Initializing ... 
Importing    LinearSolversApplication 
    Kratos  _     _                       ____        _
           | |   (_)_ __   ___  __ _ _ __/ ___|  ___ | |_   _____ _ __ ___
           | |   | | '_ \ / _ \/ _` | '__\___ \ / _ \| \ \ / / _ \ '__/ __|
           | |___| | | | |  __/ (_| | |   ___) | (_) | |\ V /  __/ |  \__ \
           |_____|_|_| |_|\___|\__,_|_|  |____/ \___/|_| \_/ \___|_|  |___/
Initializing KratosLinearSolversApplication...
Linear-Solver-Factory: Constructing a regular (non-complex) linear-solver 
::[MechanicalSolver]:: : Finished initialization. 
Analysis: Analysis -START-  
Deregistering KratosMultiphysics
Deregistering ConstitutiveLawsApplication
Deregistering LinearSolversApplication
Deregistering StructuralMechanicsApplication
