[VectorizedAssembler] 690 elements, 3 GPs, total area=1.311591e-04
[macro] 3002 dofs, 13/13 end-face nodes
  step  1/20 iter  1: |R|=2.11549e+03, rel=1.000e+00, wall=0.04s
  step  1/20 iter  2: |R|=2.63067e+01, rel=1.244e-02, wall=0.03s
  step  1/20 iter  3: |R|=4.36868e-02, rel=2.065e-05, wall=0.02s
  step  1/20 iter  4: |R|=1.17876e-07, rel=5.572e-11, wall=0.02s
    converged: in-box 2070/2070; E11=[+0.0027,+0.0066], E22=[-0.0030,-0.0011], g12=[-0.0053,+0.0023]
  step  2/20 iter  1: |R|=2.11549e+03, rel=1.000e+00, wall=0.00s
  step  2/20 iter  2: |R|=9.41823e+01, rel=4.452e-02, wall=0.02s
  step  2/20 iter  3: |R|=1.56003e-01, rel=7.374e-05, wall=0.02s
  step  2/20 iter  4: |R|=4.19885e-07, rel=1.985e-10, wall=0.02s
    converged: in-box 2070/2070; E11=[+0.0055,+0.0133], E22=[-0.0061,-0.0022], g12=[-0.0107,+0.0047]
  step  3/20 iter  1: |R|=2.11549e+03, rel=1.000e+00, wall=0.00s
  step  3/20 iter  2: |R|=8.54803e+01, rel=4.041e-02, wall=0.02s
  step  3/20 iter  3: |R|=1.95073e-01, rel=9.221e-05, wall=0.02s
  step  3/20 iter  4: |R|=4.89534e-07, rel=2.314e-10, wall=0.02s
    converged: in-box 2070/2070; E11=[+0.0084,+0.0203], E22=[-0.0092,-0.0033], g12=[-0.0162,+0.0072]
  step  4/20 iter  1: |R|=2.11549e+03, rel=1.000e+00, wall=0.00s
  step  4/20 iter  2: |R|=1.39236e+02, rel=6.582e-02, wall=0.02s
  step  4/20 iter  3: |R|=1.18141e-01, rel=5.585e-05, wall=0.02s
  step  4/20 iter  4: |R|=1.14375e-07, rel=5.407e-11, wall=0.02s
    converged: in-box 2070/2070; E11=[+0.0113,+0.0274], E22=[-0.0124,-0.0044], g12=[-0.0218,+0.0096]
  step  5/20 iter  1: |R|=2.11549e+03, rel=1.000e+00, wall=0.00s
  step  5/20 iter  2: |R|=7.24852e+01, rel=3.426e-02, wall=0.02s
  step  5/20 iter  3: |R|=4.62485e-02, rel=2.186e-05, wall=0.03s
  step  5/20 iter  4: |R|=3.36654e-08, rel=1.591e-11, wall=0.03s
    converged: in-box 2070/2070; E11=[+0.0143,+0.0346], E22=[-0.0157,-0.0055], g12=[-0.0273,+0.0121]
  step  6/20 iter  1: |R|=2.11549e+03, rel=1.000e+00, wall=0.00s
  step  6/20 iter  2: |R|=6.02143e+01, rel=2.846e-02, wall=0.03s
  step  6/20 iter  3: |R|=2.14419e-02, rel=1.014e-05, wall=0.02s
  step  6/20 iter  4: |R|=5.87741e-09, rel=2.778e-12, wall=0.03s
    converged: in-box 2070/2070; E11=[+0.0174,+0.0421], E22=[-0.0190,-0.0066], g12=[-0.0329,+0.0147]
  step  7/20 iter  1: |R|=2.11549e+03, rel=1.000e+00, wall=0.00s
  step  7/20 iter  2: |R|=4.56892e+01, rel=2.160e-02, wall=0.03s
  step  7/20 iter  3: |R|=1.03859e-02, rel=4.909e-06, wall=0.03s
  step  7/20 iter  4: |R|=2.37111e-09, rel=1.121e-12, wall=0.02s
    converged: in-box 2070/2070; E11=[+0.0206,+0.0499], E22=[-0.0224,-0.0078], g12=[-0.0386,+0.0173]
  step  8/20 iter  1: |R|=2.11549e+03, rel=1.000e+00, wall=0.00s
  step  8/20 iter  2: |R|=3.36213e+01, rel=1.589e-02, wall=0.02s
  step  8/20 iter  3: |R|=5.00273e-03, rel=2.365e-06, wall=0.03s
  step  8/20 iter  4: |R|=2.36040e-09, rel=1.116e-12, wall=0.03s
    converged: in-box 2070/2070; E11=[+0.0238,+0.0578], E22=[-0.0257,-0.0090], g12=[-0.0445,+0.0199]
  step  9/20 iter  1: |R|=2.11549e+03, rel=1.000e+00, wall=0.00s
  step  9/20 iter  2: |R|=3.79219e+01, rel=1.793e-02, wall=0.03s
  step  9/20 iter  3: |R|=4.68096e-03, rel=2.213e-06, wall=0.03s
  step  9/20 iter  4: |R|=2.85182e-09, rel=1.348e-12, wall=0.02s
    converged: in-box 2070/2070; E11=[+0.0271,+0.0658], E22=[-0.0291,-0.0102], g12=[-0.0504,+0.0226]
  step 10/20 iter  1: |R|=2.11549e+03, rel=1.000e+00, wall=0.00s
  step 10/20 iter  2: |R|=5.07660e+01, rel=2.400e-02, wall=0.02s
  step 10/20 iter  3: |R|=8.95379e-03, rel=4.232e-06, wall=0.03s
  step 10/20 iter  4: |R|=3.31200e-09, rel=1.566e-12, wall=0.03s
    converged: in-box 2070/2070; E11=[+0.0304,+0.0739], E22=[-0.0326,-0.0114], g12=[-0.0563,+0.0253]
  step 11/20 iter  1: |R|=2.11549e+03, rel=1.000e+00, wall=0.00s
  step 11/20 iter  2: |R|=5.92237e+01, rel=2.800e-02, wall=0.03s
  step 11/20 iter  3: |R|=3.80268e-02, rel=1.798e-05, wall=0.03s
  step 11/20 iter  4: |R|=9.61067e-09, rel=4.543e-12, wall=0.03s
    converged: in-box 2070/2070; E11=[+0.0338,+0.0823], E22=[-0.0360,-0.0126], g12=[-0.0622,+0.0280]
  step 12/20 iter  1: |R|=2.11549e+03, rel=1.000e+00, wall=0.00s
  step 12/20 iter  2: |R|=7.23931e+01, rel=3.422e-02, wall=0.03s
  step 12/20 iter  3: |R|=6.47744e-02, rel=3.062e-05, wall=0.03s
  step 12/20 iter  4: |R|=4.18644e-08, rel=1.979e-11, wall=0.03s
    converged: in-box 2070/2070; E11=[+0.0372,+0.0909], E22=[-0.0394,-0.0137], g12=[-0.0682,+0.0307]
  step 13/20 iter  1: |R|=2.11549e+03, rel=1.000e+00, wall=0.00s
  step 13/20 iter  2: |R|=6.75824e+01, rel=3.195e-02, wall=0.03s
  step 13/20 iter  3: |R|=2.09588e-02, rel=9.907e-06, wall=0.03s
  step 13/20 iter  4: |R|=4.95173e-09, rel=2.341e-12, wall=0.03s
    converged: in-box 2070/2070; E11=[+0.0408,+0.0996], E22=[-0.0428,-0.0150], g12=[-0.0743,+0.0334]
  step 14/20 iter  1: |R|=2.11549e+03, rel=1.000e+00, wall=0.00s
  step 14/20 iter  2: |R|=6.34502e+01, rel=2.999e-02, wall=0.03s
  step 14/20 iter  3: |R|=1.73833e-02, rel=8.217e-06, wall=0.03s
  step 14/20 iter  4: |R|=4.84850e-09, rel=2.292e-12, wall=0.03s
    converged: in-box 2070/2070; E11=[+0.0443,+0.1084], E22=[-0.0462,-0.0162], g12=[-0.0805,+0.0362]
  step 15/20 iter  1: |R|=2.11549e+03, rel=1.000e+00, wall=0.00s
  step 15/20 iter  2: |R|=6.28433e+01, rel=2.971e-02, wall=0.03s
  step 15/20 iter  3: |R|=1.34914e-02, rel=6.377e-06, wall=0.02s
  step 15/20 iter  4: |R|=4.37094e-09, rel=2.066e-12, wall=0.03s
    converged: in-box 2070/2070; E11=[+0.0480,+0.1174], E22=[-0.0495,-0.0174], g12=[-0.0866,+0.0389]
  step 16/20 iter  1: |R|=2.11549e+03, rel=1.000e+00, wall=0.00s
  step 16/20 iter  2: |R|=5.41800e+01, rel=2.561e-02, wall=0.03s
  step 16/20 iter  3: |R|=1.37350e-02, rel=6.493e-06, wall=0.03s
  step 16/20 iter  4: |R|=4.57795e-09, rel=2.164e-12, wall=0.03s
    converged: in-box 2070/2070; E11=[+0.0517,+0.1266], E22=[-0.0528,-0.0187], g12=[-0.0929,+0.0417]
  step 17/20 iter  1: |R|=2.11549e+03, rel=1.000e+00, wall=0.00s
  step 17/20 iter  2: |R|=5.77724e+01, rel=2.731e-02, wall=0.03s
  step 17/20 iter  3: |R|=2.65331e-02, rel=1.254e-05, wall=0.03s
  step 17/20 iter  4: |R|=5.63278e-09, rel=2.663e-12, wall=0.03s
    converged: in-box 2070/2070; E11=[+0.0554,+0.1359], E22=[-0.0561,-0.0199], g12=[-0.0991,+0.0445]
  step 18/20 iter  1: |R|=2.11549e+03, rel=1.000e+00, wall=0.00s
  step 18/20 iter  2: |R|=5.50833e+01, rel=2.604e-02, wall=0.03s
  step 18/20 iter  3: |R|=9.38881e-03, rel=4.438e-06, wall=0.03s
  step 18/20 iter  4: |R|=5.67207e-09, rel=2.681e-12, wall=0.03s
    converged: in-box 2070/2070; E11=[+0.0593,+0.1453], E22=[-0.0594,-0.0211], g12=[-0.1054,+0.0472]
  step 19/20 iter  1: |R|=2.11549e+03, rel=1.000e+00, wall=0.00s
  step 19/20 iter  2: |R|=4.44534e+01, rel=2.101e-02, wall=0.03s
  step 19/20 iter  3: |R|=5.08017e-03, rel=2.401e-06, wall=0.03s
  step 19/20 iter  4: |R|=5.88152e-09, rel=2.780e-12, wall=0.03s
    converged: in-box 2070/2070; E11=[+0.0632,+0.1548], E22=[-0.0626,-0.0224], g12=[-0.1117,+0.0500]
  step 20/20 iter  1: |R|=2.11549e+03, rel=1.000e+00, wall=0.00s
  step 20/20 iter  2: |R|=4.13841e+01, rel=1.956e-02, wall=0.03s
  step 20/20 iter  3: |R|=3.42271e-03, rel=1.618e-06, wall=0.03s
  step 20/20 iter  4: |R|=6.39530e-09, rel=3.023e-12, wall=0.03s
    converged: in-box 2070/2070; E11=[+0.0671,+0.1645], E22=[-0.0657,-0.0236], g12=[-0.1179,+0.0527]
{
  "status": "converged",
  "model": "flexible_polyconvex_pann",
  "tier": "flexible",
  "tag": "large_increment_ICKAN_n20",
  "output": "/home/sares/ML_assisted_CLs_clean/coupon_fe2_paper/06_fe2/results/large_increment_v1/pann_fe2_large_increment_ICKAN_n20.npz",
  "wall_seconds": 1.880429519340396,
  "torch_threads": 8,
  "force_per_end": 100000.0,
  "n_steps_requested": 20,
  "n_steps_completed": 20,
  "max_newton": 50,
  "macro_elements": 690,
  "macro_gauss_points": 2070,
  "rve_elements_reference": 1546,
  "checkpoint": {
    "checkpoint": "/home/sares/ML_assisted_CLs_clean/coupon_fe2_paper/06_pann/results/sc_m06_learned_v1/training/m06_ickan_learned_seed16/model.pt",
    "checkpoint_sha256": "cbcd558b55377871465f08df9360f730705147877e5ae3df33eeef88db69c3f7",
    "core": "ickan",
    "features": 6,
    "widths": [
      12,
      12
    ],
    "learn_features": true,
    "dynamic_center": true,
    "spline_basis": "integrated_hat",
    "analytic_stress": true,
    "strain_scale": 0.1955,
    "energy_scale": 27042824.02698266
  },
  "tangent_preflight": {
    "tangent_fd_relative": 1.851710807292483e-10,
    "tangent_asymmetry_relative": 9.515348653051998e-17
  },
  "macro_newton": [
    {
      "step": 1,
      "iterations": 4,
      "residual": 1.1787634452416783e-07,
      "relative_residual": 5.572052034484381e-11,
      "coverage": {
        "n": 2070,
        "inside": 2070,
        "outside": 0,
        "minimum": [
          0.002726222624194641,
          -0.003008060710704308,
          -0.005344147587297968
        ],
        "maximum": [
          0.006597338317833268,
          -0.0010756850518590655,
          0.002317031618632782
        ]
      },
      "iterates": [
        {
          "iteration": 1,
          "residual": 2115.492529406641,
          "relative_residual": 1.0,
          "outside": 0,
          "min_det_C": 1.0
        },
        {
          "iteration": 2,
          "residual": 26.306700347160046,
          "relative_residual": 0.012435260338422759,
          "outside": 0,
          "min_det_C": 1.002354693807111
        },
        {
          "iteration": 3,
          "residual": 0.04368675085090841,
          "relative_residual": 2.0650865102871237e-05,
          "outside": 0,
          "min_det_C": 1.002403799509641
        },
        {
          "iteration": 4,
          "residual": 1.1787634452416783e-07,
          "relative_residual": 5.572052034484381e-11,
          "outside": 0,
          "min_det_C": 1.0024037739823204
        }
      ]
    },
    {
      "step": 2,
      "iterations": 4,
      "residual": 4.1988534792389615e-07,
      "relative_residual": 1.984811300880911e-10,
      "coverage": {
        "n": 2070,
        "inside": 2070,
        "outside": 0,
        "minimum": [
          0.005528925112911698,
          -0.006122301827744092,
          -0.010695611142760004
        ],
        "maximum": [
          0.013309495453253994,
          -0.0021941687184378056,
          0.0047197503820226566
        ]
      },
      "iterates": [
        {
          "iteration": 1,
          "residual": 2115.4925293781835,
          "relative_residual": 1.0,
          "outside": 0,
          "min_det_C": 1.0024037739823204
        },
        {
          "iteration": 2,
          "residual": 94.18233871917275,
          "relative_residual": 0.04452028896876142,
          "outside": 0,
          "min_det_C": 1.0048475841919713
        },
        {
          "iteration": 3,
          "residual": 0.1560031025253939,
          "relative_residual": 7.374315926856457e-05,
          "outside": 0,
          "min_det_C": 1.0048582399676045
        },
        {
          "iteration": 4,
          "residual": 4.1988534792389615e-07,
          "relative_residual": 1.984811300880911e-10,
          "outside": 0,
          "min_det_C": 1.0048582339541516
        }
      ]
    },
    {
      "step": 3,
      "iterations": 4,
      "residual": 4.895344808368622e-07,
      "relative_residual": 2.3140449518575748e-10,
      "coverage": {
        "n": 2070,
        "inside": 2070,
        "outside": 0,
        "minimum": [
          0.008379901983731064,
          -0.009178249641995317,
          -0.016239497214265045
        ],
        "maximum": [
          0.020269019701540714,
          -0.003299675953870318,
          0.007162930155085885
        ]
      },
      "iterates": [
        {
          "iteration": 1,
          "residual": 2115.492529407839,
          "relative_residual": 1.0,
          "outside": 0,
          "min_det_C": 1.0048582339541516
        },
        {
          "iteration": 2,
          "residual": 85.48026089240297,
          "relative_residual": 0.04040678929569668,
          "outside": 0,
          "min_det_C": 1.0072775223766692
        },
        {
          "iteration": 3,
          "residual": 0.1950730175459265,
          "relative_residual": 9.221163149204345e-05,
          "outside": 0,
          "min_det_C": 1.007253704429683
        },
        {
          "iteration": 4,
          "residual": 4.895344808368622e-07,
          "relative_residual": 2.3140449518575748e-10,
          "outside": 0,
          "min_det_C": 1.00725369947229
        }
      ]
    },
    {
      "step": 4,
      "iterations": 4,
      "residual": 1.1437502708371009e-07,
      "relative_residual": 5.406543653229023e-11,
      "coverage": {
        "n": 2070,
        "inside": 2070,
        "outside": 0,
        "minimum": [
          0.011320293933244407,
          -0.012407674396074209,
          -0.021824138873478064
        ],
        "maximum": [
          0.02736704311496707,
          -0.00437853600759891,
          0.009620464417906194
        ]
      },
      "iterates": [
        {
          "iteration": 1,
          "residual": 2115.4925294166515,
          "relative_residual": 1.0,
          "outside": 0,
          "min_det_C": 1.00725369947229
        },
        {
          "iteration": 2,
          "residual": 139.23612551187696,
          "relative_residual": 0.06581735627791199,
          "outside": 0,
          "min_det_C": 1.0096448380303005
        },
        {
          "iteration": 3,
          "residual": 0.11814058918181901,
          "relative_residual": 5.5845429628813846e-05,
          "outside": 0,
          "min_det_C": 1.0097168053863192
        },
        {
          "iteration": 4,
          "residual": 1.1437502708371009e-07,
          "relative_residual": 5.406543653229023e-11,
          "outside": 0,
          "min_det_C": 1.00971682490887
        }
      ]
    },
    {
      "step": 5,
      "iterations": 4,
      "residual": 3.366541079028386e-08,
      "relative_residual": 1.5913746006018344e-11,
      "coverage": {
        "n": 2070,
        "inside": 2070,
        "outside": 0,
        "minimum": [
          0.014349895271295487,
          -0.0157240784149299,
          -0.0273401503028403
        ],
        "maximum": [
          0.03462975431716564,
          -0.005453706215111542,
          0.012117121399838717
        ]
      },
      "iterates": [
        {
          "iteration": 1,
          "residual": 2115.4925293863616,
          "relative_residual": 1.0,
          "outside": 0,
          "min_det_C": 1.00971682490887
        },
        {
          "iteration": 2,
          "residual": 72.48515466815827,
          "relative_residual": 0.034263961541468525,
          "outside": 0,
          "min_det_C": 1.0122334839331533
        },
        {
          "iteration": 3,
          "residual": 0.04624854103061636,
          "relative_residual": 2.1861831411917875e-05,
          "outside": 0,
          "min_det_C": 1.012301351349888
        },
        {
          "iteration": 4,
          "residual": 3.366541079028386e-08,
          "relative_residual": 1.5913746006018344e-11,
          "outside": 0,
          "min_det_C": 1.0123013874909395
        }
      ]
    },
    {
      "step": 6,
      "iterations": 4,
      "residual": 5.8774073773792095e-09,
      "relative_residual": 2.7782690298836076e-12,
      "coverage": {
        "n": 2070,
        "inside": 2070,
        "outside": 0,
        "minimum": [
          0.017437555441224162,
          -0.019047995149298946,
          -0.032936795954648636
        ],
        "maximum": [
          0.04212976353089026,
          -0.006585103667378744,
          0.014675037067423749
        ]
      },
      "iterates": [
        {
          "iteration": 1,
          "residual": 2115.492529398939,
          "relative_residual": 1.0,
          "outside": 0,
          "min_det_C": 1.0123013874909395
        },
        {
          "iteration": 2,
          "residual": 60.214326368998286,
          "relative_residual": 0.028463502249335092,
          "outside": 0,
          "min_det_C": 1.0149334935467358
        },
        {
          "iteration": 3,
          "residual": 0.02144190566658555,
          "relative_residual": 1.0135656528495375e-05,
          "outside": 0,
          "min_det_C": 1.014987997865733
        },
        {
          "iteration": 4,
          "residual": 5.8774073773792095e-09,
          "relative_residual": 2.7782690298836076e-12,
          "outside": 0,
          "min_det_C": 1.0149880152300867
        }
      ]
    },
    {
      "step": 7,
      "iterations": 4,
      "residual": 2.3711052995901703e-09,
      "relative_residual": 1.1208289637662606e-12,
      "coverage": {
        "n": 2070,
        "inside": 2070,
        "outside": 0,
        "minimum": [
          0.020597803661690617,
          -0.02236779617088286,
          -0.038646230346089855
        ],
        "maximum": [
          0.049859934044011345,
          -0.0077707409823682405,
          0.017290339517732577
        ]
      },
      "iterates": [
        {
          "iteration": 1,
          "residual": 2115.492529406694,
          "relative_residual": 1.0,
          "outside": 0,
          "min_det_C": 1.0149880152300867
        },
        {
          "iteration": 2,
          "residual": 45.68924709478138,
          "relative_residual": 0.021597451401823328,
          "outside": 0,
          "min_det_C": 1.0177063034281981
        },
        {
          "iteration": 3,
          "residual": 0.01038590443826386,
          "relative_residual": 4.909449829717275e-06,
          "outside": 0,
          "min_det_C": 1.017753283197712
        },
        {
          "iteration": 4,
          "residual": 2.3711052995901703e-09,
          "relative_residual": 1.1208289637662606e-12,
          "outside": 0,
          "min_det_C": 1.0177532741617705
        }
      ]
    },
    {
      "step": 8,
      "iterations": 4,
      "residual": 2.3603981607278386e-09,
      "relative_residual": 1.1157676654097727e-12,
      "coverage": {
        "n": 2070,
        "inside": 2070,
        "outside": 0,
        "minimum": [
          0.02381945901796534,
          -0.02572126915939238,
          -0.044466852666898746
        ],
        "maximum": [
          0.05775483643626833,
          -0.008966268956092538,
          0.01994339888426586
        ]
      },
      "iterates": [
        {
          "iteration": 1,
          "residual": 2115.4925294066193,
          "relative_residual": 1.0,
          "outside": 0,
          "min_det_C": 1.0177532741617705
        },
        {
          "iteration": 2,
          "residual": 33.62128725573034,
          "relative_residual": 0.01589288867172737,
          "outside": 0,
          "min_det_C": 1.0205195814270742
        },
        {
          "iteration": 3,
          "residual": 0.0050027320528078425,
          "relative_residual": 2.3648072414659263e-06,
          "outside": 0,
          "min_det_C": 1.0204935309904581
        },
        {
          "iteration": 4,
          "residual": 2.3603981607278386e-09,
          "relative_residual": 1.1157676654097727e-12,
          "outside": 0,
          "min_det_C": 1.0204935278991563
        }
      ]
    },
    {
      "step": 9,
      "iterations": 4,
      "residual": 2.851820178459767e-09,
      "relative_residual": 1.3480644052473815e-12,
      "coverage": {
        "n": 2070,
        "inside": 2070,
        "outside": 0,
        "minimum": [
          0.027095490820000623,
          -0.029128934506298,
          -0.050359497283830996
        ],
        "maximum": [
          0.06576682899286435,
          -0.010162165344824725,
          0.022614827125560694
        ]
      },
      "iterates": [
        {
          "iteration": 1,
          "residual": 2115.492529406585,
          "relative_residual": 1.0,
          "outside": 0,
          "min_det_C": 1.0204935278991563
        },
        {
          "iteration": 2,
          "residual": 37.92186081228299,
          "relative_residual": 0.017925783374390086,
          "outside": 0,
          "min_det_C": 1.0231909184806107
        },
        {
          "iteration": 3,
          "residual": 0.0046809631059819366,
          "relative_residual": 2.2127060440600986e-06,
          "outside": 0,
          "min_det_C": 1.0231773362108558
        },
        {
          "iteration": 4,
          "residual": 2.851820178459767e-09,
          "relative_residual": 1.3480644052473815e-12,
          "outside": 0,
          "min_det_C": 1.0231773349961424
        }
      ]
    },
    {
      "step": 10,
      "iterations": 4,
      "residual": 3.3120003544312064e-09,
      "relative_residual": 1.5655930278138123e-12,
      "coverage": {
        "n": 2070,
        "inside": 2070,
        "outside": 0,
        "minimum": [
          0.030421185462523037,
          -0.03258016648488693,
          -0.05629108726972343
        ],
        "maximum": [
          0.07389775412982602,
          -0.011362233540677835,
          0.025300185166159086
        ]
      },
      "iterates": [
        {
          "iteration": 1,
          "residual": 2115.4925294066175,
          "relative_residual": 1.0,
          "outside": 0,
          "min_det_C": 1.0231773349961424
        },
        {
          "iteration": 2,
          "residual": 50.765960574687114,
          "relative_residual": 0.023997229897534382,
          "outside": 0,
          "min_det_C": 1.0258273006362333
        },
        {
          "iteration": 3,
          "residual": 0.008953786016442592,
          "relative_residual": 4.232482928670078e-06,
          "outside": 0,
          "min_det_C": 1.0258130449209082
        },
        {
          "iteration": 4,
          "residual": 3.3120003544312064e-09,
          "relative_residual": 1.5655930278138123e-12,
          "outside": 0,
          "min_det_C": 1.0258130437161281
        }
      ]
    },
    {
      "step": 11,
      "iterations": 4,
      "residual": 9.610672284009739e-09,
      "relative_residual": 4.542995141989629e-12,
      "coverage": {
        "n": 2070,
        "inside": 2070,
        "outside": 0,
        "minimum": [
          0.0338023266169748,
          -0.035985092585780754,
          -0.062225142629654076
        ],
        "maximum": [
          0.08227771450040888,
          -0.012559172005422947,
          0.02800502590266081
        ]
      },
      "iterates": [
        {
          "iteration": 1,
          "residual": 2115.4925294066447,
          "relative_residual": 1.0,
          "outside": 0,
          "min_det_C": 1.0258130437161281
        },
        {
          "iteration": 2,
          "residual": 59.223698566769315,
          "relative_residual": 0.027995229358422944,
          "outside": 0,
          "min_det_C": 1.0284134773655376
        },
        {
          "iteration": 3,
          "residual": 0.03802684709934596,
          "relative_residual": 1.797541072386191e-05,
          "outside": 0,
          "min_det_C": 1.0284479092304664
        },
        {
          "iteration": 4,
          "residual": 9.610672284009739e-09,
          "relative_residual": 4.542995141989629e-12,
          "outside": 0,
          "min_det_C": 1.0284479107907716
        }
      ]
    },
    {
      "step": 12,
      "iterations": 4,
      "residual": 4.186444489140393e-08,
      "relative_residual": 1.9789455320434385e-11,
      "coverage": {
        "n": 2070,
        "inside": 2070,
        "outside": 0,
        "minimum": [
          0.03724979269511919,
          -0.03936532092467887,
          -0.06821613956701034
        ],
        "maximum": [
          0.0908794659445955,
          -0.01374929398734348,
          0.03071715060562684
        ]
      },
      "iterates": [
        {
          "iteration": 1,
          "residual": 2115.4925294065642,
          "relative_residual": 1.0,
          "outside": 0,
          "min_det_C": 1.0284479107907716
        },
        {
          "iteration": 2,
          "residual": 72.3931348609098,
          "relative_residual": 0.034220463487629256,
          "outside": 0,
          "min_det_C": 1.0310997758797145
        },
        {
          "iteration": 3,
          "residual": 0.064774420751896,
          "relative_residual": 3.061907326615162e-05,
          "outside": 0,
          "min_det_C": 1.0311388878785193
        },
        {
          "iteration": 4,
          "residual": 4.186444489140393e-08,
          "relative_residual": 1.9789455320434385e-11,
          "outside": 0,
          "min_det_C": 1.0311388878597323
        }
      ]
    },
    {
      "step": 13,
      "iterations": 4,
      "residual": 4.9517273984114255e-09,
      "relative_residual": 2.3406971802449474e-12,
      "coverage": {
        "n": 2070,
        "inside": 2070,
        "outside": 0,
        "minimum": [
          0.04075478827269896,
          -0.04278212332125125,
          -0.07432738794713446
        ],
        "maximum": [
          0.09956627760183268,
          -0.014950856554544423,
          0.03343676694108537
        ]
      },
      "iterates": [
        {
          "iteration": 1,
          "residual": 2115.492529406662,
          "relative_residual": 1.0,
          "outside": 0,
          "min_det_C": 1.0311388878597323
        },
        {
          "iteration": 2,
          "residual": 67.58241917471902,
          "relative_residual": 0.031946422989106014,
          "outside": 0,
          "min_det_C": 1.0338451523951302
        },
        {
          "iteration": 3,
          "residual": 0.02095876791553687,
          "relative_residual": 9.907275787646121e-06,
          "outside": 0,
          "min_det_C": 1.033881920712169
        },
        {
          "iteration": 4,
          "residual": 4.9517273984114255e-09,
          "relative_residual": 2.3406971802449474e-12,
          "outside": 0,
          "min_det_C": 1.0338819228331297
        }
      ]
    },
    {
      "step": 14,
      "iterations": 4,
      "residual": 4.848501318953478e-09,
      "relative_residual": 2.2919018864668464e-12,
      "coverage": {
        "n": 2070,
        "inside": 2070,
        "outside": 0,
        "minimum": [
          0.04431992940812246,
          -0.046165158375699566,
          -0.08047133543533516
        ],
        "maximum": [
          0.10841788886756054,
          -0.01616360655004173,
          0.03617496879199235
        ]
      },
      "iterates": [
        {
          "iteration": 1,
          "residual": 2115.4925294065874,
          "relative_residual": 1.0,
          "outside": 0,
          "min_det_C": 1.0338819228331297
        },
        {
          "iteration": 2,
          "residual": 63.45024404820884,
          "relative_residual": 0.029993130756177683,
          "outside": 0,
          "min_det_C": 1.0366417801308325
        },
        {
          "iteration": 3,
          "residual": 0.017383335283087924,
          "relative_residual": 8.217157490016799e-06,
          "outside": 0,
          "min_det_C": 1.0366789816782336
        },
        {
          "iteration": 4,
          "residual": 4.848501318953478e-09,
          "relative_residual": 2.2919018864668464e-12,
          "outside": 0,
          "min_det_C": 1.0366789840794661
        }
      ]
    },
    {
      "step": 15,
      "iterations": 4,
      "residual": 4.370942287012829e-09,
      "relative_residual": 2.0661582237960866e-12,
      "coverage": {
        "n": 2070,
        "inside": 2070,
        "outside": 0,
        "minimum": [
          0.04795450494331854,
          -0.049515174961399455,
          -0.0866484813188647
        ],
        "maximum": [
          0.11743748900274975,
          -0.01740151100090881,
          0.03894558802232558
        ]
      },
      "iterates": [
        {
          "iteration": 1,
          "residual": 2115.4925294066957,
          "relative_residual": 1.0,
          "outside": 0,
          "min_det_C": 1.0366789840794661
        },
        {
          "iteration": 2,
          "residual": 62.84334851383396,
          "relative_residual": 0.029706249320322016,
          "outside": 0,
          "min_det_C": 1.0394905654864601
        },
        {
          "iteration": 3,
          "residual": 0.013491415113976677,
          "relative_residual": 6.377434534245525e-06,
          "outside": 0,
          "min_det_C": 1.0395294529646482
        },
        {
          "iteration": 4,
          "residual": 4.370942287012829e-09,
          "relative_residual": 2.0661582237960866e-12,
          "outside": 0,
          "min_det_C": 1.0395294554878223
        }
      ]
    },
    {
      "step": 16,
      "iterations": 4,
      "residual": 4.577953402521619e-09,
      "relative_residual": 2.1640130318994952e-12,
      "coverage": {
        "n": 2070,
        "inside": 2070,
        "outside": 0,
        "minimum": [
          0.05165916620863231,
          -0.05284092539489971,
          -0.09285946776456795
        ],
        "maximum": [
          0.12659607300145248,
          -0.018660178390692228,
          0.041725372399291825
        ]
      },
      "iterates": [
        {
          "iteration": 1,
          "residual": 2115.4925294064665,
          "relative_residual": 1.0,
          "outside": 0,
          "min_det_C": 1.0395294554878223
        },
        {
          "iteration": 2,
          "residual": 54.1800040440866,
          "relative_residual": 0.02561105902807779,
          "outside": 0,
          "min_det_C": 1.0423951830243319
        },
        {
          "iteration": 3,
          "residual": 0.013734983236822484,
          "relative_residual": 6.492569955175423e-06,
          "outside": 0,
          "min_det_C": 1.0424328180881166
        },
        {
          "iteration": 4,
          "residual": 4.577953402521619e-09,
          "relative_residual": 2.1640130318994952e-12,
          "outside": 0,
          "min_det_C": 1.042432820135545
        }
      ]
    },
    {
      "step": 17,
      "iterations": 4,
      "residual": 5.632784199134685e-09,
      "relative_residual": 2.6626348809252607e-12,
      "coverage": {
        "n": 2070,
        "inside": 2070,
        "outside": 0,
        "minimum": [
          0.0554271931052166,
          -0.05613229615484672,
          -0.09911185495626491
        ],
        "maximum": [
          0.13587682762278308,
          -0.0199103999648787,
          0.044480843412543596
        ]
      },
      "iterates": [
        {
          "iteration": 1,
          "residual": 2115.4925294065492,
          "relative_residual": 1.0,
          "outside": 0,
          "min_det_C": 1.042432820135545
        },
        {
          "iteration": 2,
          "residual": 57.772352300243696,
          "relative_residual": 0.02730917339445786,
          "outside": 0,
          "min_det_C": 1.0453497601227872
        },
        {
          "iteration": 3,
          "residual": 0.02653311222593887,
          "relative_residual": 1.2542285948597558e-05,
          "outside": 0,
          "min_det_C": 1.0453875812513205
        },
        {
          "iteration": 4,
          "residual": 5.632784199134685e-09,
          "relative_residual": 2.6626348809252607e-12,
          "outside": 0,
          "min_det_C": 1.0453875801393986
        }
      ]
    },
    {
      "step": 18,
      "iterations": 4,
      "residual": 5.672065319595604e-09,
      "relative_residual": 2.6812031906284594e-12,
      "coverage": {
        "n": 2070,
        "inside": 2070,
        "outside": 0,
        "minimum": [
          0.05926169257470748,
          -0.05938628842045213,
          -0.10537774973151129
        ],
        "maximum": [
          0.1452814365312598,
          -0.02113670264685713,
          0.04724174019656094
        ]
      },
      "iterates": [
        {
          "iteration": 1,
          "residual": 2115.4925294065843,
          "relative_residual": 1.0,
          "outside": 0,
          "min_det_C": 1.0453875801393986
        },
        {
          "iteration": 2,
          "residual": 55.08329004718833,
          "relative_residual": 0.02603804517458623,
          "outside": 0,
          "min_det_C": 1.0483437296871232
        },
        {
          "iteration": 3,
          "residual": 0.009388809160186884,
          "relative_residual": 4.438119742649498e-06,
          "outside": 0,
          "min_det_C": 1.048357888674278
        },
        {
          "iteration": 4,
          "residual": 5.672065319595604e-09,
          "relative_residual": 2.6812031906284594e-12,
          "outside": 0,
          "min_det_C": 1.0483578905369781
        }
      ]
    },
    {
      "step": 19,
      "iterations": 4,
      "residual": 5.881520567531772e-09,
      "relative_residual": 2.7802133478496227e-12,
      "coverage": {
        "n": 2070,
        "inside": 2070,
        "outside": 0,
        "minimum": [
          0.06315471899800973,
          -0.0625844695574791,
          -0.11165431731431745
        ],
        "maximum": [
          0.1548174882322908,
          -0.022357602200171633,
          0.04998634280272577
        ]
      },
      "iterates": [
        {
          "iteration": 1,
          "residual": 2115.492529406378,
          "relative_residual": 1.0,
          "outside": 0,
          "min_det_C": 1.0483578905369781
        },
        {
          "iteration": 2,
          "residual": 44.45343928084596,
          "relative_residual": 0.02101328114513357,
          "outside": 0,
          "min_det_C": 1.0513183041397915
        },
        {
          "iteration": 3,
          "residual": 0.005080167361234461,
          "relative_residual": 2.4014111563230107e-06,
          "outside": 0,
          "min_det_C": 1.0513457461396718
        },
        {
          "iteration": 4,
          "residual": 5.881520567531772e-09,
          "relative_residual": 2.7802133478496227e-12,
          "outside": 0,
          "min_det_C": 1.0513457458339284
        }
      ]
    },
    {
      "step": 20,
      "iterations": 4,
      "residual": 6.395297400108356e-09,
      "relative_residual": 3.023077279267171e-12,
      "coverage": {
        "n": 2070,
        "inside": 2070,
        "outside": 0,
        "minimum": [
          0.06710893972650811,
          -0.06572774134953974,
          -0.117934485365643
        ],
        "maximum": [
          0.1644749637047016,
          -0.02356736831994022,
          0.05273813590602681
        ]
      },
      "iterates": [
        {
          "iteration": 1,
          "residual": 2115.4925294065424,
          "relative_residual": 1.0,
          "outside": 0,
          "min_det_C": 1.0513457458339284
        },
        {
          "iteration": 2,
          "residual": 41.38407057163173,
          "relative_residual": 0.01956238086231445,
          "outside": 0,
          "min_det_C": 1.054337086348562
        },
        {
          "iteration": 3,
          "residual": 0.003422705241713035,
          "relative_residual": 1.6179235776706827e-06,
          "outside": 0,
          "min_det_C": 1.0543602811132524
        },
        {
          "iteration": 4,
          "residual": 6.395297400108356e-09,
          "relative_residual": 3.023077279267171e-12,
          "outside": 0,
          "min_det_C": 1.0543602794830365
        }
      ]
    }
  ],
  "material_calls": 61,
  "material_points": 126270,
  "summed_pann_seconds": 1.3312301021069288,
  "macro_mesh_sha256": "81aa5d4c646b8200fa94ccdfceb1466e7d401576b6ca14d2969f3d76105f4762",
  "rve_mesh_sha256": "82e42f23fc9bdb45933f88f8cbd4f6f5e52f5755aee7f8f28b8781bf71c87a47"
}
 |  /           |                  
 ' /   __| _` | __|  _ \   __|    
 . \  |   (   | |   (   |\__ \  
_|\_\_|  \__,_|\__|\___/ ____/
           Multi-Physics 10.3."0"-master-532e0dba7df-Release-x86_64
           Compiled for GNU/Linux and Python3.12 with GCC-13.3
Compiled with threading support. Threading support with OpenMP.
Maximum number of threads: 8.
Importing    KratosStructuralMechanicsApplication 
    KRATOS   ___|  |                   |                   |
           \___ \  __|  __| |   |  __| __| |   |  __| _` | |
                 | |   |    |   | (    |   |   | |   (   | |
           _____/ \__|_|   \__,_|\___|\__|\__,_|_|  \__,_|_| MECHANICS
Initializing KratosStructuralMechanicsApplication...
Importing    KratosConstitutiveLawsApplication 
Initializing KratosConstitutiveLawsApplication...
[WARNING] DEPRECATION-Warning; MechanicalSolver: Using "line_search", please move it to "solving_strategy_settings" as "type" 
::[MechanicalSolver]:: : Construction finished 
::[StaticMechanicalSolver]:: : Construction finished 
::[MechanicalSolver]:: : Variables ADDED 
[WARNING] Model: Trying to create a root modelpart with name Structure however a ModelPart with the same name already exists. 
Returning the already existent ModelPart.
SingleImportModelPart: Reading model part from file: "/home/sares/ML_assisted_CLs_clean/coupon_fe2_paper/01_macro_prepass/coupon_conv_div4".mdpa
ModelPartIO:   [Reading Nodes    : 1501 nodes read]
ModelPartIO:   [Reading Geometries : 690 geometries read] [Type: Triangle2D6]
ModelPartIO:   [Total Lines Read : 4431]
SingleImportModelPart: Finished reading model part from mdpa file.
::[PythonSolver]::: Reading model part. 
::[PythonSolver]::: Using already imported model part - no reading necessary. 
ModelPart: -Structure- model part
    Buffer Size : 1
    Number of tables : 0
    Number of sub model parts : 2
    Current solution step index : 0
    DOMAIN_SIZE : 2
    OSS_SWITCH : 0
    IS_RESTARTED : 0

    Number of Geometries  : 690
    Mesh 0 :
        Number of Nodes       : 1501
        Number of Properties  : 1
        Number of Elements    : 690
        Number of Conditions  : 0
        Number of Constraints : 0

    -dirichlet- model part
        Number of tables : 0
        Number of sub model parts : 0

        Number of Geometries  : 0
        Mesh 0 :
            Number of Nodes       : 26
            Number of Properties  : 0
            Number of Elements    : 0
            Number of Conditions  : 0
            Number of Constraints : 0
    -material- model part
        Number of tables : 0
        Number of sub model parts : 0

        Number of Geometries  : 690
        Mesh 0 :
            Number of Nodes       : 1501
            Number of Properties  : 0
            Number of Elements    : 690
            Number of Conditions  : 0
            Number of Constraints : 0
 
::[PythonSolver]:: : Finished reading model part. 
Read materials: Started
Read materials: Finished
::[MechanicalSolver]:: : Constitutive law was successfully imported. 
::[MechanicalSolver]::: ModelPart prepared for Solver. 
::[MechanicalSolver]:: : DOF's ADDED 
::[MechanicalSolver]:: : Initializing ... 
Importing    LinearSolversApplication 
    Kratos  _     _                       ____        _
           | |   (_)_ __   ___  __ _ _ __/ ___|  ___ | |_   _____ _ __ ___
           | |   | | '_ \ / _ \/ _` | '__\___ \ / _ \| \ \ / / _ \ '__/ __|
           | |___| | | | |  __/ (_| | |   ___) | (_) | |\ V /  __/ |  \__ \
           |_____|_|_| |_|\___|\__,_|_|  |____/ \___/|_| \_/ \___|_|  |___/
Initializing KratosLinearSolversApplication...
Linear-Solver-Factory: Constructing a regular (non-complex) linear-solver 
::[MechanicalSolver]:: : Finished initialization. 
Analysis: Analysis -START-  
Deregistering KratosMultiphysics
Deregistering ConstitutiveLawsApplication
Deregistering LinearSolversApplication
Deregistering StructuralMechanicsApplication
