[VectorizedAssembler] 690 elements, 3 GPs, total area=1.311591e-04
[macro] 3002 dofs, 13/13 end-face nodes
  step  1/2 iter  1: |R|=2.11549e+04, rel=1.000e+00, wall=0.04s
  step  1/2 iter  2: |R|=1.37438e+03, rel=6.497e-02, wall=0.03s
  step  1/2 iter  3: |R|=2.97215e+01, rel=1.405e-03, wall=0.03s
  step  1/2 iter  4: |R|=4.00124e-02, rel=1.891e-06, wall=0.03s
  step  1/2 iter  5: |R|=7.42391e-09, rel=3.509e-13, wall=0.03s
    converged: in-box 2070/2070; E11=[+0.0304,+0.0739], E22=[-0.0326,-0.0114], g12=[-0.0563,+0.0253]
  step  2/2 iter  1: |R|=2.11549e+04, rel=1.000e+00, wall=0.00s
  step  2/2 iter  2: |R|=2.27700e+03, rel=1.076e-01, wall=0.03s
  step  2/2 iter  3: |R|=1.77005e+01, rel=8.367e-04, wall=0.03s
  step  2/2 iter  4: |R|=6.88156e-04, rel=3.253e-08, wall=0.03s
    converged: in-box 2070/2070; E11=[+0.0671,+0.1645], E22=[-0.0657,-0.0236], g12=[-0.1179,+0.0527]
{
  "status": "converged",
  "model": "flexible_polyconvex_pann",
  "tier": "flexible",
  "tag": "large_increment_ICKAN_n2",
  "output": "/home/sares/ML_assisted_CLs_clean/coupon_fe2_paper/06_fe2/results/large_increment_v1/pann_fe2_large_increment_ICKAN_n2.npz",
  "wall_seconds": 0.2710513547062874,
  "torch_threads": 8,
  "force_per_end": 100000.0,
  "n_steps_requested": 2,
  "n_steps_completed": 2,
  "max_newton": 50,
  "macro_elements": 690,
  "macro_gauss_points": 2070,
  "rve_elements_reference": 1546,
  "checkpoint": {
    "checkpoint": "/home/sares/ML_assisted_CLs_clean/coupon_fe2_paper/06_pann/results/sc_m06_learned_v1/training/m06_ickan_learned_seed16/model.pt",
    "checkpoint_sha256": "cbcd558b55377871465f08df9360f730705147877e5ae3df33eeef88db69c3f7",
    "core": "ickan",
    "features": 6,
    "widths": [
      12,
      12
    ],
    "learn_features": true,
    "dynamic_center": true,
    "spline_basis": "integrated_hat",
    "analytic_stress": true,
    "strain_scale": 0.1955,
    "energy_scale": 27042824.02698266
  },
  "tangent_preflight": {
    "tangent_fd_relative": 1.851710807292483e-10,
    "tangent_asymmetry_relative": 9.515348653051998e-17
  },
  "macro_newton": [
    {
      "step": 1,
      "iterations": 5,
      "residual": 7.423906646091797e-09,
      "relative_residual": 3.509304118494842e-13,
      "coverage": {
        "n": 2070,
        "inside": 2070,
        "outside": 0,
        "minimum": [
          0.03042118546252781,
          -0.032580166484888595,
          -0.05629108726972202
        ],
        "maximum": [
          0.07389775412983102,
          -0.01136223354067778,
          0.02530018516615985
        ]
      },
      "iterates": [
        {
          "iteration": 1,
          "residual": 21154.925294066412,
          "relative_residual": 1.0,
          "outside": 0,
          "min_det_C": 1.0
        },
        {
          "iteration": 2,
          "residual": 1374.3835168877604,
          "relative_residual": 0.06496754291414354,
          "outside": 0,
          "min_det_C": 1.022891550696146
        },
        {
          "iteration": 3,
          "residual": 29.721470252511583,
          "relative_residual": 0.0014049432857533152,
          "outside": 0,
          "min_det_C": 1.0258828903296802
        },
        {
          "iteration": 4,
          "residual": 0.04001243145284952,
          "relative_residual": 1.8914002718824214e-06,
          "outside": 0,
          "min_det_C": 1.0258130982665217
        },
        {
          "iteration": 5,
          "residual": 7.423906646091797e-09,
          "relative_residual": 3.509304118494842e-13,
          "outside": 0,
          "min_det_C": 1.0258130437161415
        }
      ]
    },
    {
      "step": 2,
      "iterations": 4,
      "residual": 0.0006881561335484041,
      "relative_residual": 3.252935777283962e-08,
      "coverage": {
        "n": 2070,
        "inside": 2070,
        "outside": 0,
        "minimum": [
          0.06710893969573561,
          -0.06572774077559229,
          -0.11793448590864973
        ],
        "maximum": [
          0.16447496281382612,
          -0.023567368337013617,
          0.05273813597459214
        ]
      },
      "iterates": [
        {
          "iteration": 1,
          "residual": 21154.92529406713,
          "relative_residual": 1.0,
          "outside": 0,
          "min_det_C": 1.0258130437161415
        },
        {
          "iteration": 2,
          "residual": 2276.999177820977,
          "relative_residual": 0.10763447027910604,
          "outside": 0,
          "min_det_C": 1.0508346723871584
        },
        {
          "iteration": 3,
          "residual": 17.70046283506123,
          "relative_residual": 0.0008367064685416451,
          "outside": 0,
          "min_det_C": 1.054361495130312
        },
        {
          "iteration": 4,
          "residual": 0.0006881561335484041,
          "relative_residual": 3.252935777283962e-08,
          "outside": 0,
          "min_det_C": 1.0543602795736213
        }
      ]
    }
  ],
  "material_calls": 8,
  "material_points": 16560,
  "summed_pann_seconds": 0.19887808710336685,
  "macro_mesh_sha256": "81aa5d4c646b8200fa94ccdfceb1466e7d401576b6ca14d2969f3d76105f4762",
  "rve_mesh_sha256": "82e42f23fc9bdb45933f88f8cbd4f6f5e52f5755aee7f8f28b8781bf71c87a47"
}
 |  /           |                  
 ' /   __| _` | __|  _ \   __|    
 . \  |   (   | |   (   |\__ \  
_|\_\_|  \__,_|\__|\___/ ____/
           Multi-Physics 10.3."0"-master-532e0dba7df-Release-x86_64
           Compiled for GNU/Linux and Python3.12 with GCC-13.3
Compiled with threading support. Threading support with OpenMP.
Maximum number of threads: 8.
Importing    KratosStructuralMechanicsApplication 
    KRATOS   ___|  |                   |                   |
           \___ \  __|  __| |   |  __| __| |   |  __| _` | |
                 | |   |    |   | (    |   |   | |   (   | |
           _____/ \__|_|   \__,_|\___|\__|\__,_|_|  \__,_|_| MECHANICS
Initializing KratosStructuralMechanicsApplication...
Importing    KratosConstitutiveLawsApplication 
Initializing KratosConstitutiveLawsApplication...
[WARNING] DEPRECATION-Warning; MechanicalSolver: Using "line_search", please move it to "solving_strategy_settings" as "type" 
::[MechanicalSolver]:: : Construction finished 
::[StaticMechanicalSolver]:: : Construction finished 
::[MechanicalSolver]:: : Variables ADDED 
[WARNING] Model: Trying to create a root modelpart with name Structure however a ModelPart with the same name already exists. 
Returning the already existent ModelPart.
SingleImportModelPart: Reading model part from file: "/home/sares/ML_assisted_CLs_clean/coupon_fe2_paper/01_macro_prepass/coupon_conv_div4".mdpa
ModelPartIO:   [Reading Nodes    : 1501 nodes read]
ModelPartIO:   [Reading Geometries : 690 geometries read] [Type: Triangle2D6]
ModelPartIO:   [Total Lines Read : 4431]
SingleImportModelPart: Finished reading model part from mdpa file.
::[PythonSolver]::: Reading model part. 
::[PythonSolver]::: Using already imported model part - no reading necessary. 
ModelPart: -Structure- model part
    Buffer Size : 1
    Number of tables : 0
    Number of sub model parts : 2
    Current solution step index : 0
    DOMAIN_SIZE : 2
    OSS_SWITCH : 0
    IS_RESTARTED : 0

    Number of Geometries  : 690
    Mesh 0 :
        Number of Nodes       : 1501
        Number of Properties  : 1
        Number of Elements    : 690
        Number of Conditions  : 0
        Number of Constraints : 0

    -dirichlet- model part
        Number of tables : 0
        Number of sub model parts : 0

        Number of Geometries  : 0
        Mesh 0 :
            Number of Nodes       : 26
            Number of Properties  : 0
            Number of Elements    : 0
            Number of Conditions  : 0
            Number of Constraints : 0
    -material- model part
        Number of tables : 0
        Number of sub model parts : 0

        Number of Geometries  : 690
        Mesh 0 :
            Number of Nodes       : 1501
            Number of Properties  : 0
            Number of Elements    : 690
            Number of Conditions  : 0
            Number of Constraints : 0
 
::[PythonSolver]:: : Finished reading model part. 
Read materials: Started
Read materials: Finished
::[MechanicalSolver]:: : Constitutive law was successfully imported. 
::[MechanicalSolver]::: ModelPart prepared for Solver. 
::[MechanicalSolver]:: : DOF's ADDED 
::[MechanicalSolver]:: : Initializing ... 
Importing    LinearSolversApplication 
    Kratos  _     _                       ____        _
           | |   (_)_ __   ___  __ _ _ __/ ___|  ___ | |_   _____ _ __ ___
           | |   | | '_ \ / _ \/ _` | '__\___ \ / _ \| \ \ / / _ \ '__/ __|
           | |___| | | | |  __/ (_| | |   ___) | (_) | |\ V /  __/ |  \__ \
           |_____|_|_| |_|\___|\__,_|_|  |____/ \___/|_| \_/ \___|_|  |___/
Initializing KratosLinearSolversApplication...
Linear-Solver-Factory: Constructing a regular (non-complex) linear-solver 
::[MechanicalSolver]:: : Finished initialization. 
Analysis: Analysis -START-  
Deregistering KratosMultiphysics
Deregistering ConstitutiveLawsApplication
Deregistering LinearSolversApplication
Deregistering StructuralMechanicsApplication
