[VectorizedAssembler] 690 elements, 3 GPs, total area=1.311591e-04
[macro] 3002 dofs, 13/13 end-face nodes
  step  1/10 iter  1: |R|=4.23099e+03, rel=1.000e+00, wall=0.04s
  step  1/10 iter  2: |R|=7.98108e+01, rel=1.886e-02, wall=0.03s
  step  1/10 iter  3: |R|=1.41638e-01, rel=3.348e-05, wall=0.03s
  step  1/10 iter  4: |R|=7.95963e-07, rel=1.881e-10, wall=0.03s
    converged: in-box 2070/2070; E11=[+0.0055,+0.0133], E22=[-0.0061,-0.0022], g12=[-0.0107,+0.0047]
  step  2/10 iter  1: |R|=4.23099e+03, rel=1.000e+00, wall=0.00s
  step  2/10 iter  2: |R|=2.33525e+02, rel=5.519e-02, wall=0.02s
  step  2/10 iter  3: |R|=1.10499e+00, rel=2.612e-04, wall=0.02s
  step  2/10 iter  4: |R|=1.54112e-05, rel=3.642e-09, wall=0.03s
    converged: in-box 2070/2070; E11=[+0.0113,+0.0274], E22=[-0.0124,-0.0044], g12=[-0.0218,+0.0096]
  step  3/10 iter  1: |R|=4.23099e+03, rel=1.000e+00, wall=0.00s
  step  3/10 iter  2: |R|=2.56852e+02, rel=6.071e-02, wall=0.03s
  step  3/10 iter  3: |R|=2.86072e-01, rel=6.761e-05, wall=0.03s
  step  3/10 iter  4: |R|=4.50967e-07, rel=1.066e-10, wall=0.03s
    converged: in-box 2070/2070; E11=[+0.0174,+0.0421], E22=[-0.0190,-0.0066], g12=[-0.0329,+0.0147]
  step  4/10 iter  1: |R|=4.23099e+03, rel=1.000e+00, wall=0.00s
  step  4/10 iter  2: |R|=1.36595e+02, rel=3.228e-02, wall=0.03s
  step  4/10 iter  3: |R|=9.30046e-02, rel=2.198e-05, wall=0.03s
  step  4/10 iter  4: |R|=3.85513e-08, rel=9.112e-12, wall=0.03s
    converged: in-box 2070/2070; E11=[+0.0238,+0.0578], E22=[-0.0257,-0.0090], g12=[-0.0445,+0.0199]
  step  5/10 iter  1: |R|=4.23099e+03, rel=1.000e+00, wall=0.00s
  step  5/10 iter  2: |R|=1.37398e+02, rel=3.247e-02, wall=0.03s
  step  5/10 iter  3: |R|=6.32791e-02, rel=1.496e-05, wall=0.03s
  step  5/10 iter  4: |R|=1.69464e-08, rel=4.005e-12, wall=0.03s
    converged: in-box 2070/2070; E11=[+0.0304,+0.0739], E22=[-0.0326,-0.0114], g12=[-0.0563,+0.0253]
  step  6/10 iter  1: |R|=4.23099e+03, rel=1.000e+00, wall=0.00s
  step  6/10 iter  2: |R|=2.06817e+02, rel=4.888e-02, wall=0.03s
  step  6/10 iter  3: |R|=8.34992e-01, rel=1.974e-04, wall=0.03s
  step  6/10 iter  4: |R|=6.83756e-06, rel=1.616e-09, wall=0.03s
    converged: in-box 2070/2070; E11=[+0.0372,+0.0909], E22=[-0.0394,-0.0137], g12=[-0.0682,+0.0307]
  step  7/10 iter  1: |R|=4.23099e+03, rel=1.000e+00, wall=0.00s
  step  7/10 iter  2: |R|=1.61521e+02, rel=3.818e-02, wall=0.03s
  step  7/10 iter  3: |R|=2.53956e-01, rel=6.002e-05, wall=0.03s
  step  7/10 iter  4: |R|=7.11020e-07, rel=1.681e-10, wall=0.03s
    converged: in-box 2070/2070; E11=[+0.0443,+0.1084], E22=[-0.0462,-0.0162], g12=[-0.0805,+0.0362]
  step  8/10 iter  1: |R|=4.23099e+03, rel=1.000e+00, wall=0.00s
  step  8/10 iter  2: |R|=1.88423e+02, rel=4.453e-02, wall=0.03s
  step  8/10 iter  3: |R|=2.13084e-01, rel=5.036e-05, wall=0.03s
  step  8/10 iter  4: |R|=3.23919e-07, rel=7.656e-11, wall=0.03s
    converged: in-box 2070/2070; E11=[+0.0517,+0.1266], E22=[-0.0528,-0.0187], g12=[-0.0929,+0.0417]
  step  9/10 iter  1: |R|=4.23099e+03, rel=1.000e+00, wall=0.00s
  step  9/10 iter  2: |R|=1.57919e+02, rel=3.732e-02, wall=0.03s
  step  9/10 iter  3: |R|=1.54772e-01, rel=3.658e-05, wall=0.03s
  step  9/10 iter  4: |R|=1.94280e-07, rel=4.592e-11, wall=0.03s
    converged: in-box 2070/2070; E11=[+0.0593,+0.1453], E22=[-0.0594,-0.0211], g12=[-0.1054,+0.0472]
  step 10/10 iter  1: |R|=4.23099e+03, rel=1.000e+00, wall=0.00s
  step 10/10 iter  2: |R|=1.56475e+02, rel=3.698e-02, wall=0.03s
  step 10/10 iter  3: |R|=6.72784e-02, rel=1.590e-05, wall=0.03s
  step 10/10 iter  4: |R|=4.57491e-08, rel=1.081e-11, wall=0.03s
    converged: in-box 2070/2070; E11=[+0.0671,+0.1645], E22=[-0.0657,-0.0236], g12=[-0.1179,+0.0527]
{
  "status": "converged",
  "model": "flexible_polyconvex_pann",
  "tier": "flexible",
  "tag": "large_increment_ICKAN_n10",
  "output": "/home/sares/ML_assisted_CLs_clean/coupon_fe2_paper/06_fe2/results/large_increment_v1/pann_fe2_large_increment_ICKAN_n10.npz",
  "wall_seconds": 1.0048331450670958,
  "torch_threads": 8,
  "force_per_end": 100000.0,
  "n_steps_requested": 10,
  "n_steps_completed": 10,
  "max_newton": 50,
  "macro_elements": 690,
  "macro_gauss_points": 2070,
  "rve_elements_reference": 1546,
  "checkpoint": {
    "checkpoint": "/home/sares/ML_assisted_CLs_clean/coupon_fe2_paper/06_pann/results/sc_m06_learned_v1/training/m06_ickan_learned_seed16/model.pt",
    "checkpoint_sha256": "cbcd558b55377871465f08df9360f730705147877e5ae3df33eeef88db69c3f7",
    "core": "ickan",
    "features": 6,
    "widths": [
      12,
      12
    ],
    "learn_features": true,
    "dynamic_center": true,
    "spline_basis": "integrated_hat",
    "analytic_stress": true,
    "strain_scale": 0.1955,
    "energy_scale": 27042824.02698266
  },
  "tangent_preflight": {
    "tangent_fd_relative": 1.851710807292483e-10,
    "tangent_asymmetry_relative": 9.515348653051998e-17
  },
  "macro_newton": [
    {
      "step": 1,
      "iterations": 4,
      "residual": 7.959625670924088e-07,
      "relative_residual": 1.8812700967458923e-10,
      "coverage": {
        "n": 2070,
        "inside": 2070,
        "outside": 0,
        "minimum": [
          0.005528925113618688,
          -0.0061223018276835295,
          -0.010695611142141683
        ],
        "maximum": [
          0.013309495452600295,
          -0.0021941687181279423,
          0.004719750382303985
        ]
      },
      "iterates": [
        {
          "iteration": 1,
          "residual": 4230.985058813282,
          "relative_residual": 1.0,
          "outside": 0,
          "min_det_C": 1.0
        },
        {
          "iteration": 2,
          "residual": 79.81076361550681,
          "relative_residual": 0.01886340001349292,
          "outside": 0,
          "min_det_C": 1.0046949815153852
        },
        {
          "iteration": 3,
          "residual": 0.1416376773519464,
          "relative_residual": 3.3476288708916714e-05,
          "outside": 0,
          "min_det_C": 1.0048586667546815
        },
        {
          "iteration": 4,
          "residual": 7.959625670924088e-07,
          "relative_residual": 1.8812700967458923e-10,
          "outside": 0,
          "min_det_C": 1.0048582339569887
        }
      ]
    },
    {
      "step": 2,
      "iterations": 4,
      "residual": 1.5411203224696303e-05,
      "relative_residual": 3.6424622188752856e-09,
      "coverage": {
        "n": 2070,
        "inside": 2070,
        "outside": 0,
        "minimum": [
          0.011320293936319392,
          -0.012407674395629897,
          -0.021824138868484475
        ],
        "maximum": [
          0.027367043116703682,
          -0.004378535998571187,
          0.009620464415392667
        ]
      },
      "iterates": [
        {
          "iteration": 1,
          "residual": 4230.985058632936,
          "relative_residual": 1.0,
          "outside": 0,
          "min_det_C": 1.0048582339569887
        },
        {
          "iteration": 2,
          "residual": 233.52500422120812,
          "relative_residual": 0.055194003520461936,
          "outside": 0,
          "min_det_C": 1.0096810523560127
        },
        {
          "iteration": 3,
          "residual": 1.1049922490587523,
          "relative_residual": 0.0002611666630219167,
          "outside": 0,
          "min_det_C": 1.0097169766550425
        },
        {
          "iteration": 4,
          "residual": 1.5411203224696303e-05,
          "relative_residual": 3.6424622188752856e-09,
          "outside": 0,
          "min_det_C": 1.009716824914521
        }
      ]
    },
    {
      "step": 3,
      "iterations": 4,
      "residual": 4.509671899189449e-07,
      "relative_residual": 1.065868075851522e-10,
      "coverage": {
        "n": 2070,
        "inside": 2070,
        "outside": 0,
        "minimum": [
          0.017437555441304986,
          -0.01904799514964972,
          -0.03293679595432869
        ],
        "maximum": [
          0.0421297635310407,
          -0.0065851036667742835,
          0.014675037067586515
        ]
      },
      "iterates": [
        {
          "iteration": 1,
          "residual": 4230.985054681061,
          "relative_residual": 1.0,
          "outside": 0,
          "min_det_C": 1.009716824914521
        },
        {
          "iteration": 2,
          "residual": 256.85207951150926,
          "relative_residual": 0.0607073946591549,
          "outside": 0,
          "min_det_C": 1.0147329963635214
        },
        {
          "iteration": 3,
          "residual": 0.2860723286982839,
          "relative_residual": 6.76136467042776e-05,
          "outside": 0,
          "min_det_C": 1.0149877280303434
        },
        {
          "iteration": 4,
          "residual": 4.509671899189449e-07,
          "relative_residual": 1.065868075851522e-10,
          "outside": 0,
          "min_det_C": 1.0149880152298558
        }
      ]
    },
    {
      "step": 4,
      "iterations": 4,
      "residual": 3.8551317489985284e-08,
      "relative_residual": 9.111664766963647e-12,
      "coverage": {
        "n": 2070,
        "inside": 2070,
        "outside": 0,
        "minimum": [
          0.02381945901795568,
          -0.02572126915937345,
          -0.044466852666919444
        ],
        "maximum": [
          0.05775483643627033,
          -0.00896626895609176,
          0.01994339888424326
        ]
      },
      "iterates": [
        {
          "iteration": 1,
          "residual": 4230.985058818406,
          "relative_residual": 1.0,
          "outside": 0,
          "min_det_C": 1.0149880152298558
        },
        {
          "iteration": 2,
          "residual": 136.59529300651207,
          "relative_residual": 0.03228451320616557,
          "outside": 0,
          "min_det_C": 1.0204071232532954
        },
        {
          "iteration": 3,
          "residual": 0.09300458544956705,
          "relative_residual": 2.198178063893721e-05,
          "outside": 0,
          "min_det_C": 1.0204935741611914
        },
        {
          "iteration": 4,
          "residual": 3.8551317489985284e-08,
          "relative_residual": 9.111664766963647e-12,
          "outside": 0,
          "min_det_C": 1.0204935278991631
        }
      ]
    },
    {
      "step": 5,
      "iterations": 4,
      "residual": 1.6946415695668697e-08,
      "relative_residual": 4.005312110565708e-12,
      "coverage": {
        "n": 2070,
        "inside": 2070,
        "outside": 0,
        "minimum": [
          0.03042118546250905,
          -0.03258016648487705,
          -0.056291087269756235
        ],
        "maximum": [
          0.07389775412980726,
          -0.011362233540683886,
          0.025300185166137818
        ]
      },
      "iterates": [
        {
          "iteration": 1,
          "residual": 4230.985058808612,
          "relative_residual": 1.0,
          "outside": 0,
          "min_det_C": 1.0204935278991631
        },
        {
          "iteration": 2,
          "residual": 137.39765950024054,
          "relative_residual": 0.03247415379408829,
          "outside": 0,
          "min_det_C": 1.0258689616611993
        },
        {
          "iteration": 3,
          "residual": 0.06327910182461038,
          "relative_residual": 1.495611564329866e-05,
          "outside": 0,
          "min_det_C": 1.0258130632487918
        },
        {
          "iteration": 4,
          "residual": 1.6946415695668697e-08,
          "relative_residual": 4.005312110565708e-12,
          "outside": 0,
          "min_det_C": 1.0258130437161284
        }
      ]
    },
    {
      "step": 6,
      "iterations": 4,
      "residual": 6.837555147413472e-06,
      "relative_residual": 1.6160669565983265e-09,
      "coverage": {
        "n": 2070,
        "inside": 2070,
        "outside": 0,
        "minimum": [
          0.03724979269548401,
          -0.039365320923728075,
          -0.06821613956637661
        ],
        "maximum": [
          0.09087946594828156,
          -0.0137492939872354,
          0.030717150605895648
        ]
      },
      "iterates": [
        {
          "iteration": 1,
          "residual": 4230.985058815819,
          "relative_residual": 1.0,
          "outside": 0,
          "min_det_C": 1.0258130437161284
        },
        {
          "iteration": 2,
          "residual": 206.81677379454254,
          "relative_residual": 0.048881471080502246,
          "outside": 0,
          "min_det_C": 1.0309923179935208
        },
        {
          "iteration": 3,
          "residual": 0.8349921406185963,
          "relative_residual": 0.0001973517110108388,
          "outside": 0,
          "min_det_C": 1.0311388755421742
        },
        {
          "iteration": 4,
          "residual": 6.837555147413472e-06,
          "relative_residual": 1.6160669565983265e-09,
          "outside": 0,
          "min_det_C": 1.0311388878600187
        }
      ]
    },
    {
      "step": 7,
      "iterations": 4,
      "residual": 7.110195936812899e-07,
      "relative_residual": 1.680506037714109e-10,
      "coverage": {
        "n": 2070,
        "inside": 2070,
        "outside": 0,
        "minimum": [
          0.04431992940810414,
          -0.04616515837567764,
          -0.08047133543531773
        ],
        "maximum": [
          0.10841788886752268,
          -0.016163606550021636,
          0.03617496879198813
        ]
      },
      "iterates": [
        {
          "iteration": 1,
          "residual": 4230.985058812683,
          "relative_residual": 1.0,
          "outside": 0,
          "min_det_C": 1.0311388878600187
        },
        {
          "iteration": 2,
          "residual": 161.5207004570121,
          "relative_residual": 0.03817567261803064,
          "outside": 0,
          "min_det_C": 1.0365286672118788
        },
        {
          "iteration": 3,
          "residual": 0.2539562676031052,
          "relative_residual": 6.0022964882407665e-05,
          "outside": 0,
          "min_det_C": 1.0366789479960388
        },
        {
          "iteration": 4,
          "residual": 7.110195936812899e-07,
          "relative_residual": 1.680506037714109e-10,
          "outside": 0,
          "min_det_C": 1.0366789840794524
        }
      ]
    },
    {
      "step": 8,
      "iterations": 4,
      "residual": 3.239188718730575e-07,
      "relative_residual": 7.655873688287335e-11,
      "coverage": {
        "n": 2070,
        "inside": 2070,
        "outside": 0,
        "minimum": [
          0.051659166208624985,
          -0.05284092539489921,
          -0.0928594677645246
        ],
        "maximum": [
          0.12659607300145226,
          -0.01866017839040157,
          0.04172537239934327
        ]
      },
      "iterates": [
        {
          "iteration": 1,
          "residual": 4230.985058813321,
          "relative_residual": 1.0,
          "outside": 0,
          "min_det_C": 1.0366789840794524
        },
        {
          "iteration": 2,
          "residual": 188.4228574007126,
          "relative_residual": 0.044534039894142334,
          "outside": 0,
          "min_det_C": 1.042278817751207
        },
        {
          "iteration": 3,
          "residual": 0.2130838257226441,
          "relative_residual": 5.0362698700337276e-05,
          "outside": 0,
          "min_det_C": 1.0424327839214185
        },
        {
          "iteration": 4,
          "residual": 3.239188718730575e-07,
          "relative_residual": 7.655873688287335e-11,
          "outside": 0,
          "min_det_C": 1.0424328201355428
        }
      ]
    },
    {
      "step": 9,
      "iterations": 4,
      "residual": 1.9428001228592355e-07,
      "relative_residual": 4.5918387700267074e-11,
      "coverage": {
        "n": 2070,
        "inside": 2070,
        "outside": 0,
        "minimum": [
          0.0592616925746996,
          -0.05938628842045118,
          -0.10537774973150424
        ],
        "maximum": [
          0.14528143653125836,
          -0.021136702646855743,
          0.04724174019656356
        ]
      },
      "iterates": [
        {
          "iteration": 1,
          "residual": 4230.985058841549,
          "relative_residual": 1.0,
          "outside": 0,
          "min_det_C": 1.0424328201355428
        },
        {
          "iteration": 2,
          "residual": 157.9191504749548,
          "relative_residual": 0.03732444059213797,
          "outside": 0,
          "min_det_C": 1.0482422897225185
        },
        {
          "iteration": 3,
          "residual": 0.15477219840327758,
          "relative_residual": 3.658065350050053e-05,
          "outside": 0,
          "min_det_C": 1.0483578902985005
        },
        {
          "iteration": 4,
          "residual": 1.9428001228592355e-07,
          "relative_residual": 4.5918387700267074e-11,
          "outside": 0,
          "min_det_C": 1.0483578905369744
        }
      ]
    },
    {
      "step": 10,
      "iterations": 4,
      "residual": 4.574911464581771e-08,
      "relative_residual": 1.0812875491140665e-11,
      "coverage": {
        "n": 2070,
        "inside": 2070,
        "outside": 0,
        "minimum": [
          0.06710893972650578,
          -0.06572774134953974,
          -0.11793448536564097
        ],
        "maximum": [
          0.16447496370469727,
          -0.023567368319937554,
          0.05273813590603555
        ]
      },
      "iterates": [
        {
          "iteration": 1,
          "residual": 4230.985058812656,
          "relative_residual": 1.0,
          "outside": 0,
          "min_det_C": 1.0483578905369744
        },
        {
          "iteration": 2,
          "residual": 156.47534359960062,
          "relative_residual": 0.03698319455741884,
          "outside": 0,
          "min_det_C": 1.0542529366029652
        },
        {
          "iteration": 3,
          "residual": 0.06727839327780874,
          "relative_residual": 1.590135449371904e-05,
          "outside": 0,
          "min_det_C": 1.0543602856332568
        },
        {
          "iteration": 4,
          "residual": 4.574911464581771e-08,
          "relative_residual": 1.0812875491140665e-11,
          "outside": 0,
          "min_det_C": 1.054360279483042
        }
      ]
    }
  ],
  "material_calls": 31,
  "material_points": 64170,
  "summed_pann_seconds": 0.7270406484603882,
  "macro_mesh_sha256": "81aa5d4c646b8200fa94ccdfceb1466e7d401576b6ca14d2969f3d76105f4762",
  "rve_mesh_sha256": "82e42f23fc9bdb45933f88f8cbd4f6f5e52f5755aee7f8f28b8781bf71c87a47"
}
 |  /           |                  
 ' /   __| _` | __|  _ \   __|    
 . \  |   (   | |   (   |\__ \  
_|\_\_|  \__,_|\__|\___/ ____/
           Multi-Physics 10.3."0"-master-532e0dba7df-Release-x86_64
           Compiled for GNU/Linux and Python3.12 with GCC-13.3
Compiled with threading support. Threading support with OpenMP.
Maximum number of threads: 8.
Importing    KratosStructuralMechanicsApplication 
    KRATOS   ___|  |                   |                   |
           \___ \  __|  __| |   |  __| __| |   |  __| _` | |
                 | |   |    |   | (    |   |   | |   (   | |
           _____/ \__|_|   \__,_|\___|\__|\__,_|_|  \__,_|_| MECHANICS
Initializing KratosStructuralMechanicsApplication...
Importing    KratosConstitutiveLawsApplication 
Initializing KratosConstitutiveLawsApplication...
[WARNING] DEPRECATION-Warning; MechanicalSolver: Using "line_search", please move it to "solving_strategy_settings" as "type" 
::[MechanicalSolver]:: : Construction finished 
::[StaticMechanicalSolver]:: : Construction finished 
::[MechanicalSolver]:: : Variables ADDED 
[WARNING] Model: Trying to create a root modelpart with name Structure however a ModelPart with the same name already exists. 
Returning the already existent ModelPart.
SingleImportModelPart: Reading model part from file: "/home/sares/ML_assisted_CLs_clean/coupon_fe2_paper/01_macro_prepass/coupon_conv_div4".mdpa
ModelPartIO:   [Reading Nodes    : 1501 nodes read]
ModelPartIO:   [Reading Geometries : 690 geometries read] [Type: Triangle2D6]
ModelPartIO:   [Total Lines Read : 4431]
SingleImportModelPart: Finished reading model part from mdpa file.
::[PythonSolver]::: Reading model part. 
::[PythonSolver]::: Using already imported model part - no reading necessary. 
ModelPart: -Structure- model part
    Buffer Size : 1
    Number of tables : 0
    Number of sub model parts : 2
    Current solution step index : 0
    DOMAIN_SIZE : 2
    OSS_SWITCH : 0
    IS_RESTARTED : 0

    Number of Geometries  : 690
    Mesh 0 :
        Number of Nodes       : 1501
        Number of Properties  : 1
        Number of Elements    : 690
        Number of Conditions  : 0
        Number of Constraints : 0

    -dirichlet- model part
        Number of tables : 0
        Number of sub model parts : 0

        Number of Geometries  : 0
        Mesh 0 :
            Number of Nodes       : 26
            Number of Properties  : 0
            Number of Elements    : 0
            Number of Conditions  : 0
            Number of Constraints : 0
    -material- model part
        Number of tables : 0
        Number of sub model parts : 0

        Number of Geometries  : 690
        Mesh 0 :
            Number of Nodes       : 1501
            Number of Properties  : 0
            Number of Elements    : 690
            Number of Conditions  : 0
            Number of Constraints : 0
 
::[PythonSolver]:: : Finished reading model part. 
Read materials: Started
Read materials: Finished
::[MechanicalSolver]:: : Constitutive law was successfully imported. 
::[MechanicalSolver]::: ModelPart prepared for Solver. 
::[MechanicalSolver]:: : DOF's ADDED 
::[MechanicalSolver]:: : Initializing ... 
Importing    LinearSolversApplication 
    Kratos  _     _                       ____        _
           | |   (_)_ __   ___  __ _ _ __/ ___|  ___ | |_   _____ _ __ ___
           | |   | | '_ \ / _ \/ _` | '__\___ \ / _ \| \ \ / / _ \ '__/ __|
           | |___| | | | |  __/ (_| | |   ___) | (_) | |\ V /  __/ |  \__ \
           |_____|_|_| |_|\___|\__,_|_|  |____/ \___/|_| \_/ \___|_|  |___/
Initializing KratosLinearSolversApplication...
Linear-Solver-Factory: Constructing a regular (non-complex) linear-solver 
::[MechanicalSolver]:: : Finished initialization. 
Analysis: Analysis -START-  
Deregistering KratosMultiphysics
Deregistering ConstitutiveLawsApplication
Deregistering LinearSolversApplication
Deregistering StructuralMechanicsApplication
