[VectorizedAssembler] 690 elements, 3 GPs, total area=1.311591e-04
[macro] 3002 dofs, 13/13 end-face nodes
  step  1/20 iter  1: |R|=2.11549e+03, rel=1.000e+00, wall=0.02s
  step  1/20 iter  2: |R|=1.59409e+01, rel=7.535e-03, wall=0.01s
  step  1/20 iter  3: |R|=1.13555e-02, rel=5.368e-06, wall=0.01s
  step  1/20 iter  4: |R|=2.31690e-08, rel=1.095e-11, wall=0.01s
    converged: in-box 2070/2070; E11=[+0.0027,+0.0066], E22=[-0.0030,-0.0011], g12=[-0.0053,+0.0023]
  step  2/20 iter  1: |R|=2.11549e+03, rel=1.000e+00, wall=0.00s
  step  2/20 iter  2: |R|=1.55506e+01, rel=7.351e-03, wall=0.01s
  step  2/20 iter  3: |R|=3.96467e-03, rel=1.874e-06, wall=0.01s
  step  2/20 iter  4: |R|=5.68076e-09, rel=2.685e-12, wall=0.01s
    converged: in-box 2070/2070; E11=[+0.0055,+0.0133], E22=[-0.0061,-0.0022], g12=[-0.0107,+0.0047]
  step  3/20 iter  1: |R|=2.11549e+03, rel=1.000e+00, wall=0.00s
  step  3/20 iter  2: |R|=1.52093e+01, rel=7.189e-03, wall=0.01s
  step  3/20 iter  3: |R|=1.74903e-03, rel=8.268e-07, wall=0.01s
  step  3/20 iter  4: |R|=2.05947e-09, rel=9.735e-13, wall=0.01s
    converged: in-box 2070/2070; E11=[+0.0084,+0.0202], E22=[-0.0093,-0.0033], g12=[-0.0161,+0.0072]
  step  4/20 iter  1: |R|=2.11549e+03, rel=1.000e+00, wall=0.00s
  step  4/20 iter  2: |R|=1.48889e+01, rel=7.038e-03, wall=0.01s
  step  4/20 iter  3: |R|=1.01856e-03, rel=4.815e-07, wall=0.01s
  step  4/20 iter  4: |R|=1.51858e-09, rel=7.178e-13, wall=0.01s
    converged: in-box 2070/2070; E11=[+0.0114,+0.0273], E22=[-0.0125,-0.0044], g12=[-0.0216,+0.0096]
  step  5/20 iter  1: |R|=2.11549e+03, rel=1.000e+00, wall=0.00s
  step  5/20 iter  2: |R|=1.45809e+01, rel=6.892e-03, wall=0.01s
  step  5/20 iter  3: |R|=7.68275e-04, rel=3.632e-07, wall=0.01s
  step  5/20 iter  4: |R|=1.74170e-09, rel=8.233e-13, wall=0.01s
    converged: in-box 2070/2070; E11=[+0.0144,+0.0347], E22=[-0.0158,-0.0056], g12=[-0.0272,+0.0122]
  step  6/20 iter  1: |R|=2.11549e+03, rel=1.000e+00, wall=0.00s
  step  6/20 iter  2: |R|=1.42924e+01, rel=6.756e-03, wall=0.01s
  step  6/20 iter  3: |R|=6.67935e-04, rel=3.157e-07, wall=0.01s
  step  6/20 iter  4: |R|=2.06310e-09, rel=9.752e-13, wall=0.01s
    converged: in-box 2070/2070; E11=[+0.0174,+0.0422], E22=[-0.0191,-0.0067], g12=[-0.0329,+0.0147]
  step  7/20 iter  1: |R|=2.11549e+03, rel=1.000e+00, wall=0.00s
  step  7/20 iter  2: |R|=1.40511e+01, rel=6.642e-03, wall=0.01s
  step  7/20 iter  3: |R|=6.15618e-04, rel=2.910e-07, wall=0.01s
  step  7/20 iter  4: |R|=2.23447e-09, rel=1.056e-12, wall=0.01s
    converged: in-box 2070/2070; E11=[+0.0206,+0.0499], E22=[-0.0224,-0.0078], g12=[-0.0386,+0.0173]
  step  8/20 iter  1: |R|=2.11549e+03, rel=1.000e+00, wall=0.00s
  step  8/20 iter  2: |R|=1.39140e+01, rel=6.577e-03, wall=0.01s
  step  8/20 iter  3: |R|=5.83999e-04, rel=2.761e-07, wall=0.01s
  step  8/20 iter  4: |R|=2.40513e-09, rel=1.137e-12, wall=0.01s
    converged: in-box 2070/2070; E11=[+0.0238,+0.0577], E22=[-0.0258,-0.0090], g12=[-0.0444,+0.0200]
  step  9/20 iter  1: |R|=2.11549e+03, rel=1.000e+00, wall=0.00s
  step  9/20 iter  2: |R|=1.39733e+01, rel=6.605e-03, wall=0.01s
  step  9/20 iter  3: |R|=5.66850e-04, rel=2.680e-07, wall=0.01s
  step  9/20 iter  4: |R|=2.71228e-09, rel=1.282e-12, wall=0.01s
    converged: in-box 2070/2070; E11=[+0.0271,+0.0658], E22=[-0.0292,-0.0102], g12=[-0.0503,+0.0226]
  step 10/20 iter  1: |R|=2.11549e+03, rel=1.000e+00, wall=0.00s
  step 10/20 iter  2: |R|=1.43514e+01, rel=6.784e-03, wall=0.01s
  step 10/20 iter  3: |R|=5.64659e-04, rel=2.669e-07, wall=0.01s
  step 10/20 iter  4: |R|=3.23877e-09, rel=1.531e-12, wall=0.01s
    converged: in-box 2070/2070; E11=[+0.0304,+0.0740], E22=[-0.0326,-0.0114], g12=[-0.0562,+0.0253]
  step 11/20 iter  1: |R|=2.11549e+03, rel=1.000e+00, wall=0.00s
  step 11/20 iter  2: |R|=1.51714e+01, rel=7.172e-03, wall=0.01s
  step 11/20 iter  3: |R|=5.81636e-04, rel=2.749e-07, wall=0.01s
  step 11/20 iter  4: |R|=3.67282e-09, rel=1.736e-12, wall=0.01s
    converged: in-box 2070/2070; E11=[+0.0338,+0.0824], E22=[-0.0360,-0.0126], g12=[-0.0622,+0.0280]
  step 12/20 iter  1: |R|=2.11549e+03, rel=1.000e+00, wall=0.00s
  step 12/20 iter  2: |R|=1.65109e+01, rel=7.805e-03, wall=0.01s
  step 12/20 iter  3: |R|=6.24719e-04, rel=2.953e-07, wall=0.01s
  step 12/20 iter  4: |R|=3.69202e-09, rel=1.745e-12, wall=0.01s
    converged: in-box 2070/2070; E11=[+0.0373,+0.0909], E22=[-0.0394,-0.0138], g12=[-0.0682,+0.0307]
  step 13/20 iter  1: |R|=2.11549e+03, rel=1.000e+00, wall=0.00s
  step 13/20 iter  2: |R|=1.83645e+01, rel=8.681e-03, wall=0.01s
  step 13/20 iter  3: |R|=7.01317e-04, rel=3.315e-07, wall=0.01s
  step 13/20 iter  4: |R|=3.90509e-09, rel=1.846e-12, wall=0.01s
    converged: in-box 2070/2070; E11=[+0.0408,+0.0996], E22=[-0.0428,-0.0150], g12=[-0.0743,+0.0335]
  step 14/20 iter  1: |R|=2.11549e+03, rel=1.000e+00, wall=0.00s
  step 14/20 iter  2: |R|=2.06399e+01, rel=9.757e-03, wall=0.01s
  step 14/20 iter  3: |R|=8.15133e-04, rel=3.853e-07, wall=0.01s
  step 14/20 iter  4: |R|=4.32188e-09, rel=2.043e-12, wall=0.01s
    converged: in-box 2070/2070; E11=[+0.0444,+0.1084], E22=[-0.0462,-0.0162], g12=[-0.0804,+0.0362]
  step 15/20 iter  1: |R|=2.11549e+03, rel=1.000e+00, wall=0.00s
  step 15/20 iter  2: |R|=2.31804e+01, rel=1.096e-02, wall=0.01s
  step 15/20 iter  3: |R|=9.61539e-04, rel=4.545e-07, wall=0.01s
  step 15/20 iter  4: |R|=4.30118e-09, rel=2.033e-12, wall=0.01s
    converged: in-box 2070/2070; E11=[+0.0480,+0.1174], E22=[-0.0496,-0.0175], g12=[-0.0866,+0.0390]
  step 16/20 iter  1: |R|=2.11549e+03, rel=1.000e+00, wall=0.00s
  step 16/20 iter  2: |R|=2.57943e+01, rel=1.219e-02, wall=0.01s
  step 16/20 iter  3: |R|=1.12482e-03, rel=5.317e-07, wall=0.01s
  step 16/20 iter  4: |R|=4.49293e-09, rel=2.124e-12, wall=0.01s
    converged: in-box 2070/2070; E11=[+0.0517,+0.1265], E22=[-0.0529,-0.0187], g12=[-0.0928,+0.0417]
  step 17/20 iter  1: |R|=2.11549e+03, rel=1.000e+00, wall=0.00s
  step 17/20 iter  2: |R|=2.82796e+01, rel=1.337e-02, wall=0.01s
  step 17/20 iter  3: |R|=1.27906e-03, rel=6.046e-07, wall=0.01s
  step 17/20 iter  4: |R|=5.02871e-09, rel=2.377e-12, wall=0.01s
    converged: in-box 2070/2070; E11=[+0.0555,+0.1358], E22=[-0.0562,-0.0200], g12=[-0.0990,+0.0445]
  step 18/20 iter  1: |R|=2.11549e+03, rel=1.000e+00, wall=0.00s
  step 18/20 iter  2: |R|=3.04452e+01, rel=1.439e-02, wall=0.01s
  step 18/20 iter  3: |R|=1.39372e-03, rel=6.588e-07, wall=0.01s
  step 18/20 iter  4: |R|=5.73228e-09, rel=2.710e-12, wall=0.01s
    converged: in-box 2070/2070; E11=[+0.0593,+0.1452], E22=[-0.0595,-0.0212], g12=[-0.1053,+0.0473]
  step 19/20 iter  1: |R|=2.11549e+03, rel=1.000e+00, wall=0.00s
  step 19/20 iter  2: |R|=3.21334e+01, rel=1.519e-02, wall=0.01s
  step 19/20 iter  3: |R|=1.44358e-03, rel=6.824e-07, wall=0.01s
  step 19/20 iter  4: |R|=6.22198e-09, rel=2.941e-12, wall=0.01s
    converged: in-box 2070/2070; E11=[+0.0632,+0.1548], E22=[-0.0627,-0.0224], g12=[-0.1116,+0.0500]
  step 20/20 iter  1: |R|=2.11549e+03, rel=1.000e+00, wall=0.00s
  step 20/20 iter  2: |R|=3.32427e+01, rel=1.571e-02, wall=0.01s
  step 20/20 iter  3: |R|=1.41947e-03, rel=6.710e-07, wall=0.01s
  step 20/20 iter  4: |R|=6.30378e-09, rel=2.980e-12, wall=0.01s
    converged: in-box 2070/2070; E11=[+0.0671,+0.1645], E22=[-0.0658,-0.0236], g12=[-0.1178,+0.0527]
{
  "status": "converged",
  "model": "flexible_polyconvex_pann",
  "tier": "flexible",
  "tag": "large_increment_ICNN_n20",
  "output": "/home/sares/ML_assisted_CLs_clean/coupon_fe2_paper/06_fe2/results/large_increment_v1/pann_fe2_large_increment_ICNN_n20.npz",
  "wall_seconds": 1.0413929335772991,
  "torch_threads": 2,
  "force_per_end": 100000.0,
  "n_steps_requested": 20,
  "n_steps_completed": 20,
  "max_newton": 50,
  "macro_elements": 690,
  "macro_gauss_points": 2070,
  "rve_elements_reference": 1546,
  "checkpoint": {
    "checkpoint": "/home/sares/ML_assisted_CLs_clean/coupon_fe2_paper/06_pann/results/sc_m06_learned_v1/training/m06_icnn_learned_seed16/model.pt",
    "checkpoint_sha256": "1727817e7e103595dfe27cd5703cf9e338e69a796e70bd16f48b81ee359eca3d",
    "core": "icnn",
    "features": 6,
    "widths": [
      24,
      24
    ],
    "learn_features": true,
    "dynamic_center": true,
    "spline_basis": "integrated_hat",
    "analytic_stress": true,
    "strain_scale": 0.1955,
    "energy_scale": 27042824.02698266
  },
  "tangent_preflight": {
    "tangent_fd_relative": 1.5832805949840184e-10,
    "tangent_asymmetry_relative": 7.129229580343976e-17
  },
  "macro_newton": [
    {
      "step": 1,
      "iterations": 4,
      "residual": 2.3169039837988634e-08,
      "relative_residual": 1.0952078306079904e-11,
      "coverage": {
        "n": 2070,
        "inside": 2070,
        "outside": 0,
        "minimum": [
          0.002725924182872097,
          -0.00301903211004817,
          -0.005314354426014386
        ],
        "maximum": [
          0.00660254592913323,
          -0.0010928193468390246,
          0.002325843666558496
        ]
      },
      "iterates": [
        {
          "iteration": 1,
          "residual": 2115.492529406646,
          "relative_residual": 1.0,
          "outside": 0,
          "min_det_C": 1.0
        },
        {
          "iteration": 2,
          "residual": 15.940946870007572,
          "relative_residual": 0.007535335931665376,
          "outside": 0,
          "min_det_C": 1.002347987014452
        },
        {
          "iteration": 3,
          "residual": 0.011355456653376124,
          "relative_residual": 5.367760223932866e-06,
          "outside": 0,
          "min_det_C": 1.0023832706944182
        },
        {
          "iteration": 4,
          "residual": 2.3169039837988634e-08,
          "relative_residual": 1.0952078306079904e-11,
          "outside": 0,
          "min_det_C": 1.0023832493478637
        }
      ]
    },
    {
      "step": 2,
      "iterations": 4,
      "residual": 5.68076041301718e-09,
      "relative_residual": 2.6853133887592164e-12,
      "coverage": {
        "n": 2070,
        "inside": 2070,
        "outside": 0,
        "minimum": [
          0.005530830516099927,
          -0.006115564886869984,
          -0.010685820635882963
        ],
        "maximum": [
          0.01332005461533814,
          -0.002192853269882389,
          0.004711918953139412
        ]
      },
      "iterates": [
        {
          "iteration": 1,
          "residual": 2115.4925293997244,
          "relative_residual": 1.0,
          "outside": 0,
          "min_det_C": 1.0023832493478637
        },
        {
          "iteration": 2,
          "residual": 15.550590252450412,
          "relative_residual": 0.007350813125708804,
          "outside": 0,
          "min_det_C": 1.0047850074200582
        },
        {
          "iteration": 3,
          "residual": 0.003964668385450878,
          "relative_residual": 1.8741112674011009e-06,
          "outside": 0,
          "min_det_C": 1.0048158041528494
        },
        {
          "iteration": 4,
          "residual": 5.68076041301718e-09,
          "relative_residual": 2.6853133887592164e-12,
          "outside": 0,
          "min_det_C": 1.0048157951148688
        }
      ]
    },
    {
      "step": 3,
      "iterations": 4,
      "residual": 2.0594737677784842e-09,
      "relative_residual": 9.735197544553732e-13,
      "coverage": {
        "n": 2070,
        "inside": 2070,
        "outside": 0,
        "minimum": [
          0.008408417664792722,
          -0.009276677445237969,
          -0.01612452354380962
        ],
        "maximum": [
          0.02018836992178652,
          -0.0033021806692823397,
          0.0071506396688711575
        ]
      },
      "iterates": [
        {
          "iteration": 1,
          "residual": 2115.492529404951,
          "relative_residual": 1.0,
          "outside": 0,
          "min_det_C": 1.0048157951148688
        },
        {
          "iteration": 2,
          "residual": 15.20925926196761,
          "relative_residual": 0.007189464888465333,
          "outside": 0,
          "min_det_C": 1.0072627060419628
        },
        {
          "iteration": 3,
          "residual": 0.001749026166721657,
          "relative_residual": 8.267701929505872e-07,
          "outside": 0,
          "min_det_C": 1.0072912214222056
        },
        {
          "iteration": 4,
          "residual": 2.0594737677784842e-09,
          "relative_residual": 9.735197544553732e-13,
          "outside": 0,
          "min_det_C": 1.0072912172083923
        }
      ]
    },
    {
      "step": 4,
      "iterations": 4,
      "residual": 1.5185796669611321e-09,
      "relative_residual": 7.178374046952771e-13,
      "coverage": {
        "n": 2070,
        "inside": 2070,
        "outside": 0,
        "minimum": [
          0.011355306231630724,
          -0.01249349873505251,
          -0.02163503179802231
        ],
        "maximum": [
          0.027330373912212713,
          -0.004421918544846415,
          0.009636585303128312
        ]
      },
      "iterates": [
        {
          "iteration": 1,
          "residual": 2115.492529406114,
          "relative_residual": 1.0,
          "outside": 0,
          "min_det_C": 1.0072912172083923
        },
        {
          "iteration": 2,
          "residual": 14.888917266863434,
          "relative_residual": 0.007038038215641076,
          "outside": 0,
          "min_det_C": 1.0097785443642215
        },
        {
          "iteration": 3,
          "residual": 0.0010185641592167184,
          "relative_residual": 4.814784949879552e-07,
          "outside": 0,
          "min_det_C": 1.0098058073877976
        },
        {
          "iteration": 4,
          "residual": 1.5185796669611321e-09,
          "relative_residual": 7.178374046952771e-13,
          "outside": 0,
          "min_det_C": 1.0098058053665053
        }
      ]
    },
    {
      "step": 5,
      "iterations": 4,
      "residual": 1.7417016599311178e-09,
      "relative_residual": 8.233078754571535e-13,
      "coverage": {
        "n": 2070,
        "inside": 2070,
        "outside": 0,
        "minimum": [
          0.014369523487251956,
          -0.015758947918816768,
          -0.027218850572775188
        ],
        "maximum": [
          0.03466265673926838,
          -0.005552704199118574,
          0.01216528748692554
        ]
      },
      "iterates": [
        {
          "iteration": 1,
          "residual": 2115.4925294064665,
          "relative_residual": 1.0,
          "outside": 0,
          "min_det_C": 1.0098058053665053
        },
        {
          "iteration": 2,
          "residual": 14.580879298956916,
          "relative_residual": 0.006892427695335706,
          "outside": 0,
          "min_det_C": 1.0123306382698425
        },
        {
          "iteration": 3,
          "residual": 0.000768274523662715,
          "relative_residual": 3.6316579377298297e-07,
          "outside": 0,
          "min_det_C": 1.0123571771799367
        },
        {
          "iteration": 4,
          "residual": 1.7417016599311178e-09,
          "relative_residual": 8.233078754571535e-13,
          "outside": 0,
          "min_det_C": 1.0123571762614143
        }
      ]
    },
    {
      "step": 6,
      "iterations": 4,
      "residual": 2.063104481477627e-09,
      "relative_residual": 9.75236004287061e-13,
      "coverage": {
        "n": 2070,
        "inside": 2070,
        "outside": 0,
        "minimum": [
          0.01744981711662108,
          -0.019066667309461327,
          -0.03287557101782111
        ],
        "maximum": [
          0.0421793427792142,
          -0.006694900892215361,
          0.014732684103201507
        ]
      },
      "iterates": [
        {
          "iteration": 1,
          "residual": 2115.492529406607,
          "relative_residual": 1.0,
          "outside": 0,
          "min_det_C": 1.0123571762614143
        },
        {
          "iteration": 2,
          "residual": 14.292360522785458,
          "relative_residual": 0.00675604395861159,
          "outside": 0,
          "min_det_C": 1.0149175458063595
        },
        {
          "iteration": 3,
          "residual": 0.0006679351220896451,
          "relative_residual": 3.1573504174793756e-07,
          "outside": 0,
          "min_det_C": 1.0149436502659448
        },
        {
          "iteration": 4,
          "residual": 2.063104481477627e-09,
          "relative_residual": 9.75236004287061e-13,
          "outside": 0,
          "min_det_C": 1.0149436499406994
        }
      ]
    },
    {
      "step": 7,
      "iterations": 4,
      "residual": 2.2344683092421406e-09,
      "relative_residual": 1.056240226888855e-12,
      "coverage": {
        "n": 2070,
        "inside": 2070,
        "outside": 0,
        "minimum": [
          0.020595312132174137,
          -0.022410448244284342,
          -0.03860348491364676
        ],
        "maximum": [
          0.04987524322181258,
          -0.00784868813906453,
          0.017334850246207432
        ]
      },
      "iterates": [
        {
          "iteration": 1,
          "residual": 2115.4925294066334,
          "relative_residual": 1.0,
          "outside": 0,
          "min_det_C": 1.0149436499406994
        },
        {
          "iteration": 2,
          "residual": 14.05114692847316,
          "relative_residual": 0.006642021530756393,
          "outside": 0,
          "min_det_C": 1.0175381043793987
        },
        {
          "iteration": 3,
          "residual": 0.0006156180097190734,
          "relative_residual": 2.910045774974898e-07,
          "outside": 0,
          "min_det_C": 1.017563941198229
        },
        {
          "iteration": 4,
          "residual": 2.2344683092421406e-09,
          "relative_residual": 1.056240226888855e-12,
          "outside": 0,
          "min_det_C": 1.0175639412047202
        }
      ]
    },
    {
      "step": 8,
      "iterations": 4,
      "residual": 2.4051310756082113e-09,
      "relative_residual": 1.1369130555534352e-12,
      "coverage": {
        "n": 2070,
        "inside": 2070,
        "outside": 0,
        "minimum": [
          0.023805327607319793,
          -0.02578389708090506,
          -0.044399965709652475
        ],
        "maximum": [
          0.057745519848847016,
          -0.009014098962140393,
          0.01996785888346081
        ]
      },
      "iterates": [
        {
          "iteration": 1,
          "residual": 2115.492529406678,
          "relative_residual": 1.0,
          "outside": 0,
          "min_det_C": 1.0175639412047202
        },
        {
          "iteration": 2,
          "residual": 13.914005332681134,
          "relative_residual": 0.006577194265291747,
          "outside": 0,
          "min_det_C": 1.0201913279663326
        },
        {
          "iteration": 3,
          "residual": 0.0005839989017471866,
          "relative_residual": 2.7605812529670243e-07,
          "outside": 0,
          "min_det_C": 1.0202169978632958
        },
        {
          "iteration": 4,
          "residual": 2.4051310756082113e-09,
          "relative_residual": 1.1369130555534352e-12,
          "outside": 0,
          "min_det_C": 1.0202169980570353
        }
      ]
    },
    {
      "step": 9,
      "iterations": 4,
      "residual": 2.712284491882186e-09,
      "relative_residual": 1.282105445507299e-12,
      "coverage": {
        "n": 2070,
        "inside": 2070,
        "outside": 0,
        "minimum": [
          0.027079275307695272,
          -0.029180243350173496,
          -0.05026173733241175
        ],
        "maximum": [
          0.06578560765105135,
          -0.010191031950553486,
          0.022627709086784437
        ]
      },
      "iterates": [
        {
          "iteration": 1,
          "residual": 2115.4925294065797,
          "relative_residual": 1.0,
          "outside": 0,
          "min_det_C": 1.0202169980570353
        },
        {
          "iteration": 2,
          "residual": 13.973335925310042,
          "relative_residual": 0.006605240023811252,
          "outside": 0,
          "min_det_C": 1.0228763475708356
        },
        {
          "iteration": 3,
          "residual": 0.0005668504715512122,
          "relative_residual": 2.6795200818327653e-07,
          "outside": 0,
          "min_det_C": 1.0229019155244694
        },
        {
          "iteration": 4,
          "residual": 2.712284491882186e-09,
          "relative_residual": 1.282105445507299e-12,
          "outside": 0,
          "min_det_C": 1.0229019158208583
        }
      ]
    },
    {
      "step": 10,
      "iterations": 4,
      "residual": 3.2387694894877994e-09,
      "relative_residual": 1.5309765666704462e-12,
      "coverage": {
        "n": 2070,
        "inside": 2070,
        "outside": 0,
        "minimum": [
          0.030416603474288872,
          -0.03259224997168725,
          -0.056185079873636135
        ],
        "maximum": [
          0.07399126317899585,
          -0.011379252381394145,
          0.025310293004448717
        ]
      },
      "iterates": [
        {
          "iteration": 1,
          "residual": 2115.492529406538,
          "relative_residual": 1.0,
          "outside": 0,
          "min_det_C": 1.0229019158208583
        },
        {
          "iteration": 2,
          "residual": 14.351387617792666,
          "relative_residual": 0.006783946252846698,
          "outside": 0,
          "min_det_C": 1.0255923803398581
        },
        {
          "iteration": 3,
          "residual": 0.0005646591986260431,
          "relative_residual": 2.6691618655086803e-07,
          "outside": 0,
          "min_det_C": 1.0256178929026676
        },
        {
          "iteration": 4,
          "residual": 3.2387694894877994e-09,
          "relative_residual": 1.5309765666704462e-12,
          "outside": 0,
          "min_det_C": 1.0256178932498534
        }
      ]
    },
    {
      "step": 11,
      "iterations": 4,
      "residual": 3.6728165759196233e-09,
      "relative_residual": 1.7361519952753933e-12,
      "coverage": {
        "n": 2070,
        "inside": 2070,
        "outside": 0,
        "minimum": [
          0.03381676659619692,
          -0.036012206806601166,
          -0.06216598944995141
        ],
        "maximum": [
          0.08235865745480231,
          -0.012578390628046054,
          0.028011387028430403
        ]
      },
      "iterates": [
        {
          "iteration": 1,
          "residual": 2115.4925294066957,
          "relative_residual": 1.0,
          "outside": 0,
          "min_det_C": 1.0256178932498534
        },
        {
          "iteration": 2,
          "residual": 15.171414593772145,
          "relative_residual": 0.007171575594278781,
          "outside": 0,
          "min_det_C": 1.02833871722269
        },
        {
          "iteration": 3,
          "residual": 0.0005816357275385737,
          "relative_residual": 2.749410453846875e-07,
          "outside": 0,
          "min_det_C": 1.028364212758907
        },
        {
          "iteration": 4,
          "residual": 3.6728165759196233e-09,
          "relative_residual": 1.7361519952753933e-12,
          "outside": 0,
          "min_det_C": 1.0283642131239266
        }
      ]
    },
    {
      "step": 12,
      "iterations": 4,
      "residual": 3.6920152636697514e-09,
      "relative_residual": 1.745227275610083e-12,
      "coverage": {
        "n": 2070,
        "inside": 2070,
        "outside": 0,
        "minimum": [
          0.03727921011379676,
          -0.03943199563228461,
          -0.06820029495208597
        ],
        "maximum": [
          0.09088445711389348,
          -0.013787943029115901,
          0.030726659187102948
        ]
      },
      "iterates": [
        {
          "iteration": 1,
          "residual": 2115.492529406593,
          "relative_residual": 1.0,
          "outside": 0,
          "min_det_C": 1.0283642131239266
        },
        {
          "iteration": 2,
          "residual": 16.51092660013715,
          "relative_residual": 0.0078047671502619554,
          "outside": 0,
          "min_det_C": 1.0311147222388815
        },
        {
          "iteration": 3,
          "residual": 0.000624718902483255,
          "relative_residual": 2.9530659825042826e-07,
          "outside": 0,
          "min_det_C": 1.0311402369403442
        },
        {
          "iteration": 4,
          "residual": 3.6920152636697514e-09,
          "relative_residual": 1.745227275610083e-12,
          "outside": 0,
          "min_det_C": 1.0311402373016438
        }
      ]
    },
    {
      "step": 13,
      "iterations": 4,
      "residual": 3.905092325741823e-09,
      "relative_residual": 1.845949475811738e-12,
      "coverage": {
        "n": 2070,
        "inside": 2070,
        "outside": 0,
        "minimum": [
          0.040803363018515615,
          -0.04284321592249585,
          -0.07428372811425225
        ],
        "maximum": [
          0.09956585098938686,
          -0.015007278586574968,
          0.03345168798590981
        ]
      },
      "iterates": [
        {
          "iteration": 1,
          "residual": 2115.492529406634,
          "relative_residual": 1.0,
          "outside": 0,
          "min_det_C": 1.0311402373016438
        },
        {
          "iteration": 2,
          "residual": 18.364525739751095,
          "relative_residual": 0.008680969317770217,
          "outside": 0,
          "min_det_C": 1.0339198384370725
        },
        {
          "iteration": 3,
          "residual": 0.0007013172480475302,
          "relative_residual": 3.3151487811882744e-07,
          "outside": 0,
          "min_det_C": 1.0339454095880238
        },
        {
          "iteration": 4,
          "residual": 3.905092325741823e-09,
          "relative_residual": 1.845949475811738e-12,
          "outside": 0,
          "min_det_C": 1.0339454099312861
        }
      ]
    },
    {
      "step": 14,
      "iterations": 4,
      "residual": 4.321882978474553e-09,
      "relative_residual": 2.0429677337063236e-12,
      "coverage": {
        "n": 2070,
        "inside": 2070,
        "outside": 0,
        "minimum": [
          0.04438863350428679,
          -0.0462373604719592,
          -0.08041194156541806
        ],
        "maximum": [
          0.10840048811031233,
          -0.0162356535835676,
          0.03619088921539494
        ]
      },
      "iterates": [
        {
          "iteration": 1,
          "residual": 2115.4925294066456,
          "relative_residual": 1.0,
          "outside": 0,
          "min_det_C": 1.0339454099312861
        },
        {
          "iteration": 2,
          "residual": 20.639852703095638,
          "relative_residual": 0.009756523559496905,
          "outside": 0,
          "min_det_C": 1.0367535969110513
        },
        {
          "iteration": 3,
          "residual": 0.0008151330008699072,
          "relative_residual": 3.853159439416863e-07,
          "outside": 0,
          "min_det_C": 1.0367792642276952
        },
        {
          "iteration": 4,
          "residual": 4.321882978474553e-09,
          "relative_residual": 2.0429677337063236e-12,
          "outside": 0,
          "min_det_C": 1.0367792645435159
        }
      ]
    },
    {
      "step": 15,
      "iterations": 4,
      "residual": 4.3011793159372144e-09,
      "relative_residual": 2.033181047036701e-12,
      "coverage": {
        "n": 2070,
        "inside": 2070,
        "outside": 0,
        "minimum": [
          0.04803440418693661,
          -0.04960602926016916,
          -0.08658047065416212
        ],
        "maximum": [
          0.11738630063801259,
          -0.017472235120141733,
          0.038956671193302754
        ]
      },
      "iterates": [
        {
          "iteration": 1,
          "residual": 2115.4925294065924,
          "relative_residual": 1.0,
          "outside": 0,
          "min_det_C": 1.0367792645435159
        },
        {
          "iteration": 2,
          "residual": 23.180361894305943,
          "relative_residual": 0.010957430277859769,
          "outside": 0,
          "min_det_C": 1.0396156261194007
        },
        {
          "iteration": 3,
          "residual": 0.0009615388859908731,
          "relative_residual": 4.5452246823135326e-07,
          "outside": 0,
          "min_det_C": 1.0396414316900624
        },
        {
          "iteration": 4,
          "residual": 4.3011793159372144e-09,
          "relative_residual": 2.033181047036701e-12,
          "outside": 0,
          "min_det_C": 1.0396414319727518
        }
      ]
    },
    {
      "step": 16,
      "iterations": 4,
      "residual": 4.492926922473194e-09,
      "relative_residual": 2.123820746241728e-12,
      "coverage": {
        "n": 2070,
        "inside": 2070,
        "outside": 0,
        "minimum": [
          0.051740024454181466,
          -0.052941168997323984,
          -0.0927846383139424
        ],
        "maximum": [
          0.12652119476628454,
          -0.0187161334626757,
          0.04172547766526224
        ]
      },
      "iterates": [
        {
          "iteration": 1,
          "residual": 2115.492529406632,
          "relative_residual": 1.0,
          "outside": 0,
          "min_det_C": 1.0396414319727518
        },
        {
          "iteration": 2,
          "residual": 25.79432592653108,
          "relative_residual": 0.012193059331561928,
          "outside": 0,
          "min_det_C": 1.042505659453737
        },
        {
          "iteration": 3,
          "residual": 0.0011248198527962926,
          "relative_residual": 5.317058969297282e-07,
          "outside": 0,
          "min_det_C": 1.042531646689207
        },
        {
          "iteration": 4,
          "residual": 4.492926922473194e-09,
          "relative_residual": 2.123820746241728e-12,
          "outside": 0,
          "min_det_C": 1.0425316469362478
        }
      ]
    },
    {
      "step": 17,
      "iterations": 4,
      "residual": 5.028707405617056e-09,
      "relative_residual": 2.3770858727765663e-12,
      "coverage": {
        "n": 2070,
        "inside": 2070,
        "outside": 0,
        "minimum": [
          0.05550479855349166,
          -0.056235323896451306,
          -0.09901940810431017
        ],
        "maximum": [
          0.13580260763134178,
          -0.01996644186058799,
          0.04449315548664468
        ]
      },
      "iterates": [
        {
          "iteration": 1,
          "residual": 2115.49252940671,
          "relative_residual": 1.0,
          "outside": 0,
          "min_det_C": 1.0425316469362478
        },
        {
          "iteration": 2,
          "residual": 28.279610485407,
          "relative_residual": 0.013367861191803885,
          "outside": 0,
          "min_det_C": 1.0454235396892573
        },
        {
          "iteration": 3,
          "residual": 0.001279056552569725,
          "relative_residual": 6.046140720376055e-07,
          "outside": 0,
          "min_det_C": 1.0454497516929213
        },
        {
          "iteration": 4,
          "residual": 5.028707405617056e-09,
          "relative_residual": 2.3770858727765663e-12,
          "outside": 0,
          "min_det_C": 1.0454497519047703
        }
      ]
    },
    {
      "step": 18,
      "iterations": 4,
      "residual": 5.732284139114086e-09,
      "relative_residual": 2.709668816803625e-12,
      "coverage": {
        "n": 2070,
        "inside": 2070,
        "outside": 0,
        "minimum": [
          0.059327969286375626,
          -0.059481879709557206,
          -0.10527919916176391
        ],
        "maximum": [
          0.14522695252628448,
          -0.021202293888682944,
          0.04725557498951402
        ]
      },
      "iterates": [
        {
          "iteration": 1,
          "residual": 2115.4925294065984,
          "relative_residual": 1.0,
          "outside": 0,
          "min_det_C": 1.0454497519047703
        },
        {
          "iteration": 2,
          "residual": 30.445234829601414,
          "relative_residual": 0.014391558658985852,
          "outside": 0,
          "min_det_C": 1.0483692197744998
        },
        {
          "iteration": 3,
          "residual": 0.0013937165420148537,
          "relative_residual": 6.588142111784224e-07,
          "outside": 0,
          "min_det_C": 1.0483956976223097
        },
        {
          "iteration": 4,
          "residual": 5.732284139114086e-09,
          "relative_residual": 2.709668816803625e-12,
          "outside": 0,
          "min_det_C": 1.0483956978022506
        }
      ]
    },
    {
      "step": 19,
      "iterations": 4,
      "residual": 6.2219768172709665e-09,
      "relative_residual": 2.941148092362173e-12,
      "coverage": {
        "n": 2070,
        "inside": 2070,
        "outside": 0,
        "minimum": [
          0.06320869878015178,
          -0.06267527790241789,
          -0.11155768836099954
        ],
        "maximum": [
          0.15478901052259886,
          -0.022423133438900233,
          0.050008661974494655
        ]
      },
      "iterates": [
        {
          "iteration": 1,
          "residual": 2115.492529406708,
          "relative_residual": 1.0,
          "outside": 0,
          "min_det_C": 1.0483956978022506
        },
        {
          "iteration": 2,
          "residual": 32.1333604329523,
          "relative_residual": 0.015189540963287701,
          "outside": 0,
          "min_det_C": 1.051342760478695
        },
        {
          "iteration": 3,
          "residual": 0.0014435844487325179,
          "relative_residual": 6.823869281813879e-07,
          "outside": 0,
          "min_det_C": 1.0513695420175837
        },
        {
          "iteration": 4,
          "residual": 6.2219768172709665e-09,
          "relative_residual": 2.941148092362173e-12,
          "outside": 0,
          "min_det_C": 1.0513695421713867
        }
      ]
    },
    {
      "step": 20,
      "iterations": 4,
      "residual": 6.303775250307207e-09,
      "relative_residual": 2.9798144700022936e-12,
      "coverage": {
        "n": 2070,
        "inside": 2070,
        "outside": 0,
        "minimum": [
          0.06714604971130411,
          -0.06581117126920677,
          -0.11784763910312265
        ],
        "maximum": [
          0.16448137200241353,
          -0.023641062348290887,
          0.052748434163907156
        ]
      },
      "iterates": [
        {
          "iteration": 1,
          "residual": 2115.4925294064883,
          "relative_residual": 1.0,
          "outside": 0,
          "min_det_C": 1.0513695421713867
        },
        {
          "iteration": 2,
          "residual": 33.24274303292004,
          "relative_residual": 0.015713949622051585,
          "outside": 0,
          "min_det_C": 1.0543443267210475
        },
        {
          "iteration": 3,
          "residual": 0.001419469129977369,
          "relative_residual": 6.709875408426084e-07,
          "outside": 0,
          "min_det_C": 1.0543714465797493
        },
        {
          "iteration": 4,
          "residual": 6.303775250307207e-09,
          "relative_residual": 2.9798144700022936e-12,
          "outside": 0,
          "min_det_C": 1.0543714467148693
        }
      ]
    }
  ],
  "material_calls": 61,
  "material_points": 126270,
  "summed_pann_seconds": 0.5263824425637722,
  "macro_mesh_sha256": "81aa5d4c646b8200fa94ccdfceb1466e7d401576b6ca14d2969f3d76105f4762",
  "rve_mesh_sha256": "82e42f23fc9bdb45933f88f8cbd4f6f5e52f5755aee7f8f28b8781bf71c87a47"
}
 |  /           |                  
 ' /   __| _` | __|  _ \   __|    
 . \  |   (   | |   (   |\__ \  
_|\_\_|  \__,_|\__|\___/ ____/
           Multi-Physics 10.3."0"-master-532e0dba7df-Release-x86_64
           Compiled for GNU/Linux and Python3.12 with GCC-13.3
Compiled with threading support. Threading support with OpenMP.
Maximum number of threads: 2.
Importing    KratosStructuralMechanicsApplication 
    KRATOS   ___|  |                   |                   |
           \___ \  __|  __| |   |  __| __| |   |  __| _` | |
                 | |   |    |   | (    |   |   | |   (   | |
           _____/ \__|_|   \__,_|\___|\__|\__,_|_|  \__,_|_| MECHANICS
Initializing KratosStructuralMechanicsApplication...
Importing    KratosConstitutiveLawsApplication 
Initializing KratosConstitutiveLawsApplication...
[WARNING] DEPRECATION-Warning; MechanicalSolver: Using "line_search", please move it to "solving_strategy_settings" as "type" 
::[MechanicalSolver]:: : Construction finished 
::[StaticMechanicalSolver]:: : Construction finished 
::[MechanicalSolver]:: : Variables ADDED 
[WARNING] Model: Trying to create a root modelpart with name Structure however a ModelPart with the same name already exists. 
Returning the already existent ModelPart.
SingleImportModelPart: Reading model part from file: "/home/sares/ML_assisted_CLs_clean/coupon_fe2_paper/01_macro_prepass/coupon_conv_div4".mdpa
ModelPartIO:   [Reading Nodes    : 1501 nodes read]
ModelPartIO:   [Reading Geometries : 690 geometries read] [Type: Triangle2D6]
ModelPartIO:   [Total Lines Read : 4431]
SingleImportModelPart: Finished reading model part from mdpa file.
::[PythonSolver]::: Reading model part. 
::[PythonSolver]::: Using already imported model part - no reading necessary. 
ModelPart: -Structure- model part
    Buffer Size : 1
    Number of tables : 0
    Number of sub model parts : 2
    Current solution step index : 0
    DOMAIN_SIZE : 2
    OSS_SWITCH : 0
    IS_RESTARTED : 0

    Number of Geometries  : 690
    Mesh 0 :
        Number of Nodes       : 1501
        Number of Properties  : 1
        Number of Elements    : 690
        Number of Conditions  : 0
        Number of Constraints : 0

    -dirichlet- model part
        Number of tables : 0
        Number of sub model parts : 0

        Number of Geometries  : 0
        Mesh 0 :
            Number of Nodes       : 26
            Number of Properties  : 0
            Number of Elements    : 0
            Number of Conditions  : 0
            Number of Constraints : 0
    -material- model part
        Number of tables : 0
        Number of sub model parts : 0

        Number of Geometries  : 690
        Mesh 0 :
            Number of Nodes       : 1501
            Number of Properties  : 0
            Number of Elements    : 690
            Number of Conditions  : 0
            Number of Constraints : 0
 
::[PythonSolver]:: : Finished reading model part. 
Read materials: Started
Read materials: Finished
::[MechanicalSolver]:: : Constitutive law was successfully imported. 
::[MechanicalSolver]::: ModelPart prepared for Solver. 
::[MechanicalSolver]:: : DOF's ADDED 
::[MechanicalSolver]:: : Initializing ... 
Importing    LinearSolversApplication 
    Kratos  _     _                       ____        _
           | |   (_)_ __   ___  __ _ _ __/ ___|  ___ | |_   _____ _ __ ___
           | |   | | '_ \ / _ \/ _` | '__\___ \ / _ \| \ \ / / _ \ '__/ __|
           | |___| | | | |  __/ (_| | |   ___) | (_) | |\ V /  __/ |  \__ \
           |_____|_|_| |_|\___|\__,_|_|  |____/ \___/|_| \_/ \___|_|  |___/
Initializing KratosLinearSolversApplication...
Linear-Solver-Factory: Constructing a regular (non-complex) linear-solver 
::[MechanicalSolver]:: : Finished initialization. 
Analysis: Analysis -START-  
Deregistering KratosMultiphysics
Deregistering ConstitutiveLawsApplication
Deregistering LinearSolversApplication
Deregistering StructuralMechanicsApplication
