[VectorizedAssembler] 690 elements, 3 GPs, total area=1.311591e-04
[macro] 3002 dofs, 13/13 end-face nodes
  step  1/5 iter  1: |R|=8.46197e+03, rel=1.000e+00, wall=0.02s
  step  1/5 iter  2: |R|=2.42676e+02, rel=2.868e-02, wall=0.01s
  step  1/5 iter  3: |R|=1.27123e+00, rel=1.502e-04, wall=0.01s
  step  1/5 iter  4: |R|=2.58831e-04, rel=3.059e-08, wall=0.01s
    converged: in-box 2070/2070; E11=[+0.0114,+0.0273], E22=[-0.0125,-0.0044], g12=[-0.0216,+0.0096]
  step  2/5 iter  1: |R|=8.46197e+03, rel=1.000e+00, wall=0.00s
  step  2/5 iter  2: |R|=2.23158e+02, rel=2.637e-02, wall=0.01s
  step  2/5 iter  3: |R|=1.61497e-01, rel=1.908e-05, wall=0.01s
  step  2/5 iter  4: |R|=3.86357e-06, rel=4.566e-10, wall=0.01s
    converged: in-box 2070/2070; E11=[+0.0238,+0.0577], E22=[-0.0258,-0.0090], g12=[-0.0444,+0.0200]
  step  3/5 iter  1: |R|=8.46197e+03, rel=1.000e+00, wall=0.00s
  step  3/5 iter  2: |R|=2.25155e+02, rel=2.661e-02, wall=0.01s
  step  3/5 iter  3: |R|=1.69447e-01, rel=2.002e-05, wall=0.01s
  step  3/5 iter  4: |R|=2.32925e-07, rel=2.753e-11, wall=0.01s
    converged: in-box 2070/2070; E11=[+0.0373,+0.0909], E22=[-0.0394,-0.0138], g12=[-0.0682,+0.0307]
  step  4/5 iter  1: |R|=8.46197e+03, rel=1.000e+00, wall=0.00s
  step  4/5 iter  2: |R|=3.23151e+02, rel=3.819e-02, wall=0.01s
  step  4/5 iter  3: |R|=2.43390e-01, rel=2.876e-05, wall=0.01s
  step  4/5 iter  4: |R|=1.17413e-07, rel=1.388e-11, wall=0.01s
    converged: in-box 2070/2070; E11=[+0.0517,+0.1265], E22=[-0.0529,-0.0187], g12=[-0.0928,+0.0417]
  step  5/5 iter  1: |R|=8.46197e+03, rel=1.000e+00, wall=0.00s
  step  5/5 iter  2: |R|=4.76080e+02, rel=5.626e-02, wall=0.01s
  step  5/5 iter  3: |R|=3.33109e-01, rel=3.937e-05, wall=0.01s
  step  5/5 iter  4: |R|=3.95353e-06, rel=4.672e-10, wall=0.01s
    converged: in-box 2070/2070; E11=[+0.0671,+0.1645], E22=[-0.0658,-0.0236], g12=[-0.1178,+0.0527]
{
  "status": "converged",
  "model": "flexible_polyconvex_pann",
  "tier": "flexible",
  "tag": "large_increment_ICNN_n5",
  "output": "/home/sares/ML_assisted_CLs_clean/coupon_fe2_paper/06_fe2/results/large_increment_v1/pann_fe2_large_increment_ICNN_n5.npz",
  "wall_seconds": 0.290232889354229,
  "torch_threads": 2,
  "force_per_end": 100000.0,
  "n_steps_requested": 5,
  "n_steps_completed": 5,
  "max_newton": 50,
  "macro_elements": 690,
  "macro_gauss_points": 2070,
  "rve_elements_reference": 1546,
  "checkpoint": {
    "checkpoint": "/home/sares/ML_assisted_CLs_clean/coupon_fe2_paper/06_pann/results/sc_m06_learned_v1/training/m06_icnn_learned_seed16/model.pt",
    "checkpoint_sha256": "1727817e7e103595dfe27cd5703cf9e338e69a796e70bd16f48b81ee359eca3d",
    "core": "icnn",
    "features": 6,
    "widths": [
      24,
      24
    ],
    "learn_features": true,
    "dynamic_center": true,
    "spline_basis": "integrated_hat",
    "analytic_stress": true,
    "strain_scale": 0.1955,
    "energy_scale": 27042824.02698266
  },
  "tangent_preflight": {
    "tangent_fd_relative": 1.5832805949840184e-10,
    "tangent_asymmetry_relative": 7.129229580343976e-17
  },
  "macro_newton": [
    {
      "step": 1,
      "iterations": 4,
      "residual": 0.0002588307542852373,
      "relative_residual": 3.0587528753627253e-08,
      "coverage": {
        "n": 2070,
        "inside": 2070,
        "outside": 0,
        "minimum": [
          0.011355306315160685,
          -0.012493498764851951,
          -0.02163503174299775
        ],
        "maximum": [
          0.027330374005003932,
          -0.004421918469814157,
          0.00963658537907401
        ]
      },
      "iterates": [
        {
          "iteration": 1,
          "residual": 8461.97011762657,
          "relative_residual": 1.0,
          "outside": 0,
          "min_det_C": 1.0
        },
        {
          "iteration": 2,
          "residual": 242.6762197122247,
          "relative_residual": 0.028678453875265044,
          "outside": 0,
          "min_det_C": 1.0093046055448816
        },
        {
          "iteration": 3,
          "residual": 1.2712324030561346,
          "relative_residual": 0.0001502288929628946,
          "outside": 0,
          "min_det_C": 1.0098079781164737
        },
        {
          "iteration": 4,
          "residual": 0.0002588307542852373,
          "relative_residual": 3.0587528753627253e-08,
          "outside": 0,
          "min_det_C": 1.0098058055833121
        }
      ]
    },
    {
      "step": 2,
      "iterations": 4,
      "residual": 3.863565297561675e-06,
      "relative_residual": 4.5657988381755203e-10,
      "coverage": {
        "n": 2070,
        "inside": 2070,
        "outside": 0,
        "minimum": [
          0.02380532760633347,
          -0.025783897077563345,
          -0.04439996571341175
        ],
        "maximum": [
          0.05774551984215626,
          -0.009014098961350248,
          0.019967858882216607
        ]
      },
      "iterates": [
        {
          "iteration": 1,
          "residual": 8461.970039629568,
          "relative_residual": 1.0,
          "outside": 0,
          "min_det_C": 1.0098058055833121
        },
        {
          "iteration": 2,
          "residual": 223.15833081275048,
          "relative_residual": 0.026371912186836276,
          "outside": 0,
          "min_det_C": 1.019802880812797
        },
        {
          "iteration": 3,
          "residual": 0.16149653289329452,
          "relative_residual": 1.9084980464001287e-05,
          "outside": 0,
          "min_det_C": 1.0202170485441457
        },
        {
          "iteration": 4,
          "residual": 3.863565297561675e-06,
          "relative_residual": 4.5657988381755203e-10,
          "outside": 0,
          "min_det_C": 1.0202169980587543
        }
      ]
    },
    {
      "step": 3,
      "iterations": 4,
      "residual": 2.3292512287543345e-07,
      "relative_residual": 2.7526110311949695e-11,
      "coverage": {
        "n": 2070,
        "inside": 2070,
        "outside": 0,
        "minimum": [
          0.03727921011348856,
          -0.039431995631798056,
          -0.06820029495278279
        ],
        "maximum": [
          0.09088445711289883,
          -0.01378794302908909,
          0.03072665918681134
        ]
      },
      "iterates": [
        {
          "iteration": 1,
          "residual": 8461.970116217819,
          "relative_residual": 1.0,
          "outside": 0,
          "min_det_C": 1.0202169980587543
        },
        {
          "iteration": 2,
          "residual": 225.15461422878613,
          "relative_residual": 0.026607824317089617,
          "outside": 0,
          "min_det_C": 1.0307363333355655
        },
        {
          "iteration": 3,
          "residual": 0.16944731926255904,
          "relative_residual": 2.0024570748341946e-05,
          "outside": 0,
          "min_det_C": 1.0311401440926913
        },
        {
          "iteration": 4,
          "residual": 2.3292512287543345e-07,
          "relative_residual": 2.7526110311949695e-11,
          "outside": 0,
          "min_det_C": 1.0311402373015692
        }
      ]
    },
    {
      "step": 4,
      "iterations": 4,
      "residual": 1.174127385233889e-07,
      "relative_residual": 1.3875343081159595e-11,
      "coverage": {
        "n": 2070,
        "inside": 2070,
        "outside": 0,
        "minimum": [
          0.05174002445403014,
          -0.05294116899721246,
          -0.09278463831424125
        ],
        "maximum": [
          0.12652119476583223,
          -0.01871613346268608,
          0.0417254776651499
        ]
      },
      "iterates": [
        {
          "iteration": 1,
          "residual": 8461.970117540073,
          "relative_residual": 1.0,
          "outside": 0,
          "min_det_C": 1.0311402373015692
        },
        {
          "iteration": 2,
          "residual": 323.1511754841864,
          "relative_residual": 0.038188645314919605,
          "outside": 0,
          "min_det_C": 1.0421248174703188
        },
        {
          "iteration": 3,
          "residual": 0.24339033841660812,
          "relative_residual": 2.8762845417298945e-05,
          "outside": 0,
          "min_det_C": 1.042531564504133
        },
        {
          "iteration": 4,
          "residual": 1.174127385233889e-07,
          "relative_residual": 1.3875343081159595e-11,
          "outside": 0,
          "min_det_C": 1.0425316469361647
        }
      ]
    },
    {
      "step": 5,
      "iterations": 4,
      "residual": 3.953532191908138e-06,
      "relative_residual": 4.672117883846762e-10,
      "coverage": {
        "n": 2070,
        "inside": 2070,
        "outside": 0,
        "minimum": [
          0.06714604971118265,
          -0.06581117126922081,
          -0.11784763910338354
        ],
        "maximum": [
          0.16448137200205792,
          -0.02364106234830654,
          0.0527484341638315
        ]
      },
      "iterates": [
        {
          "iteration": 1,
          "residual": 8461.970117614026,
          "relative_residual": 1.0,
          "outside": 0,
          "min_det_C": 1.0425316469361647
        },
        {
          "iteration": 2,
          "residual": 476.0803627371488,
          "relative_residual": 0.05626117276710337,
          "outside": 0,
          "min_det_C": 1.05395086168036
        },
        {
          "iteration": 3,
          "residual": 0.3331090037832598,
          "relative_residual": 3.9365419536270436e-05,
          "outside": 0,
          "min_det_C": 1.0543713962799333
        },
        {
          "iteration": 4,
          "residual": 3.953532191908138e-06,
          "relative_residual": 4.672117883846762e-10,
          "outside": 0,
          "min_det_C": 1.0543714467147929
        }
      ]
    }
  ],
  "material_calls": 16,
  "material_points": 33120,
  "summed_pann_seconds": 0.1586534772068262,
  "macro_mesh_sha256": "81aa5d4c646b8200fa94ccdfceb1466e7d401576b6ca14d2969f3d76105f4762",
  "rve_mesh_sha256": "82e42f23fc9bdb45933f88f8cbd4f6f5e52f5755aee7f8f28b8781bf71c87a47"
}
 |  /           |                  
 ' /   __| _` | __|  _ \   __|    
 . \  |   (   | |   (   |\__ \  
_|\_\_|  \__,_|\__|\___/ ____/
           Multi-Physics 10.3."0"-master-532e0dba7df-Release-x86_64
           Compiled for GNU/Linux and Python3.12 with GCC-13.3
Compiled with threading support. Threading support with OpenMP.
Maximum number of threads: 2.
Importing    KratosStructuralMechanicsApplication 
    KRATOS   ___|  |                   |                   |
           \___ \  __|  __| |   |  __| __| |   |  __| _` | |
                 | |   |    |   | (    |   |   | |   (   | |
           _____/ \__|_|   \__,_|\___|\__|\__,_|_|  \__,_|_| MECHANICS
Initializing KratosStructuralMechanicsApplication...
Importing    KratosConstitutiveLawsApplication 
Initializing KratosConstitutiveLawsApplication...
[WARNING] DEPRECATION-Warning; MechanicalSolver: Using "line_search", please move it to "solving_strategy_settings" as "type" 
::[MechanicalSolver]:: : Construction finished 
::[StaticMechanicalSolver]:: : Construction finished 
::[MechanicalSolver]:: : Variables ADDED 
[WARNING] Model: Trying to create a root modelpart with name Structure however a ModelPart with the same name already exists. 
Returning the already existent ModelPart.
SingleImportModelPart: Reading model part from file: "/home/sares/ML_assisted_CLs_clean/coupon_fe2_paper/01_macro_prepass/coupon_conv_div4".mdpa
ModelPartIO:   [Reading Nodes    : 1501 nodes read]
ModelPartIO:   [Reading Geometries : 690 geometries read] [Type: Triangle2D6]
ModelPartIO:   [Total Lines Read : 4431]
SingleImportModelPart: Finished reading model part from mdpa file.
::[PythonSolver]::: Reading model part. 
::[PythonSolver]::: Using already imported model part - no reading necessary. 
ModelPart: -Structure- model part
    Buffer Size : 1
    Number of tables : 0
    Number of sub model parts : 2
    Current solution step index : 0
    DOMAIN_SIZE : 2
    OSS_SWITCH : 0
    IS_RESTARTED : 0

    Number of Geometries  : 690
    Mesh 0 :
        Number of Nodes       : 1501
        Number of Properties  : 1
        Number of Elements    : 690
        Number of Conditions  : 0
        Number of Constraints : 0

    -dirichlet- model part
        Number of tables : 0
        Number of sub model parts : 0

        Number of Geometries  : 0
        Mesh 0 :
            Number of Nodes       : 26
            Number of Properties  : 0
            Number of Elements    : 0
            Number of Conditions  : 0
            Number of Constraints : 0
    -material- model part
        Number of tables : 0
        Number of sub model parts : 0

        Number of Geometries  : 690
        Mesh 0 :
            Number of Nodes       : 1501
            Number of Properties  : 0
            Number of Elements    : 690
            Number of Conditions  : 0
            Number of Constraints : 0
 
::[PythonSolver]:: : Finished reading model part. 
Read materials: Started
Read materials: Finished
::[MechanicalSolver]:: : Constitutive law was successfully imported. 
::[MechanicalSolver]::: ModelPart prepared for Solver. 
::[MechanicalSolver]:: : DOF's ADDED 
::[MechanicalSolver]:: : Initializing ... 
Importing    LinearSolversApplication 
    Kratos  _     _                       ____        _
           | |   (_)_ __   ___  __ _ _ __/ ___|  ___ | |_   _____ _ __ ___
           | |   | | '_ \ / _ \/ _` | '__\___ \ / _ \| \ \ / / _ \ '__/ __|
           | |___| | | | |  __/ (_| | |   ___) | (_) | |\ V /  __/ |  \__ \
           |_____|_|_| |_|\___|\__,_|_|  |____/ \___/|_| \_/ \___|_|  |___/
Initializing KratosLinearSolversApplication...
Linear-Solver-Factory: Constructing a regular (non-complex) linear-solver 
::[MechanicalSolver]:: : Finished initialization. 
Analysis: Analysis -START-  
Deregistering KratosMultiphysics
Deregistering ConstitutiveLawsApplication
Deregistering LinearSolversApplication
Deregistering StructuralMechanicsApplication
