[VectorizedAssembler] 690 elements, 3 GPs, total area=1.311591e-04
[macro] 3002 dofs, 13/13 end-face nodes
  step  1/10 iter  1: |R|=4.23099e+03, rel=1.000e+00, wall=0.02s
  step  1/10 iter  2: |R|=6.26833e+01, rel=1.482e-02, wall=0.01s
  step  1/10 iter  3: |R|=1.32282e-01, rel=3.127e-05, wall=0.01s
  step  1/10 iter  4: |R|=3.03005e-06, rel=7.162e-10, wall=0.01s
    converged: in-box 2070/2070; E11=[+0.0055,+0.0133], E22=[-0.0061,-0.0022], g12=[-0.0107,+0.0047]
  step  2/10 iter  1: |R|=4.23099e+03, rel=1.000e+00, wall=0.00s
  step  2/10 iter  2: |R|=5.98766e+01, rel=1.415e-02, wall=0.01s
  step  2/10 iter  3: |R|=2.26692e-02, rel=5.358e-06, wall=0.01s
  step  2/10 iter  4: |R|=2.43836e-07, rel=5.763e-11, wall=0.01s
    converged: in-box 2070/2070; E11=[+0.0114,+0.0273], E22=[-0.0125,-0.0044], g12=[-0.0216,+0.0096]
  step  3/10 iter  1: |R|=4.23099e+03, rel=1.000e+00, wall=0.00s
  step  3/10 iter  2: |R|=5.74401e+01, rel=1.358e-02, wall=0.01s
  step  3/10 iter  3: |R|=1.12800e-02, rel=2.666e-06, wall=0.01s
  step  3/10 iter  4: |R|=3.26986e-08, rel=7.728e-12, wall=0.01s
    converged: in-box 2070/2070; E11=[+0.0174,+0.0422], E22=[-0.0191,-0.0067], g12=[-0.0329,+0.0147]
  step  4/10 iter  1: |R|=4.23099e+03, rel=1.000e+00, wall=0.00s
  step  4/10 iter  2: |R|=5.55226e+01, rel=1.312e-02, wall=0.01s
  step  4/10 iter  3: |R|=9.57503e-03, rel=2.263e-06, wall=0.01s
  step  4/10 iter  4: |R|=6.56021e-09, rel=1.551e-12, wall=0.01s
    converged: in-box 2070/2070; E11=[+0.0238,+0.0577], E22=[-0.0258,-0.0090], g12=[-0.0444,+0.0200]
  step  5/10 iter  1: |R|=4.23099e+03, rel=1.000e+00, wall=0.00s
  step  5/10 iter  2: |R|=5.58295e+01, rel=1.320e-02, wall=0.01s
  step  5/10 iter  3: |R|=9.29725e-03, rel=2.197e-06, wall=0.01s
  step  5/10 iter  4: |R|=3.69527e-09, rel=8.734e-13, wall=0.01s
    converged: in-box 2070/2070; E11=[+0.0304,+0.0740], E22=[-0.0326,-0.0114], g12=[-0.0562,+0.0253]
  step  6/10 iter  1: |R|=4.23099e+03, rel=1.000e+00, wall=0.00s
  step  6/10 iter  2: |R|=6.18190e+01, rel=1.461e-02, wall=0.01s
  step  6/10 iter  3: |R|=1.00875e-02, rel=2.384e-06, wall=0.01s
  step  6/10 iter  4: |R|=3.92524e-09, rel=9.277e-13, wall=0.01s
    converged: in-box 2070/2070; E11=[+0.0373,+0.0909], E22=[-0.0394,-0.0138], g12=[-0.0682,+0.0307]
  step  7/10 iter  1: |R|=4.23099e+03, rel=1.000e+00, wall=0.00s
  step  7/10 iter  2: |R|=7.58154e+01, rel=1.792e-02, wall=0.01s
  step  7/10 iter  3: |R|=1.25662e-02, rel=2.970e-06, wall=0.01s
  step  7/10 iter  4: |R|=4.09759e-09, rel=9.685e-13, wall=0.01s
    converged: in-box 2070/2070; E11=[+0.0444,+0.1084], E22=[-0.0462,-0.0162], g12=[-0.0804,+0.0362]
  step  8/10 iter  1: |R|=4.23099e+03, rel=1.000e+00, wall=0.00s
  step  8/10 iter  2: |R|=9.55394e+01, rel=2.258e-02, wall=0.01s
  step  8/10 iter  3: |R|=1.68900e-02, rel=3.992e-06, wall=0.01s
  step  8/10 iter  4: |R|=4.57521e-09, rel=1.081e-12, wall=0.01s
    converged: in-box 2070/2070; E11=[+0.0517,+0.1265], E22=[-0.0529,-0.0187], g12=[-0.0928,+0.0417]
  step  9/10 iter  1: |R|=4.23099e+03, rel=1.000e+00, wall=0.00s
  step  9/10 iter  2: |R|=1.15384e+02, rel=2.727e-02, wall=0.01s
  step  9/10 iter  3: |R|=2.12049e-02, rel=5.012e-06, wall=0.01s
  step  9/10 iter  4: |R|=5.84770e-09, rel=1.382e-12, wall=0.01s
    converged: in-box 2070/2070; E11=[+0.0593,+0.1452], E22=[-0.0595,-0.0212], g12=[-0.1053,+0.0473]
  step 10/10 iter  1: |R|=4.23099e+03, rel=1.000e+00, wall=0.00s
  step 10/10 iter  2: |R|=1.29512e+02, rel=3.061e-02, wall=0.01s
  step 10/10 iter  3: |R|=2.24270e-02, rel=5.301e-06, wall=0.01s
  step 10/10 iter  4: |R|=6.30474e-09, rel=1.490e-12, wall=0.01s
    converged: in-box 2070/2070; E11=[+0.0671,+0.1645], E22=[-0.0658,-0.0236], g12=[-0.1178,+0.0527]
{
  "status": "converged",
  "model": "flexible_polyconvex_pann",
  "tier": "flexible",
  "tag": "large_increment_ICNN_n10",
  "output": "/home/sares/ML_assisted_CLs_clean/coupon_fe2_paper/06_fe2/results/large_increment_v1/pann_fe2_large_increment_ICNN_n10.npz",
  "wall_seconds": 0.5313239321112633,
  "torch_threads": 2,
  "force_per_end": 100000.0,
  "n_steps_requested": 10,
  "n_steps_completed": 10,
  "max_newton": 50,
  "macro_elements": 690,
  "macro_gauss_points": 2070,
  "rve_elements_reference": 1546,
  "checkpoint": {
    "checkpoint": "/home/sares/ML_assisted_CLs_clean/coupon_fe2_paper/06_pann/results/sc_m06_learned_v1/training/m06_icnn_learned_seed16/model.pt",
    "checkpoint_sha256": "1727817e7e103595dfe27cd5703cf9e338e69a796e70bd16f48b81ee359eca3d",
    "core": "icnn",
    "features": 6,
    "widths": [
      24,
      24
    ],
    "learn_features": true,
    "dynamic_center": true,
    "spline_basis": "integrated_hat",
    "analytic_stress": true,
    "strain_scale": 0.1955,
    "energy_scale": 27042824.02698266
  },
  "tangent_preflight": {
    "tangent_fd_relative": 1.5832805949840184e-10,
    "tangent_asymmetry_relative": 7.129229580343976e-17
  },
  "macro_newton": [
    {
      "step": 1,
      "iterations": 4,
      "residual": 3.030049321726271e-06,
      "relative_residual": 7.161569420848164e-10,
      "coverage": {
        "n": 2070,
        "inside": 2070,
        "outside": 0,
        "minimum": [
          0.005530830517298191,
          -0.006115564887623437,
          -0.010685820634793126
        ],
        "maximum": [
          0.013320054613162657,
          -0.0021928532689423075,
          0.0047119189542303794
        ]
      },
      "iterates": [
        {
          "iteration": 1,
          "residual": 4230.985058813288,
          "relative_residual": 1.0,
          "outside": 0,
          "min_det_C": 1.0
        },
        {
          "iteration": 2,
          "residual": 62.683264769328915,
          "relative_residual": 0.01481528861435176,
          "outside": 0,
          "min_det_C": 1.0046814570043228
        },
        {
          "iteration": 3,
          "residual": 0.13228221187732658,
          "relative_residual": 3.126510967033036e-05,
          "outside": 0,
          "min_det_C": 1.004816036965342
        },
        {
          "iteration": 4,
          "residual": 3.030049321726271e-06,
          "relative_residual": 7.161569420848164e-10,
          "outside": 0,
          "min_det_C": 1.0048157951175636
        }
      ]
    },
    {
      "step": 2,
      "iterations": 4,
      "residual": 2.4383615610437714e-07,
      "relative_residual": 5.763106056092412e-11,
      "coverage": {
        "n": 2070,
        "inside": 2070,
        "outside": 0,
        "minimum": [
          0.01135530623164882,
          -0.01249349873498512,
          -0.02163503179808477
        ],
        "maximum": [
          0.0273303739120907,
          -0.004421918544789294,
          0.009636585303140635
        ]
      },
      "iterates": [
        {
          "iteration": 1,
          "residual": 4230.985057903074,
          "relative_residual": 1.0,
          "outside": 0,
          "min_det_C": 1.0048157951175636
        },
        {
          "iteration": 2,
          "residual": 59.876564351589145,
          "relative_residual": 0.014151920541469524,
          "outside": 0,
          "min_det_C": 1.0096938693520552
        },
        {
          "iteration": 3,
          "residual": 0.022669168185154836,
          "relative_residual": 5.357893699674265e-06,
          "outside": 0,
          "min_det_C": 1.0098058545525337
        },
        {
          "iteration": 4,
          "residual": 2.4383615610437714e-07,
          "relative_residual": 5.763106056092412e-11,
          "outside": 0,
          "min_det_C": 1.009805805366662
        }
      ]
    },
    {
      "step": 3,
      "iterations": 4,
      "residual": 3.269861615743674e-08,
      "relative_residual": 7.728369564891512e-12,
      "coverage": {
        "n": 2070,
        "inside": 2070,
        "outside": 0,
        "minimum": [
          0.01744981711661453,
          -0.01906666730943668,
          -0.0328755710178474
        ],
        "maximum": [
          0.04217934277916524,
          -0.0066949008922090325,
          0.01473268410319391
        ]
      },
      "iterates": [
        {
          "iteration": 1,
          "residual": 4230.985058734798,
          "relative_residual": 1.0,
          "outside": 0,
          "min_det_C": 1.009805805366662
        },
        {
          "iteration": 2,
          "residual": 57.44005673644487,
          "relative_residual": 0.013576048116232609,
          "outside": 0,
          "min_det_C": 1.0148384781943456
        },
        {
          "iteration": 3,
          "residual": 0.011279977979127907,
          "relative_residual": 2.6660406081653683e-06,
          "outside": 0,
          "min_det_C": 1.0149436595776704
        },
        {
          "iteration": 4,
          "residual": 3.269861615743674e-08,
          "relative_residual": 7.728369564891512e-12,
          "outside": 0,
          "min_det_C": 1.0149436499407143
        }
      ]
    },
    {
      "step": 4,
      "iterations": 4,
      "residual": 6.5602075624614665e-09,
      "relative_residual": 1.550515416927369e-12,
      "coverage": {
        "n": 2070,
        "inside": 2070,
        "outside": 0,
        "minimum": [
          0.023805327607315796,
          -0.02578389708089679,
          -0.044399965709662474
        ],
        "maximum": [
          0.05774551984883114,
          -0.009014098962139283,
          0.019967858883457014
        ]
      },
      "iterates": [
        {
          "iteration": 1,
          "residual": 4230.985058801752,
          "relative_residual": 1.0,
          "outside": 0,
          "min_det_C": 1.0149436499407143
        },
        {
          "iteration": 2,
          "residual": 55.52260764956825,
          "relative_residual": 0.013122855996398317,
          "outside": 0,
          "min_det_C": 1.0201142658797424
        },
        {
          "iteration": 3,
          "residual": 0.009575032703165658,
          "relative_residual": 2.2630740997883324e-06,
          "outside": 0,
          "min_det_C": 1.0202169962981544
        },
        {
          "iteration": 4,
          "residual": 6.5602075624614665e-09,
          "relative_residual": 1.550515416927369e-12,
          "outside": 0,
          "min_det_C": 1.0202169980570355
        }
      ]
    },
    {
      "step": 5,
      "iterations": 4,
      "residual": 3.695273759069867e-09,
      "relative_residual": 8.733837883389588e-13,
      "coverage": {
        "n": 2070,
        "inside": 2070,
        "outside": 0,
        "minimum": [
          0.030416603474286652,
          -0.032592249971684195,
          -0.056185079873639694
        ],
        "maximum": [
          0.07399126317898996,
          -0.011379252381393923,
          0.025310293004447048
        ]
      },
      "iterates": [
        {
          "iteration": 1,
          "residual": 4230.985058810981,
          "relative_residual": 1.0,
          "outside": 0,
          "min_det_C": 1.0202169980570355
        },
        {
          "iteration": 2,
          "residual": 55.829469174179174,
          "relative_residual": 0.013195383202291132,
          "outside": 0,
          "min_det_C": 1.0255160792705256
        },
        {
          "iteration": 3,
          "residual": 0.00929725094668079,
          "relative_residual": 2.197419942979795e-06,
          "outside": 0,
          "min_det_C": 1.02561788800058
        },
        {
          "iteration": 4,
          "residual": 3.695273759069867e-09,
          "relative_residual": 8.733837883389588e-13,
          "outside": 0,
          "min_det_C": 1.025617893249852
        }
      ]
    },
    {
      "step": 6,
      "iterations": 4,
      "residual": 3.9252363973163396e-09,
      "relative_residual": 9.277358210330997e-13,
      "coverage": {
        "n": 2070,
        "inside": 2070,
        "outside": 0,
        "minimum": [
          0.03727921011379609,
          -0.03943199563228317,
          -0.06820029495208707
        ],
        "maximum": [
          0.09088445711388937,
          -0.013787943029115957,
          0.030726659187101785
        ]
      },
      "iterates": [
        {
          "iteration": 1,
          "residual": 4230.985058812658,
          "relative_residual": 1.0,
          "outside": 0,
          "min_det_C": 1.025617893249852
        },
        {
          "iteration": 2,
          "residual": 61.818989710947264,
          "relative_residual": 0.014611015839487634,
          "outside": 0,
          "min_det_C": 1.0310386011787822
        },
        {
          "iteration": 3,
          "residual": 0.010087548217369794,
          "relative_residual": 2.384207950902257e-06,
          "outside": 0,
          "min_det_C": 1.0311402313979434
        },
        {
          "iteration": 4,
          "residual": 3.9252363973163396e-09,
          "relative_residual": 9.277358210330997e-13,
          "outside": 0,
          "min_det_C": 1.031140237301644
        }
      ]
    },
    {
      "step": 7,
      "iterations": 4,
      "residual": 4.0975946810421804e-09,
      "relative_residual": 9.684729735707502e-13,
      "coverage": {
        "n": 2070,
        "inside": 2070,
        "outside": 0,
        "minimum": [
          0.044388633504286346,
          -0.04623736047195848,
          -0.08041194156541813
        ],
        "maximum": [
          0.10840048811030967,
          -0.016235653583567544,
          0.03619088921539461
        ]
      },
      "iterates": [
        {
          "iteration": 1,
          "residual": 4230.985058813144,
          "relative_residual": 1.0,
          "outside": 0,
          "min_det_C": 1.031140237301644
        },
        {
          "iteration": 2,
          "residual": 75.81539275684241,
          "relative_residual": 0.01791908780176827,
          "outside": 0,
          "min_det_C": 1.036677204485687
        },
        {
          "iteration": 3,
          "residual": 0.012566188893309562,
          "relative_residual": 2.970038588799595e-06,
          "outside": 0,
          "min_det_C": 1.036779259158452
        },
        {
          "iteration": 4,
          "residual": 4.0975946810421804e-09,
          "relative_residual": 9.684729735707502e-13,
          "outside": 0,
          "min_det_C": 1.0367792645435157
        }
      ]
    },
    {
      "step": 8,
      "iterations": 4,
      "residual": 4.575214444095134e-09,
      "relative_residual": 1.0813591588003762e-12,
      "coverage": {
        "n": 2070,
        "inside": 2070,
        "outside": 0,
        "minimum": [
          0.05174002445418102,
          -0.052941168997323707,
          -0.0927846383139441
        ],
        "maximum": [
          0.12652119476628187,
          -0.018716133462675588,
          0.0417254776652617
        ]
      },
      "iterates": [
        {
          "iteration": 1,
          "residual": 4230.985058813137,
          "relative_residual": 1.0,
          "outside": 0,
          "min_det_C": 1.0367792645435157
        },
        {
          "iteration": 2,
          "residual": 95.53937460484535,
          "relative_residual": 0.02258088205862059,
          "outside": 0,
          "min_det_C": 1.0424285083030702
        },
        {
          "iteration": 3,
          "residual": 0.01689000395020891,
          "relative_residual": 3.991979105439536e-06,
          "outside": 0,
          "min_det_C": 1.0425316425608528
        },
        {
          "iteration": 4,
          "residual": 4.575214444095134e-09,
          "relative_residual": 1.0813591588003762e-12,
          "outside": 0,
          "min_det_C": 1.0425316469362473
        }
      ]
    },
    {
      "step": 9,
      "iterations": 4,
      "residual": 5.847703717447567e-09,
      "relative_residual": 1.3821140080054598e-12,
      "coverage": {
        "n": 2070,
        "inside": 2070,
        "outside": 0,
        "minimum": [
          0.05932796928637518,
          -0.05948187970955715,
          -0.10527919916176356
        ],
        "maximum": [
          0.1452269525262847,
          -0.021202293888683166,
          0.0472555749895138
        ]
      },
      "iterates": [
        {
          "iteration": 1,
          "residual": 4230.9850588132285,
          "relative_residual": 1.0,
          "outside": 0,
          "min_det_C": 1.0425316469362473
        },
        {
          "iteration": 2,
          "residual": 115.3837626838941,
          "relative_residual": 0.02727113451831917,
          "outside": 0,
          "min_det_C": 1.0482907846260616
        },
        {
          "iteration": 3,
          "residual": 0.021204857317966373,
          "relative_residual": 5.01180151269885e-06,
          "outside": 0,
          "min_det_C": 1.0483956945216628
        },
        {
          "iteration": 4,
          "residual": 5.847703717447567e-09,
          "relative_residual": 1.3821140080054598e-12,
          "outside": 0,
          "min_det_C": 1.0483956978022502
        }
      ]
    },
    {
      "step": 10,
      "iterations": 4,
      "residual": 6.304742557751723e-09,
      "relative_residual": 1.4901358596430827e-12,
      "coverage": {
        "n": 2070,
        "inside": 2070,
        "outside": 0,
        "minimum": [
          0.06714604971130356,
          -0.06581117126920705,
          -0.11784763910312714
        ],
        "maximum": [
          0.16448137200240998,
          -0.023641062348290942,
          0.05274843416390725
        ]
      },
      "iterates": [
        {
          "iteration": 1,
          "residual": 4230.985058813251,
          "relative_residual": 1.0,
          "outside": 0,
          "min_det_C": 1.0483956978022502
        },
        {
          "iteration": 2,
          "residual": 129.51175697494784,
          "relative_residual": 0.030610308279196474,
          "outside": 0,
          "min_det_C": 1.054264111516097
        },
        {
          "iteration": 3,
          "residual": 0.022427006671457587,
          "relative_residual": 5.3006584423505706e-06,
          "outside": 0,
          "min_det_C": 1.0543714442656085
        },
        {
          "iteration": 4,
          "residual": 6.304742557751723e-09,
          "relative_residual": 1.4901358596430827e-12,
          "outside": 0,
          "min_det_C": 1.0543714467148682
        }
      ]
    }
  ],
  "material_calls": 31,
  "material_points": 64170,
  "summed_pann_seconds": 0.2719311825931072,
  "macro_mesh_sha256": "81aa5d4c646b8200fa94ccdfceb1466e7d401576b6ca14d2969f3d76105f4762",
  "rve_mesh_sha256": "82e42f23fc9bdb45933f88f8cbd4f6f5e52f5755aee7f8f28b8781bf71c87a47"
}
 |  /           |                  
 ' /   __| _` | __|  _ \   __|    
 . \  |   (   | |   (   |\__ \  
_|\_\_|  \__,_|\__|\___/ ____/
           Multi-Physics 10.3."0"-master-532e0dba7df-Release-x86_64
           Compiled for GNU/Linux and Python3.12 with GCC-13.3
Compiled with threading support. Threading support with OpenMP.
Maximum number of threads: 2.
Importing    KratosStructuralMechanicsApplication 
    KRATOS   ___|  |                   |                   |
           \___ \  __|  __| |   |  __| __| |   |  __| _` | |
                 | |   |    |   | (    |   |   | |   (   | |
           _____/ \__|_|   \__,_|\___|\__|\__,_|_|  \__,_|_| MECHANICS
Initializing KratosStructuralMechanicsApplication...
Importing    KratosConstitutiveLawsApplication 
Initializing KratosConstitutiveLawsApplication...
[WARNING] DEPRECATION-Warning; MechanicalSolver: Using "line_search", please move it to "solving_strategy_settings" as "type" 
::[MechanicalSolver]:: : Construction finished 
::[StaticMechanicalSolver]:: : Construction finished 
::[MechanicalSolver]:: : Variables ADDED 
[WARNING] Model: Trying to create a root modelpart with name Structure however a ModelPart with the same name already exists. 
Returning the already existent ModelPart.
SingleImportModelPart: Reading model part from file: "/home/sares/ML_assisted_CLs_clean/coupon_fe2_paper/01_macro_prepass/coupon_conv_div4".mdpa
ModelPartIO:   [Reading Nodes    : 1501 nodes read]
ModelPartIO:   [Reading Geometries : 690 geometries read] [Type: Triangle2D6]
ModelPartIO:   [Total Lines Read : 4431]
SingleImportModelPart: Finished reading model part from mdpa file.
::[PythonSolver]::: Reading model part. 
::[PythonSolver]::: Using already imported model part - no reading necessary. 
ModelPart: -Structure- model part
    Buffer Size : 1
    Number of tables : 0
    Number of sub model parts : 2
    Current solution step index : 0
    DOMAIN_SIZE : 2
    OSS_SWITCH : 0
    IS_RESTARTED : 0

    Number of Geometries  : 690
    Mesh 0 :
        Number of Nodes       : 1501
        Number of Properties  : 1
        Number of Elements    : 690
        Number of Conditions  : 0
        Number of Constraints : 0

    -dirichlet- model part
        Number of tables : 0
        Number of sub model parts : 0

        Number of Geometries  : 0
        Mesh 0 :
            Number of Nodes       : 26
            Number of Properties  : 0
            Number of Elements    : 0
            Number of Conditions  : 0
            Number of Constraints : 0
    -material- model part
        Number of tables : 0
        Number of sub model parts : 0

        Number of Geometries  : 690
        Mesh 0 :
            Number of Nodes       : 1501
            Number of Properties  : 0
            Number of Elements    : 690
            Number of Conditions  : 0
            Number of Constraints : 0
 
::[PythonSolver]:: : Finished reading model part. 
Read materials: Started
Read materials: Finished
::[MechanicalSolver]:: : Constitutive law was successfully imported. 
::[MechanicalSolver]::: ModelPart prepared for Solver. 
::[MechanicalSolver]:: : DOF's ADDED 
::[MechanicalSolver]:: : Initializing ... 
Importing    LinearSolversApplication 
    Kratos  _     _                       ____        _
           | |   (_)_ __   ___  __ _ _ __/ ___|  ___ | |_   _____ _ __ ___
           | |   | | '_ \ / _ \/ _` | '__\___ \ / _ \| \ \ / / _ \ '__/ __|
           | |___| | | | |  __/ (_| | |   ___) | (_) | |\ V /  __/ |  \__ \
           |_____|_|_| |_|\___|\__,_|_|  |____/ \___/|_| \_/ \___|_|  |___/
Initializing KratosLinearSolversApplication...
Linear-Solver-Factory: Constructing a regular (non-complex) linear-solver 
::[MechanicalSolver]:: : Finished initialization. 
Analysis: Analysis -START-  
Deregistering KratosMultiphysics
Deregistering ConstitutiveLawsApplication
Deregistering LinearSolversApplication
Deregistering StructuralMechanicsApplication
