[VectorizedAssembler] 690 elements, 3 GPs, total area=1.311591e-04
[macro] 3002 dofs, 13/13 end-face nodes
  step  1/20 iter  1: |R|=2.11549e+03, rel=1.000e+00, wall=0.03s
  step  1/20 iter  2: |R|=1.60201e+01, rel=7.573e-03, wall=0.02s
  step  1/20 iter  3: |R|=1.39960e-02, rel=6.616e-06, wall=0.02s
  step  1/20 iter  4: |R|=2.37912e-08, rel=1.125e-11, wall=0.02s
    converged: in-box 2070/2070; E11=[+0.0029,+0.0068], E22=[-0.0032,-0.0012], g12=[-0.0054,+0.0023]
  step  2/20 iter  1: |R|=2.11549e+03, rel=1.000e+00, wall=0.00s
  step  2/20 iter  2: |R|=1.63906e+01, rel=7.748e-03, wall=0.02s
  step  2/20 iter  3: |R|=4.36890e-03, rel=2.065e-06, wall=0.02s
  step  2/20 iter  4: |R|=5.51515e-09, rel=2.607e-12, wall=0.02s
    converged: in-box 2070/2070; E11=[+0.0058,+0.0137], E22=[-0.0065,-0.0024], g12=[-0.0108,+0.0045]
  step  3/20 iter  1: |R|=2.11549e+03, rel=1.000e+00, wall=0.00s
  step  3/20 iter  2: |R|=1.66825e+01, rel=7.886e-03, wall=0.02s
  step  3/20 iter  3: |R|=1.71593e-03, rel=8.111e-07, wall=0.02s
  step  3/20 iter  4: |R|=1.96036e-09, rel=9.267e-13, wall=0.02s
    converged: in-box 2070/2070; E11=[+0.0088,+0.0206], E22=[-0.0098,-0.0036], g12=[-0.0162,+0.0069]
  step  4/20 iter  1: |R|=2.11549e+03, rel=1.000e+00, wall=0.00s
  step  4/20 iter  2: |R|=1.69432e+01, rel=8.009e-03, wall=0.02s
  step  4/20 iter  3: |R|=9.24686e-04, rel=4.371e-07, wall=0.02s
  step  4/20 iter  4: |R|=1.46095e-09, rel=6.906e-13, wall=0.02s
    converged: in-box 2070/2070; E11=[+0.0118,+0.0278], E22=[-0.0131,-0.0048], g12=[-0.0217,+0.0092]
  step  5/20 iter  1: |R|=2.11549e+03, rel=1.000e+00, wall=0.00s
  step  5/20 iter  2: |R|=1.71909e+01, rel=8.126e-03, wall=0.02s
  step  5/20 iter  3: |R|=7.24418e-04, rel=3.424e-07, wall=0.02s
  step  5/20 iter  4: |R|=1.85852e-09, rel=8.785e-13, wall=0.02s
    converged: in-box 2070/2070; E11=[+0.0149,+0.0352], E22=[-0.0163,-0.0060], g12=[-0.0272,+0.0116]
  step  6/20 iter  1: |R|=2.11549e+03, rel=1.000e+00, wall=0.00s
  step  6/20 iter  2: |R|=1.74336e+01, rel=8.241e-03, wall=0.02s
  step  6/20 iter  3: |R|=6.90748e-04, rel=3.265e-07, wall=0.02s
  step  6/20 iter  4: |R|=1.99996e-09, rel=9.454e-13, wall=0.02s
    converged: in-box 2070/2070; E11=[+0.0180,+0.0426], E22=[-0.0196,-0.0072], g12=[-0.0327,+0.0140]
  step  7/20 iter  1: |R|=2.11549e+03, rel=1.000e+00, wall=0.00s
  step  7/20 iter  2: |R|=1.76752e+01, rel=8.355e-03, wall=0.02s
  step  7/20 iter  3: |R|=6.95546e-04, rel=3.288e-07, wall=0.02s
  step  7/20 iter  4: |R|=2.26833e-09, rel=1.072e-12, wall=0.02s
    converged: in-box 2070/2070; E11=[+0.0212,+0.0503], E22=[-0.0229,-0.0084], g12=[-0.0383,+0.0164]
  step  8/20 iter  1: |R|=2.11549e+03, rel=1.000e+00, wall=0.00s
  step  8/20 iter  2: |R|=1.79172e+01, rel=8.470e-03, wall=0.02s
  step  8/20 iter  3: |R|=7.08945e-04, rel=3.351e-07, wall=0.02s
  step  8/20 iter  4: |R|=2.46447e-09, rel=1.165e-12, wall=0.02s
    converged: in-box 2070/2070; E11=[+0.0245,+0.0580], E22=[-0.0262,-0.0097], g12=[-0.0439,+0.0189]
  step  9/20 iter  1: |R|=2.11549e+03, rel=1.000e+00, wall=0.00s
  step  9/20 iter  2: |R|=1.81597e+01, rel=8.584e-03, wall=0.02s
  step  9/20 iter  3: |R|=7.24412e-04, rel=3.424e-07, wall=0.02s
  step  9/20 iter  4: |R|=2.87214e-09, rel=1.358e-12, wall=0.02s
    converged: in-box 2070/2070; E11=[+0.0278,+0.0659], E22=[-0.0295,-0.0109], g12=[-0.0496,+0.0213]
  step 10/20 iter  1: |R|=2.11549e+03, rel=1.000e+00, wall=0.00s
  step 10/20 iter  2: |R|=1.84019e+01, rel=8.699e-03, wall=0.02s
  step 10/20 iter  3: |R|=7.40369e-04, rel=3.500e-07, wall=0.02s
  step 10/20 iter  4: |R|=3.34800e-09, rel=1.583e-12, wall=0.02s
    converged: in-box 2070/2070; E11=[+0.0311,+0.0740], E22=[-0.0328,-0.0121], g12=[-0.0553,+0.0238]
  step 11/20 iter  1: |R|=2.11549e+03, rel=1.000e+00, wall=0.00s
  step 11/20 iter  2: |R|=1.86425e+01, rel=8.812e-03, wall=0.02s
  step 11/20 iter  3: |R|=7.56264e-04, rel=3.575e-07, wall=0.02s
  step 11/20 iter  4: |R|=3.58817e-09, rel=1.696e-12, wall=0.02s
    converged: in-box 2070/2070; E11=[+0.0345,+0.0822], E22=[-0.0360,-0.0133], g12=[-0.0611,+0.0263]
  step 12/20 iter  1: |R|=2.11549e+03, rel=1.000e+00, wall=0.00s
  step 12/20 iter  2: |R|=1.88798e+01, rel=8.925e-03, wall=0.02s
  step 12/20 iter  3: |R|=7.71743e-04, rel=3.648e-07, wall=0.02s
  step 12/20 iter  4: |R|=3.85120e-09, rel=1.820e-12, wall=0.02s
    converged: in-box 2070/2070; E11=[+0.0380,+0.0906], E22=[-0.0393,-0.0145], g12=[-0.0669,+0.0289]
  step 13/20 iter  1: |R|=2.11549e+03, rel=1.000e+00, wall=0.00s
  step 13/20 iter  2: |R|=1.91124e+01, rel=9.034e-03, wall=0.02s
  step 13/20 iter  3: |R|=7.86497e-04, rel=3.718e-07, wall=0.02s
  step 13/20 iter  4: |R|=3.94699e-09, rel=1.866e-12, wall=0.02s
    converged: in-box 2070/2070; E11=[+0.0415,+0.0991], E22=[-0.0425,-0.0157], g12=[-0.0728,+0.0314]
  step 14/20 iter  1: |R|=2.11549e+03, rel=1.000e+00, wall=0.00s
  step 14/20 iter  2: |R|=1.93386e+01, rel=9.141e-03, wall=0.02s
  step 14/20 iter  3: |R|=8.00259e-04, rel=3.783e-07, wall=0.02s
  step 14/20 iter  4: |R|=4.04697e-09, rel=1.913e-12, wall=0.02s
    converged: in-box 2070/2070; E11=[+0.0450,+0.1078], E22=[-0.0458,-0.0169], g12=[-0.0787,+0.0340]
  step 15/20 iter  1: |R|=2.11549e+03, rel=1.000e+00, wall=0.00s
  step 15/20 iter  2: |R|=1.95570e+01, rel=9.245e-03, wall=0.02s
  step 15/20 iter  3: |R|=8.12830e-04, rel=3.842e-07, wall=0.02s
  step 15/20 iter  4: |R|=4.36059e-09, rel=2.061e-12, wall=0.02s
    converged: in-box 2070/2070; E11=[+0.0486,+0.1166], E22=[-0.0490,-0.0181], g12=[-0.0847,+0.0366]
  step 16/20 iter  1: |R|=2.11549e+03, rel=1.000e+00, wall=0.00s
  step 16/20 iter  2: |R|=1.97668e+01, rel=9.344e-03, wall=0.02s
  step 16/20 iter  3: |R|=8.24105e-04, rel=3.896e-07, wall=0.02s
  step 16/20 iter  4: |R|=4.65178e-09, rel=2.199e-12, wall=0.02s
    converged: in-box 2070/2070; E11=[+0.0523,+0.1257], E22=[-0.0523,-0.0192], g12=[-0.0908,+0.0393]
  step 17/20 iter  1: |R|=2.11549e+03, rel=1.000e+00, wall=0.00s
  step 17/20 iter  2: |R|=1.99672e+01, rel=9.439e-03, wall=0.02s
  step 17/20 iter  3: |R|=8.34090e-04, rel=3.943e-07, wall=0.02s
  step 17/20 iter  4: |R|=4.91608e-09, rel=2.324e-12, wall=0.02s
    converged: in-box 2070/2070; E11=[+0.0560,+0.1348], E22=[-0.0555,-0.0204], g12=[-0.0969,+0.0419]
  step 18/20 iter  1: |R|=2.11549e+03, rel=1.000e+00, wall=0.00s
  step 18/20 iter  2: |R|=2.01581e+01, rel=9.529e-03, wall=0.02s
  step 18/20 iter  3: |R|=8.42911e-04, rel=3.984e-07, wall=0.02s
  step 18/20 iter  4: |R|=5.37860e-09, rel=2.542e-12, wall=0.02s
    converged: in-box 2070/2070; E11=[+0.0598,+0.1442], E22=[-0.0587,-0.0216], g12=[-0.1031,+0.0446]
  step 19/20 iter  1: |R|=2.11549e+03, rel=1.000e+00, wall=0.00s
  step 19/20 iter  2: |R|=2.03396e+01, rel=9.615e-03, wall=0.02s
  step 19/20 iter  3: |R|=8.50810e-04, rel=4.022e-07, wall=0.02s
  step 19/20 iter  4: |R|=6.09971e-09, rel=2.883e-12, wall=0.02s
    converged: in-box 2070/2070; E11=[+0.0636,+0.1538], E22=[-0.0619,-0.0227], g12=[-0.1094,+0.0473]
  step 20/20 iter  1: |R|=2.11549e+03, rel=1.000e+00, wall=0.00s
  step 20/20 iter  2: |R|=2.05124e+01, rel=9.696e-03, wall=0.02s
  step 20/20 iter  3: |R|=8.58138e-04, rel=4.056e-07, wall=0.02s
  step 20/20 iter  4: |R|=6.49525e-09, rel=3.070e-12, wall=0.02s
    converged: in-box 2070/2070; E11=[+0.0675,+0.1635], E22=[-0.0651,-0.0239], g12=[-0.1157,+0.0500]
{
  "status": "converged",
  "model": "free_energy_pann",
  "tier": "free",
  "tag": "large_increment_Unconstrained_n20",
  "output": "/home/sares/ML_assisted_CLs_clean/coupon_fe2_paper/06_fe2/results/large_increment_v1/pann_fe2_large_increment_Unconstrained_n20.npz",
  "wall_seconds": 1.504176139831543,
  "torch_threads": 8,
  "force_per_end": 100000.0,
  "n_steps_requested": 20,
  "n_steps_completed": 20,
  "max_newton": 50,
  "macro_elements": 690,
  "macro_gauss_points": 2070,
  "rve_elements_reference": 1546,
  "checkpoint": {
    "checkpoint": "/home/sares/ML_assisted_CLs_clean/coupon_fe2_paper/06_pann/results/sc_unconstrained_v1/fe2_free_checkpoint.pt",
    "checkpoint_sha256": "ad30a68e7a14f57cba98c0b9a910da15ea6e1105a748ea4464197412c44fe7af",
    "core": "free_energy_mlp",
    "features": 4,
    "feature_names": [
      "a0.C.a0 - 1",
      "b0.C.b0 - 1",
      "a0.C.b0",
      "J - 1"
    ],
    "widths": [
      128,
      128,
      64
    ],
    "strain_scale": 0.1955,
    "energy_scale": 27042824.02698266,
    "checkpoint_test_stress_relative_l2": 5.201742575486706e-05,
    "checkpoint_probe_stress_relative_l2": 0.006679683369587302,
    "structural_guarantee": "energy potential with an exact affine reference correction; no polyconvexity or non-negative-energy certificate"
  },
  "tangent_preflight": {
    "tangent_fd_relative": 9.405258781134729e-11,
    "tangent_asymmetry_relative": 8.418124752385103e-17
  },
  "macro_newton": [
    {
      "step": 1,
      "iterations": 4,
      "residual": 2.3791241873490536e-08,
      "relative_residual": 1.1246195173359093e-11,
      "coverage": {
        "n": 2070,
        "inside": 2070,
        "outside": 0,
        "minimum": [
          0.0028521278897717384,
          -0.00323654816942337,
          -0.005395788240300152
        ],
        "maximum": [
          0.006804776931147227,
          -0.0012151060699951977,
          0.0022534266793847644
        ]
      },
      "iterates": [
        {
          "iteration": 1,
          "residual": 2115.492529406672,
          "relative_residual": 1.0,
          "outside": 0,
          "min_det_C": 1.0
        },
        {
          "iteration": 2,
          "residual": 16.020053942197375,
          "relative_residual": 0.0075727300945328735,
          "outside": 0,
          "min_det_C": 1.0023433513169466
        },
        {
          "iteration": 3,
          "residual": 0.013995982537804905,
          "relative_residual": 6.615945149061969e-06,
          "outside": 0,
          "min_det_C": 1.0023806673280677
        },
        {
          "iteration": 4,
          "residual": 2.3791241873490536e-08,
          "relative_residual": 1.1246195173359093e-11,
          "outside": 0,
          "min_det_C": 1.0023806442360987
        }
      ]
    },
    {
      "step": 2,
      "iterations": 4,
      "residual": 5.515153828126963e-09,
      "relative_residual": 2.60703063304728e-12,
      "coverage": {
        "n": 2070,
        "inside": 2070,
        "outside": 0,
        "minimum": [
          0.005772621404490308,
          -0.0064990933963055,
          -0.01079771063022996
        ],
        "maximum": [
          0.013666379716105292,
          -0.0024241637413734973,
          0.004543833070133445
        ]
      },
      "iterates": [
        {
          "iteration": 1,
          "residual": 2115.4925293994206,
          "relative_residual": 1.0,
          "outside": 0,
          "min_det_C": 1.0023806442360987
        },
        {
          "iteration": 2,
          "residual": 16.39056184905131,
          "relative_residual": 0.007747870352302554,
          "outside": 0,
          "min_det_C": 1.0047793687853077
        },
        {
          "iteration": 3,
          "residual": 0.004368901759973211,
          "relative_residual": 2.0651936602269748e-06,
          "outside": 0,
          "min_det_C": 1.004811575185946
        },
        {
          "iteration": 4,
          "residual": 5.515153828126963e-09,
          "relative_residual": 2.60703063304728e-12,
          "outside": 0,
          "min_det_C": 1.0048115655482674
        }
      ]
    },
    {
      "step": 3,
      "iterations": 4,
      "residual": 1.9603610963005646e-09,
      "relative_residual": 9.266688816206747e-13,
      "coverage": {
        "n": 2070,
        "inside": 2070,
        "outside": 0,
        "minimum": [
          0.008753615612700383,
          -0.009775319816467731,
          -0.016220954564001085
        ],
        "maximum": [
          0.02063639803229733,
          -0.0036301302729421225,
          0.00686470193266026
        ]
      },
      "iterates": [
        {
          "iteration": 1,
          "residual": 2115.4925294049362,
          "relative_residual": 1.0,
          "outside": 0,
          "min_det_C": 1.0048115655482674
        },
        {
          "iteration": 2,
          "residual": 16.68249542525982,
          "relative_residual": 0.00788586827576858,
          "outside": 0,
          "min_det_C": 1.007256154827522
        },
        {
          "iteration": 3,
          "residual": 0.0017159343164980547,
          "relative_residual": 8.111275708360584e-07,
          "outside": 0,
          "min_det_C": 1.0072858163016012
        },
        {
          "iteration": 4,
          "residual": 1.9603610963005646e-09,
          "relative_residual": 9.266688816206747e-13,
          "outside": 0,
          "min_det_C": 1.007285811583238
        }
      ]
    },
    {
      "step": 4,
      "iterations": 4,
      "residual": 1.4609476225354847e-09,
      "relative_residual": 6.905945552762499e-13,
      "coverage": {
        "n": 2070,
        "inside": 2070,
        "outside": 0,
        "minimum": [
          0.01179093498060868,
          -0.013058584030007925,
          -0.021674522047457824
        ],
        "maximum": [
          0.02782532574638763,
          -0.004834601808428096,
          0.00921238604082767
        ]
      },
      "iterates": [
        {
          "iteration": 1,
          "residual": 2115.4925294061727,
          "relative_residual": 1.0,
          "outside": 0,
          "min_det_C": 1.007285811583238
        },
        {
          "iteration": 2,
          "residual": 16.94322896064814,
          "relative_residual": 0.008009117841415479,
          "outside": 0,
          "min_det_C": 1.0097712834971275
        },
        {
          "iteration": 3,
          "residual": 0.0009246859001194188,
          "relative_residual": 4.3710194541740214e-07,
          "outside": 0,
          "min_det_C": 1.0097995607407746
        },
        {
          "iteration": 4,
          "residual": 1.4609476225354847e-09,
          "relative_residual": 6.905945552762499e-13,
          "outside": 0,
          "min_det_C": 1.0097995581892865
        }
      ]
    },
    {
      "step": 5,
      "iterations": 4,
      "residual": 1.8585200999715817e-09,
      "relative_residual": 8.785283210113708e-13,
      "coverage": {
        "n": 2070,
        "inside": 2070,
        "outside": 0,
        "minimum": [
          0.014882192971348518,
          -0.016344900981745347,
          -0.02716440136071168
        ],
        "maximum": [
          0.0351580699845534,
          -0.006038503850029742,
          0.01158669646295622
        ]
      },
      "iterates": [
        {
          "iteration": 1,
          "residual": 2115.49252940649,
          "relative_residual": 1.0,
          "outside": 0,
          "min_det_C": 1.0097995581892865
        },
        {
          "iteration": 2,
          "residual": 17.190878716629822,
          "relative_residual": 0.008126182663217815,
          "outside": 0,
          "min_det_C": 1.0123230111776038
        },
        {
          "iteration": 3,
          "residual": 0.0007244178069769561,
          "relative_residual": 3.4243458528317014e-07,
          "outside": 0,
          "min_det_C": 1.0123505001380546
        },
        {
          "iteration": 4,
          "residual": 1.8585200999715817e-09,
          "relative_residual": 8.785283210113708e-13,
          "outside": 0,
          "min_det_C": 1.012350498678529
        }
      ]
    },
    {
      "step": 6,
      "iterations": 4,
      "residual": 1.9999648560476623e-09,
      "relative_residual": 9.45389703932805e-13,
      "coverage": {
        "n": 2070,
        "inside": 2070,
        "outside": 0,
        "minimum": [
          0.01802597368070047,
          -0.019631669058476686,
          -0.03269494497556757
        ],
        "maximum": [
          0.04263360914975611,
          -0.007242392755348992,
          0.013988243988476074
        ]
      },
      "iterates": [
        {
          "iteration": 1,
          "residual": 2115.4925294064897,
          "relative_residual": 1.0,
          "outside": 0,
          "min_det_C": 1.012350498678529
        },
        {
          "iteration": 2,
          "residual": 17.433604454202325,
          "relative_residual": 0.00824091988596783,
          "outside": 0,
          "min_det_C": 1.014910112648996
        },
        {
          "iteration": 3,
          "residual": 0.0006907477781714872,
          "relative_residual": 3.265186563269403e-07,
          "outside": 0,
          "min_det_C": 1.0149371508867553
        },
        {
          "iteration": 4,
          "residual": 1.9999648560476623e-09,
          "relative_residual": 9.45389703932805e-13,
          "outside": 0,
          "min_det_C": 1.0149371500366975
        }
      ]
    },
    {
      "step": 7,
      "iterations": 4,
      "residual": 2.2683291006695674e-09,
      "relative_residual": 1.0722463299389986e-12,
      "coverage": {
        "n": 2070,
        "inside": 2070,
        "outside": 0,
        "minimum": [
          0.021221437147301847,
          -0.022917068936147478,
          -0.03826954242075133
        ],
        "maximum": [
          0.05025244519116334,
          -0.008446604062225416,
          0.016413898425577247
        ]
      },
      "iterates": [
        {
          "iteration": 1,
          "residual": 2115.4925294065733,
          "relative_residual": 1.0,
          "outside": 0,
          "min_det_C": 1.0149371500366975
        },
        {
          "iteration": 2,
          "residual": 17.675220812678628,
          "relative_residual": 0.008355132701714993,
          "outside": 0,
          "min_det_C": 1.0175317239003678
        },
        {
          "iteration": 3,
          "residual": 0.0006955461008935572,
          "relative_residual": 3.287868386321686e-07,
          "outside": 0,
          "min_det_C": 1.0175585186893306
        },
        {
          "iteration": 4,
          "residual": 2.2683291006695674e-09,
          "relative_residual": 1.0722463299389986e-12,
          "outside": 0,
          "min_det_C": 1.017558518208041
        }
      ]
    },
    {
      "step": 8,
      "iterations": 4,
      "residual": 2.4644698035411195e-09,
      "relative_residual": 1.1649626596565063e-12,
      "coverage": {
        "n": 2070,
        "inside": 2070,
        "outside": 0,
        "minimum": [
          0.024468111681824944,
          -0.026199754922134832,
          -0.04389097962319174
        ],
        "maximum": [
          0.058016027656471514,
          -0.009651332491832143,
          0.018862945386746724
        ]
      },
      "iterates": [
        {
          "iteration": 1,
          "residual": 2115.4925294067175,
          "relative_residual": 1.0,
          "outside": 0,
          "min_det_C": 1.017558518208041
        },
        {
          "iteration": 2,
          "residual": 17.91722334611037,
          "relative_residual": 0.008469528063582995,
          "outside": 0,
          "min_det_C": 1.0201872344511658
        },
        {
          "iteration": 3,
          "residual": 0.0007089451679571144,
          "relative_residual": 3.3512061995129595e-07,
          "outside": 0,
          "min_det_C": 1.0202139221211963
        },
        {
          "iteration": 4,
          "residual": 2.4644698035411195e-09,
          "relative_residual": 1.1649626596565063e-12,
          "outside": 0,
          "min_det_C": 1.0202139218782487
        }
      ]
    },
    {
      "step": 9,
      "iterations": 4,
      "residual": 2.872135949396598e-09,
      "relative_residual": 1.3576677343324022e-12,
      "coverage": {
        "n": 2070,
        "inside": 2070,
        "outside": 0,
        "minimum": [
          0.02776577661127677,
          -0.02947868460869102,
          -0.0495616447619906
        ],
        "maximum": [
          0.06592643294336442,
          -0.01085667832767545,
          0.02133486220701292
        ]
      },
      "iterates": [
        {
          "iteration": 1,
          "residual": 2115.4925294066124,
          "relative_residual": 1.0,
          "outside": 0,
          "min_det_C": 1.0202139218782487
        },
        {
          "iteration": 2,
          "residual": 18.15970811957556,
          "relative_residual": 0.00858415138183886,
          "outside": 0,
          "min_det_C": 1.0228762172576804
        },
        {
          "iteration": 3,
          "residual": 0.0007244121365785416,
          "relative_residual": 3.4243190486791104e-07,
          "outside": 0,
          "min_det_C": 1.022902892944935
        },
        {
          "iteration": 4,
          "residual": 2.872135949396598e-09,
          "relative_residual": 1.3576677343324022e-12,
          "outside": 0,
          "min_det_C": 1.022902892864793
        }
      ]
    },
    {
      "step": 10,
      "iterations": 4,
      "residual": 3.348004231887555e-09,
      "relative_residual": 1.5826121743982412e-12,
      "coverage": {
        "n": 2070,
        "inside": 2070,
        "outside": 0,
        "minimum": [
          0.03111439191075871,
          -0.03275301850136764,
          -0.055283652965779924
        ],
        "maximum": [
          0.07398617083429926,
          -0.012062675860672334,
          0.023829261749564668
        ]
      },
      "iterates": [
        {
          "iteration": 1,
          "residual": 2115.492529406689,
          "relative_residual": 1.0,
          "outside": 0,
          "min_det_C": 1.022902892864793
        },
        {
          "iteration": 2,
          "residual": 18.40189250016251,
          "relative_residual": 0.008698632703431719,
          "outside": 0,
          "min_det_C": 1.0255983826751576
        },
        {
          "iteration": 3,
          "residual": 0.0007403688640174989,
          "relative_residual": 3.4997470032434613e-07,
          "outside": 0,
          "min_det_C": 1.0256251161780594
        },
        {
          "iteration": 4,
          "residual": 3.348004231887555e-09,
          "relative_residual": 1.5826121743982412e-12,
          "outside": 0,
          "min_det_C": 1.0256251162145211
        }
      ]
    },
    {
      "step": 11,
      "iterations": 4,
      "residual": 3.588174066237146e-09,
      "relative_residual": 1.6961412136224415e-12,
      "coverage": {
        "n": 2070,
        "inside": 2070,
        "outside": 0,
        "minimum": [
          0.03451405350070258,
          -0.03602205716428436,
          -0.06105892535101405
        ],
        "maximum": [
          0.08219805812513747,
          -0.013269311605669354,
          0.026345855966801737
        ]
      },
      "iterates": [
        {
          "iteration": 1,
          "residual": 2115.492529406734,
          "relative_residual": 1.0,
          "outside": 0,
          "min_det_C": 1.0256251162145211
        },
        {
          "iteration": 2,
          "residual": 18.642465371837922,
          "relative_residual": 0.008812352259672593,
          "outside": 0,
          "min_det_C": 1.0283535472615515
        },
        {
          "iteration": 3,
          "residual": 0.0007562637489963778,
          "relative_residual": 3.574882626545902e-07,
          "outside": 0,
          "min_det_C": 1.0283803918973875
        },
        {
          "iteration": 4,
          "residual": 3.588174066237146e-09,
          "relative_residual": 1.6961412136224415e-12,
          "outside": 0,
          "min_det_C": 1.0283803920208627
        }
      ]
    },
    {
      "step": 12,
      "iterations": 4,
      "residual": 3.851196484913162e-09,
      "relative_residual": 1.820472741633122e-12,
      "coverage": {
        "n": 2070,
        "inside": 2070,
        "outside": 0,
        "minimum": [
          0.03796496318289455,
          -0.03928519964024929,
          -0.0668892410814679
        ],
        "maximum": [
          0.09056512974777264,
          -0.014476536348243085,
          0.02888443111821433
        ]
      },
      "iterates": [
        {
          "iteration": 1,
          "residual": 2115.4925294065674,
          "relative_residual": 1.0,
          "outside": 0,
          "min_det_C": 1.0283803920208627
        },
        {
          "iteration": 2,
          "residual": 18.879848200246478,
          "relative_residual": 0.008924563872387015,
          "outside": 0,
          "min_det_C": 1.0311416116999115
        },
        {
          "iteration": 3,
          "residual": 0.0007717429047880695,
          "relative_residual": 3.648053084850916e-07,
          "outside": 0,
          "min_det_C": 1.0311686094287467
        },
        {
          "iteration": 4,
          "residual": 3.851196484913162e-09,
          "relative_residual": 1.820472741633122e-12,
          "outside": 0,
          "min_det_C": 1.03116860961952
        }
      ]
    },
    {
      "step": 13,
      "iterations": 4,
      "residual": 3.946987420356617e-09,
      "relative_residual": 1.865753419353165e-12,
      "coverage": {
        "n": 2070,
        "inside": 2070,
        "outside": 0,
        "minimum": [
          0.0414674071874479,
          -0.04254191469409291,
          -0.07277627289201896
        ],
        "maximum": [
          0.09909057247660036,
          -0.015684273294581497,
          0.031444830272181166
        ]
      },
      "iterates": [
        {
          "iteration": 1,
          "residual": 2115.492529406695,
          "relative_residual": 1.0,
          "outside": 0,
          "min_det_C": 1.03116860961952
        },
        {
          "iteration": 2,
          "residual": 19.112398918072966,
          "relative_residual": 0.009034491331166824,
          "outside": 0,
          "min_det_C": 1.033962544350682
        },
        {
          "iteration": 3,
          "residual": 0.0007864971420766661,
          "relative_residual": 3.7177968304962287e-07,
          "outside": 0,
          "min_det_C": 1.0339897288168944
        },
        {
          "iteration": 4,
          "residual": 3.946987420356617e-09,
          "relative_residual": 1.865753419353165e-12,
          "outside": 0,
          "min_det_C": 1.0339897290613569
        }
      ]
    },
    {
      "step": 14,
      "iterations": 4,
      "residual": 4.0469660907048694e-09,
      "relative_residual": 1.91301365258891e-12,
      "coverage": {
        "n": 2070,
        "inside": 2070,
        "outside": 0,
        "minimum": [
          0.04502173990581704,
          -0.045791720346911646,
          -0.07872161223163156
        ],
        "maximum": [
          0.10777767369617186,
          -0.016892423667894618,
          0.0340269406408098
        ]
      },
      "iterates": [
        {
          "iteration": 1,
          "residual": 2115.4925294067034,
          "relative_residual": 1.0,
          "outside": 0,
          "min_det_C": 1.0339897290613569
        },
        {
          "iteration": 2,
          "residual": 19.338572623729167,
          "relative_residual": 0.009141404356153756,
          "outside": 0,
          "min_det_C": 1.036816368307149
        },
        {
          "iteration": 3,
          "residual": 0.0008002593074485944,
          "relative_residual": 3.782851020859098e-07,
          "outside": 0,
          "min_det_C": 1.0368437666798482
        },
        {
          "iteration": 4,
          "residual": 4.0469660907048694e-09,
          "relative_residual": 1.91301365258891e-12,
          "outside": 0,
          "min_det_C": 1.036843766968295
        }
      ]
    },
    {
      "step": 15,
      "iterations": 4,
      "residual": 4.360587344654537e-09,
      "relative_residual": 2.0612634098392152e-12,
      "coverage": {
        "n": 2070,
        "inside": 2070,
        "outside": 0,
        "minimum": [
          0.04862837081361937,
          -0.049034169205549205,
          -0.08472678782252466
        ],
        "maximum": [
          0.11662978153604675,
          -0.018074880950552707,
          0.0366306843331485
        ]
      },
      "iterates": [
        {
          "iteration": 1,
          "residual": 2115.492529406844,
          "relative_residual": 1.0,
          "outside": 0,
          "min_det_C": 1.036843766968295
        },
        {
          "iteration": 2,
          "residual": 19.557046065003185,
          "relative_residual": 0.009244677441846944,
          "outside": 0,
          "min_det_C": 1.0397031506563938
        },
        {
          "iteration": 3,
          "residual": 0.0008128303937594742,
          "relative_residual": 3.8422749428823606e-07,
          "outside": 0,
          "min_det_C": 1.0397307847629689
        },
        {
          "iteration": 4,
          "residual": 4.360587344654537e-09,
          "relative_residual": 2.0612634098392152e-12,
          "outside": 0,
          "min_det_C": 1.0397307850882544
        }
      ]
    },
    {
      "step": 16,
      "iterations": 4,
      "residual": 4.651783850970277e-09,
      "relative_residual": 2.198912918059297e-12,
      "coverage": {
        "n": 2070,
        "inside": 2070,
        "outside": 0,
        "minimum": [
          0.05228775340874858,
          -0.05226883816902733,
          -0.09079328006832199
        ],
        "maximum": [
          0.12565027468056977,
          -0.019248380882866567,
          0.03925601168974317
        ]
      },
      "iterates": [
        {
          "iteration": 1,
          "residual": 2115.4925294066757,
          "relative_residual": 1.0,
          "outside": 0,
          "min_det_C": 1.0397307850882544
        },
        {
          "iteration": 2,
          "residual": 19.766809950083516,
          "relative_residual": 0.00934383349282138,
          "outside": 0,
          "min_det_C": 1.042622993160673
        },
        {
          "iteration": 3,
          "residual": 0.0008241051222576482,
          "relative_residual": 3.8955709405827205e-07,
          "outside": 0,
          "min_det_C": 1.0426508802029195
        },
        {
          "iteration": 4,
          "residual": 4.651783850970277e-09,
          "relative_residual": 2.198912918059297e-12,
          "outside": 0,
          "min_det_C": 1.0426508805596144
        }
      ]
    },
    {
      "step": 17,
      "iterations": 4,
      "residual": 4.916083768475104e-09,
      "relative_residual": 2.3238483238012112e-12,
      "coverage": {
        "n": 2070,
        "inside": 2070,
        "outside": 0,
        "minimum": [
          0.05600037548315162,
          -0.05549532166363397,
          -0.09692253291499357
        ],
        "maximum": [
          0.13484254117804895,
          -0.020417198046082607,
          0.04190289669058982
        ]
      },
      "iterates": [
        {
          "iteration": 1,
          "residual": 2115.4925294064246,
          "relative_residual": 1.0,
          "outside": 0,
          "min_det_C": 1.0426508805596144
        },
        {
          "iteration": 2,
          "residual": 19.967231854681888,
          "relative_residual": 0.009438573560117649,
          "outside": 0,
          "min_det_C": 1.0455760238976608
        },
        {
          "iteration": 3,
          "residual": 0.0008340901202892195,
          "relative_residual": 3.9427703416341187e-07,
          "outside": 0,
          "min_det_C": 1.0456041769267106
        },
        {
          "iteration": 4,
          "residual": 4.916083768475104e-09,
          "relative_residual": 2.3238483238012112e-12,
          "outside": 0,
          "min_det_C": 1.0456041773105575
        }
      ]
    },
    {
      "step": 18,
      "iterations": 4,
      "residual": 5.378601951329087e-09,
      "relative_residual": 2.5424821296048017e-12,
      "coverage": {
        "n": 2070,
        "inside": 2070,
        "outside": 0,
        "minimum": [
          0.05976675035295276,
          -0.058713227852162986,
          -0.10311596424054383
        ],
        "maximum": [
          0.14420996603432168,
          -0.021581070366412713,
          0.044571334117361326
        ]
      },
      "iterates": [
        {
          "iteration": 1,
          "residual": 2115.492529406736,
          "relative_residual": 1.0,
          "outside": 0,
          "min_det_C": 1.0456041773105575
        },
        {
          "iteration": 2,
          "residual": 20.158092022661524,
          "relative_residual": 0.009528793764312943,
          "outside": 0,
          "min_det_C": 1.048562389606368
        },
        {
          "iteration": 3,
          "residual": 0.0008429108860571377,
          "relative_residual": 3.9844663800042903e-07,
          "outside": 0,
          "min_det_C": 1.0485908178671404
        },
        {
          "iteration": 4,
          "residual": 5.378601951329087e-09,
          "relative_residual": 2.5424821296048017e-12,
          "outside": 0,
          "min_det_C": 1.0485908182746877
        }
      ]
    },
    {
      "step": 19,
      "iterations": 4,
      "residual": 6.099705727182021e-09,
      "relative_residual": 2.8833501619090816e-12,
      "coverage": {
        "n": 2070,
        "inside": 2070,
        "outside": 0,
        "minimum": [
          0.06358740886720504,
          -0.06192217740341388,
          -0.10937497549701765
        ],
        "maximum": [
          0.15375592750942813,
          -0.022739722658085826,
          0.04726133825747584
        ]
      },
      "iterates": [
        {
          "iteration": 1,
          "residual": 2115.4925294066165,
          "relative_residual": 1.0,
          "outside": 0,
          "min_det_C": 1.0485908182746877
        },
        {
          "iteration": 2,
          "residual": 20.339594364324633,
          "relative_residual": 0.009614590494455573,
          "outside": 0,
          "min_det_C": 1.0515822486216333
        },
        {
          "iteration": 3,
          "residual": 0.0008508102993823072,
          "relative_residual": 4.021807156279368e-07,
          "outside": 0,
          "min_det_C": 1.0516109578378747
        },
        {
          "iteration": 4,
          "residual": 6.099705727182021e-09,
          "relative_residual": 2.8833501619090816e-12,
          "outside": 0,
          "min_det_C": 1.0516109582662458
        }
      ]
    },
    {
      "step": 20,
      "iterations": 4,
      "residual": 6.495247526645586e-09,
      "relative_residual": 3.0703240197530347e-12,
      "coverage": {
        "n": 2070,
        "inside": 2070,
        "outside": 0,
        "minimum": [
          0.06746289214169143,
          -0.06512180446374005,
          -0.11570096108351523
        ],
        "maximum": [
          0.16348380197450396,
          -0.023892867148923247,
          0.04997294299465336
        ]
      },
      "iterates": [
        {
          "iteration": 1,
          "residual": 2115.49252940673,
          "relative_residual": 1.0,
          "outside": 0,
          "min_det_C": 1.0516109582662458
        },
        {
          "iteration": 2,
          "residual": 20.512355282560023,
          "relative_residual": 0.009696255126134869,
          "outside": 0,
          "min_det_C": 1.0546357643687818
        },
        {
          "iteration": 3,
          "residual": 0.0008581384997261238,
          "relative_residual": 4.0564477907505574e-07,
          "outside": 0,
          "min_det_C": 1.0546647570145045
        },
        {
          "iteration": 4,
          "residual": 6.495247526645586e-09,
          "relative_residual": 3.0703240197530347e-12,
          "outside": 0,
          "min_det_C": 1.0546647574612178
        }
      ]
    }
  ],
  "material_calls": 61,
  "material_points": 126270,
  "summed_pann_seconds": 0.9239816293120384,
  "macro_mesh_sha256": "81aa5d4c646b8200fa94ccdfceb1466e7d401576b6ca14d2969f3d76105f4762",
  "rve_mesh_sha256": "82e42f23fc9bdb45933f88f8cbd4f6f5e52f5755aee7f8f28b8781bf71c87a47"
}
 |  /           |                  
 ' /   __| _` | __|  _ \   __|    
 . \  |   (   | |   (   |\__ \  
_|\_\_|  \__,_|\__|\___/ ____/
           Multi-Physics 10.3."0"-master-532e0dba7df-Release-x86_64
           Compiled for GNU/Linux and Python3.12 with GCC-13.3
Compiled with threading support. Threading support with OpenMP.
Maximum number of threads: 8.
Importing    KratosStructuralMechanicsApplication 
    KRATOS   ___|  |                   |                   |
           \___ \  __|  __| |   |  __| __| |   |  __| _` | |
                 | |   |    |   | (    |   |   | |   (   | |
           _____/ \__|_|   \__,_|\___|\__|\__,_|_|  \__,_|_| MECHANICS
Initializing KratosStructuralMechanicsApplication...
Importing    KratosConstitutiveLawsApplication 
Initializing KratosConstitutiveLawsApplication...
[WARNING] DEPRECATION-Warning; MechanicalSolver: Using "line_search", please move it to "solving_strategy_settings" as "type" 
::[MechanicalSolver]:: : Construction finished 
::[StaticMechanicalSolver]:: : Construction finished 
::[MechanicalSolver]:: : Variables ADDED 
[WARNING] Model: Trying to create a root modelpart with name Structure however a ModelPart with the same name already exists. 
Returning the already existent ModelPart.
SingleImportModelPart: Reading model part from file: "/home/sares/ML_assisted_CLs_clean/coupon_fe2_paper/01_macro_prepass/coupon_conv_div4".mdpa
ModelPartIO:   [Reading Nodes    : 1501 nodes read]
ModelPartIO:   [Reading Geometries : 690 geometries read] [Type: Triangle2D6]
ModelPartIO:   [Total Lines Read : 4431]
SingleImportModelPart: Finished reading model part from mdpa file.
::[PythonSolver]::: Reading model part. 
::[PythonSolver]::: Using already imported model part - no reading necessary. 
ModelPart: -Structure- model part
    Buffer Size : 1
    Number of tables : 0
    Number of sub model parts : 2
    Current solution step index : 0
    DOMAIN_SIZE : 2
    OSS_SWITCH : 0
    IS_RESTARTED : 0

    Number of Geometries  : 690
    Mesh 0 :
        Number of Nodes       : 1501
        Number of Properties  : 1
        Number of Elements    : 690
        Number of Conditions  : 0
        Number of Constraints : 0

    -dirichlet- model part
        Number of tables : 0
        Number of sub model parts : 0

        Number of Geometries  : 0
        Mesh 0 :
            Number of Nodes       : 26
            Number of Properties  : 0
            Number of Elements    : 0
            Number of Conditions  : 0
            Number of Constraints : 0
    -material- model part
        Number of tables : 0
        Number of sub model parts : 0

        Number of Geometries  : 690
        Mesh 0 :
            Number of Nodes       : 1501
            Number of Properties  : 0
            Number of Elements    : 690
            Number of Conditions  : 0
            Number of Constraints : 0
 
::[PythonSolver]:: : Finished reading model part. 
Read materials: Started
Read materials: Finished
::[MechanicalSolver]:: : Constitutive law was successfully imported. 
::[MechanicalSolver]::: ModelPart prepared for Solver. 
::[MechanicalSolver]:: : DOF's ADDED 
::[MechanicalSolver]:: : Initializing ... 
Importing    LinearSolversApplication 
    Kratos  _     _                       ____        _
           | |   (_)_ __   ___  __ _ _ __/ ___|  ___ | |_   _____ _ __ ___
           | |   | | '_ \ / _ \/ _` | '__\___ \ / _ \| \ \ / / _ \ '__/ __|
           | |___| | | | |  __/ (_| | |   ___) | (_) | |\ V /  __/ |  \__ \
           |_____|_|_| |_|\___|\__,_|_|  |____/ \___/|_| \_/ \___|_|  |___/
Initializing KratosLinearSolversApplication...
Linear-Solver-Factory: Constructing a regular (non-complex) linear-solver 
::[MechanicalSolver]:: : Finished initialization. 
Analysis: Analysis -START-  
Deregistering KratosMultiphysics
Deregistering ConstitutiveLawsApplication
Deregistering LinearSolversApplication
Deregistering StructuralMechanicsApplication
