[VectorizedAssembler] 690 elements, 3 GPs, total area=1.311591e-04
[macro] 3002 dofs, 13/13 end-face nodes
  step  1/10 iter  1: |R|=4.23099e+03, rel=1.000e+00, wall=0.03s
  step  1/10 iter  2: |R|=6.40145e+01, rel=1.513e-02, wall=0.02s
  step  1/10 iter  3: |R|=1.59438e-01, rel=3.768e-05, wall=0.02s
  step  1/10 iter  4: |R|=3.06488e-06, rel=7.244e-10, wall=0.02s
    converged: in-box 2070/2070; E11=[+0.0058,+0.0137], E22=[-0.0065,-0.0024], g12=[-0.0108,+0.0045]
  step  2/10 iter  1: |R|=4.23099e+03, rel=1.000e+00, wall=0.00s
  step  2/10 iter  2: |R|=6.66021e+01, rel=1.574e-02, wall=0.02s
  step  2/10 iter  3: |R|=2.20079e-02, rel=5.202e-06, wall=0.02s
  step  2/10 iter  4: |R|=2.33686e-07, rel=5.523e-11, wall=0.02s
    converged: in-box 2070/2070; E11=[+0.0118,+0.0278], E22=[-0.0131,-0.0048], g12=[-0.0217,+0.0092]
  step  3/10 iter  1: |R|=4.23099e+03, rel=1.000e+00, wall=0.00s
  step  3/10 iter  2: |R|=6.86093e+01, rel=1.622e-02, wall=0.02s
  step  3/10 iter  3: |R|=1.11871e-02, rel=2.644e-06, wall=0.02s
  step  3/10 iter  4: |R|=3.20213e-08, rel=7.568e-12, wall=0.02s
    converged: in-box 2070/2070; E11=[+0.0180,+0.0426], E22=[-0.0196,-0.0072], g12=[-0.0327,+0.0140]
  step  4/10 iter  1: |R|=4.23099e+03, rel=1.000e+00, wall=0.00s
  step  4/10 iter  2: |R|=7.05325e+01, rel=1.667e-02, wall=0.02s
  step  4/10 iter  3: |R|=1.10876e-02, rel=2.621e-06, wall=0.02s
  step  4/10 iter  4: |R|=6.78818e-09, rel=1.604e-12, wall=0.02s
    converged: in-box 2070/2070; E11=[+0.0245,+0.0580], E22=[-0.0262,-0.0097], g12=[-0.0439,+0.0189]
  step  5/10 iter  1: |R|=4.23099e+03, rel=1.000e+00, wall=0.00s
  step  5/10 iter  2: |R|=7.24555e+01, rel=1.712e-02, wall=0.02s
  step  5/10 iter  3: |R|=1.15667e-02, rel=2.734e-06, wall=0.02s
  step  5/10 iter  4: |R|=3.67628e-09, rel=8.689e-13, wall=0.02s
    converged: in-box 2070/2070; E11=[+0.0311,+0.0740], E22=[-0.0328,-0.0121], g12=[-0.0553,+0.0238]
  step  6/10 iter  1: |R|=4.23099e+03, rel=1.000e+00, wall=0.00s
  step  6/10 iter  2: |R|=7.43650e+01, rel=1.758e-02, wall=0.02s
  step  6/10 iter  3: |R|=1.20639e-02, rel=2.851e-06, wall=0.02s
  step  6/10 iter  4: |R|=3.81298e-09, rel=9.012e-13, wall=0.02s
    converged: in-box 2070/2070; E11=[+0.0380,+0.0906], E22=[-0.0393,-0.0145], g12=[-0.0669,+0.0289]
  step  7/10 iter  1: |R|=4.23099e+03, rel=1.000e+00, wall=0.00s
  step  7/10 iter  2: |R|=7.62156e+01, rel=1.801e-02, wall=0.02s
  step  7/10 iter  3: |R|=1.25245e-02, rel=2.960e-06, wall=0.02s
  step  7/10 iter  4: |R|=4.12111e-09, rel=9.740e-13, wall=0.02s
    converged: in-box 2070/2070; E11=[+0.0450,+0.1078], E22=[-0.0458,-0.0169], g12=[-0.0787,+0.0340]
  step  8/10 iter  1: |R|=4.23099e+03, rel=1.000e+00, wall=0.00s
  step  8/10 iter  2: |R|=7.79600e+01, rel=1.843e-02, wall=0.02s
  step  8/10 iter  3: |R|=1.29192e-02, rel=3.053e-06, wall=0.02s
  step  8/10 iter  4: |R|=4.64025e-09, rel=1.097e-12, wall=0.02s
    converged: in-box 2070/2070; E11=[+0.0523,+0.1257], E22=[-0.0523,-0.0192], g12=[-0.0908,+0.0393]
  step  9/10 iter  1: |R|=4.23099e+03, rel=1.000e+00, wall=0.00s
  step  9/10 iter  2: |R|=7.95656e+01, rel=1.881e-02, wall=0.02s
  step  9/10 iter  3: |R|=1.32370e-02, rel=3.129e-06, wall=0.02s
  step  9/10 iter  4: |R|=5.68293e-09, rel=1.343e-12, wall=0.02s
    converged: in-box 2070/2070; E11=[+0.0598,+0.1442], E22=[-0.0587,-0.0216], g12=[-0.1031,+0.0446]
  step 10/10 iter  1: |R|=4.23099e+03, rel=1.000e+00, wall=0.00s
  step 10/10 iter  2: |R|=8.10229e+01, rel=1.915e-02, wall=0.02s
  step 10/10 iter  3: |R|=1.34941e-02, rel=3.189e-06, wall=0.02s
  step 10/10 iter  4: |R|=6.15505e-09, rel=1.455e-12, wall=0.02s
    converged: in-box 2070/2070; E11=[+0.0675,+0.1635], E22=[-0.0651,-0.0239], g12=[-0.1157,+0.0500]
{
  "status": "converged",
  "model": "free_energy_pann",
  "tier": "free",
  "tag": "large_increment_Unconstrained_n10",
  "output": "/home/sares/ML_assisted_CLs_clean/coupon_fe2_paper/06_fe2/results/large_increment_v1/pann_fe2_large_increment_Unconstrained_n10.npz",
  "wall_seconds": 0.7485871594399214,
  "torch_threads": 8,
  "force_per_end": 100000.0,
  "n_steps_requested": 10,
  "n_steps_completed": 10,
  "max_newton": 50,
  "macro_elements": 690,
  "macro_gauss_points": 2070,
  "rve_elements_reference": 1546,
  "checkpoint": {
    "checkpoint": "/home/sares/ML_assisted_CLs_clean/coupon_fe2_paper/06_pann/results/sc_unconstrained_v1/fe2_free_checkpoint.pt",
    "checkpoint_sha256": "ad30a68e7a14f57cba98c0b9a910da15ea6e1105a748ea4464197412c44fe7af",
    "core": "free_energy_mlp",
    "features": 4,
    "feature_names": [
      "a0.C.a0 - 1",
      "b0.C.b0 - 1",
      "a0.C.b0",
      "J - 1"
    ],
    "widths": [
      128,
      128,
      64
    ],
    "strain_scale": 0.1955,
    "energy_scale": 27042824.02698266,
    "checkpoint_test_stress_relative_l2": 5.201742575486706e-05,
    "checkpoint_probe_stress_relative_l2": 0.006679683369587302,
    "structural_guarantee": "energy potential with an exact affine reference correction; no polyconvexity or non-negative-energy certificate"
  },
  "tangent_preflight": {
    "tangent_fd_relative": 9.405258781134729e-11,
    "tangent_asymmetry_relative": 8.418124752385103e-17
  },
  "macro_newton": [
    {
      "step": 1,
      "iterations": 4,
      "residual": 3.0648779117033445e-06,
      "relative_residual": 7.24388734325374e-10,
      "coverage": {
        "n": 2070,
        "inside": 2070,
        "outside": 0,
        "minimum": [
          0.005772621406249234,
          -0.006499093397922706,
          -0.010797710628281804
        ],
        "maximum": [
          0.01366637971249729,
          -0.0024241637402955263,
          0.00454383307166073
        ]
      },
      "iterates": [
        {
          "iteration": 1,
          "residual": 4230.985058813314,
          "relative_residual": 1.0,
          "outside": 0,
          "min_det_C": 1.0
        },
        {
          "iteration": 2,
          "residual": 64.01446294262068,
          "relative_residual": 0.015129919404767444,
          "outside": 0,
          "min_det_C": 1.0046699057395525
        },
        {
          "iteration": 3,
          "residual": 0.15943778228331384,
          "relative_residual": 3.768337161843634e-05,
          "outside": 0,
          "min_det_C": 1.0048118280201956
        },
        {
          "iteration": 4,
          "residual": 3.0648779117033445e-06,
          "relative_residual": 7.24388734325374e-10,
          "outside": 0,
          "min_det_C": 1.0048115655513363
        }
      ]
    },
    {
      "step": 2,
      "iterations": 4,
      "residual": 2.3368634190821592e-07,
      "relative_residual": 5.523213594740682e-11,
      "coverage": {
        "n": 2070,
        "inside": 2070,
        "outside": 0,
        "minimum": [
          0.011790934980663526,
          -0.013058584030003706,
          -0.021674522047452256
        ],
        "maximum": [
          0.027825325746403284,
          -0.0048346018083673115,
          0.009212386040878222
        ]
      },
      "iterates": [
        {
          "iteration": 1,
          "residual": 4230.985057878929,
          "relative_residual": 1.0,
          "outside": 0,
          "min_det_C": 1.0048115655513363
        },
        {
          "iteration": 2,
          "residual": 66.60214401706347,
          "relative_residual": 0.0157415219165185,
          "outside": 0,
          "min_det_C": 1.0096830660271574
        },
        {
          "iteration": 3,
          "residual": 0.022007872454167327,
          "relative_residual": 5.201595409367926e-06,
          "outside": 0,
          "min_det_C": 1.0097996159981422
        },
        {
          "iteration": 4,
          "residual": 2.3368634190821592e-07,
          "relative_residual": 5.523213594740682e-11,
          "outside": 0,
          "min_det_C": 1.0097995581894574
        }
      ]
    },
    {
      "step": 3,
      "iterations": 4,
      "residual": 3.2021342805138184e-08,
      "relative_residual": 7.568294938555899e-12,
      "coverage": {
        "n": 2070,
        "inside": 2070,
        "outside": 0,
        "minimum": [
          0.01802597368070058,
          -0.019631669058463197,
          -0.03269494497558013
        ],
        "maximum": [
          0.04263360914973535,
          -0.007242392755341942,
          0.013988243988477516
        ]
      },
      "iterates": [
        {
          "iteration": 1,
          "residual": 4230.985058736117,
          "relative_residual": 1.0,
          "outside": 0,
          "min_det_C": 1.0097995581894574
        },
        {
          "iteration": 2,
          "residual": 68.60932243837757,
          "relative_residual": 0.016215921702846334,
          "outside": 0,
          "min_det_C": 1.0148280278423332
        },
        {
          "iteration": 3,
          "residual": 0.011187084927896872,
          "relative_residual": 2.644085188813852e-06,
          "outside": 0,
          "min_det_C": 1.0149371683123483
        },
        {
          "iteration": 4,
          "residual": 3.2021342805138184e-08,
          "relative_residual": 7.568294938555899e-12,
          "outside": 0,
          "min_det_C": 1.0149371500367148
        }
      ]
    },
    {
      "step": 4,
      "iterations": 4,
      "residual": 6.7881799831798725e-09,
      "relative_residual": 1.6043970585664446e-12,
      "coverage": {
        "n": 2070,
        "inside": 2070,
        "outside": 0,
        "minimum": [
          0.024468111681822502,
          -0.026199754922128782,
          -0.043890979623197386
        ],
        "maximum": [
          0.05801602765646119,
          -0.009651332491831144,
          0.018862945386745496
        ]
      },
      "iterates": [
        {
          "iteration": 1,
          "residual": 4230.985058801606,
          "relative_residual": 1.0,
          "outside": 0,
          "min_det_C": 1.0149371500367148
        },
        {
          "iteration": 2,
          "residual": 70.5325314183598,
          "relative_residual": 0.016670475182046042,
          "outside": 0,
          "min_det_C": 1.0201070979594076
        },
        {
          "iteration": 3,
          "residual": 0.011087623956018691,
          "relative_residual": 2.6205774310059076e-06,
          "outside": 0,
          "min_det_C": 1.020213927577221
        },
        {
          "iteration": 4,
          "residual": 6.7881799831798725e-09,
          "relative_residual": 1.6043970585664446e-12,
          "outside": 0,
          "min_det_C": 1.02021392187825
        }
      ]
    },
    {
      "step": 5,
      "iterations": 4,
      "residual": 3.6762771398153407e-09,
      "relative_residual": 8.688939073797334e-13,
      "coverage": {
        "n": 2070,
        "inside": 2070,
        "outside": 0,
        "minimum": [
          0.031114391910757377,
          -0.03275301850136475,
          -0.055283652965784996
        ],
        "maximum": [
          0.07398617083429238,
          -0.012062675860672278,
          0.023829261749563194
        ]
      },
      "iterates": [
        {
          "iteration": 1,
          "residual": 4230.9850588107465,
          "relative_residual": 1.0,
          "outside": 0,
          "min_det_C": 1.02021392187825
        },
        {
          "iteration": 2,
          "residual": 72.4555422230671,
          "relative_residual": 0.01712498182242058,
          "outside": 0,
          "min_det_C": 1.0255185404717055
        },
        {
          "iteration": 3,
          "residual": 0.011566736771762131,
          "relative_residual": 2.7338165015910816e-06,
          "outside": 0,
          "min_det_C": 1.0256251165237833
        },
        {
          "iteration": 4,
          "residual": 3.6762771398153407e-09,
          "relative_residual": 8.688939073797334e-13,
          "outside": 0,
          "min_det_C": 1.025625116214521
        }
      ]
    },
    {
      "step": 6,
      "iterations": 4,
      "residual": 3.812979981496963e-09,
      "relative_residual": 9.012038398847279e-13,
      "coverage": {
        "n": 2070,
        "inside": 2070,
        "outside": 0,
        "minimum": [
          0.03796496318289366,
          -0.0392851996402479,
          -0.0668892410814705
        ],
        "maximum": [
          0.09056512974776809,
          -0.014476536348243252,
          0.02888443111821345
        ]
      },
      "iterates": [
        {
          "iteration": 1,
          "residual": 4230.985058812752,
          "relative_residual": 1.0,
          "outside": 0,
          "min_det_C": 1.025625116214521
        },
        {
          "iteration": 2,
          "residual": 74.36495362072282,
          "relative_residual": 0.017576274221490683,
          "outside": 0,
          "min_det_C": 1.0310612264210288
        },
        {
          "iteration": 3,
          "residual": 0.012063874049579261,
          "relative_residual": 2.851315682254969e-06,
          "outside": 0,
          "min_det_C": 1.0311686070948587
        },
        {
          "iteration": 4,
          "residual": 3.812979981496963e-09,
          "relative_residual": 9.012038398847279e-13,
          "outside": 0,
          "min_det_C": 1.0311686096195196
        }
      ]
    },
    {
      "step": 7,
      "iterations": 4,
      "residual": 4.1211107510286536e-09,
      "relative_residual": 9.740310338474015e-13,
      "coverage": {
        "n": 2070,
        "inside": 2070,
        "outside": 0,
        "minimum": [
          0.04502173990581637,
          -0.04579172034691087,
          -0.07872161223163097
        ],
        "maximum": [
          0.10777767369616942,
          -0.016892423667894618,
          0.034026940640809286
        ]
      },
      "iterates": [
        {
          "iteration": 1,
          "residual": 4230.985058813121,
          "relative_residual": 1.0,
          "outside": 0,
          "min_det_C": 1.0311686096195196
        },
        {
          "iteration": 2,
          "residual": 76.2155883930374,
          "relative_residual": 0.01801367467235099,
          "outside": 0,
          "min_det_C": 1.036734940235669
        },
        {
          "iteration": 3,
          "residual": 0.012524537994001257,
          "relative_residual": 2.960194332975179e-06,
          "outside": 0,
          "min_det_C": 1.036843762711872
        },
        {
          "iteration": 4,
          "residual": 4.1211107510286536e-09,
          "relative_residual": 9.740310338474015e-13,
          "outside": 0,
          "min_det_C": 1.0368437669682946
        }
      ]
    },
    {
      "step": 8,
      "iterations": 4,
      "residual": 4.64025287700002e-09,
      "relative_residual": 1.0967310951226807e-12,
      "coverage": {
        "n": 2070,
        "inside": 2070,
        "outside": 0,
        "minimum": [
          0.05228775340874836,
          -0.05226883816902683,
          -0.09079328006832198
        ],
        "maximum": [
          0.12565027468056633,
          -0.019248380882866567,
          0.03925601168974293
        ]
      },
      "iterates": [
        {
          "iteration": 1,
          "residual": 4230.985058813309,
          "relative_residual": 1.0,
          "outside": 0,
          "min_det_C": 1.0368437669682946
        },
        {
          "iteration": 2,
          "residual": 77.96003476574776,
          "relative_residual": 0.018425977327278416,
          "outside": 0,
          "min_det_C": 1.0425402007445428
        },
        {
          "iteration": 3,
          "residual": 0.012919178862704567,
          "relative_residual": 3.0534683254892164e-06,
          "outside": 0,
          "min_det_C": 1.0426508751224333
        },
        {
          "iteration": 4,
          "residual": 4.64025287700002e-09,
          "relative_residual": 1.0967310951226807e-12,
          "outside": 0,
          "min_det_C": 1.0426508805596144
        }
      ]
    },
    {
      "step": 9,
      "iterations": 4,
      "residual": 5.682932486113928e-09,
      "relative_residual": 1.343170067281615e-12,
      "coverage": {
        "n": 2070,
        "inside": 2070,
        "outside": 0,
        "minimum": [
          0.059766750352952536,
          -0.0587132278521626,
          -0.10311596424054542
        ],
        "maximum": [
          0.14420996603431713,
          -0.021581070366412713,
          0.04457133411736071
        ]
      },
      "iterates": [
        {
          "iteration": 1,
          "residual": 4230.9850588134195,
          "relative_residual": 1.0,
          "outside": 0,
          "min_det_C": 1.0426508805596144
        },
        {
          "iteration": 2,
          "residual": 79.5655850785914,
          "relative_residual": 0.01880545167911928,
          "outside": 0,
          "min_det_C": 1.0484780307007302
        },
        {
          "iteration": 3,
          "residual": 0.013236991620843103,
          "relative_residual": 3.1285838727483993e-06,
          "outside": 0,
          "min_det_C": 1.048590811971374
        },
        {
          "iteration": 4,
          "residual": 5.682932486113928e-09,
          "relative_residual": 1.343170067281615e-12,
          "outside": 0,
          "min_det_C": 1.048590818274688
        }
      ]
    },
    {
      "step": 10,
      "iterations": 4,
      "residual": 6.155054675458147e-09,
      "relative_residual": 1.4547568922837822e-12,
      "coverage": {
        "n": 2070,
        "inside": 2070,
        "outside": 0,
        "minimum": [
          0.06746289214169143,
          -0.06512180446373989,
          -0.11570096108351391
        ],
        "maximum": [
          0.1634838019745033,
          -0.023892867148923358,
          0.04997294299465298
        ]
      },
      "iterates": [
        {
          "iteration": 1,
          "residual": 4230.985058813159,
          "relative_residual": 1.0,
          "outside": 0,
          "min_det_C": 1.048590818274688
        },
        {
          "iteration": 2,
          "residual": 81.02292879258717,
          "relative_residual": 0.019149897167284026,
          "outside": 0,
          "min_det_C": 1.0545497316208703
        },
        {
          "iteration": 3,
          "residual": 0.013494069598989238,
          "relative_residual": 3.189344658847479e-06,
          "outside": 0,
          "min_det_C": 1.0546647504965427
        },
        {
          "iteration": 4,
          "residual": 6.155054675458147e-09,
          "relative_residual": 1.4547568922837822e-12,
          "outside": 0,
          "min_det_C": 1.0546647574612178
        }
      ]
    }
  ],
  "material_calls": 31,
  "material_points": 64170,
  "summed_pann_seconds": 0.4599766246974468,
  "macro_mesh_sha256": "81aa5d4c646b8200fa94ccdfceb1466e7d401576b6ca14d2969f3d76105f4762",
  "rve_mesh_sha256": "82e42f23fc9bdb45933f88f8cbd4f6f5e52f5755aee7f8f28b8781bf71c87a47"
}
 |  /           |                  
 ' /   __| _` | __|  _ \   __|    
 . \  |   (   | |   (   |\__ \  
_|\_\_|  \__,_|\__|\___/ ____/
           Multi-Physics 10.3."0"-master-532e0dba7df-Release-x86_64
           Compiled for GNU/Linux and Python3.12 with GCC-13.3
Compiled with threading support. Threading support with OpenMP.
Maximum number of threads: 8.
Importing    KratosStructuralMechanicsApplication 
    KRATOS   ___|  |                   |                   |
           \___ \  __|  __| |   |  __| __| |   |  __| _` | |
                 | |   |    |   | (    |   |   | |   (   | |
           _____/ \__|_|   \__,_|\___|\__|\__,_|_|  \__,_|_| MECHANICS
Initializing KratosStructuralMechanicsApplication...
Importing    KratosConstitutiveLawsApplication 
Initializing KratosConstitutiveLawsApplication...
[WARNING] DEPRECATION-Warning; MechanicalSolver: Using "line_search", please move it to "solving_strategy_settings" as "type" 
::[MechanicalSolver]:: : Construction finished 
::[StaticMechanicalSolver]:: : Construction finished 
::[MechanicalSolver]:: : Variables ADDED 
[WARNING] Model: Trying to create a root modelpart with name Structure however a ModelPart with the same name already exists. 
Returning the already existent ModelPart.
SingleImportModelPart: Reading model part from file: "/home/sares/ML_assisted_CLs_clean/coupon_fe2_paper/01_macro_prepass/coupon_conv_div4".mdpa
ModelPartIO:   [Reading Nodes    : 1501 nodes read]
ModelPartIO:   [Reading Geometries : 690 geometries read] [Type: Triangle2D6]
ModelPartIO:   [Total Lines Read : 4431]
SingleImportModelPart: Finished reading model part from mdpa file.
::[PythonSolver]::: Reading model part. 
::[PythonSolver]::: Using already imported model part - no reading necessary. 
ModelPart: -Structure- model part
    Buffer Size : 1
    Number of tables : 0
    Number of sub model parts : 2
    Current solution step index : 0
    DOMAIN_SIZE : 2
    OSS_SWITCH : 0
    IS_RESTARTED : 0

    Number of Geometries  : 690
    Mesh 0 :
        Number of Nodes       : 1501
        Number of Properties  : 1
        Number of Elements    : 690
        Number of Conditions  : 0
        Number of Constraints : 0

    -dirichlet- model part
        Number of tables : 0
        Number of sub model parts : 0

        Number of Geometries  : 0
        Mesh 0 :
            Number of Nodes       : 26
            Number of Properties  : 0
            Number of Elements    : 0
            Number of Conditions  : 0
            Number of Constraints : 0
    -material- model part
        Number of tables : 0
        Number of sub model parts : 0

        Number of Geometries  : 690
        Mesh 0 :
            Number of Nodes       : 1501
            Number of Properties  : 0
            Number of Elements    : 690
            Number of Conditions  : 0
            Number of Constraints : 0
 
::[PythonSolver]:: : Finished reading model part. 
Read materials: Started
Read materials: Finished
::[MechanicalSolver]:: : Constitutive law was successfully imported. 
::[MechanicalSolver]::: ModelPart prepared for Solver. 
::[MechanicalSolver]:: : DOF's ADDED 
::[MechanicalSolver]:: : Initializing ... 
Importing    LinearSolversApplication 
    Kratos  _     _                       ____        _
           | |   (_)_ __   ___  __ _ _ __/ ___|  ___ | |_   _____ _ __ ___
           | |   | | '_ \ / _ \/ _` | '__\___ \ / _ \| \ \ / / _ \ '__/ __|
           | |___| | | | |  __/ (_| | |   ___) | (_) | |\ V /  __/ |  \__ \
           |_____|_|_| |_|\___|\__,_|_|  |____/ \___/|_| \_/ \___|_|  |___/
Initializing KratosLinearSolversApplication...
Linear-Solver-Factory: Constructing a regular (non-complex) linear-solver 
::[MechanicalSolver]:: : Finished initialization. 
Analysis: Analysis -START-  
Deregistering KratosMultiphysics
Deregistering ConstitutiveLawsApplication
Deregistering LinearSolversApplication
Deregistering StructuralMechanicsApplication
