[VectorizedAssembler] 690 elements, 3 GPs, total area=1.311591e-04
[macro] 3002 dofs, 13/13 end-face nodes
  step  1/1 iter  1: |R|=4.23099e+04, rel=1.000e+00, wall=0.03s
  step  1/1 iter  2: |R|=6.20747e+03, rel=1.467e-01, wall=0.02s
  step  1/1 iter  3: |R|=1.37423e+02, rel=3.248e-03, wall=0.02s
  step  1/1 iter  4: |R|=1.29526e+00, rel=3.061e-05, wall=0.02s
  step  1/1 iter  5: |R|=1.78637e-06, rel=4.222e-11, wall=0.02s
    converged: in-box 2070/2070; E11=[+0.0675,+0.1635], E22=[-0.0651,-0.0239], g12=[-0.1157,+0.0500]
{
  "status": "converged",
  "model": "free_energy_pann",
  "tier": "free",
  "tag": "large_increment_Unconstrained_n1",
  "output": "/home/sares/ML_assisted_CLs_clean/coupon_fe2_paper/06_fe2/results/large_increment_v1/pann_fe2_large_increment_Unconstrained_n1.npz",
  "wall_seconds": 0.12661747634410858,
  "torch_threads": 8,
  "force_per_end": 100000.0,
  "n_steps_requested": 1,
  "n_steps_completed": 1,
  "max_newton": 50,
  "macro_elements": 690,
  "macro_gauss_points": 2070,
  "rve_elements_reference": 1546,
  "checkpoint": {
    "checkpoint": "/home/sares/ML_assisted_CLs_clean/coupon_fe2_paper/06_pann/results/sc_unconstrained_v1/fe2_free_checkpoint.pt",
    "checkpoint_sha256": "ad30a68e7a14f57cba98c0b9a910da15ea6e1105a748ea4464197412c44fe7af",
    "core": "free_energy_mlp",
    "features": 4,
    "feature_names": [
      "a0.C.a0 - 1",
      "b0.C.b0 - 1",
      "a0.C.b0",
      "J - 1"
    ],
    "widths": [
      128,
      128,
      64
    ],
    "strain_scale": 0.1955,
    "energy_scale": 27042824.02698266,
    "checkpoint_test_stress_relative_l2": 5.201742575486706e-05,
    "checkpoint_probe_stress_relative_l2": 0.006679683369587302,
    "structural_guarantee": "energy potential with an exact affine reference correction; no polyconvexity or non-negative-energy certificate"
  },
  "tangent_preflight": {
    "tangent_fd_relative": 9.405258781134729e-11,
    "tangent_asymmetry_relative": 8.418124752385103e-17
  },
  "macro_newton": [
    {
      "step": 1,
      "iterations": 5,
      "residual": 1.786365459708797e-06,
      "relative_residual": 4.2221029733672475e-11,
      "coverage": {
        "n": 2070,
        "inside": 2070,
        "outside": 0,
        "minimum": [
          0.06746289214187573,
          -0.06512180446360366,
          -0.11570096108343307
        ],
        "maximum": [
          0.16348380197382717,
          -0.023892867148890606,
          0.049972942994305866
        ]
      },
      "iterates": [
        {
          "iteration": 1,
          "residual": 42309.85058813285,
          "relative_residual": 1.0,
          "outside": 0,
          "min_det_C": 1.0
        },
        {
          "iteration": 2,
          "residual": 6207.470639018491,
          "relative_residual": 0.1467145488043764,
          "outside": 0,
          "min_det_C": 1.0436009595484497
        },
        {
          "iteration": 3,
          "residual": 137.42265399432222,
          "relative_residual": 0.0032480061282198617,
          "outside": 0,
          "min_det_C": 1.0547973223010063
        },
        {
          "iteration": 4,
          "residual": 1.2952572782234417,
          "relative_residual": 3.061361031104038e-05,
          "outside": 0,
          "min_det_C": 1.054665762590106
        },
        {
          "iteration": 5,
          "residual": 1.786365459708797e-06,
          "relative_residual": 4.2221029733672475e-11,
          "outside": 0,
          "min_det_C": 1.054664757461175
        }
      ]
    }
  ],
  "material_calls": 5,
  "material_points": 10350,
  "summed_pann_seconds": 0.08501743897795677,
  "macro_mesh_sha256": "81aa5d4c646b8200fa94ccdfceb1466e7d401576b6ca14d2969f3d76105f4762",
  "rve_mesh_sha256": "82e42f23fc9bdb45933f88f8cbd4f6f5e52f5755aee7f8f28b8781bf71c87a47"
}
 |  /           |                  
 ' /   __| _` | __|  _ \   __|    
 . \  |   (   | |   (   |\__ \  
_|\_\_|  \__,_|\__|\___/ ____/
           Multi-Physics 10.3."0"-master-532e0dba7df-Release-x86_64
           Compiled for GNU/Linux and Python3.12 with GCC-13.3
Compiled with threading support. Threading support with OpenMP.
Maximum number of threads: 8.
Importing    KratosStructuralMechanicsApplication 
    KRATOS   ___|  |                   |                   |
           \___ \  __|  __| |   |  __| __| |   |  __| _` | |
                 | |   |    |   | (    |   |   | |   (   | |
           _____/ \__|_|   \__,_|\___|\__|\__,_|_|  \__,_|_| MECHANICS
Initializing KratosStructuralMechanicsApplication...
Importing    KratosConstitutiveLawsApplication 
Initializing KratosConstitutiveLawsApplication...
[WARNING] DEPRECATION-Warning; MechanicalSolver: Using "line_search", please move it to "solving_strategy_settings" as "type" 
::[MechanicalSolver]:: : Construction finished 
::[StaticMechanicalSolver]:: : Construction finished 
::[MechanicalSolver]:: : Variables ADDED 
[WARNING] Model: Trying to create a root modelpart with name Structure however a ModelPart with the same name already exists. 
Returning the already existent ModelPart.
SingleImportModelPart: Reading model part from file: "/home/sares/ML_assisted_CLs_clean/coupon_fe2_paper/01_macro_prepass/coupon_conv_div4".mdpa
ModelPartIO:   [Reading Nodes    : 1501 nodes read]
ModelPartIO:   [Reading Geometries : 690 geometries read] [Type: Triangle2D6]
ModelPartIO:   [Total Lines Read : 4431]
SingleImportModelPart: Finished reading model part from mdpa file.
::[PythonSolver]::: Reading model part. 
::[PythonSolver]::: Using already imported model part - no reading necessary. 
ModelPart: -Structure- model part
    Buffer Size : 1
    Number of tables : 0
    Number of sub model parts : 2
    Current solution step index : 0
    DOMAIN_SIZE : 2
    OSS_SWITCH : 0
    IS_RESTARTED : 0

    Number of Geometries  : 690
    Mesh 0 :
        Number of Nodes       : 1501
        Number of Properties  : 1
        Number of Elements    : 690
        Number of Conditions  : 0
        Number of Constraints : 0

    -dirichlet- model part
        Number of tables : 0
        Number of sub model parts : 0

        Number of Geometries  : 0
        Mesh 0 :
            Number of Nodes       : 26
            Number of Properties  : 0
            Number of Elements    : 0
            Number of Conditions  : 0
            Number of Constraints : 0
    -material- model part
        Number of tables : 0
        Number of sub model parts : 0

        Number of Geometries  : 690
        Mesh 0 :
            Number of Nodes       : 1501
            Number of Properties  : 0
            Number of Elements    : 690
            Number of Conditions  : 0
            Number of Constraints : 0
 
::[PythonSolver]:: : Finished reading model part. 
Read materials: Started
Read materials: Finished
::[MechanicalSolver]:: : Constitutive law was successfully imported. 
::[MechanicalSolver]::: ModelPart prepared for Solver. 
::[MechanicalSolver]:: : DOF's ADDED 
::[MechanicalSolver]:: : Initializing ... 
Importing    LinearSolversApplication 
    Kratos  _     _                       ____        _
           | |   (_)_ __   ___  __ _ _ __/ ___|  ___ | |_   _____ _ __ ___
           | |   | | '_ \ / _ \/ _` | '__\___ \ / _ \| \ \ / / _ \ '__/ __|
           | |___| | | | |  __/ (_| | |   ___) | (_) | |\ V /  __/ |  \__ \
           |_____|_|_| |_|\___|\__,_|_|  |____/ \___/|_| \_/ \___|_|  |___/
Initializing KratosLinearSolversApplication...
Linear-Solver-Factory: Constructing a regular (non-complex) linear-solver 
::[MechanicalSolver]:: : Finished initialization. 
Analysis: Analysis -START-  
Deregistering KratosMultiphysics
Deregistering ConstitutiveLawsApplication
Deregistering LinearSolversApplication
Deregistering StructuralMechanicsApplication
