[VectorizedAssembler] 690 elements, 3 GPs, total area=1.311591e-04
[macro] 3002 dofs, 13/13 end-face nodes
  step  1/5 iter  1: |R|=8.46197e+03, rel=1.000e+00, wall=0.03s
  step  1/5 iter  2: |R|=2.55391e+02, rel=3.018e-02, wall=0.02s
  step  1/5 iter  3: |R|=1.48815e+00, rel=1.759e-04, wall=0.02s
  step  1/5 iter  4: |R|=2.60608e-04, rel=3.080e-08, wall=0.02s
    converged: in-box 2070/2070; E11=[+0.0118,+0.0278], E22=[-0.0131,-0.0048], g12=[-0.0217,+0.0092]
  step  2/5 iter  1: |R|=8.46197e+03, rel=1.000e+00, wall=0.00s
  step  2/5 iter  2: |R|=2.73203e+02, rel=3.229e-02, wall=0.02s
  step  2/5 iter  3: |R|=1.72224e-01, rel=2.035e-05, wall=0.02s
  step  2/5 iter  4: |R|=3.90128e-06, rel=4.610e-10, wall=0.02s
    converged: in-box 2070/2070; E11=[+0.0245,+0.0580], E22=[-0.0262,-0.0097], g12=[-0.0439,+0.0189]
  step  3/5 iter  1: |R|=8.46197e+03, rel=1.000e+00, wall=0.00s
  step  3/5 iter  2: |R|=2.88347e+02, rel=3.408e-02, wall=0.02s
  step  3/5 iter  3: |R|=1.84028e-01, rel=2.175e-05, wall=0.02s
  step  3/5 iter  4: |R|=2.40079e-07, rel=2.837e-11, wall=0.02s
    converged: in-box 2070/2070; E11=[+0.0380,+0.0906], E22=[-0.0393,-0.0145], g12=[-0.0669,+0.0289]
  step  4/5 iter  1: |R|=8.46197e+03, rel=1.000e+00, wall=0.00s
  step  4/5 iter  2: |R|=3.02959e+02, rel=3.580e-02, wall=0.02s
  step  4/5 iter  3: |R|=1.98035e-01, rel=2.340e-05, wall=0.02s
  step  4/5 iter  4: |R|=9.49984e-08, rel=1.123e-11, wall=0.02s
    converged: in-box 2070/2070; E11=[+0.0523,+0.1257], E22=[-0.0523,-0.0192], g12=[-0.0908,+0.0393]
  step  5/5 iter  1: |R|=8.46197e+03, rel=1.000e+00, wall=0.00s
  step  5/5 iter  2: |R|=3.15821e+02, rel=3.732e-02, wall=0.02s
  step  5/5 iter  3: |R|=2.08229e-01, rel=2.461e-05, wall=0.02s
  step  5/5 iter  4: |R|=1.09041e-07, rel=1.289e-11, wall=0.02s
    converged: in-box 2070/2070; E11=[+0.0675,+0.1635], E22=[-0.0651,-0.0239], g12=[-0.1157,+0.0500]
{
  "status": "converged",
  "model": "free_energy_pann",
  "tier": "free",
  "tag": "large_increment_Unconstrained_n5",
  "output": "/home/sares/ML_assisted_CLs_clean/coupon_fe2_paper/06_fe2/results/large_increment_v1/pann_fe2_large_increment_Unconstrained_n5.npz",
  "wall_seconds": 0.3599578868597746,
  "torch_threads": 8,
  "force_per_end": 100000.0,
  "n_steps_requested": 5,
  "n_steps_completed": 5,
  "max_newton": 50,
  "macro_elements": 690,
  "macro_gauss_points": 2070,
  "rve_elements_reference": 1546,
  "checkpoint": {
    "checkpoint": "/home/sares/ML_assisted_CLs_clean/coupon_fe2_paper/06_pann/results/sc_unconstrained_v1/fe2_free_checkpoint.pt",
    "checkpoint_sha256": "ad30a68e7a14f57cba98c0b9a910da15ea6e1105a748ea4464197412c44fe7af",
    "core": "free_energy_mlp",
    "features": 4,
    "feature_names": [
      "a0.C.a0 - 1",
      "b0.C.b0 - 1",
      "a0.C.b0",
      "J - 1"
    ],
    "widths": [
      128,
      128,
      64
    ],
    "strain_scale": 0.1955,
    "energy_scale": 27042824.02698266,
    "checkpoint_test_stress_relative_l2": 5.201742575486706e-05,
    "checkpoint_probe_stress_relative_l2": 0.006679683369587302,
    "structural_guarantee": "energy potential with an exact affine reference correction; no polyconvexity or non-negative-energy certificate"
  },
  "tangent_preflight": {
    "tangent_fd_relative": 9.405258781134729e-11,
    "tangent_asymmetry_relative": 8.418124752385103e-17
  },
  "macro_newton": [
    {
      "step": 1,
      "iterations": 4,
      "residual": 0.0002606081260151195,
      "relative_residual": 3.079757106117205e-08,
      "coverage": {
        "n": 2070,
        "inside": 2070,
        "outside": 0,
        "minimum": [
          0.011790935104800448,
          -0.013058584119686634,
          -0.02167452192628513
        ],
        "maximum": [
          0.02782532596086773,
          -0.004834601726149912,
          0.00921238614989446
        ]
      },
      "iterates": [
        {
          "iteration": 1,
          "residual": 8461.970117626595,
          "relative_residual": 1.0,
          "outside": 0,
          "min_det_C": 1.0
        },
        {
          "iteration": 2,
          "residual": 255.39095668749857,
          "relative_residual": 0.0301810279565405,
          "outside": 0,
          "min_det_C": 1.0092723528276564
        },
        {
          "iteration": 3,
          "residual": 1.488153432507697,
          "relative_residual": 0.00017586370689348318,
          "outside": 0,
          "min_det_C": 1.0098019814614203
        },
        {
          "iteration": 4,
          "residual": 0.0002606081260151195,
          "relative_residual": 3.079757106117205e-08,
          "outside": 0,
          "min_det_C": 1.0097995584303459
        }
      ]
    },
    {
      "step": 2,
      "iterations": 4,
      "residual": 3.90128431133594e-06,
      "relative_residual": 4.610373581871955e-10,
      "coverage": {
        "n": 2070,
        "inside": 2070,
        "outside": 0,
        "minimum": [
          0.0244681116815868,
          -0.026199754919973117,
          -0.04389097962529908
        ],
        "maximum": [
          0.05801602765293512,
          -0.009651332491025899,
          0.018862945386659963
        ]
      },
      "iterates": [
        {
          "iteration": 1,
          "residual": 8461.970037907204,
          "relative_residual": 1.0,
          "outside": 0,
          "min_det_C": 1.0097995584303459
        },
        {
          "iteration": 2,
          "residual": 273.20266018737595,
          "relative_residual": 0.032285940385454716,
          "outside": 0,
          "min_det_C": 1.0197824329762921
        },
        {
          "iteration": 3,
          "residual": 0.17222415791453044,
          "relative_residual": 2.0352726036964857e-05,
          "outside": 0,
          "min_det_C": 1.0202141048966393
        },
        {
          "iteration": 4,
          "residual": 3.90128431133594e-06,
          "relative_residual": 4.610373581871955e-10,
          "outside": 0,
          "min_det_C": 1.0202139218802275
        }
      ]
    },
    {
      "step": 3,
      "iterations": 4,
      "residual": 2.4007874355340835e-07,
      "relative_residual": 2.837149508418603e-11,
      "coverage": {
        "n": 2070,
        "inside": 2070,
        "outside": 0,
        "minimum": [
          0.037964963182604006,
          -0.039285199639761514,
          -0.06688924108207704
        ],
        "maximum": [
          0.09056512974675857,
          -0.014476536348241142,
          0.028884431117980496
        ]
      },
      "iterates": [
        {
          "iteration": 1,
          "residual": 8461.970116168664,
          "relative_residual": 1.0,
          "outside": 0,
          "min_det_C": 1.0202139218802275
        },
        {
          "iteration": 2,
          "residual": 288.34655628473223,
          "relative_residual": 0.034075581965690896,
          "outside": 0,
          "min_det_C": 1.0307429085861115
        },
        {
          "iteration": 3,
          "residual": 0.18402815166591963,
          "relative_residual": 2.17476721306648e-05,
          "outside": 0,
          "min_det_C": 1.0311685905435457
        },
        {
          "iteration": 4,
          "residual": 2.4007874355340835e-07,
          "relative_residual": 2.837149508418603e-11,
          "outside": 0,
          "min_det_C": 1.0311686096194157
        }
      ]
    },
    {
      "step": 4,
      "iterations": 4,
      "residual": 9.499838143127938e-08,
      "relative_residual": 1.1226508733999087e-11,
      "coverage": {
        "n": 2070,
        "inside": 2070,
        "outside": 0,
        "minimum": [
          0.0522877534086027,
          -0.05226883816888572,
          -0.09079328006856237
        ],
        "maximum": [
          0.1256502746800624,
          -0.019248380882882388,
          0.039256011689633566
        ]
      },
      "iterates": [
        {
          "iteration": 1,
          "residual": 8461.97011752907,
          "relative_residual": 1.0,
          "outside": 0,
          "min_det_C": 1.0311686096194157
        },
        {
          "iteration": 2,
          "residual": 302.9585798497321,
          "relative_residual": 0.03580236938229666,
          "outside": 0,
          "min_det_C": 1.0422147098861374
        },
        {
          "iteration": 3,
          "residual": 0.1980351924704692,
          "relative_residual": 2.3402965233856944e-05,
          "outside": 0,
          "min_det_C": 1.042650803284864
        },
        {
          "iteration": 4,
          "residual": 9.499838143127938e-08,
          "relative_residual": 1.1226508733999087e-11,
          "outside": 0,
          "min_det_C": 1.0426508805595112
        }
      ]
    },
    {
      "step": 5,
      "iterations": 4,
      "residual": 1.0904110774154601e-07,
      "relative_residual": 1.2886019003363258e-11,
      "coverage": {
        "n": 2070,
        "inside": 2070,
        "outside": 0,
        "minimum": [
          0.0674628921416045,
          -0.06512180446368943,
          -0.11570096108362962
        ],
        "maximum": [
          0.16348380197411416,
          -0.023892867148933072,
          0.049972942994595884
        ]
      },
      "iterates": [
        {
          "iteration": 1,
          "residual": 8461.970117620207,
          "relative_residual": 1.0,
          "outside": 0,
          "min_det_C": 1.0426508805595112
        },
        {
          "iteration": 2,
          "residual": 315.8210046976827,
          "relative_residual": 0.0373223965941518,
          "outside": 0,
          "min_det_C": 1.0542121831781828
        },
        {
          "iteration": 3,
          "residual": 0.20822859584428624,
          "relative_residual": 2.4607578725750356e-05,
          "outside": 0,
          "min_det_C": 1.0546646523048944
        },
        {
          "iteration": 4,
          "residual": 1.0904110774154601e-07,
          "relative_residual": 1.2886019003363258e-11,
          "outside": 0,
          "min_det_C": 1.054664757461148
        }
      ]
    }
  ],
  "material_calls": 16,
  "material_points": 33120,
  "summed_pann_seconds": 0.21298035979270935,
  "macro_mesh_sha256": "81aa5d4c646b8200fa94ccdfceb1466e7d401576b6ca14d2969f3d76105f4762",
  "rve_mesh_sha256": "82e42f23fc9bdb45933f88f8cbd4f6f5e52f5755aee7f8f28b8781bf71c87a47"
}
 |  /           |                  
 ' /   __| _` | __|  _ \   __|    
 . \  |   (   | |   (   |\__ \  
_|\_\_|  \__,_|\__|\___/ ____/
           Multi-Physics 10.3."0"-master-532e0dba7df-Release-x86_64
           Compiled for GNU/Linux and Python3.12 with GCC-13.3
Compiled with threading support. Threading support with OpenMP.
Maximum number of threads: 8.
Importing    KratosStructuralMechanicsApplication 
    KRATOS   ___|  |                   |                   |
           \___ \  __|  __| |   |  __| __| |   |  __| _` | |
                 | |   |    |   | (    |   |   | |   (   | |
           _____/ \__|_|   \__,_|\___|\__|\__,_|_|  \__,_|_| MECHANICS
Initializing KratosStructuralMechanicsApplication...
Importing    KratosConstitutiveLawsApplication 
Initializing KratosConstitutiveLawsApplication...
[WARNING] DEPRECATION-Warning; MechanicalSolver: Using "line_search", please move it to "solving_strategy_settings" as "type" 
::[MechanicalSolver]:: : Construction finished 
::[StaticMechanicalSolver]:: : Construction finished 
::[MechanicalSolver]:: : Variables ADDED 
[WARNING] Model: Trying to create a root modelpart with name Structure however a ModelPart with the same name already exists. 
Returning the already existent ModelPart.
SingleImportModelPart: Reading model part from file: "/home/sares/ML_assisted_CLs_clean/coupon_fe2_paper/01_macro_prepass/coupon_conv_div4".mdpa
ModelPartIO:   [Reading Nodes    : 1501 nodes read]
ModelPartIO:   [Reading Geometries : 690 geometries read] [Type: Triangle2D6]
ModelPartIO:   [Total Lines Read : 4431]
SingleImportModelPart: Finished reading model part from mdpa file.
::[PythonSolver]::: Reading model part. 
::[PythonSolver]::: Using already imported model part - no reading necessary. 
ModelPart: -Structure- model part
    Buffer Size : 1
    Number of tables : 0
    Number of sub model parts : 2
    Current solution step index : 0
    DOMAIN_SIZE : 2
    OSS_SWITCH : 0
    IS_RESTARTED : 0

    Number of Geometries  : 690
    Mesh 0 :
        Number of Nodes       : 1501
        Number of Properties  : 1
        Number of Elements    : 690
        Number of Conditions  : 0
        Number of Constraints : 0

    -dirichlet- model part
        Number of tables : 0
        Number of sub model parts : 0

        Number of Geometries  : 0
        Mesh 0 :
            Number of Nodes       : 26
            Number of Properties  : 0
            Number of Elements    : 0
            Number of Conditions  : 0
            Number of Constraints : 0
    -material- model part
        Number of tables : 0
        Number of sub model parts : 0

        Number of Geometries  : 690
        Mesh 0 :
            Number of Nodes       : 1501
            Number of Properties  : 0
            Number of Elements    : 690
            Number of Conditions  : 0
            Number of Constraints : 0
 
::[PythonSolver]:: : Finished reading model part. 
Read materials: Started
Read materials: Finished
::[MechanicalSolver]:: : Constitutive law was successfully imported. 
::[MechanicalSolver]::: ModelPart prepared for Solver. 
::[MechanicalSolver]:: : DOF's ADDED 
::[MechanicalSolver]:: : Initializing ... 
Importing    LinearSolversApplication 
    Kratos  _     _                       ____        _
           | |   (_)_ __   ___  __ _ _ __/ ___|  ___ | |_   _____ _ __ ___
           | |   | | '_ \ / _ \/ _` | '__\___ \ / _ \| \ \ / / _ \ '__/ __|
           | |___| | | | |  __/ (_| | |   ___) | (_) | |\ V /  __/ |  \__ \
           |_____|_|_| |_|\___|\__,_|_|  |____/ \___/|_| \_/ \___|_|  |___/
Initializing KratosLinearSolversApplication...
Linear-Solver-Factory: Constructing a regular (non-complex) linear-solver 
::[MechanicalSolver]:: : Finished initialization. 
Analysis: Analysis -START-  
Deregistering KratosMultiphysics
Deregistering ConstitutiveLawsApplication
Deregistering LinearSolversApplication
Deregistering StructuralMechanicsApplication
