[VectorizedAssembler] 690 elements, 3 GPs, total area=1.311591e-04
[macro] 3002 dofs, 13/13 end-face nodes
  step  1/20 iter  1: |R|=2.11549e+03, rel=1.000e+00, wall=0.5s
  step  1/20 iter  2: |R|=1.61022e+01, rel=7.612e-03, wall=116.2s
  step  1/20 iter  3: |R|=1.39915e-02, rel=6.614e-06, wall=53.0s
  step  1/20 iter  4: |R|=2.42667e-08, rel=1.147e-11, wall=42.5s
    converged: in-box 2070/2070; E11=[+0.0029,+0.0068], E22=[-0.0032,-0.0012], g12=[-0.0054,+0.0023]
  step  2/20 iter  1: |R|=2.11549e+03, rel=1.000e+00, wall=0.0s
  step  2/20 iter  2: |R|=1.64463e+01, rel=7.774e-03, wall=118.9s
  step  2/20 iter  3: |R|=4.36794e-03, rel=2.065e-06, wall=52.3s
  step  2/20 iter  4: |R|=5.99746e-09, rel=2.835e-12, wall=42.6s
    converged: in-box 2070/2070; E11=[+0.0058,+0.0137], E22=[-0.0065,-0.0024], g12=[-0.0108,+0.0045]
  step  3/20 iter  1: |R|=2.11549e+03, rel=1.000e+00, wall=0.0s
  step  3/20 iter  2: |R|=1.67234e+01, rel=7.905e-03, wall=120.8s
  step  3/20 iter  3: |R|=1.71571e-03, rel=8.110e-07, wall=51.2s
  step  3/20 iter  4: |R|=2.85063e-09, rel=1.347e-12, wall=42.3s
    converged: in-box 2070/2070; E11=[+0.0088,+0.0206], E22=[-0.0098,-0.0036], g12=[-0.0162,+0.0069]
  step  4/20 iter  1: |R|=2.11549e+03, rel=1.000e+00, wall=0.0s
  step  4/20 iter  2: |R|=1.69752e+01, rel=8.024e-03, wall=120.2s
  step  4/20 iter  3: |R|=9.24112e-04, rel=4.368e-07, wall=51.1s
  step  4/20 iter  4: |R|=2.63502e-09, rel=1.246e-12, wall=42.8s
    converged: in-box 2070/2070; E11=[+0.0118,+0.0278], E22=[-0.0131,-0.0048], g12=[-0.0217,+0.0092]
  step  5/20 iter  1: |R|=2.11549e+03, rel=1.000e+00, wall=0.0s
  step  5/20 iter  2: |R|=1.72158e+01, rel=8.138e-03, wall=118.9s
  step  5/20 iter  3: |R|=7.22631e-04, rel=3.416e-07, wall=51.2s
  step  5/20 iter  4: |R|=2.86187e-09, rel=1.353e-12, wall=43.1s
    converged: in-box 2070/2070; E11=[+0.0149,+0.0352], E22=[-0.0163,-0.0060], g12=[-0.0272,+0.0116]
  step  6/20 iter  1: |R|=2.11549e+03, rel=1.000e+00, wall=0.0s
  step  6/20 iter  2: |R|=1.74506e+01, rel=8.249e-03, wall=118.2s
  step  6/20 iter  3: |R|=6.87740e-04, rel=3.251e-07, wall=51.5s
  step  6/20 iter  4: |R|=3.00279e-09, rel=1.419e-12, wall=43.1s
    converged: in-box 2070/2070; E11=[+0.0180,+0.0426], E22=[-0.0196,-0.0072], g12=[-0.0327,+0.0140]
  step  7/20 iter  1: |R|=2.11549e+03, rel=1.000e+00, wall=0.0s
  step  7/20 iter  2: |R|=1.76818e+01, rel=8.358e-03, wall=118.5s
  step  7/20 iter  3: |R|=6.91351e-04, rel=3.268e-07, wall=51.6s
  step  7/20 iter  4: |R|=3.20111e-09, rel=1.513e-12, wall=43.0s
    converged: in-box 2070/2070; E11=[+0.0212,+0.0503], E22=[-0.0229,-0.0084], g12=[-0.0383,+0.0164]
  step  8/20 iter  1: |R|=2.11549e+03, rel=1.000e+00, wall=0.0s
  step  8/20 iter  2: |R|=1.79108e+01, rel=8.466e-03, wall=119.2s
  step  8/20 iter  3: |R|=7.03437e-04, rel=3.325e-07, wall=51.3s
  step  8/20 iter  4: |R|=3.30752e-09, rel=1.563e-12, wall=43.1s
    converged: in-box 2070/2070; E11=[+0.0245,+0.0580], E22=[-0.0262,-0.0097], g12=[-0.0439,+0.0189]
  step  9/20 iter  1: |R|=2.11549e+03, rel=1.000e+00, wall=0.0s
  step  9/20 iter  2: |R|=1.81379e+01, rel=8.574e-03, wall=118.8s
  step  9/20 iter  3: |R|=7.17444e-04, rel=3.391e-07, wall=50.8s
  step  9/20 iter  4: |R|=3.72035e-09, rel=1.759e-12, wall=42.8s
    converged: in-box 2070/2070; E11=[+0.0278,+0.0659], E22=[-0.0295,-0.0109], g12=[-0.0496,+0.0213]
  step 10/20 iter  1: |R|=2.11549e+03, rel=1.000e+00, wall=0.0s
  step 10/20 iter  2: |R|=1.83634e+01, rel=8.680e-03, wall=117.7s
  step 10/20 iter  3: |R|=7.31907e-04, rel=3.460e-07, wall=51.2s
  step 10/20 iter  4: |R|=3.88444e-09, rel=1.836e-12, wall=42.6s
    converged: in-box 2070/2070; E11=[+0.0311,+0.0740], E22=[-0.0327,-0.0121], g12=[-0.0553,+0.0238]
  step 11/20 iter  1: |R|=2.11549e+03, rel=1.000e+00, wall=0.0s
  step 11/20 iter  2: |R|=1.85875e+01, rel=8.786e-03, wall=120.5s
  step 11/20 iter  3: |R|=7.46480e-04, rel=3.529e-07, wall=51.4s
  step 11/20 iter  4: |R|=4.07279e-09, rel=1.925e-12, wall=42.6s
    converged: in-box 2070/2070; E11=[+0.0345,+0.0822], E22=[-0.0360,-0.0133], g12=[-0.0610,+0.0263]
  step 12/20 iter  1: |R|=2.11549e+03, rel=1.000e+00, wall=0.0s
  step 12/20 iter  2: |R|=1.88101e+01, rel=8.892e-03, wall=118.6s
  step 12/20 iter  3: |R|=7.61059e-04, rel=3.598e-07, wall=50.9s
  step 12/20 iter  4: |R|=4.49365e-09, rel=2.124e-12, wall=43.0s
    converged: in-box 2070/2070; E11=[+0.0380,+0.0906], E22=[-0.0393,-0.0145], g12=[-0.0669,+0.0289]
  step 13/20 iter  1: |R|=2.11549e+03, rel=1.000e+00, wall=0.0s
  step 13/20 iter  2: |R|=1.90312e+01, rel=8.996e-03, wall=119.7s
  step 13/20 iter  3: |R|=7.75588e-04, rel=3.666e-07, wall=51.9s
  step 13/20 iter  4: |R|=4.47032e-09, rel=2.113e-12, wall=42.8s
    converged: in-box 2070/2070; E11=[+0.0415,+0.0991], E22=[-0.0425,-0.0157], g12=[-0.0728,+0.0314]
  step 14/20 iter  1: |R|=2.11549e+03, rel=1.000e+00, wall=0.0s
  step 14/20 iter  2: |R|=1.92508e+01, rel=9.100e-03, wall=118.8s
  step 14/20 iter  3: |R|=7.90016e-04, rel=3.734e-07, wall=51.4s
  step 14/20 iter  4: |R|=4.77262e-09, rel=2.256e-12, wall=43.0s
    converged: in-box 2070/2070; E11=[+0.0450,+0.1078], E22=[-0.0458,-0.0169], g12=[-0.0787,+0.0340]
  step 15/20 iter  1: |R|=2.11549e+03, rel=1.000e+00, wall=0.0s
  step 15/20 iter  2: |R|=1.94687e+01, rel=9.203e-03, wall=121.8s
  step 15/20 iter  3: |R|=8.04292e-04, rel=3.802e-07, wall=50.8s
  step 15/20 iter  4: |R|=4.72983e-09, rel=2.236e-12, wall=42.9s
    converged: in-box 2070/2070; E11=[+0.0486,+0.1166], E22=[-0.0490,-0.0181], g12=[-0.0847,+0.0366]
  step 16/20 iter  1: |R|=2.11549e+03, rel=1.000e+00, wall=0.0s
  step 16/20 iter  2: |R|=1.96848e+01, rel=9.305e-03, wall=119.4s
  step 16/20 iter  3: |R|=8.18363e-04, rel=3.868e-07, wall=51.6s
  step 16/20 iter  4: |R|=5.09555e-09, rel=2.409e-12, wall=42.8s
    converged: in-box 2070/2070; E11=[+0.0523,+0.1256], E22=[-0.0523,-0.0193], g12=[-0.0908,+0.0392]
  step 17/20 iter  1: |R|=2.11549e+03, rel=1.000e+00, wall=0.0s
  step 17/20 iter  2: |R|=1.98990e+01, rel=9.406e-03, wall=118.3s
  step 17/20 iter  3: |R|=8.32177e-04, rel=3.934e-07, wall=51.3s
  step 17/20 iter  4: |R|=5.77633e-09, rel=2.730e-12, wall=42.8s
    converged: in-box 2070/2070; E11=[+0.0560,+0.1348], E22=[-0.0555,-0.0204], g12=[-0.0969,+0.0419]
  step 18/20 iter  1: |R|=2.11549e+03, rel=1.000e+00, wall=0.0s
  step 18/20 iter  2: |R|=2.01111e+01, rel=9.507e-03, wall=119.5s
  step 18/20 iter  3: |R|=8.45683e-04, rel=3.998e-07, wall=51.0s
  step 18/20 iter  4: |R|=6.01729e-09, rel=2.844e-12, wall=42.7s
    converged: in-box 2070/2070; E11=[+0.0598,+0.1442], E22=[-0.0587,-0.0216], g12=[-0.1031,+0.0446]
  step 19/20 iter  1: |R|=2.11549e+03, rel=1.000e+00, wall=0.0s
  step 19/20 iter  2: |R|=2.03209e+01, rel=9.606e-03, wall=119.7s
  step 19/20 iter  3: |R|=8.58833e-04, rel=4.060e-07, wall=51.3s
  step 19/20 iter  4: |R|=6.32205e-09, rel=2.988e-12, wall=42.6s
    converged: in-box 2070/2070; E11=[+0.0636,+0.1537], E22=[-0.0619,-0.0227], g12=[-0.1094,+0.0473]
  step 20/20 iter  1: |R|=2.11549e+03, rel=1.000e+00, wall=0.0s
  step 20/20 iter  2: |R|=2.05284e+01, rel=9.704e-03, wall=120.9s
  step 20/20 iter  3: |R|=8.71581e-04, rel=4.120e-07, wall=50.8s
  step 20/20 iter  4: |R|=6.75916e-09, rel=3.195e-12, wall=42.8s
    converged: in-box 2070/2070; E11=[+0.0675,+0.1635], E22=[-0.0651,-0.0239], g12=[-0.1157,+0.0500]
{
  "status": "converged",
  "tag": "clean_timing_fomfe2_w4_f100kn",
  "output": "/home/sares/ML_assisted_CLs_clean/coupon_fe2_paper/06_fe2/fom_fe2_clean_timing_fomfe2_w4_f100kn.npz",
  "wall_seconds": 4268.679293567315,
  "workers": 20,
  "worker_pids": [
    870801,
    870802,
    870803,
    870804,
    870805,
    870806,
    870807,
    870808,
    870809,
    870810,
    870811,
    870812,
    870813,
    870815,
    870816,
    870818,
    870819,
    870820,
    870823,
    870826
  ],
  "macro_elements": 690,
  "macro_gauss_points": 2070,
  "rve_elements": 1546,
  "force_per_end": 100000.0,
  "n_steps_requested": 20,
  "n_steps_completed": 20,
  "macro_newton": [
    {
      "step": 1,
      "iterations": 4,
      "residual": 2.426674585926218e-08,
      "relative_residual": 1.1470967409215377e-11,
      "coverage": {
        "n": 2070,
        "inside": 2070,
        "outside": 0,
        "minimum": [
          0.0028521118525005607,
          -0.003236505491950703,
          -0.005395967305429115
        ],
        "maximum": [
          0.006804969320255094,
          -0.0012149364604859825,
          0.0022536399174874332
        ]
      }
    },
    {
      "step": 2,
      "iterations": 4,
      "residual": 5.997462078219663e-09,
      "relative_residual": 2.8350192661388375e-12,
      "coverage": {
        "n": 2070,
        "inside": 2070,
        "outside": 0,
        "minimum": [
          0.005772847834046857,
          -0.006499156837099229,
          -0.010797809480785438
        ],
        "maximum": [
          0.01366716331457174,
          -0.0024239770886653744,
          0.004544123128160282
        ]
      }
    },
    {
      "step": 3,
      "iterations": 4,
      "residual": 2.850625420077122e-09,
      "relative_residual": 1.347499639187579e-12,
      "coverage": {
        "n": 2070,
        "inside": 2070,
        "outside": 0,
        "minimum": [
          0.008754234912574321,
          -0.00977543709659745,
          -0.016220699125450426
        ],
        "maximum": [
          0.020637898724946924,
          -0.0036300241771714536,
          0.006864897784332519
        ]
      }
    },
    {
      "step": 4,
      "iterations": 4,
      "residual": 2.6350161571879442e-09,
      "relative_residual": 1.2455804596614078e-12,
      "coverage": {
        "n": 2070,
        "inside": 2070,
        "outside": 0,
        "minimum": [
          0.011792023967245546,
          -0.013058605236912879,
          -0.02167364907666864
        ],
        "maximum": [
          0.027827419696166755,
          -0.004834637353083926,
          0.009212301398972464
        ]
      }
    },
    {
      "step": 5,
      "iterations": 4,
      "residual": 2.8618704672979488e-09,
      "relative_residual": 1.3528152085230442e-12,
      "coverage": {
        "n": 2070,
        "inside": 2070,
        "outside": 0,
        "minimum": [
          0.014883782179756389,
          -0.016344650467640498,
          -0.027162675907352163
        ],
        "maximum": [
          0.035160619027476026,
          -0.006038718810639776,
          0.011586414044451186
        ]
      }
    },
    {
      "step": 6,
      "iterations": 4,
      "residual": 3.002789322570988e-09,
      "relative_residual": 1.419427996473852e-12,
      "coverage": {
        "n": 2070,
        "inside": 2070,
        "outside": 0,
        "minimum": [
          0.018028067140244963,
          -0.019630989634454865,
          -0.03269217109063554
        ],
        "maximum": [
          0.04263648192566505,
          -0.0072428108376955125,
          0.013987428446229614
        ]
      }
    },
    {
      "step": 7,
      "iterations": 4,
      "residual": 3.201111166764479e-09,
      "relative_residual": 1.5131753585830413e-12,
      "coverage": {
        "n": 2070,
        "inside": 2070,
        "outside": 0,
        "minimum": [
          0.021224025356598175,
          -0.022915844795471818,
          -0.03826556844068947
        ],
        "maximum": [
          0.0502555297843581,
          -0.008447240953808333,
          0.016412400341627404
        ]
      }
    },
    {
      "step": 8,
      "iterations": 4,
      "residual": 3.3075156648933506e-09,
      "relative_residual": 1.5634731009052777e-12,
      "coverage": {
        "n": 2070,
        "inside": 2070,
        "outside": 0,
        "minimum": [
          0.02447117873798843,
          -0.026197919567658157,
          -0.043885699570011504
        ],
        "maximum": [
          0.0580192188055183,
          -0.009652199400558281,
          0.018860634087852397
        ]
      }
    },
    {
      "step": 9,
      "iterations": 4,
      "residual": 3.720350513202197e-09,
      "relative_residual": 1.7586214375551877e-12,
      "coverage": {
        "n": 2070,
        "inside": 2070,
        "outside": 0,
        "minimum": [
          0.02776930255676746,
          -0.029476219207414944,
          -0.04955499735375297
        ],
        "maximum": [
          0.06592960782945168,
          -0.010857783619162287,
          0.021331629361172548
        ]
      }
    },
    {
      "step": 10,
      "iterations": 4,
      "residual": 3.884435701248202e-09,
      "relative_residual": 1.8361850241738756e-12,
      "coverage": {
        "n": 2070,
        "inside": 2070,
        "outside": 0,
        "minimum": [
          0.031118351434028857,
          -0.032749945031806615,
          -0.05527561950029334
        ],
        "maximum": [
          0.07398916479873918,
          -0.012064025340008722,
          0.02382502446659253
        ]
      }
    },
    {
      "step": 11,
      "iterations": 4,
      "residual": 4.0727904993706096e-09,
      "relative_residual": 1.925220932126449e-12,
      "coverage": {
        "n": 2070,
        "inside": 2070,
        "outside": 0,
        "minimum": [
          0.03451841216533125,
          -0.03601842963264951,
          -0.061049527402433794
        ],
        "maximum": [
          0.08220064887360601,
          -0.013270907917383057,
          0.026340559993388784
        ]
      }
    },
    {
      "step": 12,
      "iterations": 4,
      "residual": 4.493652916867244e-09,
      "relative_residual": 2.124163926084595e-12,
      "coverage": {
        "n": 2070,
        "inside": 2070,
        "outside": 0,
        "minimum": [
          0.03796967235952531,
          -0.03928109560732873,
          -0.06687853859468108
        ],
        "maximum": [
          0.0905670358523919,
          -0.014478377893176742,
          0.028878054498126034
        ]
      }
    },
    {
      "step": 13,
      "iterations": 4,
      "residual": 4.47032033128516e-09,
      "relative_residual": 2.113134539188813e-12,
      "coverage": {
        "n": 2070,
        "inside": 2070,
        "outside": 0,
        "minimum": [
          0.04147239882347975,
          -0.042537428426807244,
          -0.07276436290901751
        ],
        "maximum": [
          0.09909146939192615,
          -0.015686352988094565,
          0.03143738762882281
        ]
      }
    },
    {
      "step": 14,
      "iterations": 4,
      "residual": 4.772615964218444e-09,
      "relative_residual": 2.2560306396153016e-12,
      "coverage": {
        "n": 2070,
        "inside": 2070,
        "outside": 0,
        "minimum": [
          0.04502692219187532,
          -0.045786958114524545,
          -0.0787086281586146
        ],
        "maximum": [
          0.10777722812433144,
          -0.016894727793260622,
          0.03401848803752855
        ]
      }
    },
    {
      "step": 15,
      "iterations": 4,
      "residual": 4.729831626270755e-09,
      "relative_residual": 2.2358063479417717e-12,
      "coverage": {
        "n": 2070,
        "inside": 2070,
        "outside": 0,
        "minimum": [
          0.048633625696835936,
          -0.04902924659226815,
          -0.08471289885904748
        ],
        "maximum": [
          0.11662770284953061,
          -0.01807801780082552,
          0.0366213244817066
        ]
      }
    },
    {
      "step": 16,
      "iterations": 4,
      "residual": 5.095546488590497e-09,
      "relative_residual": 2.40868091839555e-12,
      "coverage": {
        "n": 2070,
        "inside": 2070,
        "outside": 0,
        "minimum": [
          0.05229293676475888,
          -0.05226387877370525,
          -0.09077869017806799
        ],
        "maximum": [
          0.12564638026710762,
          -0.01925176364954806,
          0.039245899113956845
        ]
      }
    },
    {
      "step": 17,
      "iterations": 4,
      "residual": 5.776329005734207e-09,
      "relative_residual": 2.7304889643618574e-12,
      "coverage": {
        "n": 2070,
        "inside": 2070,
        "outside": 0,
        "minimum": [
          0.05600532059518604,
          -0.0554904561986434,
          -0.09690747852643868
        ],
        "maximum": [
          0.1348368310356427,
          -0.02042077694606459,
          0.04189224231377825
        ]
      }
    },
    {
      "step": 18,
      "iterations": 4,
      "residual": 6.0172917091006044e-09,
      "relative_residual": 2.8443927952742652e-12,
      "coverage": {
        "n": 2070,
        "inside": 2070,
        "outside": 0,
        "minimum": [
          0.0597712751618924,
          -0.058708592428878825,
          -0.10310070972697878
        ],
        "maximum": [
          0.14420270074017238,
          -0.021584783851512634,
          0.04456040863167806
        ]
      }
    },
    {
      "step": 19,
      "iterations": 4,
      "residual": 6.322049252321427e-09,
      "relative_residual": 2.9884526484688376e-12,
      "coverage": {
        "n": 2070,
        "inside": 2070,
        "outside": 0,
        "minimum": [
          0.06359132725576633,
          -0.06191790969071159,
          -0.10935980539943829
        ],
        "maximum": [
          0.15374770283586647,
          -0.02274349889244509,
          0.04725047355251785
        ]
      }
    },
    {
      "step": 20,
      "iterations": 4,
      "residual": 6.759155617910046e-09,
      "relative_residual": 3.195074207993724e-12,
      "coverage": {
        "n": 2070,
        "inside": 2070,
        "outside": 0,
        "minimum": [
          0.06746602930504464,
          -0.06511803641656833,
          -0.11568616800531596
        ],
        "maximum": [
          0.1634756129436825,
          -0.023896626234262863,
          0.04996253087348058
        ]
      }
    }
  ],
  "material_calls": 61,
  "unique_rve_queries": 124201,
  "summed_rve_seconds": 76719.31458563171,
  "macro_mesh_sha256": "81aa5d4c646b8200fa94ccdfceb1466e7d401576b6ca14d2969f3d76105f4762",
  "rve_mesh_sha256": "82e42f23fc9bdb45933f88f8cbd4f6f5e52f5755aee7f8f28b8781bf71c87a47"
}
[VectorizedAssembler] 1546 elements, 3 GPs, total area=1.600000e-01
[VectorizedAssembler] 1546 elements, 3 GPs, total area=1.600000e-01
[VectorizedAssembler] 1546 elements, 3 GPs, total area=1.600000e-01
[VectorizedAssembler] 1546 elements, 3 GPs, total area=1.600000e-01
[VectorizedAssembler] 1546 elements, 3 GPs, total area=1.600000e-01
[VectorizedAssembler] 1546 elements, 3 GPs, total area=1.600000e-01
[VectorizedAssembler] 1546 elements, 3 GPs, total area=1.600000e-01
[VectorizedAssembler] 1546 elements, 3 GPs, total area=1.600000e-01
[VectorizedAssembler] 1546 elements, 3 GPs, total area=1.600000e-01
[VectorizedAssembler] 1546 elements, 3 GPs, total area=1.600000e-01
[VectorizedAssembler] 1546 elements, 3 GPs, total area=1.600000e-01
[VectorizedAssembler] 1546 elements, 3 GPs, total area=1.600000e-01
[VectorizedAssembler] 1546 elements, 3 GPs, total area=1.600000e-01
[VectorizedAssembler] 1546 elements, 3 GPs, total area=1.600000e-01
[VectorizedAssembler] 1546 elements, 3 GPs, total area=1.600000e-01
[VectorizedAssembler] 1546 elements, 3 GPs, total area=1.600000e-01
[VectorizedAssembler] 1546 elements, 3 GPs, total area=1.600000e-01
[VectorizedAssembler] 1546 elements, 3 GPs, total area=1.600000e-01
[VectorizedAssembler] 1546 elements, 3 GPs, total area=1.600000e-01
[VectorizedAssembler] 1546 elements, 3 GPs, total area=1.600000e-01
 |  /           |                  
 ' /   __| _` | __|  _ \   __|    
 . \  |   (   | |   (   |\__ \  
_|\_\_|  \__,_|\__|\___/ ____/
           Multi-Physics 10.3."0"-master-532e0dba7df-Release-x86_64
           Compiled for GNU/Linux and Python3.12 with GCC-13.3
Compiled with threading support. Threading support with OpenMP.
Maximum number of threads: 1.
Importing    KratosStructuralMechanicsApplication 
    KRATOS   ___|  |                   |                   |
           \___ \  __|  __| |   |  __| __| |   |  __| _` | |
                 | |   |    |   | (    |   |   | |   (   | |
           _____/ \__|_|   \__,_|\___|\__|\__,_|_|  \__,_|_| MECHANICS
Initializing KratosStructuralMechanicsApplication...
Importing    KratosConstitutiveLawsApplication 
Initializing KratosConstitutiveLawsApplication...
[WARNING] DEPRECATION-Warning; MechanicalSolver: Using "line_search", please move it to "solving_strategy_settings" as "type" 
::[MechanicalSolver]:: : Construction finished 
::[StaticMechanicalSolver]:: : Construction finished 
::[MechanicalSolver]:: : Variables ADDED 
[WARNING] Model: Trying to create a root modelpart with name Structure however a ModelPart with the same name already exists. 
Returning the already existent ModelPart.
SingleImportModelPart: Reading model part from file: "/home/sares/ML_assisted_CLs_clean/coupon_fe2_paper/01_macro_prepass/coupon_conv_div4".mdpa
ModelPartIO:   [Reading Nodes    : 1501 nodes read]
ModelPartIO:   [Reading Geometries : 690 geometries read] [Type: Triangle2D6]
ModelPartIO:   [Total Lines Read : 4431]
SingleImportModelPart: Finished reading model part from mdpa file.
::[PythonSolver]::: Reading model part. 
::[PythonSolver]::: Using already imported model part - no reading necessary. 
ModelPart: -Structure- model part
    Buffer Size : 1
    Number of tables : 0
    Number of sub model parts : 2
    Current solution step index : 0
    DOMAIN_SIZE : 2
    OSS_SWITCH : 0
    IS_RESTARTED : 0

    Number of Geometries  : 690
    Mesh 0 :
        Number of Nodes       : 1501
        Number of Properties  : 1
        Number of Elements    : 690
        Number of Conditions  : 0
        Number of Constraints : 0

    -dirichlet- model part
        Number of tables : 0
        Number of sub model parts : 0

        Number of Geometries  : 0
        Mesh 0 :
            Number of Nodes       : 26
            Number of Properties  : 0
            Number of Elements    : 0
            Number of Conditions  : 0
            Number of Constraints : 0
    -material- model part
        Number of tables : 0
        Number of sub model parts : 0

        Number of Geometries  : 690
        Mesh 0 :
            Number of Nodes       : 1501
            Number of Properties  : 0
            Number of Elements    : 690
            Number of Conditions  : 0
            Number of Constraints : 0
 
::[PythonSolver]:: : Finished reading model part. 
Read materials: Started
Read materials: Finished
::[MechanicalSolver]:: : Constitutive law was successfully imported. 
::[MechanicalSolver]::: ModelPart prepared for Solver. 
::[MechanicalSolver]:: : DOF's ADDED 
::[MechanicalSolver]:: : Initializing ... 
Importing    LinearSolversApplication 
    Kratos  _     _                       ____        _
           | |   (_)_ __   ___  __ _ _ __/ ___|  ___ | |_   _____ _ __ ___
           | |   | | '_ \ / _ \/ _` | '__\___ \ / _ \| \ \ / / _ \ '__/ __|
           | |___| | | | |  __/ (_| | |   ___) | (_) | |\ V /  __/ |  \__ \
           |_____|_|_| |_|\___|\__,_|_|  |____/ \___/|_| \_/ \___|_|  |___/
Initializing KratosLinearSolversApplication...
Linear-Solver-Factory: Constructing a regular (non-complex) linear-solver 
::[MechanicalSolver]:: : Finished initialization. 
Analysis: Analysis -START-  
Deregistering KratosMultiphysics
Deregistering ConstitutiveLawsApplication
Deregistering LinearSolversApplication
Deregistering StructuralMechanicsApplication
