[VectorizedAssembler] 128 elements, 3 GPs, total area=5.000000e-06
  step  1/20: p=   25.0 MPa, iterations=5, stretch=0.9794, min J=0.9676
  step  2/20: p=   50.0 MPa, iterations=6, stretch=0.9585, min J=0.9338
  step  3/20: p=   75.0 MPa, iterations=6, stretch=0.9383, min J=0.9028
  step  4/20: p=  100.0 MPa, iterations=7, stretch=0.9185, min J=0.8635
  step  5/20: p=  125.0 MPa, iterations=9, stretch=0.8998, min J=0.8188
  step  6/20: p=  150.0 MPa, iterations=7, stretch=0.8798, min J=0.7755
  step  7/20: p=  175.0 MPa, iterations=7, stretch=0.8559, min J=0.7366
  step  8/20: p=  200.0 MPa, iterations=6, stretch=0.8335, min J=0.7070
  step  9/20: p=  225.0 MPa, iterations=6, stretch=0.8132, min J=0.6888
  step 10/20: p=  250.0 MPa, iterations=6, stretch=0.7950, min J=0.6759
  step 11/20: p=  275.0 MPa, iterations=6, stretch=0.7788, min J=0.6662
  step 12/20: p=  300.0 MPa, iterations=6, stretch=0.7642, min J=0.6579
  step 13/20: p=  325.0 MPa, iterations=6, stretch=0.7512, min J=0.6517
  step 14/20: p=  350.0 MPa, iterations=7, stretch=0.7398, min J=0.6473
  step 15/20: p=  375.0 MPa, iterations=7, stretch=0.7298, min J=0.6443
  step 16/20: p=  400.0 MPa, iterations=5, stretch=0.7207, min J=0.6416
  step 17/20: p=  425.0 MPa, iterations=5, stretch=0.7122, min J=0.6390
  step 18/20: p=  450.0 MPa, iterations=5, stretch=0.7043, min J=0.6365
  step 19/20: p=  475.0 MPa, iterations=5, stretch=0.6968, min J=0.6341
  step 20/20: p=  500.0 MPa, iterations=5, stretch=0.6899, min J=0.6322
{"status": "converged", "error": null, "completed": 20}
 |  /           |                  
 ' /   __| _` | __|  _ \   __|    
 . \  |   (   | |   (   |\__ \  
_|\_\_|  \__,_|\__|\___/ ____/
           Multi-Physics 10.3."0"-master-532e0dba7df-Release-x86_64
           Compiled for GNU/Linux and Python3.12 with GCC-13.3
Compiled with threading support. Threading support with OpenMP.
Maximum number of threads: 2.
Importing    KratosStructuralMechanicsApplication 
    KRATOS   ___|  |                   |                   |
           \___ \  __|  __| |   |  __| __| |   |  __| _` | |
                 | |   |    |   | (    |   |   | |   (   | |
           _____/ \__|_|   \__,_|\___|\__|\__,_|_|  \__,_|_| MECHANICS
Initializing KratosStructuralMechanicsApplication...
Importing    KratosConstitutiveLawsApplication 
Initializing KratosConstitutiveLawsApplication...
[WARNING] DEPRECATION-Warning; MechanicalSolver: Using "line_search", please move it to "solving_strategy_settings" as "type" 
::[MechanicalSolver]:: : Construction finished 
::[StaticMechanicalSolver]:: : Construction finished 
::[MechanicalSolver]:: : Variables ADDED 
[WARNING] Model: Trying to create a root modelpart with name Structure however a ModelPart with the same name already exists. 
Returning the already existent ModelPart.
SingleImportModelPart: Reading model part from file: "/home/sares/ML_assisted_CLs_clean/coupon_fe2_paper/06_fe2/results/confined_compression_v1/visualization/block_8x8".mdpa
ModelPartIO:   [Reading Nodes    : 289 nodes read]
ModelPartIO:   [Reading Geometries : 128 geometries read] [Type: Triangle2D6]
ModelPartIO:   [Total Lines Read : 874]
SingleImportModelPart: Finished reading model part from mdpa file.
::[PythonSolver]::: Reading model part. 
::[PythonSolver]::: Using already imported model part - no reading necessary. 
ModelPart: -Structure- model part
    Buffer Size : 1
    Number of tables : 0
    Number of sub model parts : 2
    Current solution step index : 0
    DOMAIN_SIZE : 2
    OSS_SWITCH : 0
    IS_RESTARTED : 0

    Number of Geometries  : 128
    Mesh 0 :
        Number of Nodes       : 289
        Number of Properties  : 1
        Number of Elements    : 128
        Number of Conditions  : 0
        Number of Constraints : 0

    -dirichlet- model part
        Number of tables : 0
        Number of sub model parts : 0

        Number of Geometries  : 0
        Mesh 0 :
            Number of Nodes       : 17
            Number of Properties  : 0
            Number of Elements    : 0
            Number of Conditions  : 0
            Number of Constraints : 0
    -material- model part
        Number of tables : 0
        Number of sub model parts : 0

        Number of Geometries  : 128
        Mesh 0 :
            Number of Nodes       : 289
            Number of Properties  : 0
            Number of Elements    : 128
            Number of Conditions  : 0
            Number of Constraints : 0
 
::[PythonSolver]:: : Finished reading model part. 
Read materials: Started
Read materials: Finished
::[MechanicalSolver]:: : Constitutive law was successfully imported. 
::[MechanicalSolver]::: ModelPart prepared for Solver. 
::[MechanicalSolver]:: : DOF's ADDED 
::[MechanicalSolver]:: : Initializing ... 
Importing    LinearSolversApplication 
    Kratos  _     _                       ____        _
           | |   (_)_ __   ___  __ _ _ __/ ___|  ___ | |_   _____ _ __ ___
           | |   | | '_ \ / _ \/ _` | '__\___ \ / _ \| \ \ / / _ \ '__/ __|
           | |___| | | | |  __/ (_| | |   ___) | (_) | |\ V /  __/ |  \__ \
           |_____|_|_| |_|\___|\__,_|_|  |____/ \___/|_| \_/ \___|_|  |___/
Initializing KratosLinearSolversApplication...
Linear-Solver-Factory: Constructing a regular (non-complex) linear-solver 
::[MechanicalSolver]:: : Finished initialization. 
Analysis: Analysis -START-  
Deregistering KratosMultiphysics
Deregistering ConstitutiveLawsApplication
Deregistering LinearSolversApplication
Deregistering StructuralMechanicsApplication
