[2026-09-26T05:24:03Z] waiting for SC m=32 selection
[2026-09-26T05:38:04Z] SC m=32 selection frozen
[2026-09-26T05:38:05Z] SC m=32 audit exit 0
[2026-09-26T05:38:08Z] SC FE2 m=32 ICNN exit 0
[2026-09-26T05:38:12Z] SC FE2 m=32 ICKAN exit 0
[2026-09-26T05:38:12Z] MC phase A start
[1]   Done                    /home/sares/.venv-rom/bin/python -B $T --cell $c --seed $s --output results/capacity_2x2_v1/training/${c}_seed$s > results/capacity_2x2_v1/training/logs/${c}_seed$s.log 2>&1
[2]   Done                    /home/sares/.venv-rom/bin/python -B $T --cell $c --seed $s --output results/capacity_2x2_v1/training/${c}_seed$s > results/capacity_2x2_v1/training/logs/${c}_seed$s.log 2>&1
[3]   Done                    /home/sares/.venv-rom/bin/python -B $T --cell $c --seed $s --output results/capacity_2x2_v1/training/${c}_seed$s > results/capacity_2x2_v1/training/logs/${c}_seed$s.log 2>&1
[4]   Done                    /home/sares/.venv-rom/bin/python -B $T --cell $c --seed $s --output results/capacity_2x2_v1/training/${c}_seed$s > results/capacity_2x2_v1/training/logs/${c}_seed$s.log 2>&1
[5]   Done                    /home/sares/.venv-rom/bin/python -B $T --cell $c --seed $s --output results/capacity_2x2_v1/training/${c}_seed$s > results/capacity_2x2_v1/training/logs/${c}_seed$s.log 2>&1
[6]   Done                    /home/sares/.venv-rom/bin/python -B $T --cell $c --seed $s --output results/capacity_2x2_v1/training/${c}_seed$s > results/capacity_2x2_v1/training/logs/${c}_seed$s.log 2>&1
[7]   Done                    /home/sares/.venv-rom/bin/python -B $T --cell $c --seed $s --output results/capacity_2x2_v1/training/${c}_seed$s > results/capacity_2x2_v1/training/logs/${c}_seed$s.log 2>&1
[9]+  Done                    /home/sares/.venv-rom/bin/python -B $T --cell $c --seed $s --output results/capacity_2x2_v1/training/${c}_seed$s > results/capacity_2x2_v1/training/logs/${c}_seed$s.log 2>&1
[8]+  Done                    /home/sares/.venv-rom/bin/python -B $T --cell $c --seed $s --output results/capacity_2x2_v1/training/${c}_seed$s > results/capacity_2x2_v1/training/logs/${c}_seed$s.log 2>&1
[2026-09-26T09:20:14Z] MC phase A done
[2026-09-26T09:20:16Z] MC gate A exit 0
[1]   Done                    /home/sares/.venv-rom/bin/python -B $T --cell ickan_large --seed $s --output results/capacity_2x2_v1/training/ickan_large_seed$s > results/capacity_2x2_v1/training/logs/ickan_large_seed$s.log 2>&1
[2]-  Done                    /home/sares/.venv-rom/bin/python -B $T --cell ickan_large --seed $s --output results/capacity_2x2_v1/training/ickan_large_seed$s > results/capacity_2x2_v1/training/logs/ickan_large_seed$s.log 2>&1
[3]+  Done                    /home/sares/.venv-rom/bin/python -B $T --cell ickan_large --seed $s --output results/capacity_2x2_v1/training/ickan_large_seed$s > results/capacity_2x2_v1/training/logs/ickan_large_seed$s.log 2>&1
[2026-09-26T16:41:21Z] MC phase B done
[2026-09-26T16:41:23Z] MC gate B exit 0
