MOEKAN analytical expert weights
Temperature: 1.00000000e+00
Network width: (2, 4, 3, 1)

========================================================================
Layer 1: 2 inputs -> 4 outputs
========================================================================

phi^(1)_(1,1)
  edge parameters:
    a = +1.16002989e+00
    b = +1.99077189e-01
    c = -5.52702427e-01
    d = -4.08610940e-01
  raw logits w:
    z: +5.54753363e-01
    z**2: -3.86541677e+00
    z**3: +2.20766211e+00
    tanh(z): -9.35542211e-02
    sin(z): +3.17051172e+00
  softmax probabilities:
    z: 0.04893637
    z**2: 0.00058881
    z**3: 0.25555301
    tanh(z): 0.02559030
    sin(z): 0.66933149
  dominant expression: sin(z)

phi^(1)_(1,2)
  edge parameters:
    a = +8.72471929e-01
    b = -1.51462495e-01
    c = +8.84917200e-01
    d = -3.94826561e-01
  raw logits w:
    z: -3.14199209e-01
    z**2: +2.05491805e+00
    z**3: -9.60545123e-01
    tanh(z): +1.77911520e-01
    sin(z): -8.08087766e-01
  softmax probabilities:
    z: 0.06916622
    z**2: 0.73924536
    z**3: 0.03624012
    tanh(z): 0.11313970
    sin(z): 0.04220860
  dominant expression: z**2

phi^(1)_(2,1)
  edge parameters:
    a = +9.81498957e-01
    b = +5.88446915e-01
    c = +1.19048166e+00
    d = -3.34970534e-01
  raw logits w:
    z: +1.89222074e+00
    z**2: -4.24073505e+00
    z**3: +3.51065099e-01
    tanh(z): -2.30149770e+00
    sin(z): +4.43436623e+00
  softmax probabilities:
    z: 0.07174477
    z**2: 0.00015570
    z**3: 0.01536296
    tanh(z): 0.00108263
    sin(z): 0.91165388
  dominant expression: sin(z)

phi^(1)_(2,2)
  edge parameters:
    a = +5.12335420e-01
    b = -2.38153666e-01
    c = +9.08073187e-01
    d = -3.48074883e-01
  raw logits w:
    z: -2.47838750e-01
    z**2: +1.69274592e+00
    z**3: -8.52917850e-01
    tanh(z): +1.91383272e-01
    sin(z): -5.01643658e-01
  softmax probabilities:
    z: 0.09228331
    z**2: 0.64255214
    z**3: 0.05038957
    tanh(z): 0.14317752
    sin(z): 0.07159737
  dominant expression: z**2

phi^(1)_(3,1)
  edge parameters:
    a = +2.65239358e+00
    b = +2.63907522e-01
    c = +6.62169397e-01
    d = -1.95742533e-01
  raw logits w:
    z: -2.77062917e+00
    z**2: -1.49293804e+00
    z**3: -7.89673138e+00
    tanh(z): -7.74841642e+00
    sin(z): +2.80360937e+00
  softmax probabilities:
    z: 0.00372926
    z**2: 0.01338186
    z**3: 0.00002215
    tanh(z): 0.00002569
    sin(z): 0.98284101
  dominant expression: sin(z)

phi^(1)_(3,2)
  edge parameters:
    a = +8.18200111e-01
    b = -1.09170675e-01
    c = +8.93186986e-01
    d = -1.92573890e-01
  raw logits w:
    z: -3.70713890e-01
    z**2: +2.17629790e+00
    z**3: -1.14063740e+00
    tanh(z): -1.97690472e-01
    sin(z): -9.05866325e-01
  softmax probabilities:
    z: 0.06247495
    z**2: 0.79773587
    z**3: 0.02892893
    tanh(z): 0.07427610
    sin(z): 0.03658408
  dominant expression: z**2

phi^(1)_(4,1)
  edge parameters:
    a = +1.88299036e+00
    b = +8.03121924e-01
    c = +1.05790257e+00
    d = -1.69694200e-01
  raw logits w:
    z: -4.68401968e-01
    z**2: -2.05172873e+00
    z**3: -1.89691508e+00
    tanh(z): +3.03910923e+00
    sin(z): +6.08930826e+00
  softmax probabilities:
    z: 0.00135233
    z**2: 0.00027762
    z**3: 0.00032411
    tanh(z): 0.04512054
    sin(z): 0.95292538
  dominant expression: sin(z)

phi^(1)_(4,2)
  edge parameters:
    a = +7.87046790e-01
    b = -9.06330571e-02
    c = +8.53445053e-01
    d = -1.59148380e-01
  raw logits w:
    z: -1.59168586e-01
    z**2: +2.68619895e+00
    z**3: -9.58011627e-01
    tanh(z): +1.86097160e-01
    sin(z): -4.70921457e-01
  softmax probabilities:
    z: 0.04807171
    z**2: 0.82721227
    z**3: 0.02162502
    tanh(z): 0.06789480
    sin(z): 0.03519630
  dominant expression: z**2

========================================================================
Layer 2: 4 inputs -> 3 outputs
========================================================================

phi^(2)_(1,1)
  edge parameters:
    a = +2.98565298e-01
    b = -4.39605862e-01
    c = +5.03753304e-01
    d = -6.42801166e-01
  raw logits w:
    z: -8.02474260e-01
    z**2: +1.78924048e+00
    z**3: +2.59272218e-01
    tanh(z): -1.92128211e-01
    sin(z): -2.56772429e-01
  softmax probabilities:
    z: 0.04805161
    z**2: 0.64161640
    z**3: 0.13893725
    tanh(z): 0.08846632
    sin(z): 0.08292842
  dominant expression: z**2

phi^(2)_(1,2)
  edge parameters:
    a = +9.12638366e-01
    b = -5.90924621e-01
    c = +9.10089254e-01
    d = -6.36901379e-01
  raw logits w:
    z: -9.41401660e-01
    z**2: +2.26301765e+00
    z**3: -2.71707982e-01
    tanh(z): -4.08533245e-01
    sin(z): -4.33776140e-01
  softmax probabilities:
    z: 0.03229976
    z**2: 0.79590458
    z**3: 0.06310207
    tanh(z): 0.05503274
    sin(z): 0.05366095
  dominant expression: z**2

phi^(2)_(1,3)
  edge parameters:
    a = +3.44796985e-01
    b = -3.98900598e-01
    c = +5.23902655e-01
    d = -6.46970868e-01
  raw logits w:
    z: -1.58786878e-01
    z**2: -4.00511622e-01
    z**3: -3.61566022e-02
    tanh(z): +1.34496782e-02
    sin(z): +1.63872503e-02
  softmax probabilities:
    z: 0.18885204
    z**2: 0.14830026
    z**3: 0.21349087
    tanh(z): 0.22434844
    sin(z): 0.22500844
  dominant expression: sin(z)

phi^(2)_(1,4)
  edge parameters:
    a = +1.06624544e+00
    b = -6.49494588e-01
    c = +9.37873423e-01
    d = -6.44385576e-01
  raw logits w:
    z: -1.20200884e+00
    z**2: +1.47079825e+00
    z**3: +6.37219787e-01
    tanh(z): -1.26133335e+00
    sin(z): -9.11917627e-01
  softmax probabilities:
    z: 0.04157797
    z**2: 0.60207242
    z**3: 0.26159546
    tanh(z): 0.03918313
    sin(z): 0.05557102
  dominant expression: z**2

phi^(2)_(2,1)
  edge parameters:
    a = +1.18133605e+00
    b = -5.82001150e-01
    c = +1.01966977e+00
    d = -2.56698638e-01
  raw logits w:
    z: -9.38525498e-01
    z**2: +1.41976953e+00
    z**3: -1.42094076e-01
    tanh(z): -3.94321203e-01
    sin(z): -5.58550358e-01
  softmax probabilities:
    z: 0.05890667
    z**2: 0.62281483
    z**3: 0.13063218
    tanh(z): 0.10151012
    sin(z): 0.08613616
  dominant expression: z**2

phi^(2)_(2,2)
  edge parameters:
    a = +7.99989283e-01
    b = -1.87750664e-02
    c = +7.82601774e-01
    d = -2.52444714e-01
  raw logits w:
    z: -5.28280735e-01
    z**2: +1.38879037e+00
    z**3: -1.70613706e-01
    tanh(z): -4.68703099e-02
    sin(z): -1.09966040e-01
  softmax probabilities:
    z: 0.08084889
    z**2: 0.54985410
    z**3: 0.11561304
    tanh(z): 0.13084222
    sin(z): 0.12284171
  dominant expression: z**2

phi^(2)_(2,3)
  edge parameters:
    a = +1.27284932e+00
    b = -2.33751714e-01
    c = +7.27322340e-01
    d = -2.75110751e-01
  raw logits w:
    z: -6.97917342e-02
    z**2: -6.10465445e-02
    z**3: -2.35175395e+00
    tanh(z): +3.51761431e-01
    sin(z): +1.34156778e-01
  softmax probabilities:
    z: 0.20570083
    z**2: 0.20750760
    z**3: 0.02099870
    tanh(z): 0.31355536
    sin(z): 0.25223756
  dominant expression: tanh(z)

phi^(2)_(2,4)
  edge parameters:
    a = +1.02789438e+00
    b = +1.43823043e-01
    c = +1.26397729e+00
    d = -2.65098512e-01
  raw logits w:
    z: +6.43349051e-01
    z**2: +2.98019916e-01
    z**3: +2.66156077e-01
    tanh(z): +8.85628611e-02
    sin(z): +4.27076489e-01
  softmax probabilities:
    z: 0.26500723
    z**2: 0.18762176
    z**3: 0.18173765
    tanh(z): 0.15216583
    sin(z): 0.21346748
  dominant expression: z

phi^(2)_(3,1)
  edge parameters:
    a = +7.47218609e-01
    b = +1.73822761e-01
    c = +5.17966449e-01
    d = -4.64880407e-01
  raw logits w:
    z: -3.99245739e-01
    z**2: +9.24594462e-01
    z**3: -1.01807201e+00
    tanh(z): -1.23663908e-02
    sin(z): -2.74059344e-02
  softmax probabilities:
    z: 0.12166665
    z**2: 0.45720187
    z**3: 0.06552675
    tanh(z): 0.17913938
    sin(z): 0.17646538
  dominant expression: z**2

phi^(2)_(3,2)
  edge parameters:
    a = +8.72077167e-01
    b = -2.74699539e-01
    c = +8.68400037e-01
    d = -4.79103893e-01
  raw logits w:
    z: -5.51833510e-01
    z**2: +1.53568208e+00
    z**3: -4.25683200e-01
    tanh(z): -8.17649290e-02
    sin(z): -1.17608488e-01
  softmax probabilities:
    z: 0.07494467
    z**2: 0.60441780
    z**3: 0.08502118
    tanh(z): 0.11991926
    sin(z): 0.11569706
  dominant expression: z**2

phi^(2)_(3,3)
  edge parameters:
    a = +8.12945306e-01
    b = -1.82172343e-01
    c = +9.36891079e-01
    d = -4.51815546e-01
  raw logits w:
    z: +6.47780120e-01
    z**2: -6.10808551e-01
    z**3: -3.80533189e-01
    tanh(z): +6.44135773e-01
    sin(z): +6.66956127e-01
  softmax probabilities:
    z: 0.27341920
    z**2: 0.07766599
    z**3: 0.09777734
    tanh(z): 0.27242458
    sin(z): 0.27871290
  dominant expression: sin(z)

phi^(2)_(3,4)
  edge parameters:
    a = +5.79690874e-01
    b = +9.16670561e-02
    c = +1.08366501e+00
    d = -4.90002215e-01
  raw logits w:
    z: +2.71296918e-01
    z**2: +5.40949106e-01
    z**3: -7.61910439e-01
    tanh(z): +6.16543829e-01
    sin(z): +6.61700010e-01
  softmax probabilities:
    z: 0.18000868
    z**2: 0.23572296
    z**3: 0.06405856
    tanh(z): 0.25423318
    sin(z): 0.26597655
  dominant expression: sin(z)

========================================================================
Layer 3: 3 inputs -> 1 outputs
========================================================================

phi^(3)_(1,1)
  edge parameters:
    a = +9.32329237e-01
    b = -7.11446881e-01
    c = +8.02158535e-01
    d = +3.58210254e+00
  raw logits w:
    z: -1.30519301e-01
    z**2: -6.40553892e-01
    z**3: +2.86149681e-01
    tanh(z): -2.50930250e-01
    sin(z): -3.10697705e-01
  softmax probabilities:
    z: 0.20665205
    z**2: 0.12408935
    z**3: 0.31347054
    tanh(z): 0.18320861
    sin(z): 0.17257950
  dominant expression: z**3

phi^(3)_(1,2)
  edge parameters:
    a = +1.07794356e+00
    b = -3.06915253e-01
    c = +8.46746624e-01
    d = +3.58291578e+00
  raw logits w:
    z: -1.57273901e+00
    z**2: -3.58343631e-01
    z**3: +2.96249598e-01
    tanh(z): -3.36494088e-01
    sin(z): -6.55049622e-01
  softmax probabilities:
    z: 0.05953744
    z**2: 0.20053738
    z**3: 0.38590604
    tanh(z): 0.20496725
    sin(z): 0.14905192
  dominant expression: z**3

phi^(3)_(1,3)
  edge parameters:
    a = +9.49555278e-01
    b = -5.24725497e-01
    c = +8.23255599e-01
    d = +3.60451841e+00
  raw logits w:
    z: -8.82716700e-02
    z**2: -4.99846965e-01
    z**3: +2.08791330e-01
    tanh(z): -1.88767925e-01
    sin(z): -1.95455670e-01
  softmax probabilities:
    z: 0.20784599
    z**2: 0.13771991
    z**3: 0.27973992
    tanh(z): 0.18797351
    sin(z): 0.18672058
  dominant expression: z**3

