MOEKAN analytical expert weights
Temperature: 1.00000000e+00
Network width: (2, 3, 2, 1)

========================================================================
Layer 1: 2 inputs -> 3 outputs
========================================================================

phi^(1)_(1,1)
  edge parameters:
    a = +4.29838538e-01  (shared)
    b = -6.95010602e-01  (shared)
    c[0] = -2.35788710e-02, d[0] = -1.25394106e-01  (z)
    c[1] = +1.72494555e+00, d[1] = -2.21392512e-01  (z**2)
    c[2] = +5.62865939e-03, d[2] = -1.02339774e-01  (z**3)
    c[3] = -2.96629846e-01, d[3] = -1.28119081e-01  (tanh(z))
    c[4] = -1.55456334e-01, d[4] = -1.14449076e-01  (sin(z))
    c[5] = +5.25392532e-01, d[5] = -1.04655787e-01  (exp(clip(z,-8,8)))
  raw logits w:
    z: -8.54356587e-01
    z**2: +2.22001791e+00
    z**3: +7.09727332e-02
    tanh(z): -3.59364837e-01
    sin(z): -5.62699080e-01
    exp(clip(z,-8,8)): -5.16393423e-01
  softmax probabilities:
    z: 0.03385211
    z**2: 0.73243576
    z**3: 0.08539866
    tanh(z): 0.05553386
    sin(z): 0.04531593
    exp(clip(z,-8,8)): 0.04746366
  dominant expression: z**2

phi^(1)_(1,2)
  edge parameters:
    a = +2.21648479e+00  (shared)
    b = +1.40565172e-01  (shared)
    c[0] = +1.47763419e+00, d[0] = -1.07028633e-01  (z)
    c[1] = +2.09274486e-01, d[1] = -1.08289108e-01  (z**2)
    c[2] = -4.17262077e-01, d[2] = -1.23932466e-01  (z**3)
    c[3] = +2.93469930e+00, d[3] = -1.89036906e-01  (tanh(z))
    c[4] = +2.45422292e+00, d[4] = -1.34471640e-01  (sin(z))
    c[5] = +7.63377726e-01, d[5] = -1.08018830e-01  (exp(clip(z,-8,8)))
  raw logits w:
    z: -7.46502697e-01
    z**2: -1.54819000e+00
    z**3: -1.15169883e+00
    tanh(z): +3.12583995e+00
    sin(z): +1.79213619e+00
    exp(clip(z,-8,8)): -8.76386285e-01
  softmax probabilities:
    z: 0.01569591
    z**2: 0.00704074
    z**3: 0.01046675
    tanh(z): 0.75426424
    sin(z): 0.19874828
    exp(clip(z,-8,8)): 0.01378411
  dominant expression: tanh(z)

phi^(1)_(2,1)
  edge parameters:
    a = +8.20014775e-01  (shared)
    b = -5.27064800e-01  (shared)
    c[0] = +1.01400447e+00, d[0] = -1.11145787e-01  (z)
    c[1] = -2.19317496e-01, d[1] = -3.56718183e-01  (z**2)
    c[2] = +2.31935906e+00, d[2] = -3.19489837e-01  (z**3)
    c[3] = +7.81072736e-01, d[3] = -2.02743068e-01  (tanh(z))
    c[4] = +8.74515831e-01, d[4] = -1.82594210e-01  (sin(z))
    c[5] = +7.39174902e-01, d[5] = -1.62724957e-01  (exp(clip(z,-8,8)))
  raw logits w:
    z: -2.97116935e-01
    z**2: -7.68811256e-02
    z**3: +1.12368667e+00
    tanh(z): -4.75939512e-02
    sin(z): +4.37026441e-01
    exp(clip(z,-8,8)): -2.66175956e-01
  softmax probabilities:
    z: 0.09271836
    z**2: 0.11556143
    z**3: 0.38389540
    tanh(z): 0.11899595
    sin(z): 0.19319689
    exp(clip(z,-8,8)): 0.09563200
  dominant expression: z**3

phi^(1)_(2,2)
  edge parameters:
    a = +1.05655193e+00  (shared)
    b = -4.59959172e-02  (shared)
    c[0] = +1.08758867e+00, d[0] = -3.34073037e-01  (z)
    c[1] = -1.42642534e+00, d[1] = -1.74157023e-01  (z**2)
    c[2] = +1.18859839e+00, d[2] = -1.66733518e-01  (z**3)
    c[3] = +1.38825727e+00, d[3] = -2.63015330e-01  (tanh(z))
    c[4] = +1.18146670e+00, d[4] = -2.76224643e-01  (sin(z))
    c[5] = +8.37097228e-01, d[5] = -1.47389174e-01  (exp(clip(z,-8,8)))
  raw logits w:
    z: +1.18617094e+00
    z**2: -1.21243522e-01
    z**3: -8.24485496e-02
    tanh(z): +1.39457548e+00
    sin(z): +9.21321809e-01
    exp(clip(z,-8,8)): -2.41394311e-01
  softmax probabilities:
    z: 0.26380607
    z**2: 0.07136445
    z**3: 0.07418743
    tanh(z): 0.32493293
    sin(z): 0.20242412
    exp(clip(z,-8,8)): 0.06328505
  dominant expression: tanh(z)

phi^(1)_(3,1)
  edge parameters:
    a = +8.52701366e-01  (shared)
    b = +1.78488508e-01  (shared)
    c[0] = +5.03449023e-01, d[0] = -3.24239612e-01  (z)
    c[1] = +1.46555567e+00, d[1] = -5.91842175e-01  (z**2)
    c[2] = -4.24190760e-01, d[2] = -4.54233348e-01  (z**3)
    c[3] = +3.52106184e-01, d[3] = -3.66201609e-01  (tanh(z))
    c[4] = +3.94089431e-01, d[4] = -3.63709539e-01  (sin(z))
    c[5] = +5.61013460e-01, d[5] = -3.55438411e-01  (exp(clip(z,-8,8)))
  raw logits w:
    z: -9.66463149e-01
    z**2: +2.60905910e+00
    z**3: +5.10867015e-02
    tanh(z): -1.32060313e+00
    sin(z): -1.69365919e+00
    exp(clip(z,-8,8)): -4.58244026e-01
  softmax probabilities:
    z: 0.02362556
    z**2: 0.84374595
    z**3: 0.06535795
    tanh(z): 0.01657987
    sin(z): 0.01141734
    exp(clip(z,-8,8)): 0.03927343
  dominant expression: z**2

phi^(1)_(3,2)
  edge parameters:
    a = +5.74630916e-01  (shared)
    b = -2.40549952e-01  (shared)
    c[0] = +4.37021643e-01, d[0] = -4.99069422e-01  (z)
    c[1] = -5.18855333e-01, d[1] = -3.63641828e-01  (z**2)
    c[2] = -1.33612323e+00, d[2] = -3.38682264e-01  (z**3)
    c[3] = +7.41579592e-01, d[3] = -5.24896264e-01  (tanh(z))
    c[4] = +5.68897188e-01, d[4] = -5.36885917e-01  (sin(z))
    c[5] = +5.01483917e-01, d[5] = -3.44748557e-01  (exp(clip(z,-8,8)))
  raw logits w:
    z: +7.81618237e-01
    z**2: -2.19387874e-01
    z**3: +1.41952157e-01
    tanh(z): +5.77349842e-01
    sin(z): +1.48875964e+00
    exp(clip(z,-8,8)): -5.19784331e-01
  softmax probabilities:
    z: 0.19957863
    z**2: 0.07334704
    z**3: 0.10527144
    tanh(z): 0.16270518
    sin(z): 0.40478241
    exp(clip(z,-8,8)): 0.05431529
  dominant expression: sin(z)

========================================================================
Layer 2: 3 inputs -> 2 outputs
========================================================================

phi^(2)_(1,1)
  edge parameters:
    a = +1.14380872e+00  (shared)
    b = -1.90803558e-01  (shared)
    c[0] = +1.51481926e+00, d[0] = -4.47713107e-01  (z)
    c[1] = +7.17189252e-01, d[1] = -1.96932644e-01  (z**2)
    c[2] = +4.76367533e-01, d[2] = -2.94741064e-01  (z**3)
    c[3] = +2.72567868e+00, d[3] = -5.71477294e-01  (tanh(z))
    c[4] = +2.69278145e+00, d[4] = -5.71375668e-01  (sin(z))
    c[5] = +6.44828320e-01, d[5] = -3.01802337e-01  (exp(clip(z,-8,8)))
  raw logits w:
    z: -2.00729966e-01
    z**2: -3.32408690e+00
    z**3: -1.03361917e+00
    tanh(z): +1.77598393e+00
    sin(z): +8.56742084e-01
    exp(clip(z,-8,8)): -8.09548557e-01
  softmax probabilities:
    z: 0.08250240
    z**2: 0.00363086
    z**3: 0.03587132
    tanh(z): 0.59558332
    sin(z): 0.23753130
    exp(clip(z,-8,8)): 0.04488074
  dominant expression: tanh(z)

phi^(2)_(1,2)
  edge parameters:
    a = +9.00732219e-01  (shared)
    b = -3.17775518e-01  (shared)
    c[0] = +3.08670223e-01, d[0] = -3.01851660e-01  (z)
    c[1] = +1.60341775e+00, d[1] = -8.50482345e-01  (z**2)
    c[2] = +5.02168417e-01, d[2] = -3.00118923e-01  (z**3)
    c[3] = -4.65236530e-02, d[3] = -3.29936415e-01  (tanh(z))
    c[4] = -2.76703108e-02, d[4] = -3.00392061e-01  (sin(z))
    c[5] = +6.78638637e-01, d[5] = -2.86862671e-01  (exp(clip(z,-8,8)))
  raw logits w:
    z: +1.28004760e-01
    z**2: +3.18466449e+00
    z**3: -3.31363767e-01
    tanh(z): +3.32721561e-01
    sin(z): +2.71824896e-01
    exp(clip(z,-8,8)): -3.43568712e-01
  softmax probabilities:
    z: 0.03861900
    z**2: 0.82090235
    z**3: 0.02439495
    tanh(z): 0.04739236
    sin(z): 0.04459245
    exp(clip(z,-8,8)): 0.02409901
  dominant expression: z**2

phi^(2)_(1,3)
  edge parameters:
    a = +7.29183197e-01  (shared)
    b = -3.13457280e-01  (shared)
    c[0] = +2.96699494e-01, d[0] = -4.44994688e-01  (z)
    c[1] = +7.62553453e-01, d[1] = -3.07148188e-01  (z**2)
    c[2] = +8.81365418e-01, d[2] = -4.39785868e-01  (z**3)
    c[3] = +8.09613906e-04, d[3] = -4.79319662e-01  (tanh(z))
    c[4] = -2.80821659e-02, d[4] = -4.86036807e-01  (sin(z))
    c[5] = +5.84245861e-01, d[5] = -3.68514329e-01  (exp(clip(z,-8,8)))
  raw logits w:
    z: +1.00923888e-01
    z**2: -5.05019426e-01
    z**3: +5.40881455e-02
    tanh(z): +2.49567285e-01
    sin(z): +2.74792969e-01
    exp(clip(z,-8,8)): -3.69523257e-01
  softmax probabilities:
    z: 0.18265888
    z**2: 0.09965130
    z**3: 0.17430118
    tanh(z): 0.21193166
    sin(z): 0.21734577
    exp(clip(z,-8,8)): 0.11411119
  dominant expression: sin(z)

phi^(2)_(2,1)
  edge parameters:
    a = +1.68358910e+00  (shared)
    b = -5.76358020e-01  (shared)
    c[0] = +1.28039885e+00, d[0] = -1.19751550e-01  (z)
    c[1] = +8.04289222e-01, d[1] = -1.87004253e-01  (z**2)
    c[2] = +2.18216494e-01, d[2] = -1.22871518e-01  (z**3)
    c[3] = +4.03788567e+00, d[3] = -1.95501745e-01  (tanh(z))
    c[4] = +2.10582924e+00, d[4] = -1.87435165e-01  (sin(z))
    c[5] = +1.15526915e-01, d[5] = -1.16864659e-01  (exp(clip(z,-8,8)))
  raw logits w:
    z: -6.27169967e-01
    z**2: -3.19007540e+00
    z**3: -8.98681879e-01
    tanh(z): +2.53587604e+00
    sin(z): +6.34526193e-01
    exp(clip(z,-8,8)): -1.06615901e+00
  softmax probabilities:
    z: 0.03371783
    z**2: 0.00259899
    z**3: 0.02570061
    tanh(z): 0.79717380
    sin(z): 0.11907136
    exp(clip(z,-8,8)): 0.02173747
  dominant expression: tanh(z)

phi^(2)_(2,2)
  edge parameters:
    a = +1.56665087e+00  (shared)
    b = +1.61153615e-01  (shared)
    c[0] = -4.20408517e-01, d[0] = -1.91938296e-01  (z)
    c[1] = +1.07332587e+00, d[1] = -2.29197796e-02  (z**2)
    c[2] = +5.92508078e-01, d[2] = -1.98573038e-01  (z**3)
    c[3] = -1.28004277e+00, d[3] = -2.03376263e-01  (tanh(z))
    c[4] = -1.01888692e+00, d[4] = -2.15991169e-01  (sin(z))
    c[5] = +5.37360787e-01, d[5] = -1.94779515e-01  (exp(clip(z,-8,8)))
  raw logits w:
    z: -5.08327961e-01
    z**2: -1.23618305e+00
    z**3: -2.88171738e-01
    tanh(z): +8.66789579e-01
    sin(z): +4.61367637e-01
    exp(clip(z,-8,8)): -5.62592983e-01
  softmax probabilities:
    z: 0.09737971
    z**2: 0.04702893
    z**3: 0.12136155
    tanh(z): 0.38518950
    sin(z): 0.25680408
    exp(clip(z,-8,8)): 0.09223622
  dominant expression: tanh(z)

phi^(2)_(2,3)
  edge parameters:
    a = +7.90274262e-01  (shared)
    b = -2.77934819e-01  (shared)
    c[0] = +6.96446538e-01, d[0] = -1.73420340e-01  (z)
    c[1] = +6.85093880e-01, d[1] = -1.68335974e-01  (z**2)
    c[2] = +9.82193768e-01, d[2] = -1.55528113e-01  (z**3)
    c[3] = +7.49312043e-01, d[3] = -1.85875818e-01  (tanh(z))
    c[4] = +6.68841600e-01, d[4] = -1.82925507e-01  (sin(z))
    c[5] = +5.97377300e-01, d[5] = -1.70706123e-01  (exp(clip(z,-8,8)))
  raw logits w:
    z: +3.23760927e-01
    z**2: -2.13826561e+00
    z**3: +5.00245929e-01
    tanh(z): +2.70185322e-01
    sin(z): +2.50697792e-01
    exp(clip(z,-8,8)): -3.87024701e-01
  softmax probabilities:
    z: 0.21519661
    z**2: 0.01834809
    z**3: 0.25673312
    tanh(z): 0.20397073
    sin(z): 0.20003432
    exp(clip(z,-8,8)): 0.10571709
  dominant expression: z**3

========================================================================
Layer 3: 2 inputs -> 1 outputs
========================================================================

phi^(3)_(1,1)
  edge parameters:
    a = +1.04429960e+00  (shared)
    b = -4.64316845e-01  (shared)
    c[0] = -4.71805286e+00, d[0] = +6.07718039e+00  (z)
    c[1] = +8.84445131e-01, d[1] = +5.71889639e+00  (z**2)
    c[2] = -4.36536044e-01, d[2] = +5.27478981e+00  (z**3)
    c[3] = -9.15170574e+00, d[3] = +6.54695368e+00  (tanh(z))
    c[4] = -1.13430042e+01, d[4] = +6.81070042e+00  (sin(z))
    c[5] = +7.93407977e-01, d[5] = +5.84092712e+00  (exp(clip(z,-8,8)))
  raw logits w:
    z: -7.69477859e-02
    z**2: -9.26952779e-01
    z**3: -1.63037074e+00
    tanh(z): +2.08526444e+00
    sin(z): +1.48225319e+00
    exp(clip(z,-8,8)): -5.89251935e-01
  softmax probabilities:
    z: 0.06376164
    z**2: 0.02725254
    z**3: 0.01348703
    tanh(z): 0.55411041
    sin(z): 0.30318791
    exp(clip(z,-8,8)): 0.03820046
  dominant expression: tanh(z)

phi^(3)_(1,2)
  edge parameters:
    a = +1.20153356e+00  (shared)
    b = -1.79679736e-01  (shared)
    c[0] = -3.98240232e+00, d[0] = +5.76578426e+00  (z)
    c[1] = -1.86935723e-01, d[1] = +5.27859735e+00  (z**2)
    c[2] = +4.71974581e-01, d[2] = +4.59409571e+00  (z**3)
    c[3] = -9.18194199e+00, d[3] = +7.16841030e+00  (tanh(z))
    c[4] = -9.50024128e+00, d[4] = +6.24212074e+00  (sin(z))
    c[5] = +6.66366875e-01, d[5] = +5.33751822e+00  (exp(clip(z,-8,8)))
  raw logits w:
    z: -1.60178670e-03
    z**2: +1.72912657e-01
    z**3: -1.14522004e+00
    tanh(z): +1.87659788e+00
    sin(z): +5.57416022e-01
    exp(clip(z,-8,8)): -4.17323411e-01
  softmax probabilities:
    z: 0.08726106
    z**2: 0.10389894
    z**3: 0.02780695
    tanh(z): 0.57083714
    sin(z): 0.15261555
    exp(clip(z,-8,8)): 0.05758043
  dominant expression: tanh(z)

